[0;33m> data/1-leg-bish-knight.txt[0m
La Partie a été créée !
x = 1 y = 4

     a     b     c     d     e     f     g     h    
  +-----+-----+-----+-----+-----+-----+-----+-----+
8 |  ♖  |  ♘  |  ♗  |  ♕  |  ♔  |  ♗  |  ♘  |  ♖  |
  +-----+-----+-----+-----+-----+-----+-----+-----+
7 |  ♙  |  ♙  |  ♙  |  ♙  |  ♙  |  ♙  |  ♙  |  ♙  |
  +-----+-----+-----+-----+-----+-----+-----+-----+
6 |     |     |     |     |     |     |     |     |
  +-----+-----+-----+-----+-----+-----+-----+-----+
5 |     |     |     |     |     |     |     |     |
  +-----+-----+-----+-----+-----+-----+-----+-----+
4 |     |     |     |     |     |     |     |     |
  +-----+-----+-----+-----+-----+-----+-----+-----+
3 |     |     |     |     |     |     |     |     |
  +-----+-----+-----+-----+-----+-----+-----+-----+
2 |  ♟  |  ♟  |  ♟  |  ♟  |  ♟  |  ♟  |  ♟  |  ♟  |
  +-----+-----+-----+-----+-----+-----+-----+-----+
1 |  ♜  |  ♞  |  ♝  |  ♛  |  ♚  |  ♝  |  ♞  |  ♜  |
  +-----+-----+-----+-----+-----+-----+-----+-----+
C'est au joueur blanc de jouer
Attente du coup :  mouvement classique
Origine : x = 1 y = 4
Fin : x = 3 y = 4
Pas de prise en passant
Verification de la validité du coup passée !
Passage libre !
entree deplacepiece echiquier
wP
Ne met pas en echec !
entree deplacepiece echiquier
wP
Piece déplacée !
Pas de promotion !

     a     b     c     d     e     f     g     h    
  +-----+-----+-----+-----+-----+-----+-----+-----+
8 |  ♖  |  ♘  |  ♗  |  ♕  |  ♔  |  ♗  |  ♘  |  ♖  |
  +-----+-----+-----+-----+-----+-----+-----+-----+
7 |  ♙  |  ♙  |  ♙  |  ♙  |  ♙  |  ♙  |  ♙  |  ♙  |
  +-----+-----+-----+-----+-----+-----+-----+-----+
6 |     |     |     |     |     |     |     |     |
  +-----+-----+-----+-----+-----+-----+-----+-----+
5 |     |     |     |     |     |     |     |     |
  +-----+-----+-----+-----+-----+-----+-----+-----+
4 |     |     |     |     |  ♟  |     |     |     |
  +-----+-----+-----+-----+-----+-----+-----+-----+
3 |     |     |     |     |     |     |     |     |
  +-----+-----+-----+-----+-----+-----+-----+-----+
2 |  ♟  |  ♟  |  ♟  |  ♟  |     |  ♟  |  ♟  |  ♟  |
  +-----+-----+-----+-----+-----+-----+-----+-----+
1 |  ♜  |  ♞  |  ♝  |  ♛  |  ♚  |  ♝  |  ♞  |  ♜  |
  +-----+-----+-----+-----+-----+-----+-----+-----+
C'est au joueur noir de jouer
Attente du coup :  mouvement classique
Origine : x = 6 y = 4
Fin : x = 4 y = 4
Pas de prise en passant
Verification de la validité du coup passée !
Passage libre !
entree deplacepiece echiquier
bP
Ne met pas en echec !
entree deplacepiece echiquier
bP
Piece déplacée !
Pas de promotion !

     a     b     c     d     e     f     g     h    
  +-----+-----+-----+-----+-----+-----+-----+-----+
8 |  ♖  |  ♘  |  ♗  |  ♕  |  ♔  |  ♗  |  ♘  |  ♖  |
  +-----+-----+-----+-----+-----+-----+-----+-----+
7 |  ♙  |  ♙  |  ♙  |  ♙  |     |  ♙  |  ♙  |  ♙  |
  +-----+-----+-----+-----+-----+-----+-----+-----+
6 |     |     |     |     |     |     |     |     |
  +-----+-----+-----+-----+-----+-----+-----+-----+
5 |     |     |     |     |  ♙  |     |     |     |
  +-----+-----+-----+-----+-----+-----+-----+-----+
4 |     |     |     |     |  ♟  |     |     |     |
  +-----+-----+-----+-----+-----+-----+-----+-----+
3 |     |     |     |     |     |     |     |     |
  +-----+-----+-----+-----+-----+-----+-----+-----+
2 |  ♟  |  ♟  |  ♟  |  ♟  |     |  ♟  |  ♟  |  ♟  |
  +-----+-----+-----+-----+-----+-----+-----+-----+
1 |  ♜  |  ♞  |  ♝  |  ♛  |  ♚  |  ♝  |  ♞  |  ♜  |
  +-----+-----+-----+-----+-----+-----+-----+-----+
C'est au joueur blanc de jouer
Attente du coup :  mouvement classique
Origine : x = 0 y = 6
Fin : x = 2 y = 5
Pas de prise en passant
Verification de la validité du coup passée !
Passage libre !
entree deplacepiece echiquier
wN
Ne met pas en echec !
entree deplacepiece echiquier
wN
Piece déplacée !
Pas de promotion !

     a     b     c     d     e     f     g     h    
  +-----+-----+-----+-----+-----+-----+-----+-----+
8 |  ♖  |  ♘  |  ♗  |  ♕  |  ♔  |  ♗  |  ♘  |  ♖  |
  +-----+-----+-----+-----+-----+-----+-----+-----+
7 |  ♙  |  ♙  |  ♙  |  ♙  |     |  ♙  |  ♙  |  ♙  |
  +-----+-----+-----+-----+-----+-----+-----+-----+
6 |     |     |     |     |     |     |     |     |
  +-----+-----+-----+-----+-----+-----+-----+-----+
5 |     |     |     |     |  ♙  |     |     |     |
  +-----+-----+-----+-----+-----+-----+-----+-----+
4 |     |     |     |     |  ♟  |     |     |     |
  +-----+-----+-----+-----+-----+-----+-----+-----+
3 |     |     |     |     |     |  ♞  |     |     |
  +-----+-----+-----+-----+-----+-----+-----+-----+
2 |  ♟  |  ♟  |  ♟  |  ♟  |     |  ♟  |  ♟  |  ♟  |
  +-----+-----+-----+-----+-----+-----+-----+-----+
1 |  ♜  |  ♞  |  ♝  |  ♛  |  ♚  |  ♝  |     |  ♜  |
  +-----+-----+-----+-----+-----+-----+-----+-----+
C'est au joueur noir de jouer
Attente du coup :  mouvement classique
Origine : x = 7 y = 1
Fin : x = 5 y = 2
Pas de prise en passant
Verification de la validité du coup passée !
Passage libre !
entree deplacepiece echiquier
bN
Ne met pas en echec !
entree deplacepiece echiquier
bN
Piece déplacée !
Pas de promotion !

     a     b     c     d     e     f     g     h    
  +-----+-----+-----+-----+-----+-----+-----+-----+
8 |  ♖  |     |  ♗  |  ♕  |  ♔  |  ♗  |  ♘  |  ♖  |
  +-----+-----+-----+-----+-----+-----+-----+-----+
7 |  ♙  |  ♙  |  ♙  |  ♙  |     |  ♙  |  ♙  |  ♙  |
  +-----+-----+-----+-----+-----+-----+-----+-----+
6 |     |     |  ♘  |     |     |     |     |     |
  +-----+-----+-----+-----+-----+-----+-----+-----+
5 |     |     |     |     |  ♙  |     |     |     |
  +-----+-----+-----+-----+-----+-----+-----+-----+
4 |     |     |     |     |  ♟  |     |     |     |
  +-----+-----+-----+-----+-----+-----+-----+-----+
3 |     |     |     |     |     |  ♞  |     |     |
  +-----+-----+-----+-----+-----+-----+-----+-----+
2 |  ♟  |  ♟  |  ♟  |  ♟  |     |  ♟  |  ♟  |  ♟  |
  +-----+-----+-----+-----+-----+-----+-----+-----+
1 |  ♜  |  ♞  |  ♝  |  ♛  |  ♚  |  ♝  |     |  ♜  |
  +-----+-----+-----+-----+-----+-----+-----+-----+
C'est au joueur blanc de jouer
Attente du coup :  mouvement classique
Origine : x = 1 y = 3
Fin : x = 2 y = 3
Pas de prise en passant
Verification de la validité du coup passée !
Passage libre !
entree deplacepiece echiquier
wP
Ne met pas en echec !
entree deplacepiece echiquier
wP
Piece déplacée !
Pas de promotion !

     a     b     c     d     e     f     g     h    
  +-----+-----+-----+-----+-----+-----+-----+-----+
8 |  ♖  |     |  ♗  |  ♕  |  ♔  |  ♗  |  ♘  |  ♖  |
  +-----+-----+-----+-----+-----+-----+-----+-----+
7 |  ♙  |  ♙  |  ♙  |  ♙  |     |  ♙  |  ♙  |  ♙  |
  +-----+-----+-----+-----+-----+-----+-----+-----+
6 |     |     |  ♘  |     |     |     |     |     |
  +-----+-----+-----+-----+-----+-----+-----+-----+
5 |     |     |     |     |  ♙  |     |     |     |
  +-----+-----+-----+-----+-----+-----+-----+-----+
4 |     |     |     |     |  ♟  |     |     |     |
  +-----+-----+-----+-----+-----+-----+-----+-----+
3 |     |     |     |  ♟  |     |  ♞  |     |     |
  +-----+-----+-----+-----+-----+-----+-----+-----+
2 |  ♟  |  ♟  |  ♟  |     |     |  ♟  |  ♟  |  ♟  |
  +-----+-----+-----+-----+-----+-----+-----+-----+
1 |  ♜  |  ♞  |  ♝  |  ♛  |  ♚  |  ♝  |     |  ♜  |
  +-----+-----+-----+-----+-----+-----+-----+-----+
C'est au joueur noir de jouer
Attente du coup :  mouvement classique
Origine : x = 7 y = 6
Fin : x = 5 y = 5
Pas de prise en passant
Verification de la validité du coup passée !
Passage libre !
entree deplacepiece echiquier
bN
Ne met pas en echec !
entree deplacepiece echiquier
bN
Piece déplacée !
Pas de promotion !

     a     b     c     d     e     f     g     h    
  +-----+-----+-----+-----+-----+-----+-----+-----+
8 |  ♖  |     |  ♗  |  ♕  |  ♔  |  ♗  |     |  ♖  |
  +-----+-----+-----+-----+-----+-----+-----+-----+
7 |  ♙  |  ♙  |  ♙  |  ♙  |     |  ♙  |  ♙  |  ♙  |
  +-----+-----+-----+-----+-----+-----+-----+-----+
6 |     |     |  ♘  |     |     |  ♘  |     |     |
  +-----+-----+-----+-----+-----+-----+-----+-----+
5 |     |     |     |     |  ♙  |     |     |     |
  +-----+-----+-----+-----+-----+-----+-----+-----+
4 |     |     |     |     |  ♟  |     |     |     |
  +-----+-----+-----+-----+-----+-----+-----+-----+
3 |     |     |     |  ♟  |     |  ♞  |     |     |
  +-----+-----+-----+-----+-----+-----+-----+-----+
2 |  ♟  |  ♟  |  ♟  |     |     |  ♟  |  ♟  |  ♟  |
  +-----+-----+-----+-----+-----+-----+-----+-----+
1 |  ♜  |  ♞  |  ♝  |  ♛  |  ♚  |  ♝  |     |  ♜  |
  +-----+-----+-----+-----+-----+-----+-----+-----+
C'est au joueur blanc de jouer
Attente du coup :  mouvement classique
Origine : x = 0 y = 2
Fin : x = 4 y = 6
Pas de prise en passant
Verification de la validité du coup passée !
Passage libre !
entree deplacepiece echiquier
wB
Ne met pas en echec !
entree deplacepiece echiquier
wB
Piece déplacée !
Pas de promotion !

     a     b     c     d     e     f     g     h    
  +-----+-----+-----+-----+-----+-----+-----+-----+
8 |  ♖  |     |  ♗  |  ♕  |  ♔  |  ♗  |     |  ♖  |
  +-----+-----+-----+-----+-----+-----+-----+-----+
7 |  ♙  |  ♙  |  ♙  |  ♙  |     |  ♙  |  ♙  |  ♙  |
  +-----+-----+-----+-----+-----+-----+-----+-----+
6 |     |     |  ♘  |     |     |  ♘  |     |     |
  +-----+-----+-----+-----+-----+-----+-----+-----+
5 |     |     |     |     |  ♙  |     |  ♝  |     |
  +-----+-----+-----+-----+-----+-----+-----+-----+
4 |     |     |     |     |  ♟  |     |     |     |
  +-----+-----+-----+-----+-----+-----+-----+-----+
3 |     |     |     |  ♟  |     |  ♞  |     |     |
  +-----+-----+-----+-----+-----+-----+-----+-----+
2 |  ♟  |  ♟  |  ♟  |     |     |  ♟  |  ♟  |  ♟  |
  +-----+-----+-----+-----+-----+-----+-----+-----+
1 |  ♜  |  ♞  |     |  ♛  |  ♚  |  ♝  |     |  ♜  |
  +-----+-----+-----+-----+-----+-----+-----+-----+
C'est au joueur noir de jouer
Attente du coup :  mouvement classique
Origine : x = 7 y = 5
Fin : x = 6 y = 4
Pas de prise en passant
Verification de la validité du coup passée !
Passage libre !
entree deplacepiece echiquier
bB
Ne met pas en echec !
entree deplacepiece echiquier
bB
Piece déplacée !
Pas de promotion !

     a     b     c     d     e     f     g     h    
  +-----+-----+-----+-----+-----+-----+-----+-----+
8 |  ♖  |     |  ♗  |  ♕  |  ♔  |     |     |  ♖  |
  +-----+-----+-----+-----+-----+-----+-----+-----+
7 |  ♙  |  ♙  |  ♙  |  ♙  |  ♗  |  ♙  |  ♙  |  ♙  |
  +-----+-----+-----+-----+-----+-----+-----+-----+
6 |     |     |  ♘  |     |     |  ♘  |     |     |
  +-----+-----+-----+-----+-----+-----+-----+-----+
5 |     |     |     |     |  ♙  |     |  ♝  |     |
  +-----+-----+-----+-----+-----+-----+-----+-----+
4 |     |     |     |     |  ♟  |     |     |     |
  +-----+-----+-----+-----+-----+-----+-----+-----+
3 |     |     |     |  ♟  |     |  ♞  |     |     |
  +-----+-----+-----+-----+-----+-----+-----+-----+
2 |  ♟  |  ♟  |  ♟  |     |     |  ♟  |  ♟  |  ♟  |
  +-----+-----+-----+-----+-----+-----+-----+-----+
1 |  ♜  |  ♞  |     |  ♛  |  ♚  |  ♝  |     |  ♜  |
  +-----+-----+-----+-----+-----+-----+-----+-----+
C'est au joueur blanc de jouer
Attente du coup :  quit
wR,wN,,wQ,wK,wB,,wR,wP,wP,wP,,,wP,wP,wP,,,,wP,,wN,,,,,,,wP,,,,,,,,bP,,wB,,,,bN,,,bN,,,bP,bP,bP,bP,bB,bP,bP,bP,bR,,bB,bQ,bK,,,bR, ?-?
   ref:[[0;32mwR,wN,,wQ,wK,wB,,wR,wP,wP,wP,,,wP,wP,wP,,,,wP,,wN,,,,,,,wP,,,,,,,,bP,,wB,,,,bN,,,bN,,,bP,bP,bP,bP,bB,bP,bP,bP,bR,,bB,bQ,bK,,,bR,[0m]
   you:[[0;31mwR,wN,,wQ,wK,wB,,wR,wP,wP,wP,,,wP,wP,wP,,,,wP,,wN,,,,,,,wP,,,,,,,,bP,,wB,,,,bN,,,bN,,,bP,bP,bP,bP,bB,bP,bP,bP,bR,,bB,bQ,bK,,,bR,[0m]
   ref:[[0;32m?-?[0m]
   you:[[0;31m?-?[0m]
  -> [0m(exit code=0)
[0;33m> data/1-leg-bishop-1.txt[0m
La Partie a été créée !
x = 1 y = 4

     a     b     c     d     e     f     g     h    
  +-----+-----+-----+-----+-----+-----+-----+-----+
8 |  ♖  |  ♘  |  ♗  |  ♕  |  ♔  |  ♗  |  ♘  |  ♖  |
  +-----+-----+-----+-----+-----+-----+-----+-----+
7 |  ♙  |  ♙  |  ♙  |  ♙  |  ♙  |  ♙  |  ♙  |  ♙  |
  +-----+-----+-----+-----+-----+-----+-----+-----+
6 |     |     |     |     |     |     |     |     |
  +-----+-----+-----+-----+-----+-----+-----+-----+
5 |     |     |     |     |     |     |     |     |
  +-----+-----+-----+-----+-----+-----+-----+-----+
4 |     |     |     |     |     |     |     |     |
  +-----+-----+-----+-----+-----+-----+-----+-----+
3 |     |     |     |     |     |     |     |     |
  +-----+-----+-----+-----+-----+-----+-----+-----+
2 |  ♟  |  ♟  |  ♟  |  ♟  |  ♟  |  ♟  |  ♟  |  ♟  |
  +-----+-----+-----+-----+-----+-----+-----+-----+
1 |  ♜  |  ♞  |  ♝  |  ♛  |  ♚  |  ♝  |  ♞  |  ♜  |
  +-----+-----+-----+-----+-----+-----+-----+-----+
C'est au joueur blanc de jouer
Attente du coup :  mouvement classique
Origine : x = 1 y = 3
Fin : x = 3 y = 3
Pas de prise en passant
Verification de la validité du coup passée !
Passage libre !
entree deplacepiece echiquier
wP
Ne met pas en echec !
entree deplacepiece echiquier
wP
Piece déplacée !
Pas de promotion !

     a     b     c     d     e     f     g     h    
  +-----+-----+-----+-----+-----+-----+-----+-----+
8 |  ♖  |  ♘  |  ♗  |  ♕  |  ♔  |  ♗  |  ♘  |  ♖  |
  +-----+-----+-----+-----+-----+-----+-----+-----+
7 |  ♙  |  ♙  |  ♙  |  ♙  |  ♙  |  ♙  |  ♙  |  ♙  |
  +-----+-----+-----+-----+-----+-----+-----+-----+
6 |     |     |     |     |     |     |     |     |
  +-----+-----+-----+-----+-----+-----+-----+-----+
5 |     |     |     |     |     |     |     |     |
  +-----+-----+-----+-----+-----+-----+-----+-----+
4 |     |     |     |  ♟  |     |     |     |     |
  +-----+-----+-----+-----+-----+-----+-----+-----+
3 |     |     |     |     |     |     |     |     |
  +-----+-----+-----+-----+-----+-----+-----+-----+
2 |  ♟  |  ♟  |  ♟  |     |  ♟  |  ♟  |  ♟  |  ♟  |
  +-----+-----+-----+-----+-----+-----+-----+-----+
1 |  ♜  |  ♞  |  ♝  |  ♛  |  ♚  |  ♝  |  ♞  |  ♜  |
  +-----+-----+-----+-----+-----+-----+-----+-----+
C'est au joueur noir de jouer
Attente du coup :  mouvement classique
Origine : x = 6 y = 3
Fin : x = 4 y = 3
Pas de prise en passant
Verification de la validité du coup passée !
Passage libre !
entree deplacepiece echiquier
bP
Ne met pas en echec !
entree deplacepiece echiquier
bP
Piece déplacée !
Pas de promotion !

     a     b     c     d     e     f     g     h    
  +-----+-----+-----+-----+-----+-----+-----+-----+
8 |  ♖  |  ♘  |  ♗  |  ♕  |  ♔  |  ♗  |  ♘  |  ♖  |
  +-----+-----+-----+-----+-----+-----+-----+-----+
7 |  ♙  |  ♙  |  ♙  |     |  ♙  |  ♙  |  ♙  |  ♙  |
  +-----+-----+-----+-----+-----+-----+-----+-----+
6 |     |     |     |     |     |     |     |     |
  +-----+-----+-----+-----+-----+-----+-----+-----+
5 |     |     |     |  ♙  |     |     |     |     |
  +-----+-----+-----+-----+-----+-----+-----+-----+
4 |     |     |     |  ♟  |     |     |     |     |
  +-----+-----+-----+-----+-----+-----+-----+-----+
3 |     |     |     |     |     |     |     |     |
  +-----+-----+-----+-----+-----+-----+-----+-----+
2 |  ♟  |  ♟  |  ♟  |     |  ♟  |  ♟  |  ♟  |  ♟  |
  +-----+-----+-----+-----+-----+-----+-----+-----+
1 |  ♜  |  ♞  |  ♝  |  ♛  |  ♚  |  ♝  |  ♞  |  ♜  |
  +-----+-----+-----+-----+-----+-----+-----+-----+
C'est au joueur blanc de jouer
Attente du coup :  mouvement classique
Origine : x = 0 y = 2
Fin : x = 4 y = 6
Pas de prise en passant
Verification de la validité du coup passée !
Passage libre !
entree deplacepiece echiquier
wB
Ne met pas en echec !
entree deplacepiece echiquier
wB
Piece déplacée !
Pas de promotion !

     a     b     c     d     e     f     g     h    
  +-----+-----+-----+-----+-----+-----+-----+-----+
8 |  ♖  |  ♘  |  ♗  |  ♕  |  ♔  |  ♗  |  ♘  |  ♖  |
  +-----+-----+-----+-----+-----+-----+-----+-----+
7 |  ♙  |  ♙  |  ♙  |     |  ♙  |  ♙  |  ♙  |  ♙  |
  +-----+-----+-----+-----+-----+-----+-----+-----+
6 |     |     |     |     |     |     |     |     |
  +-----+-----+-----+-----+-----+-----+-----+-----+
5 |     |     |     |  ♙  |     |     |  ♝  |     |
  +-----+-----+-----+-----+-----+-----+-----+-----+
4 |     |     |     |  ♟  |     |     |     |     |
  +-----+-----+-----+-----+-----+-----+-----+-----+
3 |     |     |     |     |     |     |     |     |
  +-----+-----+-----+-----+-----+-----+-----+-----+
2 |  ♟  |  ♟  |  ♟  |     |  ♟  |  ♟  |  ♟  |  ♟  |
  +-----+-----+-----+-----+-----+-----+-----+-----+
1 |  ♜  |  ♞  |     |  ♛  |  ♚  |  ♝  |  ♞  |  ♜  |
  +-----+-----+-----+-----+-----+-----+-----+-----+
C'est au joueur noir de jouer
Attente du coup :  mouvement classique
Origine : x = 7 y = 6
Fin : x = 5 y = 5
Pas de prise en passant
Verification de la validité du coup passée !
Passage libre !
entree deplacepiece echiquier
bN
Ne met pas en echec !
entree deplacepiece echiquier
bN
Piece déplacée !
Pas de promotion !

     a     b     c     d     e     f     g     h    
  +-----+-----+-----+-----+-----+-----+-----+-----+
8 |  ♖  |  ♘  |  ♗  |  ♕  |  ♔  |  ♗  |     |  ♖  |
  +-----+-----+-----+-----+-----+-----+-----+-----+
7 |  ♙  |  ♙  |  ♙  |     |  ♙  |  ♙  |  ♙  |  ♙  |
  +-----+-----+-----+-----+-----+-----+-----+-----+
6 |     |     |     |     |     |  ♘  |     |     |
  +-----+-----+-----+-----+-----+-----+-----+-----+
5 |     |     |     |  ♙  |     |     |  ♝  |     |
  +-----+-----+-----+-----+-----+-----+-----+-----+
4 |     |     |     |  ♟  |     |     |     |     |
  +-----+-----+-----+-----+-----+-----+-----+-----+
3 |     |     |     |     |     |     |     |     |
  +-----+-----+-----+-----+-----+-----+-----+-----+
2 |  ♟  |  ♟  |  ♟  |     |  ♟  |  ♟  |  ♟  |  ♟  |
  +-----+-----+-----+-----+-----+-----+-----+-----+
1 |  ♜  |  ♞  |     |  ♛  |  ♚  |  ♝  |  ♞  |  ♜  |
  +-----+-----+-----+-----+-----+-----+-----+-----+
C'est au joueur blanc de jouer
Attente du coup :  mouvement classique
Origine : x = 4 y = 6
Fin : x = 5 y = 5
Pas de prise en passant
Verification de la validité du coup passée !
Passage libre !
entree deplacepiece echiquier
wB
Ne met pas en echec !
entree deplacepiece echiquier
wB
Piece déplacée !
Pas de promotion !

     a     b     c     d     e     f     g     h    
  +-----+-----+-----+-----+-----+-----+-----+-----+
8 |  ♖  |  ♘  |  ♗  |  ♕  |  ♔  |  ♗  |     |  ♖  |
  +-----+-----+-----+-----+-----+-----+-----+-----+
7 |  ♙  |  ♙  |  ♙  |     |  ♙  |  ♙  |  ♙  |  ♙  |
  +-----+-----+-----+-----+-----+-----+-----+-----+
6 |     |     |     |     |     |  ♝  |     |     |
  +-----+-----+-----+-----+-----+-----+-----+-----+
5 |     |     |     |  ♙  |     |     |     |     |
  +-----+-----+-----+-----+-----+-----+-----+-----+
4 |     |     |     |  ♟  |     |     |     |     |
  +-----+-----+-----+-----+-----+-----+-----+-----+
3 |     |     |     |     |     |     |     |     |
  +-----+-----+-----+-----+-----+-----+-----+-----+
2 |  ♟  |  ♟  |  ♟  |     |  ♟  |  ♟  |  ♟  |  ♟  |
  +-----+-----+-----+-----+-----+-----+-----+-----+
1 |  ♜  |  ♞  |     |  ♛  |  ♚  |  ♝  |  ♞  |  ♜  |
  +-----+-----+-----+-----+-----+-----+-----+-----+
C'est au joueur noir de jouer
Attente du coup :  mouvement classique
Origine : x = 6 y = 6
Fin : x = 5 y = 5
Pas de prise en passant
Verification de la validité du coup passée !
Passage libre !
entree deplacepiece echiquier
bP
Ne met pas en echec !
entree deplacepiece echiquier
bP
Piece déplacée !
Pas de promotion !

     a     b     c     d     e     f     g     h    
  +-----+-----+-----+-----+-----+-----+-----+-----+
8 |  ♖  |  ♘  |  ♗  |  ♕  |  ♔  |  ♗  |     |  ♖  |
  +-----+-----+-----+-----+-----+-----+-----+-----+
7 |  ♙  |  ♙  |  ♙  |     |  ♙  |  ♙  |     |  ♙  |
  +-----+-----+-----+-----+-----+-----+-----+-----+
6 |     |     |     |     |     |  ♙  |     |     |
  +-----+-----+-----+-----+-----+-----+-----+-----+
5 |     |     |     |  ♙  |     |     |     |     |
  +-----+-----+-----+-----+-----+-----+-----+-----+
4 |     |     |     |  ♟  |     |     |     |     |
  +-----+-----+-----+-----+-----+-----+-----+-----+
3 |     |     |     |     |     |     |     |     |
  +-----+-----+-----+-----+-----+-----+-----+-----+
2 |  ♟  |  ♟  |  ♟  |     |  ♟  |  ♟  |  ♟  |  ♟  |
  +-----+-----+-----+-----+-----+-----+-----+-----+
1 |  ♜  |  ♞  |     |  ♛  |  ♚  |  ♝  |  ♞  |  ♜  |
  +-----+-----+-----+-----+-----+-----+-----+-----+
C'est au joueur blanc de jouer
Attente du coup :  mouvement classique
Origine : x = 1 y = 4
Fin : x = 2 y = 4
Pas de prise en passant
Verification de la validité du coup passée !
Passage libre !
entree deplacepiece echiquier
wP
Ne met pas en echec !
entree deplacepiece echiquier
wP
Piece déplacée !
Pas de promotion !

     a     b     c     d     e     f     g     h    
  +-----+-----+-----+-----+-----+-----+-----+-----+
8 |  ♖  |  ♘  |  ♗  |  ♕  |  ♔  |  ♗  |     |  ♖  |
  +-----+-----+-----+-----+-----+-----+-----+-----+
7 |  ♙  |  ♙  |  ♙  |     |  ♙  |  ♙  |     |  ♙  |
  +-----+-----+-----+-----+-----+-----+-----+-----+
6 |     |     |     |     |     |  ♙  |     |     |
  +-----+-----+-----+-----+-----+-----+-----+-----+
5 |     |     |     |  ♙  |     |     |     |     |
  +-----+-----+-----+-----+-----+-----+-----+-----+
4 |     |     |     |  ♟  |     |     |     |     |
  +-----+-----+-----+-----+-----+-----+-----+-----+
3 |     |     |     |     |  ♟  |     |     |     |
  +-----+-----+-----+-----+-----+-----+-----+-----+
2 |  ♟  |  ♟  |  ♟  |     |     |  ♟  |  ♟  |  ♟  |
  +-----+-----+-----+-----+-----+-----+-----+-----+
1 |  ♜  |  ♞  |     |  ♛  |  ♚  |  ♝  |  ♞  |  ♜  |
  +-----+-----+-----+-----+-----+-----+-----+-----+
C'est au joueur noir de jouer
Attente du coup :  mouvement classique
Origine : x = 7 y = 5
Fin : x = 5 y = 7
Pas de prise en passant
Verification de la validité du coup passée !
Passage libre !
entree deplacepiece echiquier
bB
Ne met pas en echec !
entree deplacepiece echiquier
bB
Piece déplacée !
Pas de promotion !

     a     b     c     d     e     f     g     h    
  +-----+-----+-----+-----+-----+-----+-----+-----+
8 |  ♖  |  ♘  |  ♗  |  ♕  |  ♔  |     |     |  ♖  |
  +-----+-----+-----+-----+-----+-----+-----+-----+
7 |  ♙  |  ♙  |  ♙  |     |  ♙  |  ♙  |     |  ♙  |
  +-----+-----+-----+-----+-----+-----+-----+-----+
6 |     |     |     |     |     |  ♙  |     |  ♗  |
  +-----+-----+-----+-----+-----+-----+-----+-----+
5 |     |     |     |  ♙  |     |     |     |     |
  +-----+-----+-----+-----+-----+-----+-----+-----+
4 |     |     |     |  ♟  |     |     |     |     |
  +-----+-----+-----+-----+-----+-----+-----+-----+
3 |     |     |     |     |  ♟  |     |     |     |
  +-----+-----+-----+-----+-----+-----+-----+-----+
2 |  ♟  |  ♟  |  ♟  |     |     |  ♟  |  ♟  |  ♟  |
  +-----+-----+-----+-----+-----+-----+-----+-----+
1 |  ♜  |  ♞  |     |  ♛  |  ♚  |  ♝  |  ♞  |  ♜  |
  +-----+-----+-----+-----+-----+-----+-----+-----+
C'est au joueur blanc de jouer
Attente du coup :  mouvement classique
Origine : x = 0 y = 5
Fin : x = 1 y = 4
Pas de prise en passant
Verification de la validité du coup passée !
Passage libre !
entree deplacepiece echiquier
wB
Ne met pas en echec !
entree deplacepiece echiquier
wB
Piece déplacée !
Pas de promotion !

     a     b     c     d     e     f     g     h    
  +-----+-----+-----+-----+-----+-----+-----+-----+
8 |  ♖  |  ♘  |  ♗  |  ♕  |  ♔  |     |     |  ♖  |
  +-----+-----+-----+-----+-----+-----+-----+-----+
7 |  ♙  |  ♙  |  ♙  |     |  ♙  |  ♙  |     |  ♙  |
  +-----+-----+-----+-----+-----+-----+-----+-----+
6 |     |     |     |     |     |  ♙  |     |  ♗  |
  +-----+-----+-----+-----+-----+-----+-----+-----+
5 |     |     |     |  ♙  |     |     |     |     |
  +-----+-----+-----+-----+-----+-----+-----+-----+
4 |     |     |     |  ♟  |     |     |     |     |
  +-----+-----+-----+-----+-----+-----+-----+-----+
3 |     |     |     |     |  ♟  |     |     |     |
  +-----+-----+-----+-----+-----+-----+-----+-----+
2 |  ♟  |  ♟  |  ♟  |     |  ♝  |  ♟  |  ♟  |  ♟  |
  +-----+-----+-----+-----+-----+-----+-----+-----+
1 |  ♜  |  ♞  |     |  ♛  |  ♚  |     |  ♞  |  ♜  |
  +-----+-----+-----+-----+-----+-----+-----+-----+
C'est au joueur noir de jouer
Attente du coup :  mouvement classique
Origine : x = 7 y = 2
Fin : x = 6 y = 3
Pas de prise en passant
Verification de la validité du coup passée !
Passage libre !
entree deplacepiece echiquier
bB
Ne met pas en echec !
entree deplacepiece echiquier
bB
Piece déplacée !
Pas de promotion !

     a     b     c     d     e     f     g     h    
  +-----+-----+-----+-----+-----+-----+-----+-----+
8 |  ♖  |  ♘  |     |  ♕  |  ♔  |     |     |  ♖  |
  +-----+-----+-----+-----+-----+-----+-----+-----+
7 |  ♙  |  ♙  |  ♙  |  ♗  |  ♙  |  ♙  |     |  ♙  |
  +-----+-----+-----+-----+-----+-----+-----+-----+
6 |     |     |     |     |     |  ♙  |     |  ♗  |
  +-----+-----+-----+-----+-----+-----+-----+-----+
5 |     |     |     |  ♙  |     |     |     |     |
  +-----+-----+-----+-----+-----+-----+-----+-----+
4 |     |     |     |  ♟  |     |     |     |     |
  +-----+-----+-----+-----+-----+-----+-----+-----+
3 |     |     |     |     |  ♟  |     |     |     |
  +-----+-----+-----+-----+-----+-----+-----+-----+
2 |  ♟  |  ♟  |  ♟  |     |  ♝  |  ♟  |  ♟  |  ♟  |
  +-----+-----+-----+-----+-----+-----+-----+-----+
1 |  ♜  |  ♞  |     |  ♛  |  ♚  |     |  ♞  |  ♜  |
  +-----+-----+-----+-----+-----+-----+-----+-----+
C'est au joueur blanc de jouer
Attente du coup :  quit
wR,wN,,wQ,wK,,wN,wR,wP,wP,wP,,wB,wP,wP,wP,,,,,wP,,,,,,,wP,,,,,,,,bP,,,,,,,,,,bP,,bB,bP,bP,bP,bB,bP,bP,,bP,bR,bN,,bQ,bK,,,bR, ?-?
   ref:[[0;32mwR,wN,,wQ,wK,,wN,wR,wP,wP,wP,,wB,wP,wP,wP,,,,,wP,,,,,,,wP,,,,,,,,bP,,,,,,,,,,bP,,bB,bP,bP,bP,bB,bP,bP,,bP,bR,bN,,bQ,bK,,,bR,[0m]
   you:[[0;31mwR,wN,,wQ,wK,,wN,wR,wP,wP,wP,,wB,wP,wP,wP,,,,,wP,,,,,,,wP,,,,,,,,bP,,,,,,,,,,bP,,bB,bP,bP,bP,bB,bP,bP,,bP,bR,bN,,bQ,bK,,,bR,[0m]
   ref:[[0;32m?-?[0m]
   you:[[0;31m?-?[0m]
  -> [0m(exit code=0)
[0;33m> data/1-leg-knight-1.txt[0m
La Partie a été créée !
x = 1 y = 4

     a     b     c     d     e     f     g     h    
  +-----+-----+-----+-----+-----+-----+-----+-----+
8 |  ♖  |  ♘  |  ♗  |  ♕  |  ♔  |  ♗  |  ♘  |  ♖  |
  +-----+-----+-----+-----+-----+-----+-----+-----+
7 |  ♙  |  ♙  |  ♙  |  ♙  |  ♙  |  ♙  |  ♙  |  ♙  |
  +-----+-----+-----+-----+-----+-----+-----+-----+
6 |     |     |     |     |     |     |     |     |
  +-----+-----+-----+-----+-----+-----+-----+-----+
5 |     |     |     |     |     |     |     |     |
  +-----+-----+-----+-----+-----+-----+-----+-----+
4 |     |     |     |     |     |     |     |     |
  +-----+-----+-----+-----+-----+-----+-----+-----+
3 |     |     |     |     |     |     |     |     |
  +-----+-----+-----+-----+-----+-----+-----+-----+
2 |  ♟  |  ♟  |  ♟  |  ♟  |  ♟  |  ♟  |  ♟  |  ♟  |
  +-----+-----+-----+-----+-----+-----+-----+-----+
1 |  ♜  |  ♞  |  ♝  |  ♛  |  ♚  |  ♝  |  ♞  |  ♜  |
  +-----+-----+-----+-----+-----+-----+-----+-----+
C'est au joueur blanc de jouer
Attente du coup :  mouvement classique
Origine : x = 0 y = 1
Fin : x = 2 y = 2
Pas de prise en passant
Verification de la validité du coup passée !
Passage libre !
entree deplacepiece echiquier
wN
Ne met pas en echec !
entree deplacepiece echiquier
wN
Piece déplacée !
Pas de promotion !

     a     b     c     d     e     f     g     h    
  +-----+-----+-----+-----+-----+-----+-----+-----+
8 |  ♖  |  ♘  |  ♗  |  ♕  |  ♔  |  ♗  |  ♘  |  ♖  |
  +-----+-----+-----+-----+-----+-----+-----+-----+
7 |  ♙  |  ♙  |  ♙  |  ♙  |  ♙  |  ♙  |  ♙  |  ♙  |
  +-----+-----+-----+-----+-----+-----+-----+-----+
6 |     |     |     |     |     |     |     |     |
  +-----+-----+-----+-----+-----+-----+-----+-----+
5 |     |     |     |     |     |     |     |     |
  +-----+-----+-----+-----+-----+-----+-----+-----+
4 |     |     |     |     |     |     |     |     |
  +-----+-----+-----+-----+-----+-----+-----+-----+
3 |     |     |  ♞  |     |     |     |     |     |
  +-----+-----+-----+-----+-----+-----+-----+-----+
2 |  ♟  |  ♟  |  ♟  |  ♟  |  ♟  |  ♟  |  ♟  |  ♟  |
  +-----+-----+-----+-----+-----+-----+-----+-----+
1 |  ♜  |     |  ♝  |  ♛  |  ♚  |  ♝  |  ♞  |  ♜  |
  +-----+-----+-----+-----+-----+-----+-----+-----+
C'est au joueur noir de jouer
Attente du coup :  mouvement classique
Origine : x = 6 y = 3
Fin : x = 4 y = 3
Pas de prise en passant
Verification de la validité du coup passée !
Passage libre !
entree deplacepiece echiquier
bP
Ne met pas en echec !
entree deplacepiece echiquier
bP
Piece déplacée !
Pas de promotion !

     a     b     c     d     e     f     g     h    
  +-----+-----+-----+-----+-----+-----+-----+-----+
8 |  ♖  |  ♘  |  ♗  |  ♕  |  ♔  |  ♗  |  ♘  |  ♖  |
  +-----+-----+-----+-----+-----+-----+-----+-----+
7 |  ♙  |  ♙  |  ♙  |     |  ♙  |  ♙  |  ♙  |  ♙  |
  +-----+-----+-----+-----+-----+-----+-----+-----+
6 |     |     |     |     |     |     |     |     |
  +-----+-----+-----+-----+-----+-----+-----+-----+
5 |     |     |     |  ♙  |     |     |     |     |
  +-----+-----+-----+-----+-----+-----+-----+-----+
4 |     |     |     |     |     |     |     |     |
  +-----+-----+-----+-----+-----+-----+-----+-----+
3 |     |     |  ♞  |     |     |     |     |     |
  +-----+-----+-----+-----+-----+-----+-----+-----+
2 |  ♟  |  ♟  |  ♟  |  ♟  |  ♟  |  ♟  |  ♟  |  ♟  |
  +-----+-----+-----+-----+-----+-----+-----+-----+
1 |  ♜  |     |  ♝  |  ♛  |  ♚  |  ♝  |  ♞  |  ♜  |
  +-----+-----+-----+-----+-----+-----+-----+-----+
C'est au joueur blanc de jouer
Attente du coup :  mouvement classique
Origine : x = 2 y = 2
Fin : x = 4 y = 3
Pas de prise en passant
Verification de la validité du coup passée !
Passage libre !
entree deplacepiece echiquier
wN
Ne met pas en echec !
entree deplacepiece echiquier
wN
Piece déplacée !
Pas de promotion !

     a     b     c     d     e     f     g     h    
  +-----+-----+-----+-----+-----+-----+-----+-----+
8 |  ♖  |  ♘  |  ♗  |  ♕  |  ♔  |  ♗  |  ♘  |  ♖  |
  +-----+-----+-----+-----+-----+-----+-----+-----+
7 |  ♙  |  ♙  |  ♙  |     |  ♙  |  ♙  |  ♙  |  ♙  |
  +-----+-----+-----+-----+-----+-----+-----+-----+
6 |     |     |     |     |     |     |     |     |
  +-----+-----+-----+-----+-----+-----+-----+-----+
5 |     |     |     |  ♞  |     |     |     |     |
  +-----+-----+-----+-----+-----+-----+-----+-----+
4 |     |     |     |     |     |     |     |     |
  +-----+-----+-----+-----+-----+-----+-----+-----+
3 |     |     |     |     |     |     |     |     |
  +-----+-----+-----+-----+-----+-----+-----+-----+
2 |  ♟  |  ♟  |  ♟  |  ♟  |  ♟  |  ♟  |  ♟  |  ♟  |
  +-----+-----+-----+-----+-----+-----+-----+-----+
1 |  ♜  |     |  ♝  |  ♛  |  ♚  |  ♝  |  ♞  |  ♜  |
  +-----+-----+-----+-----+-----+-----+-----+-----+
C'est au joueur noir de jouer
Attente du coup :  mouvement classique
Origine : x = 7 y = 6
Fin : x = 5 y = 5
Pas de prise en passant
Verification de la validité du coup passée !
Passage libre !
entree deplacepiece echiquier
bN
Ne met pas en echec !
entree deplacepiece echiquier
bN
Piece déplacée !
Pas de promotion !

     a     b     c     d     e     f     g     h    
  +-----+-----+-----+-----+-----+-----+-----+-----+
8 |  ♖  |  ♘  |  ♗  |  ♕  |  ♔  |  ♗  |     |  ♖  |
  +-----+-----+-----+-----+-----+-----+-----+-----+
7 |  ♙  |  ♙  |  ♙  |     |  ♙  |  ♙  |  ♙  |  ♙  |
  +-----+-----+-----+-----+-----+-----+-----+-----+
6 |     |     |     |     |     |  ♘  |     |     |
  +-----+-----+-----+-----+-----+-----+-----+-----+
5 |     |     |     |  ♞  |     |     |     |     |
  +-----+-----+-----+-----+-----+-----+-----+-----+
4 |     |     |     |     |     |     |     |     |
  +-----+-----+-----+-----+-----+-----+-----+-----+
3 |     |     |     |     |     |     |     |     |
  +-----+-----+-----+-----+-----+-----+-----+-----+
2 |  ♟  |  ♟  |  ♟  |  ♟  |  ♟  |  ♟  |  ♟  |  ♟  |
  +-----+-----+-----+-----+-----+-----+-----+-----+
1 |  ♜  |     |  ♝  |  ♛  |  ♚  |  ♝  |  ♞  |  ♜  |
  +-----+-----+-----+-----+-----+-----+-----+-----+
C'est au joueur blanc de jouer
Attente du coup :  mouvement classique
Origine : x = 0 y = 6
Fin : x = 2 y = 5
Pas de prise en passant
Verification de la validité du coup passée !
Passage libre !
entree deplacepiece echiquier
wN
Ne met pas en echec !
entree deplacepiece echiquier
wN
Piece déplacée !
Pas de promotion !

     a     b     c     d     e     f     g     h    
  +-----+-----+-----+-----+-----+-----+-----+-----+
8 |  ♖  |  ♘  |  ♗  |  ♕  |  ♔  |  ♗  |     |  ♖  |
  +-----+-----+-----+-----+-----+-----+-----+-----+
7 |  ♙  |  ♙  |  ♙  |     |  ♙  |  ♙  |  ♙  |  ♙  |
  +-----+-----+-----+-----+-----+-----+-----+-----+
6 |     |     |     |     |     |  ♘  |     |     |
  +-----+-----+-----+-----+-----+-----+-----+-----+
5 |     |     |     |  ♞  |     |     |     |     |
  +-----+-----+-----+-----+-----+-----+-----+-----+
4 |     |     |     |     |     |     |     |     |
  +-----+-----+-----+-----+-----+-----+-----+-----+
3 |     |     |     |     |     |  ♞  |     |     |
  +-----+-----+-----+-----+-----+-----+-----+-----+
2 |  ♟  |  ♟  |  ♟  |  ♟  |  ♟  |  ♟  |  ♟  |  ♟  |
  +-----+-----+-----+-----+-----+-----+-----+-----+
1 |  ♜  |     |  ♝  |  ♛  |  ♚  |  ♝  |     |  ♜  |
  +-----+-----+-----+-----+-----+-----+-----+-----+
C'est au joueur noir de jouer
Attente du coup :  mouvement classique
Origine : x = 7 y = 1
Fin : x = 5 y = 2
Pas de prise en passant
Verification de la validité du coup passée !
Passage libre !
entree deplacepiece echiquier
bN
Ne met pas en echec !
entree deplacepiece echiquier
bN
Piece déplacée !
Pas de promotion !

     a     b     c     d     e     f     g     h    
  +-----+-----+-----+-----+-----+-----+-----+-----+
8 |  ♖  |     |  ♗  |  ♕  |  ♔  |  ♗  |     |  ♖  |
  +-----+-----+-----+-----+-----+-----+-----+-----+
7 |  ♙  |  ♙  |  ♙  |     |  ♙  |  ♙  |  ♙  |  ♙  |
  +-----+-----+-----+-----+-----+-----+-----+-----+
6 |     |     |  ♘  |     |     |  ♘  |     |     |
  +-----+-----+-----+-----+-----+-----+-----+-----+
5 |     |     |     |  ♞  |     |     |     |     |
  +-----+-----+-----+-----+-----+-----+-----+-----+
4 |     |     |     |     |     |     |     |     |
  +-----+-----+-----+-----+-----+-----+-----+-----+
3 |     |     |     |     |     |  ♞  |     |     |
  +-----+-----+-----+-----+-----+-----+-----+-----+
2 |  ♟  |  ♟  |  ♟  |  ♟  |  ♟  |  ♟  |  ♟  |  ♟  |
  +-----+-----+-----+-----+-----+-----+-----+-----+
1 |  ♜  |     |  ♝  |  ♛  |  ♚  |  ♝  |     |  ♜  |
  +-----+-----+-----+-----+-----+-----+-----+-----+
C'est au joueur blanc de jouer
Attente du coup :  mouvement classique
Origine : x = 4 y = 3
Fin : x = 5 y = 5
Pas de prise en passant
Verification de la validité du coup passée !
Passage libre !
entree deplacepiece echiquier
wN
Ne met pas en echec !
entree deplacepiece echiquier
wN
Piece déplacée !
Pas de promotion !

     a     b     c     d     e     f     g     h    
  +-----+-----+-----+-----+-----+-----+-----+-----+
8 |  ♖  |     |  ♗  |  ♕  |  ♔  |  ♗  |     |  ♖  |
  +-----+-----+-----+-----+-----+-----+-----+-----+
7 |  ♙  |  ♙  |  ♙  |     |  ♙  |  ♙  |  ♙  |  ♙  |
  +-----+-----+-----+-----+-----+-----+-----+-----+
6 |     |     |  ♘  |     |     |  ♞  |     |     |
  +-----+-----+-----+-----+-----+-----+-----+-----+
5 |     |     |     |     |     |     |     |     |
  +-----+-----+-----+-----+-----+-----+-----+-----+
4 |     |     |     |     |     |     |     |     |
  +-----+-----+-----+-----+-----+-----+-----+-----+
3 |     |     |     |     |     |  ♞  |     |     |
  +-----+-----+-----+-----+-----+-----+-----+-----+
2 |  ♟  |  ♟  |  ♟  |  ♟  |  ♟  |  ♟  |  ♟  |  ♟  |
  +-----+-----+-----+-----+-----+-----+-----+-----+
1 |  ♜  |     |  ♝  |  ♛  |  ♚  |  ♝  |     |  ♜  |
  +-----+-----+-----+-----+-----+-----+-----+-----+
C'est au joueur noir de jouer
Le roi est en échec
Attente du coup :  mouvement classique
Origine : x = 6 y = 4
Fin : x = 5 y = 5
Pas de prise en passant
Verification de la validité du coup passée !
Passage libre !
entree deplacepiece echiquier
bP
Ne met pas en echec !
entree deplacepiece echiquier
bP
Piece déplacée !
Pas de promotion !

     a     b     c     d     e     f     g     h    
  +-----+-----+-----+-----+-----+-----+-----+-----+
8 |  ♖  |     |  ♗  |  ♕  |  ♔  |  ♗  |     |  ♖  |
  +-----+-----+-----+-----+-----+-----+-----+-----+
7 |  ♙  |  ♙  |  ♙  |     |     |  ♙  |  ♙  |  ♙  |
  +-----+-----+-----+-----+-----+-----+-----+-----+
6 |     |     |  ♘  |     |     |  ♙  |     |     |
  +-----+-----+-----+-----+-----+-----+-----+-----+
5 |     |     |     |     |     |     |     |     |
  +-----+-----+-----+-----+-----+-----+-----+-----+
4 |     |     |     |     |     |     |     |     |
  +-----+-----+-----+-----+-----+-----+-----+-----+
3 |     |     |     |     |     |  ♞  |     |     |
  +-----+-----+-----+-----+-----+-----+-----+-----+
2 |  ♟  |  ♟  |  ♟  |  ♟  |  ♟  |  ♟  |  ♟  |  ♟  |
  +-----+-----+-----+-----+-----+-----+-----+-----+
1 |  ♜  |     |  ♝  |  ♛  |  ♚  |  ♝  |     |  ♜  |
  +-----+-----+-----+-----+-----+-----+-----+-----+
C'est au joueur blanc de jouer
Attente du coup :  mouvement classique
Origine : x = 1 y = 4
Fin : x = 3 y = 4
Pas de prise en passant
Verification de la validité du coup passée !
Passage libre !
entree deplacepiece echiquier
wP
Ne met pas en echec !
entree deplacepiece echiquier
wP
Piece déplacée !
Pas de promotion !

     a     b     c     d     e     f     g     h    
  +-----+-----+-----+-----+-----+-----+-----+-----+
8 |  ♖  |     |  ♗  |  ♕  |  ♔  |  ♗  |     |  ♖  |
  +-----+-----+-----+-----+-----+-----+-----+-----+
7 |  ♙  |  ♙  |  ♙  |     |     |  ♙  |  ♙  |  ♙  |
  +-----+-----+-----+-----+-----+-----+-----+-----+
6 |     |     |  ♘  |     |     |  ♙  |     |     |
  +-----+-----+-----+-----+-----+-----+-----+-----+
5 |     |     |     |     |     |     |     |     |
  +-----+-----+-----+-----+-----+-----+-----+-----+
4 |     |     |     |     |  ♟  |     |     |     |
  +-----+-----+-----+-----+-----+-----+-----+-----+
3 |     |     |     |     |     |  ♞  |     |     |
  +-----+-----+-----+-----+-----+-----+-----+-----+
2 |  ♟  |  ♟  |  ♟  |  ♟  |     |  ♟  |  ♟  |  ♟  |
  +-----+-----+-----+-----+-----+-----+-----+-----+
1 |  ♜  |     |  ♝  |  ♛  |  ♚  |  ♝  |     |  ♜  |
  +-----+-----+-----+-----+-----+-----+-----+-----+
C'est au joueur noir de jouer
Attente du coup :  quit
wR,,wB,wQ,wK,wB,,wR,wP,wP,wP,wP,,wP,wP,wP,,,,,,wN,,,,,,,wP,,,,,,,,,,,,,,bN,,,bP,,,bP,bP,bP,,,bP,bP,bP,bR,,bB,bQ,bK,bB,,bR, ?-?
   ref:[[0;32mwR,,wB,wQ,wK,wB,,wR,wP,wP,wP,wP,,wP,wP,wP,,,,,,wN,,,,,,,wP,,,,,,,,,,,,,,bN,,,bP,,,bP,bP,bP,,,bP,bP,bP,bR,,bB,bQ,bK,bB,,bR,[0m]
   you:[[0;31mwR,,wB,wQ,wK,wB,,wR,wP,wP,wP,wP,,wP,wP,wP,,,,,,wN,,,,,,,wP,,,,,,,,,,,,,,bN,,,bP,,,bP,bP,bP,,,bP,bP,bP,bR,,bB,bQ,bK,bB,,bR,[0m]
   ref:[[0;32m?-?[0m]
   you:[[0;31m?-?[0m]
  -> [0m(exit code=0)
[0;33m> data/1-leg-obstacle.txt[0m
La Partie a été créée !
x = 1 y = 4

     a     b     c     d     e     f     g     h    
  +-----+-----+-----+-----+-----+-----+-----+-----+
8 |  ♖  |  ♘  |  ♗  |  ♕  |  ♔  |  ♗  |  ♘  |  ♖  |
  +-----+-----+-----+-----+-----+-----+-----+-----+
7 |  ♙  |  ♙  |  ♙  |  ♙  |  ♙  |  ♙  |  ♙  |  ♙  |
  +-----+-----+-----+-----+-----+-----+-----+-----+
6 |     |     |     |     |     |     |     |     |
  +-----+-----+-----+-----+-----+-----+-----+-----+
5 |     |     |     |     |     |     |     |     |
  +-----+-----+-----+-----+-----+-----+-----+-----+
4 |     |     |     |     |     |     |     |     |
  +-----+-----+-----+-----+-----+-----+-----+-----+
3 |     |     |     |     |     |     |     |     |
  +-----+-----+-----+-----+-----+-----+-----+-----+
2 |  ♟  |  ♟  |  ♟  |  ♟  |  ♟  |  ♟  |  ♟  |  ♟  |
  +-----+-----+-----+-----+-----+-----+-----+-----+
1 |  ♜  |  ♞  |  ♝  |  ♛  |  ♚  |  ♝  |  ♞  |  ♜  |
  +-----+-----+-----+-----+-----+-----+-----+-----+
C'est au joueur blanc de jouer
Attente du coup :  mouvement classique
Origine : x = 1 y = 4
Fin : x = 2 y = 4
Pas de prise en passant
Verification de la validité du coup passée !
Passage libre !
entree deplacepiece echiquier
wP
Ne met pas en echec !
entree deplacepiece echiquier
wP
Piece déplacée !
Pas de promotion !

     a     b     c     d     e     f     g     h    
  +-----+-----+-----+-----+-----+-----+-----+-----+
8 |  ♖  |  ♘  |  ♗  |  ♕  |  ♔  |  ♗  |  ♘  |  ♖  |
  +-----+-----+-----+-----+-----+-----+-----+-----+
7 |  ♙  |  ♙  |  ♙  |  ♙  |  ♙  |  ♙  |  ♙  |  ♙  |
  +-----+-----+-----+-----+-----+-----+-----+-----+
6 |     |     |     |     |     |     |     |     |
  +-----+-----+-----+-----+-----+-----+-----+-----+
5 |     |     |     |     |     |     |     |     |
  +-----+-----+-----+-----+-----+-----+-----+-----+
4 |     |     |     |     |     |     |     |     |
  +-----+-----+-----+-----+-----+-----+-----+-----+
3 |     |     |     |     |  ♟  |     |     |     |
  +-----+-----+-----+-----+-----+-----+-----+-----+
2 |  ♟  |  ♟  |  ♟  |  ♟  |     |  ♟  |  ♟  |  ♟  |
  +-----+-----+-----+-----+-----+-----+-----+-----+
1 |  ♜  |  ♞  |  ♝  |  ♛  |  ♚  |  ♝  |  ♞  |  ♜  |
  +-----+-----+-----+-----+-----+-----+-----+-----+
C'est au joueur noir de jouer
Attente du coup :  mouvement classique
Origine : x = 6 y = 3
Fin : x = 4 y = 3
Pas de prise en passant
Verification de la validité du coup passée !
Passage libre !
entree deplacepiece echiquier
bP
Ne met pas en echec !
entree deplacepiece echiquier
bP
Piece déplacée !
Pas de promotion !

     a     b     c     d     e     f     g     h    
  +-----+-----+-----+-----+-----+-----+-----+-----+
8 |  ♖  |  ♘  |  ♗  |  ♕  |  ♔  |  ♗  |  ♘  |  ♖  |
  +-----+-----+-----+-----+-----+-----+-----+-----+
7 |  ♙  |  ♙  |  ♙  |     |  ♙  |  ♙  |  ♙  |  ♙  |
  +-----+-----+-----+-----+-----+-----+-----+-----+
6 |     |     |     |     |     |     |     |     |
  +-----+-----+-----+-----+-----+-----+-----+-----+
5 |     |     |     |  ♙  |     |     |     |     |
  +-----+-----+-----+-----+-----+-----+-----+-----+
4 |     |     |     |     |     |     |     |     |
  +-----+-----+-----+-----+-----+-----+-----+-----+
3 |     |     |     |     |  ♟  |     |     |     |
  +-----+-----+-----+-----+-----+-----+-----+-----+
2 |  ♟  |  ♟  |  ♟  |  ♟  |     |  ♟  |  ♟  |  ♟  |
  +-----+-----+-----+-----+-----+-----+-----+-----+
1 |  ♜  |  ♞  |  ♝  |  ♛  |  ♚  |  ♝  |  ♞  |  ♜  |
  +-----+-----+-----+-----+-----+-----+-----+-----+
C'est au joueur blanc de jouer
Attente du coup :  mouvement classique
Origine : x = 0 y = 6
Fin : x = 2 y = 5
Pas de prise en passant
Verification de la validité du coup passée !
Passage libre !
entree deplacepiece echiquier
wN
Ne met pas en echec !
entree deplacepiece echiquier
wN
Piece déplacée !
Pas de promotion !

     a     b     c     d     e     f     g     h    
  +-----+-----+-----+-----+-----+-----+-----+-----+
8 |  ♖  |  ♘  |  ♗  |  ♕  |  ♔  |  ♗  |  ♘  |  ♖  |
  +-----+-----+-----+-----+-----+-----+-----+-----+
7 |  ♙  |  ♙  |  ♙  |     |  ♙  |  ♙  |  ♙  |  ♙  |
  +-----+-----+-----+-----+-----+-----+-----+-----+
6 |     |     |     |     |     |     |     |     |
  +-----+-----+-----+-----+-----+-----+-----+-----+
5 |     |     |     |  ♙  |     |     |     |     |
  +-----+-----+-----+-----+-----+-----+-----+-----+
4 |     |     |     |     |     |     |     |     |
  +-----+-----+-----+-----+-----+-----+-----+-----+
3 |     |     |     |     |  ♟  |  ♞  |     |     |
  +-----+-----+-----+-----+-----+-----+-----+-----+
2 |  ♟  |  ♟  |  ♟  |  ♟  |     |  ♟  |  ♟  |  ♟  |
  +-----+-----+-----+-----+-----+-----+-----+-----+
1 |  ♜  |  ♞  |  ♝  |  ♛  |  ♚  |  ♝  |     |  ♜  |
  +-----+-----+-----+-----+-----+-----+-----+-----+
C'est au joueur noir de jouer
Attente du coup :  mouvement classique
Origine : x = 7 y = 6
Fin : x = 5 y = 5
Pas de prise en passant
Verification de la validité du coup passée !
Passage libre !
entree deplacepiece echiquier
bN
Ne met pas en echec !
entree deplacepiece echiquier
bN
Piece déplacée !
Pas de promotion !

     a     b     c     d     e     f     g     h    
  +-----+-----+-----+-----+-----+-----+-----+-----+
8 |  ♖  |  ♘  |  ♗  |  ♕  |  ♔  |  ♗  |     |  ♖  |
  +-----+-----+-----+-----+-----+-----+-----+-----+
7 |  ♙  |  ♙  |  ♙  |     |  ♙  |  ♙  |  ♙  |  ♙  |
  +-----+-----+-----+-----+-----+-----+-----+-----+
6 |     |     |     |     |     |  ♘  |     |     |
  +-----+-----+-----+-----+-----+-----+-----+-----+
5 |     |     |     |  ♙  |     |     |     |     |
  +-----+-----+-----+-----+-----+-----+-----+-----+
4 |     |     |     |     |     |     |     |     |
  +-----+-----+-----+-----+-----+-----+-----+-----+
3 |     |     |     |     |  ♟  |  ♞  |     |     |
  +-----+-----+-----+-----+-----+-----+-----+-----+
2 |  ♟  |  ♟  |  ♟  |  ♟  |     |  ♟  |  ♟  |  ♟  |
  +-----+-----+-----+-----+-----+-----+-----+-----+
1 |  ♜  |  ♞  |  ♝  |  ♛  |  ♚  |  ♝  |     |  ♜  |
  +-----+-----+-----+-----+-----+-----+-----+-----+
C'est au joueur blanc de jouer
Attente du coup :  quit
wR,wN,wB,wQ,wK,wB,,wR,wP,wP,wP,wP,,wP,wP,wP,,,,,wP,wN,,,,,,,,,,,,,,bP,,,,,,,,,,bN,,,bP,bP,bP,,bP,bP,bP,bP,bR,bN,bB,bQ,bK,bB,,bR, ?-?
   ref:[[0;32mwR,wN,wB,wQ,wK,wB,,wR,wP,wP,wP,wP,,wP,wP,wP,,,,,wP,wN,,,,,,,,,,,,,,bP,,,,,,,,,,bN,,,bP,bP,bP,,bP,bP,bP,bP,bR,bN,bB,bQ,bK,bB,,bR,[0m]
   you:[[0;31mwR,wN,wB,wQ,wK,wB,,wR,wP,wP,wP,wP,,wP,wP,wP,,,,,wP,wN,,,,,,,,,,,,,,bP,,,,,,,,,,bN,,,bP,bP,bP,,bP,bP,bP,bP,bR,bN,bB,bQ,bK,bB,,bR,[0m]
   ref:[[0;32m?-?[0m]
   you:[[0;31m?-?[0m]
  -> [0m(exit code=0)
[0;33m> data/1-leg-pawn-1.txt[0m
La Partie a été créée !
x = 1 y = 4

     a     b     c     d     e     f     g     h    
  +-----+-----+-----+-----+-----+-----+-----+-----+
8 |  ♖  |  ♘  |  ♗  |  ♕  |  ♔  |  ♗  |  ♘  |  ♖  |
  +-----+-----+-----+-----+-----+-----+-----+-----+
7 |  ♙  |  ♙  |  ♙  |  ♙  |  ♙  |  ♙  |  ♙  |  ♙  |
  +-----+-----+-----+-----+-----+-----+-----+-----+
6 |     |     |     |     |     |     |     |     |
  +-----+-----+-----+-----+-----+-----+-----+-----+
5 |     |     |     |     |     |     |     |     |
  +-----+-----+-----+-----+-----+-----+-----+-----+
4 |     |     |     |     |     |     |     |     |
  +-----+-----+-----+-----+-----+-----+-----+-----+
3 |     |     |     |     |     |     |     |     |
  +-----+-----+-----+-----+-----+-----+-----+-----+
2 |  ♟  |  ♟  |  ♟  |  ♟  |  ♟  |  ♟  |  ♟  |  ♟  |
  +-----+-----+-----+-----+-----+-----+-----+-----+
1 |  ♜  |  ♞  |  ♝  |  ♛  |  ♚  |  ♝  |  ♞  |  ♜  |
  +-----+-----+-----+-----+-----+-----+-----+-----+
C'est au joueur blanc de jouer
Attente du coup :  mouvement classique
Origine : x = 1 y = 4
Fin : x = 3 y = 4
Pas de prise en passant
Verification de la validité du coup passée !
Passage libre !
entree deplacepiece echiquier
wP
Ne met pas en echec !
entree deplacepiece echiquier
wP
Piece déplacée !
Pas de promotion !

     a     b     c     d     e     f     g     h    
  +-----+-----+-----+-----+-----+-----+-----+-----+
8 |  ♖  |  ♘  |  ♗  |  ♕  |  ♔  |  ♗  |  ♘  |  ♖  |
  +-----+-----+-----+-----+-----+-----+-----+-----+
7 |  ♙  |  ♙  |  ♙  |  ♙  |  ♙  |  ♙  |  ♙  |  ♙  |
  +-----+-----+-----+-----+-----+-----+-----+-----+
6 |     |     |     |     |     |     |     |     |
  +-----+-----+-----+-----+-----+-----+-----+-----+
5 |     |     |     |     |     |     |     |     |
  +-----+-----+-----+-----+-----+-----+-----+-----+
4 |     |     |     |     |  ♟  |     |     |     |
  +-----+-----+-----+-----+-----+-----+-----+-----+
3 |     |     |     |     |     |     |     |     |
  +-----+-----+-----+-----+-----+-----+-----+-----+
2 |  ♟  |  ♟  |  ♟  |  ♟  |     |  ♟  |  ♟  |  ♟  |
  +-----+-----+-----+-----+-----+-----+-----+-----+
1 |  ♜  |  ♞  |  ♝  |  ♛  |  ♚  |  ♝  |  ♞  |  ♜  |
  +-----+-----+-----+-----+-----+-----+-----+-----+
C'est au joueur noir de jouer
Attente du coup :  mouvement classique
Origine : x = 6 y = 4
Fin : x = 4 y = 4
Pas de prise en passant
Verification de la validité du coup passée !
Passage libre !
entree deplacepiece echiquier
bP
Ne met pas en echec !
entree deplacepiece echiquier
bP
Piece déplacée !
Pas de promotion !

     a     b     c     d     e     f     g     h    
  +-----+-----+-----+-----+-----+-----+-----+-----+
8 |  ♖  |  ♘  |  ♗  |  ♕  |  ♔  |  ♗  |  ♘  |  ♖  |
  +-----+-----+-----+-----+-----+-----+-----+-----+
7 |  ♙  |  ♙  |  ♙  |  ♙  |     |  ♙  |  ♙  |  ♙  |
  +-----+-----+-----+-----+-----+-----+-----+-----+
6 |     |     |     |     |     |     |     |     |
  +-----+-----+-----+-----+-----+-----+-----+-----+
5 |     |     |     |     |  ♙  |     |     |     |
  +-----+-----+-----+-----+-----+-----+-----+-----+
4 |     |     |     |     |  ♟  |     |     |     |
  +-----+-----+-----+-----+-----+-----+-----+-----+
3 |     |     |     |     |     |     |     |     |
  +-----+-----+-----+-----+-----+-----+-----+-----+
2 |  ♟  |  ♟  |  ♟  |  ♟  |     |  ♟  |  ♟  |  ♟  |
  +-----+-----+-----+-----+-----+-----+-----+-----+
1 |  ♜  |  ♞  |  ♝  |  ♛  |  ♚  |  ♝  |  ♞  |  ♜  |
  +-----+-----+-----+-----+-----+-----+-----+-----+
C'est au joueur blanc de jouer
Attente du coup :  mouvement classique
Origine : x = 1 y = 3
Fin : x = 3 y = 3
Pas de prise en passant
Verification de la validité du coup passée !
Passage libre !
entree deplacepiece echiquier
wP
Ne met pas en echec !
entree deplacepiece echiquier
wP
Piece déplacée !
Pas de promotion !

     a     b     c     d     e     f     g     h    
  +-----+-----+-----+-----+-----+-----+-----+-----+
8 |  ♖  |  ♘  |  ♗  |  ♕  |  ♔  |  ♗  |  ♘  |  ♖  |
  +-----+-----+-----+-----+-----+-----+-----+-----+
7 |  ♙  |  ♙  |  ♙  |  ♙  |     |  ♙  |  ♙  |  ♙  |
  +-----+-----+-----+-----+-----+-----+-----+-----+
6 |     |     |     |     |     |     |     |     |
  +-----+-----+-----+-----+-----+-----+-----+-----+
5 |     |     |     |     |  ♙  |     |     |     |
  +-----+-----+-----+-----+-----+-----+-----+-----+
4 |     |     |     |  ♟  |  ♟  |     |     |     |
  +-----+-----+-----+-----+-----+-----+-----+-----+
3 |     |     |     |     |     |     |     |     |
  +-----+-----+-----+-----+-----+-----+-----+-----+
2 |  ♟  |  ♟  |  ♟  |     |     |  ♟  |  ♟  |  ♟  |
  +-----+-----+-----+-----+-----+-----+-----+-----+
1 |  ♜  |  ♞  |  ♝  |  ♛  |  ♚  |  ♝  |  ♞  |  ♜  |
  +-----+-----+-----+-----+-----+-----+-----+-----+
C'est au joueur noir de jouer
Attente du coup :  mouvement classique
Origine : x = 4 y = 4
Fin : x = 3 y = 3
Pas de prise en passant
Verification de la validité du coup passée !
Passage libre !
entree deplacepiece echiquier
bP
Ne met pas en echec !
entree deplacepiece echiquier
bP
Piece déplacée !
Pas de promotion !

     a     b     c     d     e     f     g     h    
  +-----+-----+-----+-----+-----+-----+-----+-----+
8 |  ♖  |  ♘  |  ♗  |  ♕  |  ♔  |  ♗  |  ♘  |  ♖  |
  +-----+-----+-----+-----+-----+-----+-----+-----+
7 |  ♙  |  ♙  |  ♙  |  ♙  |     |  ♙  |  ♙  |  ♙  |
  +-----+-----+-----+-----+-----+-----+-----+-----+
6 |     |     |     |     |     |     |     |     |
  +-----+-----+-----+-----+-----+-----+-----+-----+
5 |     |     |     |     |     |     |     |     |
  +-----+-----+-----+-----+-----+-----+-----+-----+
4 |     |     |     |  ♙  |  ♟  |     |     |     |
  +-----+-----+-----+-----+-----+-----+-----+-----+
3 |     |     |     |     |     |     |     |     |
  +-----+-----+-----+-----+-----+-----+-----+-----+
2 |  ♟  |  ♟  |  ♟  |     |     |  ♟  |  ♟  |  ♟  |
  +-----+-----+-----+-----+-----+-----+-----+-----+
1 |  ♜  |  ♞  |  ♝  |  ♛  |  ♚  |  ♝  |  ♞  |  ♜  |
  +-----+-----+-----+-----+-----+-----+-----+-----+
C'est au joueur blanc de jouer
Attente du coup :  mouvement classique
Origine : x = 1 y = 5
Fin : x = 2 y = 5
Pas de prise en passant
Verification de la validité du coup passée !
Passage libre !
entree deplacepiece echiquier
wP
Ne met pas en echec !
entree deplacepiece echiquier
wP
Piece déplacée !
Pas de promotion !

     a     b     c     d     e     f     g     h    
  +-----+-----+-----+-----+-----+-----+-----+-----+
8 |  ♖  |  ♘  |  ♗  |  ♕  |  ♔  |  ♗  |  ♘  |  ♖  |
  +-----+-----+-----+-----+-----+-----+-----+-----+
7 |  ♙  |  ♙  |  ♙  |  ♙  |     |  ♙  |  ♙  |  ♙  |
  +-----+-----+-----+-----+-----+-----+-----+-----+
6 |     |     |     |     |     |     |     |     |
  +-----+-----+-----+-----+-----+-----+-----+-----+
5 |     |     |     |     |     |     |     |     |
  +-----+-----+-----+-----+-----+-----+-----+-----+
4 |     |     |     |  ♙  |  ♟  |     |     |     |
  +-----+-----+-----+-----+-----+-----+-----+-----+
3 |     |     |     |     |     |  ♟  |     |     |
  +-----+-----+-----+-----+-----+-----+-----+-----+
2 |  ♟  |  ♟  |  ♟  |     |     |     |  ♟  |  ♟  |
  +-----+-----+-----+-----+-----+-----+-----+-----+
1 |  ♜  |  ♞  |  ♝  |  ♛  |  ♚  |  ♝  |  ♞  |  ♜  |
  +-----+-----+-----+-----+-----+-----+-----+-----+
C'est au joueur noir de jouer
Attente du coup :  mouvement classique
Origine : x = 3 y = 3
Fin : x = 2 y = 3
Pas de prise en passant
Verification de la validité du coup passée !
Passage libre !
entree deplacepiece echiquier
bP
Ne met pas en echec !
entree deplacepiece echiquier
bP
Piece déplacée !
Pas de promotion !

     a     b     c     d     e     f     g     h    
  +-----+-----+-----+-----+-----+-----+-----+-----+
8 |  ♖  |  ♘  |  ♗  |  ♕  |  ♔  |  ♗  |  ♘  |  ♖  |
  +-----+-----+-----+-----+-----+-----+-----+-----+
7 |  ♙  |  ♙  |  ♙  |  ♙  |     |  ♙  |  ♙  |  ♙  |
  +-----+-----+-----+-----+-----+-----+-----+-----+
6 |     |     |     |     |     |     |     |     |
  +-----+-----+-----+-----+-----+-----+-----+-----+
5 |     |     |     |     |     |     |     |     |
  +-----+-----+-----+-----+-----+-----+-----+-----+
4 |     |     |     |     |  ♟  |     |     |     |
  +-----+-----+-----+-----+-----+-----+-----+-----+
3 |     |     |     |  ♙  |     |  ♟  |     |     |
  +-----+-----+-----+-----+-----+-----+-----+-----+
2 |  ♟  |  ♟  |  ♟  |     |     |     |  ♟  |  ♟  |
  +-----+-----+-----+-----+-----+-----+-----+-----+
1 |  ♜  |  ♞  |  ♝  |  ♛  |  ♚  |  ♝  |  ♞  |  ♜  |
  +-----+-----+-----+-----+-----+-----+-----+-----+
C'est au joueur blanc de jouer
Attente du coup :  mouvement classique
Origine : x = 1 y = 2
Fin : x = 2 y = 3
Pas de prise en passant
Verification de la validité du coup passée !
Passage libre !
entree deplacepiece echiquier
wP
Ne met pas en echec !
entree deplacepiece echiquier
wP
Piece déplacée !
Pas de promotion !

     a     b     c     d     e     f     g     h    
  +-----+-----+-----+-----+-----+-----+-----+-----+
8 |  ♖  |  ♘  |  ♗  |  ♕  |  ♔  |  ♗  |  ♘  |  ♖  |
  +-----+-----+-----+-----+-----+-----+-----+-----+
7 |  ♙  |  ♙  |  ♙  |  ♙  |     |  ♙  |  ♙  |  ♙  |
  +-----+-----+-----+-----+-----+-----+-----+-----+
6 |     |     |     |     |     |     |     |     |
  +-----+-----+-----+-----+-----+-----+-----+-----+
5 |     |     |     |     |     |     |     |     |
  +-----+-----+-----+-----+-----+-----+-----+-----+
4 |     |     |     |     |  ♟  |     |     |     |
  +-----+-----+-----+-----+-----+-----+-----+-----+
3 |     |     |     |  ♟  |     |  ♟  |     |     |
  +-----+-----+-----+-----+-----+-----+-----+-----+
2 |  ♟  |  ♟  |     |     |     |     |  ♟  |  ♟  |
  +-----+-----+-----+-----+-----+-----+-----+-----+
1 |  ♜  |  ♞  |  ♝  |  ♛  |  ♚  |  ♝  |  ♞  |  ♜  |
  +-----+-----+-----+-----+-----+-----+-----+-----+
C'est au joueur noir de jouer
Attente du coup :  mouvement classique
Origine : x = 6 y = 3
Fin : x = 4 y = 3
Pas de prise en passant
Verification de la validité du coup passée !
Passage libre !
entree deplacepiece echiquier
bP
Ne met pas en echec !
entree deplacepiece echiquier
bP
Piece déplacée !
Pas de promotion !

     a     b     c     d     e     f     g     h    
  +-----+-----+-----+-----+-----+-----+-----+-----+
8 |  ♖  |  ♘  |  ♗  |  ♕  |  ♔  |  ♗  |  ♘  |  ♖  |
  +-----+-----+-----+-----+-----+-----+-----+-----+
7 |  ♙  |  ♙  |  ♙  |     |     |  ♙  |  ♙  |  ♙  |
  +-----+-----+-----+-----+-----+-----+-----+-----+
6 |     |     |     |     |     |     |     |     |
  +-----+-----+-----+-----+-----+-----+-----+-----+
5 |     |     |     |  ♙  |     |     |     |     |
  +-----+-----+-----+-----+-----+-----+-----+-----+
4 |     |     |     |     |  ♟  |     |     |     |
  +-----+-----+-----+-----+-----+-----+-----+-----+
3 |     |     |     |  ♟  |     |  ♟  |     |     |
  +-----+-----+-----+-----+-----+-----+-----+-----+
2 |  ♟  |  ♟  |     |     |     |     |  ♟  |  ♟  |
  +-----+-----+-----+-----+-----+-----+-----+-----+
1 |  ♜  |  ♞  |  ♝  |  ♛  |  ♚  |  ♝  |  ♞  |  ♜  |
  +-----+-----+-----+-----+-----+-----+-----+-----+
C'est au joueur blanc de jouer
Attente du coup :  mouvement classique
Origine : x = 3 y = 4
Fin : x = 4 y = 4
Pas de prise en passant
Verification de la validité du coup passée !
Passage libre !
entree deplacepiece echiquier
wP
Ne met pas en echec !
entree deplacepiece echiquier
wP
Piece déplacée !
Pas de promotion !

     a     b     c     d     e     f     g     h    
  +-----+-----+-----+-----+-----+-----+-----+-----+
8 |  ♖  |  ♘  |  ♗  |  ♕  |  ♔  |  ♗  |  ♘  |  ♖  |
  +-----+-----+-----+-----+-----+-----+-----+-----+
7 |  ♙  |  ♙  |  ♙  |     |     |  ♙  |  ♙  |  ♙  |
  +-----+-----+-----+-----+-----+-----+-----+-----+
6 |     |     |     |     |     |     |     |     |
  +-----+-----+-----+-----+-----+-----+-----+-----+
5 |     |     |     |  ♙  |  ♟  |     |     |     |
  +-----+-----+-----+-----+-----+-----+-----+-----+
4 |     |     |     |     |     |     |     |     |
  +-----+-----+-----+-----+-----+-----+-----+-----+
3 |     |     |     |  ♟  |     |  ♟  |     |     |
  +-----+-----+-----+-----+-----+-----+-----+-----+
2 |  ♟  |  ♟  |     |     |     |     |  ♟  |  ♟  |
  +-----+-----+-----+-----+-----+-----+-----+-----+
1 |  ♜  |  ♞  |  ♝  |  ♛  |  ♚  |  ♝  |  ♞  |  ♜  |
  +-----+-----+-----+-----+-----+-----+-----+-----+
C'est au joueur noir de jouer
Attente du coup :  mouvement classique
Origine : x = 4 y = 3
Fin : x = 3 y = 3
Pas de prise en passant
Verification de la validité du coup passée !
Passage libre !
entree deplacepiece echiquier
bP
Ne met pas en echec !
entree deplacepiece echiquier
bP
Piece déplacée !
Pas de promotion !

     a     b     c     d     e     f     g     h    
  +-----+-----+-----+-----+-----+-----+-----+-----+
8 |  ♖  |  ♘  |  ♗  |  ♕  |  ♔  |  ♗  |  ♘  |  ♖  |
  +-----+-----+-----+-----+-----+-----+-----+-----+
7 |  ♙  |  ♙  |  ♙  |     |     |  ♙  |  ♙  |  ♙  |
  +-----+-----+-----+-----+-----+-----+-----+-----+
6 |     |     |     |     |     |     |     |     |
  +-----+-----+-----+-----+-----+-----+-----+-----+
5 |     |     |     |     |  ♟  |     |     |     |
  +-----+-----+-----+-----+-----+-----+-----+-----+
4 |     |     |     |  ♙  |     |     |     |     |
  +-----+-----+-----+-----+-----+-----+-----+-----+
3 |     |     |     |  ♟  |     |  ♟  |     |     |
  +-----+-----+-----+-----+-----+-----+-----+-----+
2 |  ♟  |  ♟  |     |     |     |     |  ♟  |  ♟  |
  +-----+-----+-----+-----+-----+-----+-----+-----+
1 |  ♜  |  ♞  |  ♝  |  ♛  |  ♚  |  ♝  |  ♞  |  ♜  |
  +-----+-----+-----+-----+-----+-----+-----+-----+
C'est au joueur blanc de jouer
Attente du coup :  quit
wR,wN,wB,wQ,wK,wB,wN,wR,wP,wP,,,,,wP,wP,,,,wP,,wP,,,,,,bP,,,,,,,,,wP,,,,,,,,,,,,bP,bP,bP,,,bP,bP,bP,bR,bN,bB,bQ,bK,bB,bN,bR, ?-?
   ref:[[0;32mwR,wN,wB,wQ,wK,wB,wN,wR,wP,wP,,,,,wP,wP,,,,wP,,wP,,,,,,bP,,,,,,,,,wP,,,,,,,,,,,,bP,bP,bP,,,bP,bP,bP,bR,bN,bB,bQ,bK,bB,bN,bR,[0m]
   you:[[0;31mwR,wN,wB,wQ,wK,wB,wN,wR,wP,wP,,,,,wP,wP,,,,wP,,wP,,,,,,bP,,,,,,,,,wP,,,,,,,,,,,,bP,bP,bP,,,bP,bP,bP,bR,bN,bB,bQ,bK,bB,bN,bR,[0m]
   ref:[[0;32m?-?[0m]
   you:[[0;31m?-?[0m]
  -> [0m(exit code=0)
[0;33m> data/1-ill-bishop-1.txt[0m
La Partie a été créée !
x = 1 y = 4

     a     b     c     d     e     f     g     h    
  +-----+-----+-----+-----+-----+-----+-----+-----+
8 |  ♖  |  ♘  |  ♗  |  ♕  |  ♔  |  ♗  |  ♘  |  ♖  |
  +-----+-----+-----+-----+-----+-----+-----+-----+
7 |  ♙  |  ♙  |  ♙  |  ♙  |  ♙  |  ♙  |  ♙  |  ♙  |
  +-----+-----+-----+-----+-----+-----+-----+-----+
6 |     |     |     |     |     |     |     |     |
  +-----+-----+-----+-----+-----+-----+-----+-----+
5 |     |     |     |     |     |     |     |     |
  +-----+-----+-----+-----+-----+-----+-----+-----+
4 |     |     |     |     |     |     |     |     |
  +-----+-----+-----+-----+-----+-----+-----+-----+
3 |     |     |     |     |     |     |     |     |
  +-----+-----+-----+-----+-----+-----+-----+-----+
2 |  ♟  |  ♟  |  ♟  |  ♟  |  ♟  |  ♟  |  ♟  |  ♟  |
  +-----+-----+-----+-----+-----+-----+-----+-----+
1 |  ♜  |  ♞  |  ♝  |  ♛  |  ♚  |  ♝  |  ♞  |  ♜  |
  +-----+-----+-----+-----+-----+-----+-----+-----+
C'est au joueur blanc de jouer
Attente du coup :  mouvement classique
Origine : x = 1 y = 3
Fin : x = 3 y = 3
Pas de prise en passant
Verification de la validité du coup passée !
Passage libre !
entree deplacepiece echiquier
wP
Ne met pas en echec !
entree deplacepiece echiquier
wP
Piece déplacée !
Pas de promotion !

     a     b     c     d     e     f     g     h    
  +-----+-----+-----+-----+-----+-----+-----+-----+
8 |  ♖  |  ♘  |  ♗  |  ♕  |  ♔  |  ♗  |  ♘  |  ♖  |
  +-----+-----+-----+-----+-----+-----+-----+-----+
7 |  ♙  |  ♙  |  ♙  |  ♙  |  ♙  |  ♙  |  ♙  |  ♙  |
  +-----+-----+-----+-----+-----+-----+-----+-----+
6 |     |     |     |     |     |     |     |     |
  +-----+-----+-----+-----+-----+-----+-----+-----+
5 |     |     |     |     |     |     |     |     |
  +-----+-----+-----+-----+-----+-----+-----+-----+
4 |     |     |     |  ♟  |     |     |     |     |
  +-----+-----+-----+-----+-----+-----+-----+-----+
3 |     |     |     |     |     |     |     |     |
  +-----+-----+-----+-----+-----+-----+-----+-----+
2 |  ♟  |  ♟  |  ♟  |     |  ♟  |  ♟  |  ♟  |  ♟  |
  +-----+-----+-----+-----+-----+-----+-----+-----+
1 |  ♜  |  ♞  |  ♝  |  ♛  |  ♚  |  ♝  |  ♞  |  ♜  |
  +-----+-----+-----+-----+-----+-----+-----+-----+
C'est au joueur noir de jouer
Attente du coup :  mouvement classique
Origine : x = 6 y = 3
Fin : x = 4 y = 3
Pas de prise en passant
Verification de la validité du coup passée !
Passage libre !
entree deplacepiece echiquier
bP
Ne met pas en echec !
entree deplacepiece echiquier
bP
Piece déplacée !
Pas de promotion !

     a     b     c     d     e     f     g     h    
  +-----+-----+-----+-----+-----+-----+-----+-----+
8 |  ♖  |  ♘  |  ♗  |  ♕  |  ♔  |  ♗  |  ♘  |  ♖  |
  +-----+-----+-----+-----+-----+-----+-----+-----+
7 |  ♙  |  ♙  |  ♙  |     |  ♙  |  ♙  |  ♙  |  ♙  |
  +-----+-----+-----+-----+-----+-----+-----+-----+
6 |     |     |     |     |     |     |     |     |
  +-----+-----+-----+-----+-----+-----+-----+-----+
5 |     |     |     |  ♙  |     |     |     |     |
  +-----+-----+-----+-----+-----+-----+-----+-----+
4 |     |     |     |  ♟  |     |     |     |     |
  +-----+-----+-----+-----+-----+-----+-----+-----+
3 |     |     |     |     |     |     |     |     |
  +-----+-----+-----+-----+-----+-----+-----+-----+
2 |  ♟  |  ♟  |  ♟  |     |  ♟  |  ♟  |  ♟  |  ♟  |
  +-----+-----+-----+-----+-----+-----+-----+-----+
1 |  ♜  |  ♞  |  ♝  |  ♛  |  ♚  |  ♝  |  ♞  |  ♜  |
  +-----+-----+-----+-----+-----+-----+-----+-----+
C'est au joueur blanc de jouer
Attente du coup :  mouvement classique
Origine : x = 0 y = 2
Fin : x = 4 y = 6
Pas de prise en passant
Verification de la validité du coup passée !
Passage libre !
entree deplacepiece echiquier
wB
Ne met pas en echec !
entree deplacepiece echiquier
wB
Piece déplacée !
Pas de promotion !

     a     b     c     d     e     f     g     h    
  +-----+-----+-----+-----+-----+-----+-----+-----+
8 |  ♖  |  ♘  |  ♗  |  ♕  |  ♔  |  ♗  |  ♘  |  ♖  |
  +-----+-----+-----+-----+-----+-----+-----+-----+
7 |  ♙  |  ♙  |  ♙  |     |  ♙  |  ♙  |  ♙  |  ♙  |
  +-----+-----+-----+-----+-----+-----+-----+-----+
6 |     |     |     |     |     |     |     |     |
  +-----+-----+-----+-----+-----+-----+-----+-----+
5 |     |     |     |  ♙  |     |     |  ♝  |     |
  +-----+-----+-----+-----+-----+-----+-----+-----+
4 |     |     |     |  ♟  |     |     |     |     |
  +-----+-----+-----+-----+-----+-----+-----+-----+
3 |     |     |     |     |     |     |     |     |
  +-----+-----+-----+-----+-----+-----+-----+-----+
2 |  ♟  |  ♟  |  ♟  |     |  ♟  |  ♟  |  ♟  |  ♟  |
  +-----+-----+-----+-----+-----+-----+-----+-----+
1 |  ♜  |  ♞  |     |  ♛  |  ♚  |  ♝  |  ♞  |  ♜  |
  +-----+-----+-----+-----+-----+-----+-----+-----+
C'est au joueur noir de jouer
Attente du coup :  mouvement classique
Origine : x = 7 y = 5
Fin : x = 4 y = 1
Pas de prise en passant
Mouvement invalide !
Attente du coup :  mouvement classique
Origine : x = 6 y = 5
Fin : x = 5 y = 5
Pas de prise en passant
Verification de la validité du coup passée !
Passage libre !
entree deplacepiece echiquier
bP
Ne met pas en echec !
entree deplacepiece echiquier
bP
Piece déplacée !
Pas de promotion !

     a     b     c     d     e     f     g     h    
  +-----+-----+-----+-----+-----+-----+-----+-----+
8 |  ♖  |  ♘  |  ♗  |  ♕  |  ♔  |  ♗  |  ♘  |  ♖  |
  +-----+-----+-----+-----+-----+-----+-----+-----+
7 |  ♙  |  ♙  |  ♙  |     |  ♙  |     |  ♙  |  ♙  |
  +-----+-----+-----+-----+-----+-----+-----+-----+
6 |     |     |     |     |     |  ♙  |     |     |
  +-----+-----+-----+-----+-----+-----+-----+-----+
5 |     |     |     |  ♙  |     |     |  ♝  |     |
  +-----+-----+-----+-----+-----+-----+-----+-----+
4 |     |     |     |  ♟  |     |     |     |     |
  +-----+-----+-----+-----+-----+-----+-----+-----+
3 |     |     |     |     |     |     |     |     |
  +-----+-----+-----+-----+-----+-----+-----+-----+
2 |  ♟  |  ♟  |  ♟  |     |  ♟  |  ♟  |  ♟  |  ♟  |
  +-----+-----+-----+-----+-----+-----+-----+-----+
1 |  ♜  |  ♞  |     |  ♛  |  ♚  |  ♝  |  ♞  |  ♜  |
  +-----+-----+-----+-----+-----+-----+-----+-----+
C'est au joueur blanc de jouer
Attente du coup :  mouvement classique
Origine : x = 4 y = 6
Fin : x = 7 y = 3
Pas de prise en passant
Verification de la validité du coup passée !
Passage impossible !
Attente du coup :  mouvement classique
Origine : x = 4 y = 6
Fin : x = 3 y = 7
Pas de prise en passant
Verification de la validité du coup passée !
Passage libre !
entree deplacepiece echiquier
wB
Ne met pas en echec !
entree deplacepiece echiquier
wB
Piece déplacée !
Pas de promotion !

     a     b     c     d     e     f     g     h    
  +-----+-----+-----+-----+-----+-----+-----+-----+
8 |  ♖  |  ♘  |  ♗  |  ♕  |  ♔  |  ♗  |  ♘  |  ♖  |
  +-----+-----+-----+-----+-----+-----+-----+-----+
7 |  ♙  |  ♙  |  ♙  |     |  ♙  |     |  ♙  |  ♙  |
  +-----+-----+-----+-----+-----+-----+-----+-----+
6 |     |     |     |     |     |  ♙  |     |     |
  +-----+-----+-----+-----+-----+-----+-----+-----+
5 |     |     |     |  ♙  |     |     |     |     |
  +-----+-----+-----+-----+-----+-----+-----+-----+
4 |     |     |     |  ♟  |     |     |     |  ♝  |
  +-----+-----+-----+-----+-----+-----+-----+-----+
3 |     |     |     |     |     |     |     |     |
  +-----+-----+-----+-----+-----+-----+-----+-----+
2 |  ♟  |  ♟  |  ♟  |     |  ♟  |  ♟  |  ♟  |  ♟  |
  +-----+-----+-----+-----+-----+-----+-----+-----+
1 |  ♜  |  ♞  |     |  ♛  |  ♚  |  ♝  |  ♞  |  ♜  |
  +-----+-----+-----+-----+-----+-----+-----+-----+
C'est au joueur noir de jouer
Attente du coup :  mouvement classique
Origine : x = 7 y = 2
Fin : x = 6 y = 1
Pas de prise en passant
La case de destination est dejà occupée par une de vos pièce !
Attente du coup :  mouvement classique
Origine : x = 7 y = 2
Fin : x = 7 y = 3
Pas de prise en passant
La case de destination est dejà occupée par une de vos pièce !
Attente du coup :  mouvement classique
Origine : x = 7 y = 2
Fin : x = 4 y = 5
Pas de prise en passant
Verification de la validité du coup passée !
Passage libre !
entree deplacepiece echiquier
bB
Ne met pas en echec !
entree deplacepiece echiquier
bB
Piece déplacée !
Pas de promotion !

     a     b     c     d     e     f     g     h    
  +-----+-----+-----+-----+-----+-----+-----+-----+
8 |  ♖  |  ♘  |     |  ♕  |  ♔  |  ♗  |  ♘  |  ♖  |
  +-----+-----+-----+-----+-----+-----+-----+-----+
7 |  ♙  |  ♙  |  ♙  |     |  ♙  |     |  ♙  |  ♙  |
  +-----+-----+-----+-----+-----+-----+-----+-----+
6 |     |     |     |     |     |  ♙  |     |     |
  +-----+-----+-----+-----+-----+-----+-----+-----+
5 |     |     |     |  ♙  |     |  ♗  |     |     |
  +-----+-----+-----+-----+-----+-----+-----+-----+
4 |     |     |     |  ♟  |     |     |     |  ♝  |
  +-----+-----+-----+-----+-----+-----+-----+-----+
3 |     |     |     |     |     |     |     |     |
  +-----+-----+-----+-----+-----+-----+-----+-----+
2 |  ♟  |  ♟  |  ♟  |     |  ♟  |  ♟  |  ♟  |  ♟  |
  +-----+-----+-----+-----+-----+-----+-----+-----+
1 |  ♜  |  ♞  |     |  ♛  |  ♚  |  ♝  |  ♞  |  ♜  |
  +-----+-----+-----+-----+-----+-----+-----+-----+
C'est au joueur blanc de jouer
Attente du coup :  quit
wR,wN,,wQ,wK,wB,wN,wR,wP,wP,wP,,wP,wP,wP,wP,,,,,,,,,,,,wP,,,,wB,,,,bP,,bB,,,,,,,,bP,,,bP,bP,bP,,bP,,bP,bP,bR,bN,,bQ,bK,bB,bN,bR, ?-?
   ref:[[0;32mwR,wN,,wQ,wK,wB,wN,wR,wP,wP,wP,,wP,wP,wP,wP,,,,,,,,,,,,wP,,,,wB,,,,bP,,bB,,,,,,,,bP,,,bP,bP,bP,,bP,,bP,bP,bR,bN,,bQ,bK,bB,bN,bR,[0m]
   you:[[0;31mwR,wN,,wQ,wK,wB,wN,wR,wP,wP,wP,,wP,wP,wP,wP,,,,,,,,,,,,wP,,,,wB,,,,bP,,bB,,,,,,,,bP,,,bP,bP,bP,,bP,,bP,bP,bR,bN,,bQ,bK,bB,bN,bR,[0m]
   ref:[[0;32m?-?[0m]
   you:[[0;31m?-?[0m]
  -> [0m(exit code=0)
[0;33m> data/1-ill-diagonal-obstacle.txt[0m
La Partie a été créée !
x = 1 y = 4

     a     b     c     d     e     f     g     h    
  +-----+-----+-----+-----+-----+-----+-----+-----+
8 |  ♖  |  ♘  |  ♗  |  ♕  |  ♔  |  ♗  |  ♘  |  ♖  |
  +-----+-----+-----+-----+-----+-----+-----+-----+
7 |  ♙  |  ♙  |  ♙  |  ♙  |  ♙  |  ♙  |  ♙  |  ♙  |
  +-----+-----+-----+-----+-----+-----+-----+-----+
6 |     |     |     |     |     |     |     |     |
  +-----+-----+-----+-----+-----+-----+-----+-----+
5 |     |     |     |     |     |     |     |     |
  +-----+-----+-----+-----+-----+-----+-----+-----+
4 |     |     |     |     |     |     |     |     |
  +-----+-----+-----+-----+-----+-----+-----+-----+
3 |     |     |     |     |     |     |     |     |
  +-----+-----+-----+-----+-----+-----+-----+-----+
2 |  ♟  |  ♟  |  ♟  |  ♟  |  ♟  |  ♟  |  ♟  |  ♟  |
  +-----+-----+-----+-----+-----+-----+-----+-----+
1 |  ♜  |  ♞  |  ♝  |  ♛  |  ♚  |  ♝  |  ♞  |  ♜  |
  +-----+-----+-----+-----+-----+-----+-----+-----+
C'est au joueur blanc de jouer
Attente du coup :  mouvement classique
Origine : x = 0 y = 2
Fin : x = 2 y = 4
Pas de prise en passant
Verification de la validité du coup passée !
Passage impossible !
Attente du coup :  mouvement classique
Origine : x = 0 y = 5
Fin : x = 2 y = 3
Pas de prise en passant
Verification de la validité du coup passée !
Passage impossible !
Attente du coup :  mouvement classique
Origine : x = 1 y = 3
Fin : x = 2 y = 3
Pas de prise en passant
Verification de la validité du coup passée !
Passage libre !
entree deplacepiece echiquier
wP
Ne met pas en echec !
entree deplacepiece echiquier
wP
Piece déplacée !
Pas de promotion !

     a     b     c     d     e     f     g     h    
  +-----+-----+-----+-----+-----+-----+-----+-----+
8 |  ♖  |  ♘  |  ♗  |  ♕  |  ♔  |  ♗  |  ♘  |  ♖  |
  +-----+-----+-----+-----+-----+-----+-----+-----+
7 |  ♙  |  ♙  |  ♙  |  ♙  |  ♙  |  ♙  |  ♙  |  ♙  |
  +-----+-----+-----+-----+-----+-----+-----+-----+
6 |     |     |     |     |     |     |     |     |
  +-----+-----+-----+-----+-----+-----+-----+-----+
5 |     |     |     |     |     |     |     |     |
  +-----+-----+-----+-----+-----+-----+-----+-----+
4 |     |     |     |     |     |     |     |     |
  +-----+-----+-----+-----+-----+-----+-----+-----+
3 |     |     |     |  ♟  |     |     |     |     |
  +-----+-----+-----+-----+-----+-----+-----+-----+
2 |  ♟  |  ♟  |  ♟  |     |  ♟  |  ♟  |  ♟  |  ♟  |
  +-----+-----+-----+-----+-----+-----+-----+-----+
1 |  ♜  |  ♞  |  ♝  |  ♛  |  ♚  |  ♝  |  ♞  |  ♜  |
  +-----+-----+-----+-----+-----+-----+-----+-----+
C'est au joueur noir de jouer
Attente du coup :  mouvement classique
Origine : x = 7 y = 2
Fin : x = 5 y = 4
Pas de prise en passant
Verification de la validité du coup passée !
Passage impossible !
Attente du coup :  mouvement classique
Origine : x = 7 y = 5
Fin : x = 5 y = 3
Pas de prise en passant
Verification de la validité du coup passée !
Passage impossible !
Attente du coup :  mouvement classique
Origine : x = 6 y = 3
Fin : x = 5 y = 3
Pas de prise en passant
Verification de la validité du coup passée !
Passage libre !
entree deplacepiece echiquier
bP
Ne met pas en echec !
entree deplacepiece echiquier
bP
Piece déplacée !
Pas de promotion !

     a     b     c     d     e     f     g     h    
  +-----+-----+-----+-----+-----+-----+-----+-----+
8 |  ♖  |  ♘  |  ♗  |  ♕  |  ♔  |  ♗  |  ♘  |  ♖  |
  +-----+-----+-----+-----+-----+-----+-----+-----+
7 |  ♙  |  ♙  |  ♙  |     |  ♙  |  ♙  |  ♙  |  ♙  |
  +-----+-----+-----+-----+-----+-----+-----+-----+
6 |     |     |     |  ♙  |     |     |     |     |
  +-----+-----+-----+-----+-----+-----+-----+-----+
5 |     |     |     |     |     |     |     |     |
  +-----+-----+-----+-----+-----+-----+-----+-----+
4 |     |     |     |     |     |     |     |     |
  +-----+-----+-----+-----+-----+-----+-----+-----+
3 |     |     |     |  ♟  |     |     |     |     |
  +-----+-----+-----+-----+-----+-----+-----+-----+
2 |  ♟  |  ♟  |  ♟  |     |  ♟  |  ♟  |  ♟  |  ♟  |
  +-----+-----+-----+-----+-----+-----+-----+-----+
1 |  ♜  |  ♞  |  ♝  |  ♛  |  ♚  |  ♝  |  ♞  |  ♜  |
  +-----+-----+-----+-----+-----+-----+-----+-----+
C'est au joueur blanc de jouer
Attente du coup :  mouvement classique
Origine : x = 0 y = 2
Fin : x = 3 y = 5
Pas de prise en passant
Verification de la validité du coup passée !
Passage libre !
entree deplacepiece echiquier
wB
Ne met pas en echec !
entree deplacepiece echiquier
wB
Piece déplacée !
Pas de promotion !

     a     b     c     d     e     f     g     h    
  +-----+-----+-----+-----+-----+-----+-----+-----+
8 |  ♖  |  ♘  |  ♗  |  ♕  |  ♔  |  ♗  |  ♘  |  ♖  |
  +-----+-----+-----+-----+-----+-----+-----+-----+
7 |  ♙  |  ♙  |  ♙  |     |  ♙  |  ♙  |  ♙  |  ♙  |
  +-----+-----+-----+-----+-----+-----+-----+-----+
6 |     |     |     |  ♙  |     |     |     |     |
  +-----+-----+-----+-----+-----+-----+-----+-----+
5 |     |     |     |     |     |     |     |     |
  +-----+-----+-----+-----+-----+-----+-----+-----+
4 |     |     |     |     |     |  ♝  |     |     |
  +-----+-----+-----+-----+-----+-----+-----+-----+
3 |     |     |     |  ♟  |     |     |     |     |
  +-----+-----+-----+-----+-----+-----+-----+-----+
2 |  ♟  |  ♟  |  ♟  |     |  ♟  |  ♟  |  ♟  |  ♟  |
  +-----+-----+-----+-----+-----+-----+-----+-----+
1 |  ♜  |  ♞  |     |  ♛  |  ♚  |  ♝  |  ♞  |  ♜  |
  +-----+-----+-----+-----+-----+-----+-----+-----+
C'est au joueur noir de jouer
Attente du coup :  mouvement classique
Origine : x = 7 y = 2
Fin : x = 4 y = 5
Pas de prise en passant
Verification de la validité du coup passée !
Passage libre !
entree deplacepiece echiquier
bB
Ne met pas en echec !
entree deplacepiece echiquier
bB
Piece déplacée !
Pas de promotion !

     a     b     c     d     e     f     g     h    
  +-----+-----+-----+-----+-----+-----+-----+-----+
8 |  ♖  |  ♘  |     |  ♕  |  ♔  |  ♗  |  ♘  |  ♖  |
  +-----+-----+-----+-----+-----+-----+-----+-----+
7 |  ♙  |  ♙  |  ♙  |     |  ♙  |  ♙  |  ♙  |  ♙  |
  +-----+-----+-----+-----+-----+-----+-----+-----+
6 |     |     |     |  ♙  |     |     |     |     |
  +-----+-----+-----+-----+-----+-----+-----+-----+
5 |     |     |     |     |     |  ♗  |     |     |
  +-----+-----+-----+-----+-----+-----+-----+-----+
4 |     |     |     |     |     |  ♝  |     |     |
  +-----+-----+-----+-----+-----+-----+-----+-----+
3 |     |     |     |  ♟  |     |     |     |     |
  +-----+-----+-----+-----+-----+-----+-----+-----+
2 |  ♟  |  ♟  |  ♟  |     |  ♟  |  ♟  |  ♟  |  ♟  |
  +-----+-----+-----+-----+-----+-----+-----+-----+
1 |  ♜  |  ♞  |     |  ♛  |  ♚  |  ♝  |  ♞  |  ♜  |
  +-----+-----+-----+-----+-----+-----+-----+-----+
C'est au joueur blanc de jouer
Attente du coup :  mouvement classique
Origine : x = 1 y = 2
Fin : x = 2 y = 2
Pas de prise en passant
Verification de la validité du coup passée !
Passage libre !
entree deplacepiece echiquier
wP
Ne met pas en echec !
entree deplacepiece echiquier
wP
Piece déplacée !
Pas de promotion !

     a     b     c     d     e     f     g     h    
  +-----+-----+-----+-----+-----+-----+-----+-----+
8 |  ♖  |  ♘  |     |  ♕  |  ♔  |  ♗  |  ♘  |  ♖  |
  +-----+-----+-----+-----+-----+-----+-----+-----+
7 |  ♙  |  ♙  |  ♙  |     |  ♙  |  ♙  |  ♙  |  ♙  |
  +-----+-----+-----+-----+-----+-----+-----+-----+
6 |     |     |     |  ♙  |     |     |     |     |
  +-----+-----+-----+-----+-----+-----+-----+-----+
5 |     |     |     |     |     |  ♗  |     |     |
  +-----+-----+-----+-----+-----+-----+-----+-----+
4 |     |     |     |     |     |  ♝  |     |     |
  +-----+-----+-----+-----+-----+-----+-----+-----+
3 |     |     |  ♟  |  ♟  |     |     |     |     |
  +-----+-----+-----+-----+-----+-----+-----+-----+
2 |  ♟  |  ♟  |     |     |  ♟  |  ♟  |  ♟  |  ♟  |
  +-----+-----+-----+-----+-----+-----+-----+-----+
1 |  ♜  |  ♞  |     |  ♛  |  ♚  |  ♝  |  ♞  |  ♜  |
  +-----+-----+-----+-----+-----+-----+-----+-----+
C'est au joueur noir de jouer
Attente du coup :  mouvement classique
Origine : x = 6 y = 2
Fin : x = 5 y = 2
Pas de prise en passant
Verification de la validité du coup passée !
Passage libre !
entree deplacepiece echiquier
bP
Ne met pas en echec !
entree deplacepiece echiquier
bP
Piece déplacée !
Pas de promotion !

     a     b     c     d     e     f     g     h    
  +-----+-----+-----+-----+-----+-----+-----+-----+
8 |  ♖  |  ♘  |     |  ♕  |  ♔  |  ♗  |  ♘  |  ♖  |
  +-----+-----+-----+-----+-----+-----+-----+-----+
7 |  ♙  |  ♙  |     |     |  ♙  |  ♙  |  ♙  |  ♙  |
  +-----+-----+-----+-----+-----+-----+-----+-----+
6 |     |     |  ♙  |  ♙  |     |     |     |     |
  +-----+-----+-----+-----+-----+-----+-----+-----+
5 |     |     |     |     |     |  ♗  |     |     |
  +-----+-----+-----+-----+-----+-----+-----+-----+
4 |     |     |     |     |     |  ♝  |     |     |
  +-----+-----+-----+-----+-----+-----+-----+-----+
3 |     |     |  ♟  |  ♟  |     |     |     |     |
  +-----+-----+-----+-----+-----+-----+-----+-----+
2 |  ♟  |  ♟  |     |     |  ♟  |  ♟  |  ♟  |  ♟  |
  +-----+-----+-----+-----+-----+-----+-----+-----+
1 |  ♜  |  ♞  |     |  ♛  |  ♚  |  ♝  |  ♞  |  ♜  |
  +-----+-----+-----+-----+-----+-----+-----+-----+
C'est au joueur blanc de jouer
Attente du coup :  mouvement classique
Origine : x = 0 y = 3
Fin : x = 3 y = 0
Pas de prise en passant
Verification de la validité du coup passée !
Passage libre !
entree deplacepiece echiquier
wQ
Ne met pas en echec !
entree deplacepiece echiquier
wQ
Piece déplacée !
Pas de promotion !

     a     b     c     d     e     f     g     h    
  +-----+-----+-----+-----+-----+-----+-----+-----+
8 |  ♖  |  ♘  |     |  ♕  |  ♔  |  ♗  |  ♘  |  ♖  |
  +-----+-----+-----+-----+-----+-----+-----+-----+
7 |  ♙  |  ♙  |     |     |  ♙  |  ♙  |  ♙  |  ♙  |
  +-----+-----+-----+-----+-----+-----+-----+-----+
6 |     |     |  ♙  |  ♙  |     |     |     |     |
  +-----+-----+-----+-----+-----+-----+-----+-----+
5 |     |     |     |     |     |  ♗  |     |     |
  +-----+-----+-----+-----+-----+-----+-----+-----+
4 |  ♛  |     |     |     |     |  ♝  |     |     |
  +-----+-----+-----+-----+-----+-----+-----+-----+
3 |     |     |  ♟  |  ♟  |     |     |     |     |
  +-----+-----+-----+-----+-----+-----+-----+-----+
2 |  ♟  |  ♟  |     |     |  ♟  |  ♟  |  ♟  |  ♟  |
  +-----+-----+-----+-----+-----+-----+-----+-----+
1 |  ♜  |  ♞  |     |     |  ♚  |  ♝  |  ♞  |  ♜  |
  +-----+-----+-----+-----+-----+-----+-----+-----+
C'est au joueur noir de jouer
Attente du coup :  mouvement classique
Origine : x = 7 y = 3
Fin : x = 4 y = 0
Pas de prise en passant
Verification de la validité du coup passée !
Passage libre !
entree deplacepiece echiquier
bQ
Ne met pas en echec !
entree deplacepiece echiquier
bQ
Piece déplacée !
Pas de promotion !

     a     b     c     d     e     f     g     h    
  +-----+-----+-----+-----+-----+-----+-----+-----+
8 |  ♖  |  ♘  |     |     |  ♔  |  ♗  |  ♘  |  ♖  |
  +-----+-----+-----+-----+-----+-----+-----+-----+
7 |  ♙  |  ♙  |     |     |  ♙  |  ♙  |  ♙  |  ♙  |
  +-----+-----+-----+-----+-----+-----+-----+-----+
6 |     |     |  ♙  |  ♙  |     |     |     |     |
  +-----+-----+-----+-----+-----+-----+-----+-----+
5 |  ♕  |     |     |     |     |  ♗  |     |     |
  +-----+-----+-----+-----+-----+-----+-----+-----+
4 |  ♛  |     |     |     |     |  ♝  |     |     |
  +-----+-----+-----+-----+-----+-----+-----+-----+
3 |     |     |  ♟  |  ♟  |     |     |     |     |
  +-----+-----+-----+-----+-----+-----+-----+-----+
2 |  ♟  |  ♟  |     |     |  ♟  |  ♟  |  ♟  |  ♟  |
  +-----+-----+-----+-----+-----+-----+-----+-----+
1 |  ♜  |  ♞  |     |     |  ♚  |  ♝  |  ♞  |  ♜  |
  +-----+-----+-----+-----+-----+-----+-----+-----+
C'est au joueur blanc de jouer
Attente du coup :  quit
wR,wN,,,wK,wB,wN,wR,wP,wP,,,wP,wP,wP,wP,,,wP,wP,,,,,wQ,,,,,wB,,,bQ,,,,,bB,,,,,bP,bP,,,,,bP,bP,,,bP,bP,bP,bP,bR,bN,,,bK,bB,bN,bR, ?-?
   ref:[[0;32mwR,wN,,,wK,wB,wN,wR,wP,wP,,,wP,wP,wP,wP,,,wP,wP,,,,,wQ,,,,,wB,,,bQ,,,,,bB,,,,,bP,bP,,,,,bP,bP,,,bP,bP,bP,bP,bR,bN,,,bK,bB,bN,bR,[0m]
   you:[[0;31mwR,wN,,,wK,wB,wN,wR,wP,wP,,,wP,wP,wP,wP,,,wP,wP,,,,,wQ,,,,,wB,,,bQ,,,,,bB,,,,,bP,bP,,,,,bP,bP,,,bP,bP,bP,bP,bR,bN,,,bK,bB,bN,bR,[0m]
   ref:[[0;32m?-?[0m]
   you:[[0;31m?-?[0m]
  -> [0m(exit code=0)
[0;33m> data/1-ill-knight-1.txt[0m
La Partie a été créée !
x = 1 y = 4

     a     b     c     d     e     f     g     h    
  +-----+-----+-----+-----+-----+-----+-----+-----+
8 |  ♖  |  ♘  |  ♗  |  ♕  |  ♔  |  ♗  |  ♘  |  ♖  |
  +-----+-----+-----+-----+-----+-----+-----+-----+
7 |  ♙  |  ♙  |  ♙  |  ♙  |  ♙  |  ♙  |  ♙  |  ♙  |
  +-----+-----+-----+-----+-----+-----+-----+-----+
6 |     |     |     |     |     |     |     |     |
  +-----+-----+-----+-----+-----+-----+-----+-----+
5 |     |     |     |     |     |     |     |     |
  +-----+-----+-----+-----+-----+-----+-----+-----+
4 |     |     |     |     |     |     |     |     |
  +-----+-----+-----+-----+-----+-----+-----+-----+
3 |     |     |     |     |     |     |     |     |
  +-----+-----+-----+-----+-----+-----+-----+-----+
2 |  ♟  |  ♟  |  ♟  |  ♟  |  ♟  |  ♟  |  ♟  |  ♟  |
  +-----+-----+-----+-----+-----+-----+-----+-----+
1 |  ♜  |  ♞  |  ♝  |  ♛  |  ♚  |  ♝  |  ♞  |  ♜  |
  +-----+-----+-----+-----+-----+-----+-----+-----+
C'est au joueur blanc de jouer
Attente du coup :  mouvement classique
Origine : x = 0 y = 1
Fin : x = 1 y = 3
Pas de prise en passant
La case de destination est dejà occupée par une de vos pièce !
Attente du coup :  mouvement classique
Origine : x = 0 y = 1
Fin : x = 2 y = 2
Pas de prise en passant
Verification de la validité du coup passée !
Passage libre !
entree deplacepiece echiquier
wN
Ne met pas en echec !
entree deplacepiece echiquier
wN
Piece déplacée !
Pas de promotion !

     a     b     c     d     e     f     g     h    
  +-----+-----+-----+-----+-----+-----+-----+-----+
8 |  ♖  |  ♘  |  ♗  |  ♕  |  ♔  |  ♗  |  ♘  |  ♖  |
  +-----+-----+-----+-----+-----+-----+-----+-----+
7 |  ♙  |  ♙  |  ♙  |  ♙  |  ♙  |  ♙  |  ♙  |  ♙  |
  +-----+-----+-----+-----+-----+-----+-----+-----+
6 |     |     |     |     |     |     |     |     |
  +-----+-----+-----+-----+-----+-----+-----+-----+
5 |     |     |     |     |     |     |     |     |
  +-----+-----+-----+-----+-----+-----+-----+-----+
4 |     |     |     |     |     |     |     |     |
  +-----+-----+-----+-----+-----+-----+-----+-----+
3 |     |     |  ♞  |     |     |     |     |     |
  +-----+-----+-----+-----+-----+-----+-----+-----+
2 |  ♟  |  ♟  |  ♟  |  ♟  |  ♟  |  ♟  |  ♟  |  ♟  |
  +-----+-----+-----+-----+-----+-----+-----+-----+
1 |  ♜  |     |  ♝  |  ♛  |  ♚  |  ♝  |  ♞  |  ♜  |
  +-----+-----+-----+-----+-----+-----+-----+-----+
C'est au joueur noir de jouer
Attente du coup :  mouvement classique
Origine : x = 7 y = 6
Fin : x = 6 y = 4
Pas de prise en passant
La case de destination est dejà occupée par une de vos pièce !
Attente du coup :  mouvement classique
Origine : x = 7 y = 6
Fin : x = 5 y = 5
Pas de prise en passant
Verification de la validité du coup passée !
Passage libre !
entree deplacepiece echiquier
bN
Ne met pas en echec !
entree deplacepiece echiquier
bN
Piece déplacée !
Pas de promotion !

     a     b     c     d     e     f     g     h    
  +-----+-----+-----+-----+-----+-----+-----+-----+
8 |  ♖  |  ♘  |  ♗  |  ♕  |  ♔  |  ♗  |     |  ♖  |
  +-----+-----+-----+-----+-----+-----+-----+-----+
7 |  ♙  |  ♙  |  ♙  |  ♙  |  ♙  |  ♙  |  ♙  |  ♙  |
  +-----+-----+-----+-----+-----+-----+-----+-----+
6 |     |     |     |     |     |  ♘  |     |     |
  +-----+-----+-----+-----+-----+-----+-----+-----+
5 |     |     |     |     |     |     |     |     |
  +-----+-----+-----+-----+-----+-----+-----+-----+
4 |     |     |     |     |     |     |     |     |
  +-----+-----+-----+-----+-----+-----+-----+-----+
3 |     |     |  ♞  |     |     |     |     |     |
  +-----+-----+-----+-----+-----+-----+-----+-----+
2 |  ♟  |  ♟  |  ♟  |  ♟  |  ♟  |  ♟  |  ♟  |  ♟  |
  +-----+-----+-----+-----+-----+-----+-----+-----+
1 |  ♜  |     |  ♝  |  ♛  |  ♚  |  ♝  |  ♞  |  ♜  |
  +-----+-----+-----+-----+-----+-----+-----+-----+
C'est au joueur blanc de jouer
Attente du coup :  mouvement classique
Origine : x = 2 y = 2
Fin : x = 3 y = 1
Pas de prise en passant
Mouvement invalide !
Attente du coup :  mouvement classique
Origine : x = 2 y = 2
Fin : x = 3 y = 4
Pas de prise en passant
Verification de la validité du coup passée !
Passage libre !
entree deplacepiece echiquier
wN
Ne met pas en echec !
entree deplacepiece echiquier
wN
Piece déplacée !
Pas de promotion !

     a     b     c     d     e     f     g     h    
  +-----+-----+-----+-----+-----+-----+-----+-----+
8 |  ♖  |  ♘  |  ♗  |  ♕  |  ♔  |  ♗  |     |  ♖  |
  +-----+-----+-----+-----+-----+-----+-----+-----+
7 |  ♙  |  ♙  |  ♙  |  ♙  |  ♙  |  ♙  |  ♙  |  ♙  |
  +-----+-----+-----+-----+-----+-----+-----+-----+
6 |     |     |     |     |     |  ♘  |     |     |
  +-----+-----+-----+-----+-----+-----+-----+-----+
5 |     |     |     |     |     |     |     |     |
  +-----+-----+-----+-----+-----+-----+-----+-----+
4 |     |     |     |     |  ♞  |     |     |     |
  +-----+-----+-----+-----+-----+-----+-----+-----+
3 |     |     |     |     |     |     |     |     |
  +-----+-----+-----+-----+-----+-----+-----+-----+
2 |  ♟  |  ♟  |  ♟  |  ♟  |  ♟  |  ♟  |  ♟  |  ♟  |
  +-----+-----+-----+-----+-----+-----+-----+-----+
1 |  ♜  |     |  ♝  |  ♛  |  ♚  |  ♝  |  ♞  |  ♜  |
  +-----+-----+-----+-----+-----+-----+-----+-----+
C'est au joueur noir de jouer
Attente du coup :  quit
wR,,wB,wQ,wK,wB,wN,wR,wP,wP,wP,wP,wP,wP,wP,wP,,,,,,,,,,,,,wN,,,,,,,,,,,,,,,,,bN,,,bP,bP,bP,bP,bP,bP,bP,bP,bR,bN,bB,bQ,bK,bB,,bR, ?-?
   ref:[[0;32mwR,,wB,wQ,wK,wB,wN,wR,wP,wP,wP,wP,wP,wP,wP,wP,,,,,,,,,,,,,wN,,,,,,,,,,,,,,,,,bN,,,bP,bP,bP,bP,bP,bP,bP,bP,bR,bN,bB,bQ,bK,bB,,bR,[0m]
   you:[[0;31mwR,,wB,wQ,wK,wB,wN,wR,wP,wP,wP,wP,wP,wP,wP,wP,,,,,,,,,,,,,wN,,,,,,,,,,,,,,,,,bN,,,bP,bP,bP,bP,bP,bP,bP,bP,bR,bN,bB,bQ,bK,bB,,bR,[0m]
   ref:[[0;32m?-?[0m]
   you:[[0;31m?-?[0m]
  -> [0m(exit code=0)
[0;33m> data/1-ill-line-obstacle.txt[0m
La Partie a été créée !
x = 1 y = 4

     a     b     c     d     e     f     g     h    
  +-----+-----+-----+-----+-----+-----+-----+-----+
8 |  ♖  |  ♘  |  ♗  |  ♕  |  ♔  |  ♗  |  ♘  |  ♖  |
  +-----+-----+-----+-----+-----+-----+-----+-----+
7 |  ♙  |  ♙  |  ♙  |  ♙  |  ♙  |  ♙  |  ♙  |  ♙  |
  +-----+-----+-----+-----+-----+-----+-----+-----+
6 |     |     |     |     |     |     |     |     |
  +-----+-----+-----+-----+-----+-----+-----+-----+
5 |     |     |     |     |     |     |     |     |
  +-----+-----+-----+-----+-----+-----+-----+-----+
4 |     |     |     |     |     |     |     |     |
  +-----+-----+-----+-----+-----+-----+-----+-----+
3 |     |     |     |     |     |     |     |     |
  +-----+-----+-----+-----+-----+-----+-----+-----+
2 |  ♟  |  ♟  |  ♟  |  ♟  |  ♟  |  ♟  |  ♟  |  ♟  |
  +-----+-----+-----+-----+-----+-----+-----+-----+
1 |  ♜  |  ♞  |  ♝  |  ♛  |  ♚  |  ♝  |  ♞  |  ♜  |
  +-----+-----+-----+-----+-----+-----+-----+-----+
C'est au joueur blanc de jouer
Attente du coup :  mouvement classique
Origine : x = 0 y = 0
Fin : x = 2 y = 0
Pas de prise en passant
Verification de la validité du coup passée !
Passage impossible !
Attente du coup :  mouvement classique
Origine : x = 1 y = 0
Fin : x = 3 y = 0
Pas de prise en passant
Verification de la validité du coup passée !
Passage libre !
entree deplacepiece echiquier
wP
Ne met pas en echec !
entree deplacepiece echiquier
wP
Piece déplacée !
Pas de promotion !

     a     b     c     d     e     f     g     h    
  +-----+-----+-----+-----+-----+-----+-----+-----+
8 |  ♖  |  ♘  |  ♗  |  ♕  |  ♔  |  ♗  |  ♘  |  ♖  |
  +-----+-----+-----+-----+-----+-----+-----+-----+
7 |  ♙  |  ♙  |  ♙  |  ♙  |  ♙  |  ♙  |  ♙  |  ♙  |
  +-----+-----+-----+-----+-----+-----+-----+-----+
6 |     |     |     |     |     |     |     |     |
  +-----+-----+-----+-----+-----+-----+-----+-----+
5 |     |     |     |     |     |     |     |     |
  +-----+-----+-----+-----+-----+-----+-----+-----+
4 |  ♟  |     |     |     |     |     |     |     |
  +-----+-----+-----+-----+-----+-----+-----+-----+
3 |     |     |     |     |     |     |     |     |
  +-----+-----+-----+-----+-----+-----+-----+-----+
2 |     |  ♟  |  ♟  |  ♟  |  ♟  |  ♟  |  ♟  |  ♟  |
  +-----+-----+-----+-----+-----+-----+-----+-----+
1 |  ♜  |  ♞  |  ♝  |  ♛  |  ♚  |  ♝  |  ♞  |  ♜  |
  +-----+-----+-----+-----+-----+-----+-----+-----+
C'est au joueur noir de jouer
Attente du coup :  mouvement classique
Origine : x = 7 y = 0
Fin : x = 5 y = 0
Pas de prise en passant
Verification de la validité du coup passée !
Passage impossible !
Attente du coup :  mouvement classique
Origine : x = 6 y = 0
Fin : x = 4 y = 0
Pas de prise en passant
Verification de la validité du coup passée !
Passage libre !
entree deplacepiece echiquier
bP
Ne met pas en echec !
entree deplacepiece echiquier
bP
Piece déplacée !
Pas de promotion !

     a     b     c     d     e     f     g     h    
  +-----+-----+-----+-----+-----+-----+-----+-----+
8 |  ♖  |  ♘  |  ♗  |  ♕  |  ♔  |  ♗  |  ♘  |  ♖  |
  +-----+-----+-----+-----+-----+-----+-----+-----+
7 |     |  ♙  |  ♙  |  ♙  |  ♙  |  ♙  |  ♙  |  ♙  |
  +-----+-----+-----+-----+-----+-----+-----+-----+
6 |     |     |     |     |     |     |     |     |
  +-----+-----+-----+-----+-----+-----+-----+-----+
5 |  ♙  |     |     |     |     |     |     |     |
  +-----+-----+-----+-----+-----+-----+-----+-----+
4 |  ♟  |     |     |     |     |     |     |     |
  +-----+-----+-----+-----+-----+-----+-----+-----+
3 |     |     |     |     |     |     |     |     |
  +-----+-----+-----+-----+-----+-----+-----+-----+
2 |     |  ♟  |  ♟  |  ♟  |  ♟  |  ♟  |  ♟  |  ♟  |
  +-----+-----+-----+-----+-----+-----+-----+-----+
1 |  ♜  |  ♞  |  ♝  |  ♛  |  ♚  |  ♝  |  ♞  |  ♜  |
  +-----+-----+-----+-----+-----+-----+-----+-----+
C'est au joueur blanc de jouer
Attente du coup :  mouvement classique
Origine : x = 0 y = 0
Fin : x = 2 y = 0
Pas de prise en passant
Verification de la validité du coup passée !
Passage libre !
entree deplacepiece echiquier
wR
Ne met pas en echec !
entree deplacepiece echiquier
wR
Piece déplacée !
Pas de promotion !

     a     b     c     d     e     f     g     h    
  +-----+-----+-----+-----+-----+-----+-----+-----+
8 |  ♖  |  ♘  |  ♗  |  ♕  |  ♔  |  ♗  |  ♘  |  ♖  |
  +-----+-----+-----+-----+-----+-----+-----+-----+
7 |     |  ♙  |  ♙  |  ♙  |  ♙  |  ♙  |  ♙  |  ♙  |
  +-----+-----+-----+-----+-----+-----+-----+-----+
6 |     |     |     |     |     |     |     |     |
  +-----+-----+-----+-----+-----+-----+-----+-----+
5 |  ♙  |     |     |     |     |     |     |     |
  +-----+-----+-----+-----+-----+-----+-----+-----+
4 |  ♟  |     |     |     |     |     |     |     |
  +-----+-----+-----+-----+-----+-----+-----+-----+
3 |  ♜  |     |     |     |     |     |     |     |
  +-----+-----+-----+-----+-----+-----+-----+-----+
2 |     |  ♟  |  ♟  |  ♟  |  ♟  |  ♟  |  ♟  |  ♟  |
  +-----+-----+-----+-----+-----+-----+-----+-----+
1 |     |  ♞  |  ♝  |  ♛  |  ♚  |  ♝  |  ♞  |  ♜  |
  +-----+-----+-----+-----+-----+-----+-----+-----+
C'est au joueur noir de jouer
Attente du coup :  mouvement classique
Origine : x = 7 y = 0
Fin : x = 5 y = 0
Pas de prise en passant
Verification de la validité du coup passée !
Passage libre !
entree deplacepiece echiquier
bR
Ne met pas en echec !
entree deplacepiece echiquier
bR
Piece déplacée !
Pas de promotion !

     a     b     c     d     e     f     g     h    
  +-----+-----+-----+-----+-----+-----+-----+-----+
8 |     |  ♘  |  ♗  |  ♕  |  ♔  |  ♗  |  ♘  |  ♖  |
  +-----+-----+-----+-----+-----+-----+-----+-----+
7 |     |  ♙  |  ♙  |  ♙  |  ♙  |  ♙  |  ♙  |  ♙  |
  +-----+-----+-----+-----+-----+-----+-----+-----+
6 |  ♖  |     |     |     |     |     |     |     |
  +-----+-----+-----+-----+-----+-----+-----+-----+
5 |  ♙  |     |     |     |     |     |     |     |
  +-----+-----+-----+-----+-----+-----+-----+-----+
4 |  ♟  |     |     |     |     |     |     |     |
  +-----+-----+-----+-----+-----+-----+-----+-----+
3 |  ♜  |     |     |     |     |     |     |     |
  +-----+-----+-----+-----+-----+-----+-----+-----+
2 |     |  ♟  |  ♟  |  ♟  |  ♟  |  ♟  |  ♟  |  ♟  |
  +-----+-----+-----+-----+-----+-----+-----+-----+
1 |     |  ♞  |  ♝  |  ♛  |  ♚  |  ♝  |  ♞  |  ♜  |
  +-----+-----+-----+-----+-----+-----+-----+-----+
C'est au joueur blanc de jouer
Attente du coup :  mouvement classique
Origine : x = 2 y = 0
Fin : x = 2 y = 7
Pas de prise en passant
Verification de la validité du coup passée !
Passage libre !
entree deplacepiece echiquier
wR
Ne met pas en echec !
entree deplacepiece echiquier
wR
Piece déplacée !
Pas de promotion !

     a     b     c     d     e     f     g     h    
  +-----+-----+-----+-----+-----+-----+-----+-----+
8 |     |  ♘  |  ♗  |  ♕  |  ♔  |  ♗  |  ♘  |  ♖  |
  +-----+-----+-----+-----+-----+-----+-----+-----+
7 |     |  ♙  |  ♙  |  ♙  |  ♙  |  ♙  |  ♙  |  ♙  |
  +-----+-----+-----+-----+-----+-----+-----+-----+
6 |  ♖  |     |     |     |     |     |     |     |
  +-----+-----+-----+-----+-----+-----+-----+-----+
5 |  ♙  |     |     |     |     |     |     |     |
  +-----+-----+-----+-----+-----+-----+-----+-----+
4 |  ♟  |     |     |     |     |     |     |     |
  +-----+-----+-----+-----+-----+-----+-----+-----+
3 |     |     |     |     |     |     |     |  ♜  |
  +-----+-----+-----+-----+-----+-----+-----+-----+
2 |     |  ♟  |  ♟  |  ♟  |  ♟  |  ♟  |  ♟  |  ♟  |
  +-----+-----+-----+-----+-----+-----+-----+-----+
1 |     |  ♞  |  ♝  |  ♛  |  ♚  |  ♝  |  ♞  |  ♜  |
  +-----+-----+-----+-----+-----+-----+-----+-----+
C'est au joueur noir de jouer
Attente du coup :  mouvement classique
Origine : x = 5 y = 0
Fin : x = 5 y = 7
Pas de prise en passant
Verification de la validité du coup passée !
Passage libre !
entree deplacepiece echiquier
bR
Ne met pas en echec !
entree deplacepiece echiquier
bR
Piece déplacée !
Pas de promotion !

     a     b     c     d     e     f     g     h    
  +-----+-----+-----+-----+-----+-----+-----+-----+
8 |     |  ♘  |  ♗  |  ♕  |  ♔  |  ♗  |  ♘  |  ♖  |
  +-----+-----+-----+-----+-----+-----+-----+-----+
7 |     |  ♙  |  ♙  |  ♙  |  ♙  |  ♙  |  ♙  |  ♙  |
  +-----+-----+-----+-----+-----+-----+-----+-----+
6 |     |     |     |     |     |     |     |  ♖  |
  +-----+-----+-----+-----+-----+-----+-----+-----+
5 |  ♙  |     |     |     |     |     |     |     |
  +-----+-----+-----+-----+-----+-----+-----+-----+
4 |  ♟  |     |     |     |     |     |     |     |
  +-----+-----+-----+-----+-----+-----+-----+-----+
3 |     |     |     |     |     |     |     |  ♜  |
  +-----+-----+-----+-----+-----+-----+-----+-----+
2 |     |  ♟  |  ♟  |  ♟  |  ♟  |  ♟  |  ♟  |  ♟  |
  +-----+-----+-----+-----+-----+-----+-----+-----+
1 |     |  ♞  |  ♝  |  ♛  |  ♚  |  ♝  |  ♞  |  ♜  |
  +-----+-----+-----+-----+-----+-----+-----+-----+
C'est au joueur blanc de jouer
Attente du coup :  mouvement classique
Origine : x = 2 y = 7
Fin : x = 2 y = 4
Pas de prise en passant
Verification de la validité du coup passée !
Passage libre !
entree deplacepiece echiquier
wR
Ne met pas en echec !
entree deplacepiece echiquier
wR
Piece déplacée !
Pas de promotion !

     a     b     c     d     e     f     g     h    
  +-----+-----+-----+-----+-----+-----+-----+-----+
8 |     |  ♘  |  ♗  |  ♕  |  ♔  |  ♗  |  ♘  |  ♖  |
  +-----+-----+-----+-----+-----+-----+-----+-----+
7 |     |  ♙  |  ♙  |  ♙  |  ♙  |  ♙  |  ♙  |  ♙  |
  +-----+-----+-----+-----+-----+-----+-----+-----+
6 |     |     |     |     |     |     |     |  ♖  |
  +-----+-----+-----+-----+-----+-----+-----+-----+
5 |  ♙  |     |     |     |     |     |     |     |
  +-----+-----+-----+-----+-----+-----+-----+-----+
4 |  ♟  |     |     |     |     |     |     |     |
  +-----+-----+-----+-----+-----+-----+-----+-----+
3 |     |     |     |     |  ♜  |     |     |     |
  +-----+-----+-----+-----+-----+-----+-----+-----+
2 |     |  ♟  |  ♟  |  ♟  |  ♟  |  ♟  |  ♟  |  ♟  |
  +-----+-----+-----+-----+-----+-----+-----+-----+
1 |     |  ♞  |  ♝  |  ♛  |  ♚  |  ♝  |  ♞  |  ♜  |
  +-----+-----+-----+-----+-----+-----+-----+-----+
C'est au joueur noir de jouer
Attente du coup :  mouvement classique
Origine : x = 5 y = 7
Fin : x = 5 y = 4
Pas de prise en passant
Verification de la validité du coup passée !
Passage libre !
entree deplacepiece echiquier
bR
Ne met pas en echec !
entree deplacepiece echiquier
bR
Piece déplacée !
Pas de promotion !

     a     b     c     d     e     f     g     h    
  +-----+-----+-----+-----+-----+-----+-----+-----+
8 |     |  ♘  |  ♗  |  ♕  |  ♔  |  ♗  |  ♘  |  ♖  |
  +-----+-----+-----+-----+-----+-----+-----+-----+
7 |     |  ♙  |  ♙  |  ♙  |  ♙  |  ♙  |  ♙  |  ♙  |
  +-----+-----+-----+-----+-----+-----+-----+-----+
6 |     |     |     |     |  ♖  |     |     |     |
  +-----+-----+-----+-----+-----+-----+-----+-----+
5 |  ♙  |     |     |     |     |     |     |     |
  +-----+-----+-----+-----+-----+-----+-----+-----+
4 |  ♟  |     |     |     |     |     |     |     |
  +-----+-----+-----+-----+-----+-----+-----+-----+
3 |     |     |     |     |  ♜  |     |     |     |
  +-----+-----+-----+-----+-----+-----+-----+-----+
2 |     |  ♟  |  ♟  |  ♟  |  ♟  |  ♟  |  ♟  |  ♟  |
  +-----+-----+-----+-----+-----+-----+-----+-----+
1 |     |  ♞  |  ♝  |  ♛  |  ♚  |  ♝  |  ♞  |  ♜  |
  +-----+-----+-----+-----+-----+-----+-----+-----+
C'est au joueur blanc de jouer
Attente du coup :  mouvement classique
Origine : x = 1 y = 3
Fin : x = 2 y = 3
Pas de prise en passant
Verification de la validité du coup passée !
Passage libre !
entree deplacepiece echiquier
wP
Ne met pas en echec !
entree deplacepiece echiquier
wP
Piece déplacée !
Pas de promotion !

     a     b     c     d     e     f     g     h    
  +-----+-----+-----+-----+-----+-----+-----+-----+
8 |     |  ♘  |  ♗  |  ♕  |  ♔  |  ♗  |  ♘  |  ♖  |
  +-----+-----+-----+-----+-----+-----+-----+-----+
7 |     |  ♙  |  ♙  |  ♙  |  ♙  |  ♙  |  ♙  |  ♙  |
  +-----+-----+-----+-----+-----+-----+-----+-----+
6 |     |     |     |     |  ♖  |     |     |     |
  +-----+-----+-----+-----+-----+-----+-----+-----+
5 |  ♙  |     |     |     |     |     |     |     |
  +-----+-----+-----+-----+-----+-----+-----+-----+
4 |  ♟  |     |     |     |     |     |     |     |
  +-----+-----+-----+-----+-----+-----+-----+-----+
3 |     |     |     |  ♟  |  ♜  |     |     |     |
  +-----+-----+-----+-----+-----+-----+-----+-----+
2 |     |  ♟  |  ♟  |     |  ♟  |  ♟  |  ♟  |  ♟  |
  +-----+-----+-----+-----+-----+-----+-----+-----+
1 |     |  ♞  |  ♝  |  ♛  |  ♚  |  ♝  |  ♞  |  ♜  |
  +-----+-----+-----+-----+-----+-----+-----+-----+
C'est au joueur noir de jouer
Attente du coup :  mouvement classique
Origine : x = 6 y = 3
Fin : x = 5 y = 3
Pas de prise en passant
Verification de la validité du coup passée !
Passage libre !
entree deplacepiece echiquier
bP
Ne met pas en echec !
entree deplacepiece echiquier
bP
Piece déplacée !
Pas de promotion !

     a     b     c     d     e     f     g     h    
  +-----+-----+-----+-----+-----+-----+-----+-----+
8 |     |  ♘  |  ♗  |  ♕  |  ♔  |  ♗  |  ♘  |  ♖  |
  +-----+-----+-----+-----+-----+-----+-----+-----+
7 |     |  ♙  |  ♙  |     |  ♙  |  ♙  |  ♙  |  ♙  |
  +-----+-----+-----+-----+-----+-----+-----+-----+
6 |     |     |     |  ♙  |  ♖  |     |     |     |
  +-----+-----+-----+-----+-----+-----+-----+-----+
5 |  ♙  |     |     |     |     |     |     |     |
  +-----+-----+-----+-----+-----+-----+-----+-----+
4 |  ♟  |     |     |     |     |     |     |     |
  +-----+-----+-----+-----+-----+-----+-----+-----+
3 |     |     |     |  ♟  |  ♜  |     |     |     |
  +-----+-----+-----+-----+-----+-----+-----+-----+
2 |     |  ♟  |  ♟  |     |  ♟  |  ♟  |  ♟  |  ♟  |
  +-----+-----+-----+-----+-----+-----+-----+-----+
1 |     |  ♞  |  ♝  |  ♛  |  ♚  |  ♝  |  ♞  |  ♜  |
  +-----+-----+-----+-----+-----+-----+-----+-----+
C'est au joueur blanc de jouer
Attente du coup :  mouvement classique
Origine : x = 1 y = 5
Fin : x = 2 y = 5
Pas de prise en passant
Verification de la validité du coup passée !
Passage libre !
entree deplacepiece echiquier
wP
Ne met pas en echec !
entree deplacepiece echiquier
wP
Piece déplacée !
Pas de promotion !

     a     b     c     d     e     f     g     h    
  +-----+-----+-----+-----+-----+-----+-----+-----+
8 |     |  ♘  |  ♗  |  ♕  |  ♔  |  ♗  |  ♘  |  ♖  |
  +-----+-----+-----+-----+-----+-----+-----+-----+
7 |     |  ♙  |  ♙  |     |  ♙  |  ♙  |  ♙  |  ♙  |
  +-----+-----+-----+-----+-----+-----+-----+-----+
6 |     |     |     |  ♙  |  ♖  |     |     |     |
  +-----+-----+-----+-----+-----+-----+-----+-----+
5 |  ♙  |     |     |     |     |     |     |     |
  +-----+-----+-----+-----+-----+-----+-----+-----+
4 |  ♟  |     |     |     |     |     |     |     |
  +-----+-----+-----+-----+-----+-----+-----+-----+
3 |     |     |     |  ♟  |  ♜  |  ♟  |     |     |
  +-----+-----+-----+-----+-----+-----+-----+-----+
2 |     |  ♟  |  ♟  |     |  ♟  |     |  ♟  |  ♟  |
  +-----+-----+-----+-----+-----+-----+-----+-----+
1 |     |  ♞  |  ♝  |  ♛  |  ♚  |  ♝  |  ♞  |  ♜  |
  +-----+-----+-----+-----+-----+-----+-----+-----+
C'est au joueur noir de jouer
Attente du coup :  mouvement classique
Origine : x = 6 y = 5
Fin : x = 5 y = 5
Pas de prise en passant
Verification de la validité du coup passée !
Passage libre !
entree deplacepiece echiquier
bP
Ne met pas en echec !
entree deplacepiece echiquier
bP
Piece déplacée !
Pas de promotion !

     a     b     c     d     e     f     g     h    
  +-----+-----+-----+-----+-----+-----+-----+-----+
8 |     |  ♘  |  ♗  |  ♕  |  ♔  |  ♗  |  ♘  |  ♖  |
  +-----+-----+-----+-----+-----+-----+-----+-----+
7 |     |  ♙  |  ♙  |     |  ♙  |     |  ♙  |  ♙  |
  +-----+-----+-----+-----+-----+-----+-----+-----+
6 |     |     |     |  ♙  |  ♖  |  ♙  |     |     |
  +-----+-----+-----+-----+-----+-----+-----+-----+
5 |  ♙  |     |     |     |     |     |     |     |
  +-----+-----+-----+-----+-----+-----+-----+-----+
4 |  ♟  |     |     |     |     |     |     |     |
  +-----+-----+-----+-----+-----+-----+-----+-----+
3 |     |     |     |  ♟  |  ♜  |  ♟  |     |     |
  +-----+-----+-----+-----+-----+-----+-----+-----+
2 |     |  ♟  |  ♟  |     |  ♟  |     |  ♟  |  ♟  |
  +-----+-----+-----+-----+-----+-----+-----+-----+
1 |     |  ♞  |  ♝  |  ♛  |  ♚  |  ♝  |  ♞  |  ♜  |
  +-----+-----+-----+-----+-----+-----+-----+-----+
C'est au joueur blanc de jouer
Attente du coup :  mouvement classique
Origine : x = 2 y = 4
Fin : x = 2 y = 2
Pas de prise en passant
Verification de la validité du coup passée !
Passage impossible !
Attente du coup :  mouvement classique
Origine : x = 2 y = 4
Fin : x = 2 y = 6
Pas de prise en passant
Verification de la validité du coup passée !
Passage impossible !
Attente du coup :  mouvement classique
Origine : x = 1 y = 1
Fin : x = 2 y = 1
Pas de prise en passant
Verification de la validité du coup passée !
Passage libre !
entree deplacepiece echiquier
wP
Ne met pas en echec !
entree deplacepiece echiquier
wP
Piece déplacée !
Pas de promotion !

     a     b     c     d     e     f     g     h    
  +-----+-----+-----+-----+-----+-----+-----+-----+
8 |     |  ♘  |  ♗  |  ♕  |  ♔  |  ♗  |  ♘  |  ♖  |
  +-----+-----+-----+-----+-----+-----+-----+-----+
7 |     |  ♙  |  ♙  |     |  ♙  |     |  ♙  |  ♙  |
  +-----+-----+-----+-----+-----+-----+-----+-----+
6 |     |     |     |  ♙  |  ♖  |  ♙  |     |     |
  +-----+-----+-----+-----+-----+-----+-----+-----+
5 |  ♙  |     |     |     |     |     |     |     |
  +-----+-----+-----+-----+-----+-----+-----+-----+
4 |  ♟  |     |     |     |     |     |     |     |
  +-----+-----+-----+-----+-----+-----+-----+-----+
3 |     |  ♟  |     |  ♟  |  ♜  |  ♟  |     |     |
  +-----+-----+-----+-----+-----+-----+-----+-----+
2 |     |     |  ♟  |     |  ♟  |     |  ♟  |  ♟  |
  +-----+-----+-----+-----+-----+-----+-----+-----+
1 |     |  ♞  |  ♝  |  ♛  |  ♚  |  ♝  |  ♞  |  ♜  |
  +-----+-----+-----+-----+-----+-----+-----+-----+
C'est au joueur noir de jouer
Attente du coup :  mouvement classique
Origine : x = 5 y = 4
Fin : x = 5 y = 2
Pas de prise en passant
Verification de la validité du coup passée !
Passage impossible !
Attente du coup :  mouvement classique
Origine : x = 5 y = 4
Fin : x = 5 y = 6
Pas de prise en passant
Verification de la validité du coup passée !
Passage impossible !
Attente du coup :  quit
,wN,wB,wQ,wK,wB,wN,wR,,,wP,,wP,,wP,wP,,wP,,wP,wR,wP,,,wP,,,,,,,,bP,,,,,,,,,,,bP,bR,bP,,,,bP,bP,,bP,,bP,bP,,bN,bB,bQ,bK,bB,bN,bR, ?-?
   ref:[[0;32m,wN,wB,wQ,wK,wB,wN,wR,,,wP,,wP,,wP,wP,,wP,,wP,wR,wP,,,wP,,,,,,,,bP,,,,,,,,,,,bP,bR,bP,,,,bP,bP,,bP,,bP,bP,,bN,bB,bQ,bK,bB,bN,bR,[0m]
   you:[[0;31m,wN,wB,wQ,wK,wB,wN,wR,,,wP,,wP,,wP,wP,,wP,,wP,wR,wP,,,wP,,,,,,,,bP,,,,,,,,,,,bP,bR,bP,,,,bP,bP,,bP,,bP,bP,,bN,bB,bQ,bK,bB,bN,bR,[0m]
   ref:[[0;32m?-?[0m]
   you:[[0;31m?-?[0m]
  -> [0m(exit code=0)
[0;33m> data/1-ill-pawn-1.txt[0m
La Partie a été créée !
x = 1 y = 4

     a     b     c     d     e     f     g     h    
  +-----+-----+-----+-----+-----+-----+-----+-----+
8 |  ♖  |  ♘  |  ♗  |  ♕  |  ♔  |  ♗  |  ♘  |  ♖  |
  +-----+-----+-----+-----+-----+-----+-----+-----+
7 |  ♙  |  ♙  |  ♙  |  ♙  |  ♙  |  ♙  |  ♙  |  ♙  |
  +-----+-----+-----+-----+-----+-----+-----+-----+
6 |     |     |     |     |     |     |     |     |
  +-----+-----+-----+-----+-----+-----+-----+-----+
5 |     |     |     |     |     |     |     |     |
  +-----+-----+-----+-----+-----+-----+-----+-----+
4 |     |     |     |     |     |     |     |     |
  +-----+-----+-----+-----+-----+-----+-----+-----+
3 |     |     |     |     |     |     |     |     |
  +-----+-----+-----+-----+-----+-----+-----+-----+
2 |  ♟  |  ♟  |  ♟  |  ♟  |  ♟  |  ♟  |  ♟  |  ♟  |
  +-----+-----+-----+-----+-----+-----+-----+-----+
1 |  ♜  |  ♞  |  ♝  |  ♛  |  ♚  |  ♝  |  ♞  |  ♜  |
  +-----+-----+-----+-----+-----+-----+-----+-----+
C'est au joueur blanc de jouer
Attente du coup :  mouvement classique
Origine : x = 1 y = 4
Fin : x = 3 y = 4
Pas de prise en passant
Verification de la validité du coup passée !
Passage libre !
entree deplacepiece echiquier
wP
Ne met pas en echec !
entree deplacepiece echiquier
wP
Piece déplacée !
Pas de promotion !

     a     b     c     d     e     f     g     h    
  +-----+-----+-----+-----+-----+-----+-----+-----+
8 |  ♖  |  ♘  |  ♗  |  ♕  |  ♔  |  ♗  |  ♘  |  ♖  |
  +-----+-----+-----+-----+-----+-----+-----+-----+
7 |  ♙  |  ♙  |  ♙  |  ♙  |  ♙  |  ♙  |  ♙  |  ♙  |
  +-----+-----+-----+-----+-----+-----+-----+-----+
6 |     |     |     |     |     |     |     |     |
  +-----+-----+-----+-----+-----+-----+-----+-----+
5 |     |     |     |     |     |     |     |     |
  +-----+-----+-----+-----+-----+-----+-----+-----+
4 |     |     |     |     |  ♟  |     |     |     |
  +-----+-----+-----+-----+-----+-----+-----+-----+
3 |     |     |     |     |     |     |     |     |
  +-----+-----+-----+-----+-----+-----+-----+-----+
2 |  ♟  |  ♟  |  ♟  |  ♟  |     |  ♟  |  ♟  |  ♟  |
  +-----+-----+-----+-----+-----+-----+-----+-----+
1 |  ♜  |  ♞  |  ♝  |  ♛  |  ♚  |  ♝  |  ♞  |  ♜  |
  +-----+-----+-----+-----+-----+-----+-----+-----+
C'est au joueur noir de jouer
Attente du coup :  mouvement classique
Origine : x = 6 y = 4
Fin : x = 4 y = 4
Pas de prise en passant
Verification de la validité du coup passée !
Passage libre !
entree deplacepiece echiquier
bP
Ne met pas en echec !
entree deplacepiece echiquier
bP
Piece déplacée !
Pas de promotion !

     a     b     c     d     e     f     g     h    
  +-----+-----+-----+-----+-----+-----+-----+-----+
8 |  ♖  |  ♘  |  ♗  |  ♕  |  ♔  |  ♗  |  ♘  |  ♖  |
  +-----+-----+-----+-----+-----+-----+-----+-----+
7 |  ♙  |  ♙  |  ♙  |  ♙  |     |  ♙  |  ♙  |  ♙  |
  +-----+-----+-----+-----+-----+-----+-----+-----+
6 |     |     |     |     |     |     |     |     |
  +-----+-----+-----+-----+-----+-----+-----+-----+
5 |     |     |     |     |  ♙  |     |     |     |
  +-----+-----+-----+-----+-----+-----+-----+-----+
4 |     |     |     |     |  ♟  |     |     |     |
  +-----+-----+-----+-----+-----+-----+-----+-----+
3 |     |     |     |     |     |     |     |     |
  +-----+-----+-----+-----+-----+-----+-----+-----+
2 |  ♟  |  ♟  |  ♟  |  ♟  |     |  ♟  |  ♟  |  ♟  |
  +-----+-----+-----+-----+-----+-----+-----+-----+
1 |  ♜  |  ♞  |  ♝  |  ♛  |  ♚  |  ♝  |  ♞  |  ♜  |
  +-----+-----+-----+-----+-----+-----+-----+-----+
C'est au joueur blanc de jouer
Attente du coup :  mouvement classique
Origine : x = 3 y = 4
Fin : x = 4 y = 4
Pas de prise en passant
Mouvement invalide !
Attente du coup :  mouvement classique
Origine : x = 1 y = 3
Fin : x = 3 y = 3
Pas de prise en passant
Verification de la validité du coup passée !
Passage libre !
entree deplacepiece echiquier
wP
Ne met pas en echec !
entree deplacepiece echiquier
wP
Piece déplacée !
Pas de promotion !

     a     b     c     d     e     f     g     h    
  +-----+-----+-----+-----+-----+-----+-----+-----+
8 |  ♖  |  ♘  |  ♗  |  ♕  |  ♔  |  ♗  |  ♘  |  ♖  |
  +-----+-----+-----+-----+-----+-----+-----+-----+
7 |  ♙  |  ♙  |  ♙  |  ♙  |     |  ♙  |  ♙  |  ♙  |
  +-----+-----+-----+-----+-----+-----+-----+-----+
6 |     |     |     |     |     |     |     |     |
  +-----+-----+-----+-----+-----+-----+-----+-----+
5 |     |     |     |     |  ♙  |     |     |     |
  +-----+-----+-----+-----+-----+-----+-----+-----+
4 |     |     |     |  ♟  |  ♟  |     |     |     |
  +-----+-----+-----+-----+-----+-----+-----+-----+
3 |     |     |     |     |     |     |     |     |
  +-----+-----+-----+-----+-----+-----+-----+-----+
2 |  ♟  |  ♟  |  ♟  |     |     |  ♟  |  ♟  |  ♟  |
  +-----+-----+-----+-----+-----+-----+-----+-----+
1 |  ♜  |  ♞  |  ♝  |  ♛  |  ♚  |  ♝  |  ♞  |  ♜  |
  +-----+-----+-----+-----+-----+-----+-----+-----+
C'est au joueur noir de jouer
Attente du coup :  mouvement classique
Origine : x = 4 y = 4
Fin : x = 3 y = 5
Pas de prise en passant
Mouvement invalide !
Attente du coup :  mouvement classique
Origine : x = 6 y = 5
Fin : x = 4 y = 5
Pas de prise en passant
Verification de la validité du coup passée !
Passage libre !
entree deplacepiece echiquier
bP
Ne met pas en echec !
entree deplacepiece echiquier
bP
Piece déplacée !
Pas de promotion !

     a     b     c     d     e     f     g     h    
  +-----+-----+-----+-----+-----+-----+-----+-----+
8 |  ♖  |  ♘  |  ♗  |  ♕  |  ♔  |  ♗  |  ♘  |  ♖  |
  +-----+-----+-----+-----+-----+-----+-----+-----+
7 |  ♙  |  ♙  |  ♙  |  ♙  |     |     |  ♙  |  ♙  |
  +-----+-----+-----+-----+-----+-----+-----+-----+
6 |     |     |     |     |     |     |     |     |
  +-----+-----+-----+-----+-----+-----+-----+-----+
5 |     |     |     |     |  ♙  |  ♙  |     |     |
  +-----+-----+-----+-----+-----+-----+-----+-----+
4 |     |     |     |  ♟  |  ♟  |     |     |     |
  +-----+-----+-----+-----+-----+-----+-----+-----+
3 |     |     |     |     |     |     |     |     |
  +-----+-----+-----+-----+-----+-----+-----+-----+
2 |  ♟  |  ♟  |  ♟  |     |     |  ♟  |  ♟  |  ♟  |
  +-----+-----+-----+-----+-----+-----+-----+-----+
1 |  ♜  |  ♞  |  ♝  |  ♛  |  ♚  |  ♝  |  ♞  |  ♜  |
  +-----+-----+-----+-----+-----+-----+-----+-----+
C'est au joueur blanc de jouer
Attente du coup :  mouvement classique
Origine : x = 1 y = 5
Fin : x = 0 y = 5
Pas de prise en passant
La case de destination est dejà occupée par une de vos pièce !
Attente du coup :  mouvement classique
Origine : x = 0 y = 5
Fin : x = 5 y = 0
Pas de prise en passant
Verification de la validité du coup passée !
Passage libre !
entree deplacepiece echiquier
wB
Ne met pas en echec !
entree deplacepiece echiquier
wB
Piece déplacée !
Pas de promotion !

     a     b     c     d     e     f     g     h    
  +-----+-----+-----+-----+-----+-----+-----+-----+
8 |  ♖  |  ♘  |  ♗  |  ♕  |  ♔  |  ♗  |  ♘  |  ♖  |
  +-----+-----+-----+-----+-----+-----+-----+-----+
7 |  ♙  |  ♙  |  ♙  |  ♙  |     |     |  ♙  |  ♙  |
  +-----+-----+-----+-----+-----+-----+-----+-----+
6 |  ♝  |     |     |     |     |     |     |     |
  +-----+-----+-----+-----+-----+-----+-----+-----+
5 |     |     |     |     |  ♙  |  ♙  |     |     |
  +-----+-----+-----+-----+-----+-----+-----+-----+
4 |     |     |     |  ♟  |  ♟  |     |     |     |
  +-----+-----+-----+-----+-----+-----+-----+-----+
3 |     |     |     |     |     |     |     |     |
  +-----+-----+-----+-----+-----+-----+-----+-----+
2 |  ♟  |  ♟  |  ♟  |     |     |  ♟  |  ♟  |  ♟  |
  +-----+-----+-----+-----+-----+-----+-----+-----+
1 |  ♜  |  ♞  |  ♝  |  ♛  |  ♚  |     |  ♞  |  ♜  |
  +-----+-----+-----+-----+-----+-----+-----+-----+
C'est au joueur noir de jouer
Attente du coup :  mouvement classique
Origine : x = 6 y = 0
Fin : x = 5 y = 0
Pas de prise en passant
Mouvement invalide !
Attente du coup :  mouvement classique
Origine : x = 6 y = 0
Fin : x = 5 y = 1
Pas de prise en passant
Mouvement invalide !
Attente du coup :  mouvement classique
Origine : x = 6 y = 1
Fin : x = 5 y = 0
Pas de prise en passant
Verification de la validité du coup passée !
Passage libre !
entree deplacepiece echiquier
bP
Ne met pas en echec !
entree deplacepiece echiquier
bP
Piece déplacée !
Pas de promotion !

     a     b     c     d     e     f     g     h    
  +-----+-----+-----+-----+-----+-----+-----+-----+
8 |  ♖  |  ♘  |  ♗  |  ♕  |  ♔  |  ♗  |  ♘  |  ♖  |
  +-----+-----+-----+-----+-----+-----+-----+-----+
7 |  ♙  |     |  ♙  |  ♙  |     |     |  ♙  |  ♙  |
  +-----+-----+-----+-----+-----+-----+-----+-----+
6 |  ♙  |     |     |     |     |     |     |     |
  +-----+-----+-----+-----+-----+-----+-----+-----+
5 |     |     |     |     |  ♙  |  ♙  |     |     |
  +-----+-----+-----+-----+-----+-----+-----+-----+
4 |     |     |     |  ♟  |  ♟  |     |     |     |
  +-----+-----+-----+-----+-----+-----+-----+-----+
3 |     |     |     |     |     |     |     |     |
  +-----+-----+-----+-----+-----+-----+-----+-----+
2 |  ♟  |  ♟  |  ♟  |     |     |  ♟  |  ♟  |  ♟  |
  +-----+-----+-----+-----+-----+-----+-----+-----+
1 |  ♜  |  ♞  |  ♝  |  ♛  |  ♚  |     |  ♞  |  ♜  |
  +-----+-----+-----+-----+-----+-----+-----+-----+
C'est au joueur blanc de jouer
Attente du coup :  mouvement classique
Origine : x = 3 y = 3
Fin : x = 4 y = 3
Pas de prise en passant
Verification de la validité du coup passée !
Passage libre !
entree deplacepiece echiquier
wP
Ne met pas en echec !
entree deplacepiece echiquier
wP
Piece déplacée !
Pas de promotion !

     a     b     c     d     e     f     g     h    
  +-----+-----+-----+-----+-----+-----+-----+-----+
8 |  ♖  |  ♘  |  ♗  |  ♕  |  ♔  |  ♗  |  ♘  |  ♖  |
  +-----+-----+-----+-----+-----+-----+-----+-----+
7 |  ♙  |     |  ♙  |  ♙  |     |     |  ♙  |  ♙  |
  +-----+-----+-----+-----+-----+-----+-----+-----+
6 |  ♙  |     |     |     |     |     |     |     |
  +-----+-----+-----+-----+-----+-----+-----+-----+
5 |     |     |     |  ♟  |  ♙  |  ♙  |     |     |
  +-----+-----+-----+-----+-----+-----+-----+-----+
4 |     |     |     |     |  ♟  |     |     |     |
  +-----+-----+-----+-----+-----+-----+-----+-----+
3 |     |     |     |     |     |     |     |     |
  +-----+-----+-----+-----+-----+-----+-----+-----+
2 |  ♟  |  ♟  |  ♟  |     |     |  ♟  |  ♟  |  ♟  |
  +-----+-----+-----+-----+-----+-----+-----+-----+
1 |  ♜  |  ♞  |  ♝  |  ♛  |  ♚  |     |  ♞  |  ♜  |
  +-----+-----+-----+-----+-----+-----+-----+-----+
C'est au joueur noir de jouer
Attente du coup :  mouvement classique
Origine : x = 6 y = 0
Fin : x = 5 y = 0
Pas de prise en passant
La case de destination est dejà occupée par une de vos pièce !
Attente du coup :  mouvement classique
Origine : x = 6 y = 2
Fin : x = 4 y = 2
Pas de prise en passant
Verification de la validité du coup passée !
Passage libre !
entree deplacepiece echiquier
bP
Ne met pas en echec !
entree deplacepiece echiquier
bP
Piece déplacée !
Pas de promotion !

     a     b     c     d     e     f     g     h    
  +-----+-----+-----+-----+-----+-----+-----+-----+
8 |  ♖  |  ♘  |  ♗  |  ♕  |  ♔  |  ♗  |  ♘  |  ♖  |
  +-----+-----+-----+-----+-----+-----+-----+-----+
7 |  ♙  |     |     |  ♙  |     |     |  ♙  |  ♙  |
  +-----+-----+-----+-----+-----+-----+-----+-----+
6 |  ♙  |     |     |     |     |     |     |     |
  +-----+-----+-----+-----+-----+-----+-----+-----+
5 |     |     |  ♙  |  ♟  |  ♙  |  ♙  |     |     |
  +-----+-----+-----+-----+-----+-----+-----+-----+
4 |     |     |     |     |  ♟  |     |     |     |
  +-----+-----+-----+-----+-----+-----+-----+-----+
3 |     |     |     |     |     |     |     |     |
  +-----+-----+-----+-----+-----+-----+-----+-----+
2 |  ♟  |  ♟  |  ♟  |     |     |  ♟  |  ♟  |  ♟  |
  +-----+-----+-----+-----+-----+-----+-----+-----+
1 |  ♜  |  ♞  |  ♝  |  ♛  |  ♚  |     |  ♞  |  ♜  |
  +-----+-----+-----+-----+-----+-----+-----+-----+
C'est au joueur blanc de jouer
Attente du coup :  quit
wR,wN,wB,wQ,wK,,wN,wR,wP,wP,wP,,,wP,wP,wP,,,,,,,,,,,,,wP,,,,,,bP,wP,bP,bP,,,bP,,,,,,,,bP,,,bP,,,bP,bP,bR,bN,bB,bQ,bK,bB,bN,bR, ?-?
   ref:[[0;32mwR,wN,wB,wQ,wK,,wN,wR,wP,wP,wP,,,wP,wP,wP,,,,,,,,,,,,,wP,,,,,,bP,wP,bP,bP,,,bP,,,,,,,,bP,,,bP,,,bP,bP,bR,bN,bB,bQ,bK,bB,bN,bR,[0m]
   you:[[0;31mwR,wN,wB,wQ,wK,,wN,wR,wP,wP,wP,,,wP,wP,wP,,,,,,,,,,,,,wP,,,,,,bP,wP,bP,bP,,,bP,,,,,,,,bP,,,bP,,,bP,bP,bR,bN,bB,bQ,bK,bB,bN,bR,[0m]
   ref:[[0;32m?-?[0m]
   you:[[0;31m?-?[0m]
  -> [0m(exit code=0)
[0;33m> data/1-ill-rook-1.txt[0m
La Partie a été créée !
x = 1 y = 4

     a     b     c     d     e     f     g     h    
  +-----+-----+-----+-----+-----+-----+-----+-----+
8 |  ♖  |  ♘  |  ♗  |  ♕  |  ♔  |  ♗  |  ♘  |  ♖  |
  +-----+-----+-----+-----+-----+-----+-----+-----+
7 |  ♙  |  ♙  |  ♙  |  ♙  |  ♙  |  ♙  |  ♙  |  ♙  |
  +-----+-----+-----+-----+-----+-----+-----+-----+
6 |     |     |     |     |     |     |     |     |
  +-----+-----+-----+-----+-----+-----+-----+-----+
5 |     |     |     |     |     |     |     |     |
  +-----+-----+-----+-----+-----+-----+-----+-----+
4 |     |     |     |     |     |     |     |     |
  +-----+-----+-----+-----+-----+-----+-----+-----+
3 |     |     |     |     |     |     |     |     |
  +-----+-----+-----+-----+-----+-----+-----+-----+
2 |  ♟  |  ♟  |  ♟  |  ♟  |  ♟  |  ♟  |  ♟  |  ♟  |
  +-----+-----+-----+-----+-----+-----+-----+-----+
1 |  ♜  |  ♞  |  ♝  |  ♛  |  ♚  |  ♝  |  ♞  |  ♜  |
  +-----+-----+-----+-----+-----+-----+-----+-----+
C'est au joueur blanc de jouer
Attente du coup :  mouvement classique
Origine : x = 0 y = 0
Fin : x = 1 y = 0
Pas de prise en passant
La case de destination est dejà occupée par une de vos pièce !
Attente du coup :  mouvement classique
Origine : x = 1 y = 0
Fin : x = 3 y = 0
Pas de prise en passant
Verification de la validité du coup passée !
Passage libre !
entree deplacepiece echiquier
wP
Ne met pas en echec !
entree deplacepiece echiquier
wP
Piece déplacée !
Pas de promotion !

     a     b     c     d     e     f     g     h    
  +-----+-----+-----+-----+-----+-----+-----+-----+
8 |  ♖  |  ♘  |  ♗  |  ♕  |  ♔  |  ♗  |  ♘  |  ♖  |
  +-----+-----+-----+-----+-----+-----+-----+-----+
7 |  ♙  |  ♙  |  ♙  |  ♙  |  ♙  |  ♙  |  ♙  |  ♙  |
  +-----+-----+-----+-----+-----+-----+-----+-----+
6 |     |     |     |     |     |     |     |     |
  +-----+-----+-----+-----+-----+-----+-----+-----+
5 |     |     |     |     |     |     |     |     |
  +-----+-----+-----+-----+-----+-----+-----+-----+
4 |  ♟  |     |     |     |     |     |     |     |
  +-----+-----+-----+-----+-----+-----+-----+-----+
3 |     |     |     |     |     |     |     |     |
  +-----+-----+-----+-----+-----+-----+-----+-----+
2 |     |  ♟  |  ♟  |  ♟  |  ♟  |  ♟  |  ♟  |  ♟  |
  +-----+-----+-----+-----+-----+-----+-----+-----+
1 |  ♜  |  ♞  |  ♝  |  ♛  |  ♚  |  ♝  |  ♞  |  ♜  |
  +-----+-----+-----+-----+-----+-----+-----+-----+
C'est au joueur noir de jouer
Attente du coup :  mouvement classique
Origine : x = 7 y = 0
Fin : x = 4 y = 0
Pas de prise en passant
Verification de la validité du coup passée !
Passage impossible !
Attente du coup :  mouvement classique
Origine : x = 6 y = 1
Fin : x = 4 y = 1
Pas de prise en passant
Verification de la validité du coup passée !
Passage libre !
entree deplacepiece echiquier
bP
Ne met pas en echec !
entree deplacepiece echiquier
bP
Piece déplacée !
Pas de promotion !

     a     b     c     d     e     f     g     h    
  +-----+-----+-----+-----+-----+-----+-----+-----+
8 |  ♖  |  ♘  |  ♗  |  ♕  |  ♔  |  ♗  |  ♘  |  ♖  |
  +-----+-----+-----+-----+-----+-----+-----+-----+
7 |  ♙  |     |  ♙  |  ♙  |  ♙  |  ♙  |  ♙  |  ♙  |
  +-----+-----+-----+-----+-----+-----+-----+-----+
6 |     |     |     |     |     |     |     |     |
  +-----+-----+-----+-----+-----+-----+-----+-----+
5 |     |  ♙  |     |     |     |     |     |     |
  +-----+-----+-----+-----+-----+-----+-----+-----+
4 |  ♟  |     |     |     |     |     |     |     |
  +-----+-----+-----+-----+-----+-----+-----+-----+
3 |     |     |     |     |     |     |     |     |
  +-----+-----+-----+-----+-----+-----+-----+-----+
2 |     |  ♟  |  ♟  |  ♟  |  ♟  |  ♟  |  ♟  |  ♟  |
  +-----+-----+-----+-----+-----+-----+-----+-----+
1 |  ♜  |  ♞  |  ♝  |  ♛  |  ♚  |  ♝  |  ♞  |  ♜  |
  +-----+-----+-----+-----+-----+-----+-----+-----+
C'est au joueur blanc de jouer
Attente du coup :  mouvement classique
Origine : x = 3 y = 0
Fin : x = 4 y = 1
Pas de prise en passant
Verification de la validité du coup passée !
Passage libre !
entree deplacepiece echiquier
wP
Ne met pas en echec !
entree deplacepiece echiquier
wP
Piece déplacée !
Pas de promotion !

     a     b     c     d     e     f     g     h    
  +-----+-----+-----+-----+-----+-----+-----+-----+
8 |  ♖  |  ♘  |  ♗  |  ♕  |  ♔  |  ♗  |  ♘  |  ♖  |
  +-----+-----+-----+-----+-----+-----+-----+-----+
7 |  ♙  |     |  ♙  |  ♙  |  ♙  |  ♙  |  ♙  |  ♙  |
  +-----+-----+-----+-----+-----+-----+-----+-----+
6 |     |     |     |     |     |     |     |     |
  +-----+-----+-----+-----+-----+-----+-----+-----+
5 |     |  ♟  |     |     |     |     |     |     |
  +-----+-----+-----+-----+-----+-----+-----+-----+
4 |     |     |     |     |     |     |     |     |
  +-----+-----+-----+-----+-----+-----+-----+-----+
3 |     |     |     |     |     |     |     |     |
  +-----+-----+-----+-----+-----+-----+-----+-----+
2 |     |  ♟  |  ♟  |  ♟  |  ♟  |  ♟  |  ♟  |  ♟  |
  +-----+-----+-----+-----+-----+-----+-----+-----+
1 |  ♜  |  ♞  |  ♝  |  ♛  |  ♚  |  ♝  |  ♞  |  ♜  |
  +-----+-----+-----+-----+-----+-----+-----+-----+
C'est au joueur noir de jouer
Attente du coup :  mouvement classique
Origine : x = 6 y = 0
Fin : x = 4 y = 0
Pas de prise en passant
Verification de la validité du coup passée !
Passage libre !
entree deplacepiece echiquier
bP
Ne met pas en echec !
entree deplacepiece echiquier
bP
Piece déplacée !
Pas de promotion !

     a     b     c     d     e     f     g     h    
  +-----+-----+-----+-----+-----+-----+-----+-----+
8 |  ♖  |  ♘  |  ♗  |  ♕  |  ♔  |  ♗  |  ♘  |  ♖  |
  +-----+-----+-----+-----+-----+-----+-----+-----+
7 |     |     |  ♙  |  ♙  |  ♙  |  ♙  |  ♙  |  ♙  |
  +-----+-----+-----+-----+-----+-----+-----+-----+
6 |     |     |     |     |     |     |     |     |
  +-----+-----+-----+-----+-----+-----+-----+-----+
5 |  ♙  |  ♟  |     |     |     |     |     |     |
  +-----+-----+-----+-----+-----+-----+-----+-----+
4 |     |     |     |     |     |     |     |     |
  +-----+-----+-----+-----+-----+-----+-----+-----+
3 |     |     |     |     |     |     |     |     |
  +-----+-----+-----+-----+-----+-----+-----+-----+
2 |     |  ♟  |  ♟  |  ♟  |  ♟  |  ♟  |  ♟  |  ♟  |
  +-----+-----+-----+-----+-----+-----+-----+-----+
1 |  ♜  |  ♞  |  ♝  |  ♛  |  ♚  |  ♝  |  ♞  |  ♜  |
  +-----+-----+-----+-----+-----+-----+-----+-----+
C'est au joueur blanc de jouer
Attente du coup :  mouvement classique
Origine : x = 0 y = 0
Fin : x = 3 y = 1
Pas de prise en passant
Mouvement invalide !
Attente du coup :  mouvement classique
Origine : x = 0 y = 0
Fin : x = 3 y = 0
Pas de prise en passant
Verification de la validité du coup passée !
Passage libre !
entree deplacepiece echiquier
wR
Ne met pas en echec !
entree deplacepiece echiquier
wR
Piece déplacée !
Pas de promotion !

     a     b     c     d     e     f     g     h    
  +-----+-----+-----+-----+-----+-----+-----+-----+
8 |  ♖  |  ♘  |  ♗  |  ♕  |  ♔  |  ♗  |  ♘  |  ♖  |
  +-----+-----+-----+-----+-----+-----+-----+-----+
7 |     |     |  ♙  |  ♙  |  ♙  |  ♙  |  ♙  |  ♙  |
  +-----+-----+-----+-----+-----+-----+-----+-----+
6 |     |     |     |     |     |     |     |     |
  +-----+-----+-----+-----+-----+-----+-----+-----+
5 |  ♙  |  ♟  |     |     |     |     |     |     |
  +-----+-----+-----+-----+-----+-----+-----+-----+
4 |  ♜  |     |     |     |     |     |     |     |
  +-----+-----+-----+-----+-----+-----+-----+-----+
3 |     |     |     |     |     |     |     |     |
  +-----+-----+-----+-----+-----+-----+-----+-----+
2 |     |  ♟  |  ♟  |  ♟  |  ♟  |  ♟  |  ♟  |  ♟  |
  +-----+-----+-----+-----+-----+-----+-----+-----+
1 |     |  ♞  |  ♝  |  ♛  |  ♚  |  ♝  |  ♞  |  ♜  |
  +-----+-----+-----+-----+-----+-----+-----+-----+
C'est au joueur noir de jouer
Attente du coup :  mouvement classique
Origine : x = 7 y = 0
Fin : x = 7 y = 1
Pas de prise en passant
La case de destination est dejà occupée par une de vos pièce !
Attente du coup :  mouvement classique
Origine : x = 7 y = 0
Fin : x = 6 y = 0
Pas de prise en passant
Verification de la validité du coup passée !
Passage libre !
entree deplacepiece echiquier
bR
Ne met pas en echec !
entree deplacepiece echiquier
bR
Piece déplacée !
Pas de promotion !

     a     b     c     d     e     f     g     h    
  +-----+-----+-----+-----+-----+-----+-----+-----+
8 |     |  ♘  |  ♗  |  ♕  |  ♔  |  ♗  |  ♘  |  ♖  |
  +-----+-----+-----+-----+-----+-----+-----+-----+
7 |  ♖  |     |  ♙  |  ♙  |  ♙  |  ♙  |  ♙  |  ♙  |
  +-----+-----+-----+-----+-----+-----+-----+-----+
6 |     |     |     |     |     |     |     |     |
  +-----+-----+-----+-----+-----+-----+-----+-----+
5 |  ♙  |  ♟  |     |     |     |     |     |     |
  +-----+-----+-----+-----+-----+-----+-----+-----+
4 |  ♜  |     |     |     |     |     |     |     |
  +-----+-----+-----+-----+-----+-----+-----+-----+
3 |     |     |     |     |     |     |     |     |
  +-----+-----+-----+-----+-----+-----+-----+-----+
2 |     |  ♟  |  ♟  |  ♟  |  ♟  |  ♟  |  ♟  |  ♟  |
  +-----+-----+-----+-----+-----+-----+-----+-----+
1 |     |  ♞  |  ♝  |  ♛  |  ♚  |  ♝  |  ♞  |  ♜  |
  +-----+-----+-----+-----+-----+-----+-----+-----+
C'est au joueur blanc de jouer
Attente du coup :  mouvement classique
Origine : x = 3 y = 0
Fin : x = 3 y = 5
Pas de prise en passant
Verification de la validité du coup passée !
Passage libre !
entree deplacepiece echiquier
wR
Ne met pas en echec !
entree deplacepiece echiquier
wR
Piece déplacée !
Pas de promotion !

     a     b     c     d     e     f     g     h    
  +-----+-----+-----+-----+-----+-----+-----+-----+
8 |     |  ♘  |  ♗  |  ♕  |  ♔  |  ♗  |  ♘  |  ♖  |
  +-----+-----+-----+-----+-----+-----+-----+-----+
7 |  ♖  |     |  ♙  |  ♙  |  ♙  |  ♙  |  ♙  |  ♙  |
  +-----+-----+-----+-----+-----+-----+-----+-----+
6 |     |     |     |     |     |     |     |     |
  +-----+-----+-----+-----+-----+-----+-----+-----+
5 |  ♙  |  ♟  |     |     |     |     |     |     |
  +-----+-----+-----+-----+-----+-----+-----+-----+
4 |     |     |     |     |     |  ♜  |     |     |
  +-----+-----+-----+-----+-----+-----+-----+-----+
3 |     |     |     |     |     |     |     |     |
  +-----+-----+-----+-----+-----+-----+-----+-----+
2 |     |  ♟  |  ♟  |  ♟  |  ♟  |  ♟  |  ♟  |  ♟  |
  +-----+-----+-----+-----+-----+-----+-----+-----+
1 |     |  ♞  |  ♝  |  ♛  |  ♚  |  ♝  |  ♞  |  ♜  |
  +-----+-----+-----+-----+-----+-----+-----+-----+
C'est au joueur noir de jouer
Attente du coup :  quit
,wN,wB,wQ,wK,wB,wN,wR,,wP,wP,wP,wP,wP,wP,wP,,,,,,,,,,,,,,wR,,,bP,wP,,,,,,,,,,,,,,,bR,,bP,bP,bP,bP,bP,bP,,bN,bB,bQ,bK,bB,bN,bR, ?-?
   ref:[[0;32m,wN,wB,wQ,wK,wB,wN,wR,,wP,wP,wP,wP,wP,wP,wP,,,,,,,,,,,,,,wR,,,bP,wP,,,,,,,,,,,,,,,bR,,bP,bP,bP,bP,bP,bP,,bN,bB,bQ,bK,bB,bN,bR,[0m]
   you:[[0;31m,wN,wB,wQ,wK,wB,wN,wR,,wP,wP,wP,wP,wP,wP,wP,,,,,,,,,,,,,,wR,,,bP,wP,,,,,,,,,,,,,,,bR,,bP,bP,bP,bP,bP,bP,,bN,bB,bQ,bK,bB,bN,bR,[0m]
   ref:[[0;32m?-?[0m]
   you:[[0;31m?-?[0m]
  -> [0m(exit code=0)
