[0;33m> data/4-leg-mat-1.txt[0m
La Partie a été créée !

     a     b     c     d     e     f     g     h    
  +-----+-----+-----+-----+-----+-----+-----+-----+
8 |  ♖  |  ♘  |  ♗  |  ♕  |  ♔  |  ♗  |  ♘  |  ♖  |
  +-----+-----+-----+-----+-----+-----+-----+-----+
7 |  ♙  |  ♙  |  ♙  |  ♙  |  ♙  |  ♙  |  ♙  |  ♙  |
  +-----+-----+-----+-----+-----+-----+-----+-----+
6 |     |     |     |     |     |     |     |     |
  +-----+-----+-----+-----+-----+-----+-----+-----+
5 |     |     |     |     |     |     |     |     |
  +-----+-----+-----+-----+-----+-----+-----+-----+
4 |     |     |     |     |     |     |     |     |
  +-----+-----+-----+-----+-----+-----+-----+-----+
3 |     |     |     |     |     |     |     |     |
  +-----+-----+-----+-----+-----+-----+-----+-----+
2 |  ♟  |  ♟  |  ♟  |  ♟  |  ♟  |  ♟  |  ♟  |  ♟  |
  +-----+-----+-----+-----+-----+-----+-----+-----+
1 |  ♜  |  ♞  |  ♝  |  ♛  |  ♚  |  ♝  |  ♞  |  ♜  |
  +-----+-----+-----+-----+-----+-----+-----+-----+
C'est au joueur blanc de jouer
======= TEST DU COUP =======
Origine : x = 0 y = 0
Fin : x = 0 y = 0
Pas de prise en passant
La case de destination est dejà occupée par une de vos pièce !
======= TEST DU COUP =======
Origine : x = 0 y = 0
Fin : x = 0 y = 1
Pas de prise en passant
La case de destination est dejà occupée par une de vos pièce !
======= TEST DU COUP =======
Origine : x = 0 y = 0
Fin : x = 0 y = 2
Pas de prise en passant
La case de destination est dejà occupée par une de vos pièce !
======= TEST DU COUP =======
Origine : x = 0 y = 0
Fin : x = 0 y = 3
Pas de prise en passant
La case de destination est dejà occupée par une de vos pièce !
======= TEST DU COUP =======
Origine : x = 0 y = 0
Fin : x = 0 y = 4
Pas de prise en passant
La case de destination est dejà occupée par une de vos pièce !
======= TEST DU COUP =======
Origine : x = 0 y = 0
Fin : x = 0 y = 5
Pas de prise en passant
La case de destination est dejà occupée par une de vos pièce !
======= TEST DU COUP =======
Origine : x = 0 y = 0
Fin : x = 0 y = 6
Pas de prise en passant
La case de destination est dejà occupée par une de vos pièce !
======= TEST DU COUP =======
Origine : x = 0 y = 0
Fin : x = 0 y = 7
Pas de prise en passant
La case de destination est dejà occupée par une de vos pièce !
======= TEST DU COUP =======
Origine : x = 0 y = 0
Fin : x = 1 y = 0
Pas de prise en passant
La case de destination est dejà occupée par une de vos pièce !
======= TEST DU COUP =======
Origine : x = 0 y = 0
Fin : x = 1 y = 1
Pas de prise en passant
La case de destination est dejà occupée par une de vos pièce !
======= TEST DU COUP =======
Origine : x = 0 y = 0
Fin : x = 1 y = 2
Pas de prise en passant
La case de destination est dejà occupée par une de vos pièce !
======= TEST DU COUP =======
Origine : x = 0 y = 0
Fin : x = 1 y = 3
Pas de prise en passant
La case de destination est dejà occupée par une de vos pièce !
======= TEST DU COUP =======
Origine : x = 0 y = 0
Fin : x = 1 y = 4
Pas de prise en passant
La case de destination est dejà occupée par une de vos pièce !
======= TEST DU COUP =======
Origine : x = 0 y = 0
Fin : x = 1 y = 5
Pas de prise en passant
La case de destination est dejà occupée par une de vos pièce !
======= TEST DU COUP =======
Origine : x = 0 y = 0
Fin : x = 1 y = 6
Pas de prise en passant
La case de destination est dejà occupée par une de vos pièce !
======= TEST DU COUP =======
Origine : x = 0 y = 0
Fin : x = 1 y = 7
Pas de prise en passant
La case de destination est dejà occupée par une de vos pièce !
======= TEST DU COUP =======
Origine : x = 0 y = 0
Fin : x = 2 y = 0
Pas de prise en passant
Verification de la validité du coup passée !
Passage impossible !
======= TEST DU COUP =======
Origine : x = 0 y = 0
Fin : x = 2 y = 1
Pas de prise en passant
Mouvement invalide !
======= TEST DU COUP =======
Origine : x = 0 y = 0
Fin : x = 2 y = 2
Pas de prise en passant
Mouvement invalide !
======= TEST DU COUP =======
Origine : x = 0 y = 0
Fin : x = 2 y = 3
Pas de prise en passant
Mouvement invalide !
======= TEST DU COUP =======
Origine : x = 0 y = 0
Fin : x = 2 y = 4
Pas de prise en passant
Mouvement invalide !
======= TEST DU COUP =======
Origine : x = 0 y = 0
Fin : x = 2 y = 5
Pas de prise en passant
Mouvement invalide !
======= TEST DU COUP =======
Origine : x = 0 y = 0
Fin : x = 2 y = 6
Pas de prise en passant
Mouvement invalide !
======= TEST DU COUP =======
Origine : x = 0 y = 0
Fin : x = 2 y = 7
Pas de prise en passant
Mouvement invalide !
======= TEST DU COUP =======
Origine : x = 0 y = 0
Fin : x = 3 y = 0
Pas de prise en passant
Verification de la validité du coup passée !
Passage impossible !
======= TEST DU COUP =======
Origine : x = 0 y = 0
Fin : x = 3 y = 1
Pas de prise en passant
Mouvement invalide !
======= TEST DU COUP =======
Origine : x = 0 y = 0
Fin : x = 3 y = 2
Pas de prise en passant
Mouvement invalide !
======= TEST DU COUP =======
Origine : x = 0 y = 0
Fin : x = 3 y = 3
Pas de prise en passant
Mouvement invalide !
======= TEST DU COUP =======
Origine : x = 0 y = 0
Fin : x = 3 y = 4
Pas de prise en passant
Mouvement invalide !
======= TEST DU COUP =======
Origine : x = 0 y = 0
Fin : x = 3 y = 5
Pas de prise en passant
Mouvement invalide !
======= TEST DU COUP =======
Origine : x = 0 y = 0
Fin : x = 3 y = 6
Pas de prise en passant
Mouvement invalide !
======= TEST DU COUP =======
Origine : x = 0 y = 0
Fin : x = 3 y = 7
Pas de prise en passant
Mouvement invalide !
======= TEST DU COUP =======
Origine : x = 0 y = 0
Fin : x = 4 y = 0
Pas de prise en passant
Verification de la validité du coup passée !
Passage impossible !
======= TEST DU COUP =======
Origine : x = 0 y = 0
Fin : x = 4 y = 1
Pas de prise en passant
Mouvement invalide !
======= TEST DU COUP =======
Origine : x = 0 y = 0
Fin : x = 4 y = 2
Pas de prise en passant
Mouvement invalide !
======= TEST DU COUP =======
Origine : x = 0 y = 0
Fin : x = 4 y = 3
Pas de prise en passant
Mouvement invalide !
======= TEST DU COUP =======
Origine : x = 0 y = 0
Fin : x = 4 y = 4
Pas de prise en passant
Mouvement invalide !
======= TEST DU COUP =======
Origine : x = 0 y = 0
Fin : x = 4 y = 5
Pas de prise en passant
Mouvement invalide !
======= TEST DU COUP =======
Origine : x = 0 y = 0
Fin : x = 4 y = 6
Pas de prise en passant
Mouvement invalide !
======= TEST DU COUP =======
Origine : x = 0 y = 0
Fin : x = 4 y = 7
Pas de prise en passant
Mouvement invalide !
======= TEST DU COUP =======
Origine : x = 0 y = 0
Fin : x = 5 y = 0
Pas de prise en passant
Verification de la validité du coup passée !
Passage impossible !
======= TEST DU COUP =======
Origine : x = 0 y = 0
Fin : x = 5 y = 1
Pas de prise en passant
Mouvement invalide !
======= TEST DU COUP =======
Origine : x = 0 y = 0
Fin : x = 5 y = 2
Pas de prise en passant
Mouvement invalide !
======= TEST DU COUP =======
Origine : x = 0 y = 0
Fin : x = 5 y = 3
Pas de prise en passant
Mouvement invalide !
======= TEST DU COUP =======
Origine : x = 0 y = 0
Fin : x = 5 y = 4
Pas de prise en passant
Mouvement invalide !
======= TEST DU COUP =======
Origine : x = 0 y = 0
Fin : x = 5 y = 5
Pas de prise en passant
Mouvement invalide !
======= TEST DU COUP =======
Origine : x = 0 y = 0
Fin : x = 5 y = 6
Pas de prise en passant
Mouvement invalide !
======= TEST DU COUP =======
Origine : x = 0 y = 0
Fin : x = 5 y = 7
Pas de prise en passant
Mouvement invalide !
======= TEST DU COUP =======
Origine : x = 0 y = 0
Fin : x = 6 y = 0
Pas de prise en passant
Verification de la validité du coup passée !
Passage impossible !
======= TEST DU COUP =======
Origine : x = 0 y = 0
Fin : x = 6 y = 1
Pas de prise en passant
Mouvement invalide !
======= TEST DU COUP =======
Origine : x = 0 y = 0
Fin : x = 6 y = 2
Pas de prise en passant
Mouvement invalide !
======= TEST DU COUP =======
Origine : x = 0 y = 0
Fin : x = 6 y = 3
Pas de prise en passant
Mouvement invalide !
======= TEST DU COUP =======
Origine : x = 0 y = 0
Fin : x = 6 y = 4
Pas de prise en passant
Mouvement invalide !
======= TEST DU COUP =======
Origine : x = 0 y = 0
Fin : x = 6 y = 5
Pas de prise en passant
Mouvement invalide !
======= TEST DU COUP =======
Origine : x = 0 y = 0
Fin : x = 6 y = 6
Pas de prise en passant
Mouvement invalide !
======= TEST DU COUP =======
Origine : x = 0 y = 0
Fin : x = 6 y = 7
Pas de prise en passant
Mouvement invalide !
======= TEST DU COUP =======
Origine : x = 0 y = 0
Fin : x = 7 y = 0
Pas de prise en passant
Verification de la validité du coup passée !
Passage impossible !
======= TEST DU COUP =======
Origine : x = 0 y = 0
Fin : x = 7 y = 1
Pas de prise en passant
Mouvement invalide !
======= TEST DU COUP =======
Origine : x = 0 y = 0
Fin : x = 7 y = 2
Pas de prise en passant
Mouvement invalide !
======= TEST DU COUP =======
Origine : x = 0 y = 0
Fin : x = 7 y = 3
Pas de prise en passant
Mouvement invalide !
======= TEST DU COUP =======
Origine : x = 0 y = 0
Fin : x = 7 y = 4
Pas de prise en passant
Mouvement invalide !
======= TEST DU COUP =======
Origine : x = 0 y = 0
Fin : x = 7 y = 5
Pas de prise en passant
Mouvement invalide !
======= TEST DU COUP =======
Origine : x = 0 y = 0
Fin : x = 7 y = 6
Pas de prise en passant
Mouvement invalide !
======= TEST DU COUP =======
Origine : x = 0 y = 0
Fin : x = 7 y = 7
Pas de prise en passant
Mouvement invalide !
======= TEST DU COUP =======
Origine : x = 0 y = 1
Fin : x = 0 y = 0
Pas de prise en passant
La case de destination est dejà occupée par une de vos pièce !
======= TEST DU COUP =======
Origine : x = 0 y = 1
Fin : x = 0 y = 1
Pas de prise en passant
La case de destination est dejà occupée par une de vos pièce !
======= TEST DU COUP =======
Origine : x = 0 y = 1
Fin : x = 0 y = 2
Pas de prise en passant
La case de destination est dejà occupée par une de vos pièce !
======= TEST DU COUP =======
Origine : x = 0 y = 1
Fin : x = 0 y = 3
Pas de prise en passant
La case de destination est dejà occupée par une de vos pièce !
======= TEST DU COUP =======
Origine : x = 0 y = 1
Fin : x = 0 y = 4
Pas de prise en passant
La case de destination est dejà occupée par une de vos pièce !
======= TEST DU COUP =======
Origine : x = 0 y = 1
Fin : x = 0 y = 5
Pas de prise en passant
La case de destination est dejà occupée par une de vos pièce !
======= TEST DU COUP =======
Origine : x = 0 y = 1
Fin : x = 0 y = 6
Pas de prise en passant
La case de destination est dejà occupée par une de vos pièce !
======= TEST DU COUP =======
Origine : x = 0 y = 1
Fin : x = 0 y = 7
Pas de prise en passant
La case de destination est dejà occupée par une de vos pièce !
======= TEST DU COUP =======
Origine : x = 0 y = 1
Fin : x = 1 y = 0
Pas de prise en passant
La case de destination est dejà occupée par une de vos pièce !
======= TEST DU COUP =======
Origine : x = 0 y = 1
Fin : x = 1 y = 1
Pas de prise en passant
La case de destination est dejà occupée par une de vos pièce !
======= TEST DU COUP =======
Origine : x = 0 y = 1
Fin : x = 1 y = 2
Pas de prise en passant
La case de destination est dejà occupée par une de vos pièce !
======= TEST DU COUP =======
Origine : x = 0 y = 1
Fin : x = 1 y = 3
Pas de prise en passant
La case de destination est dejà occupée par une de vos pièce !
======= TEST DU COUP =======
Origine : x = 0 y = 1
Fin : x = 1 y = 4
Pas de prise en passant
La case de destination est dejà occupée par une de vos pièce !
======= TEST DU COUP =======
Origine : x = 0 y = 1
Fin : x = 1 y = 5
Pas de prise en passant
La case de destination est dejà occupée par une de vos pièce !
======= TEST DU COUP =======
Origine : x = 0 y = 1
Fin : x = 1 y = 6
Pas de prise en passant
La case de destination est dejà occupée par une de vos pièce !
======= TEST DU COUP =======
Origine : x = 0 y = 1
Fin : x = 1 y = 7
Pas de prise en passant
La case de destination est dejà occupée par une de vos pièce !
======= TEST DU COUP =======
Origine : x = 0 y = 1
Fin : x = 2 y = 0
Pas de prise en passant
Verification de la validité du coup passée !
Passage libre !
entree deplacepiece echiquier
wN
Ne met pas en echec !
Attente du coup :  mouvement classique
======= TEST DU COUP =======
Origine : x = 1 y = 4
Fin : x = 3 y = 4
Pas de prise en passant
Verification de la validité du coup passée !
Passage libre !
entree deplacepiece echiquier
wP
Ne met pas en echec !
entree deplacepiece echiquier
wP
Piece déplacée !

     a     b     c     d     e     f     g     h    
  +-----+-----+-----+-----+-----+-----+-----+-----+
8 |  ♖  |  ♘  |  ♗  |  ♕  |  ♔  |  ♗  |  ♘  |  ♖  |
  +-----+-----+-----+-----+-----+-----+-----+-----+
7 |  ♙  |  ♙  |  ♙  |  ♙  |  ♙  |  ♙  |  ♙  |  ♙  |
  +-----+-----+-----+-----+-----+-----+-----+-----+
6 |     |     |     |     |     |     |     |     |
  +-----+-----+-----+-----+-----+-----+-----+-----+
5 |     |     |     |     |     |     |     |     |
  +-----+-----+-----+-----+-----+-----+-----+-----+
4 |     |     |     |     |  ♟  |     |     |     |
  +-----+-----+-----+-----+-----+-----+-----+-----+
3 |     |     |     |     |     |     |     |     |
  +-----+-----+-----+-----+-----+-----+-----+-----+
2 |  ♟  |  ♟  |  ♟  |  ♟  |     |  ♟  |  ♟  |  ♟  |
  +-----+-----+-----+-----+-----+-----+-----+-----+
1 |  ♜  |  ♞  |  ♝  |  ♛  |  ♚  |  ♝  |  ♞  |  ♜  |
  +-----+-----+-----+-----+-----+-----+-----+-----+
C'est au joueur noir de jouer
======= TEST DU COUP =======
Origine : x = 7 y = 0
Fin : x = 0 y = 0
Pas de prise en passant
Verification de la validité du coup passée !
Passage impossible !
======= TEST DU COUP =======
Origine : x = 7 y = 0
Fin : x = 0 y = 1
Pas de prise en passant
Mouvement invalide !
======= TEST DU COUP =======
Origine : x = 7 y = 0
Fin : x = 0 y = 2
Pas de prise en passant
Mouvement invalide !
======= TEST DU COUP =======
Origine : x = 7 y = 0
Fin : x = 0 y = 3
Pas de prise en passant
Mouvement invalide !
======= TEST DU COUP =======
Origine : x = 7 y = 0
Fin : x = 0 y = 4
Pas de prise en passant
Mouvement invalide !
======= TEST DU COUP =======
Origine : x = 7 y = 0
Fin : x = 0 y = 5
Pas de prise en passant
Mouvement invalide !
======= TEST DU COUP =======
Origine : x = 7 y = 0
Fin : x = 0 y = 6
Pas de prise en passant
Mouvement invalide !
======= TEST DU COUP =======
Origine : x = 7 y = 0
Fin : x = 0 y = 7
Pas de prise en passant
Mouvement invalide !
======= TEST DU COUP =======
Origine : x = 7 y = 0
Fin : x = 1 y = 0
Pas de prise en passant
Verification de la validité du coup passée !
Passage impossible !
======= TEST DU COUP =======
Origine : x = 7 y = 0
Fin : x = 1 y = 1
Pas de prise en passant
Mouvement invalide !
======= TEST DU COUP =======
Origine : x = 7 y = 0
Fin : x = 1 y = 2
Pas de prise en passant
Mouvement invalide !
======= TEST DU COUP =======
Origine : x = 7 y = 0
Fin : x = 1 y = 3
Pas de prise en passant
Mouvement invalide !
======= TEST DU COUP =======
Origine : x = 7 y = 0
Fin : x = 1 y = 4
Pas de prise en passant
Mouvement invalide !
======= TEST DU COUP =======
Origine : x = 7 y = 0
Fin : x = 1 y = 5
Pas de prise en passant
Mouvement invalide !
======= TEST DU COUP =======
Origine : x = 7 y = 0
Fin : x = 1 y = 6
Pas de prise en passant
Mouvement invalide !
======= TEST DU COUP =======
Origine : x = 7 y = 0
Fin : x = 1 y = 7
Pas de prise en passant
Mouvement invalide !
======= TEST DU COUP =======
Origine : x = 7 y = 0
Fin : x = 2 y = 0
Pas de prise en passant
Verification de la validité du coup passée !
Passage impossible !
======= TEST DU COUP =======
Origine : x = 7 y = 0
Fin : x = 2 y = 1
Pas de prise en passant
Mouvement invalide !
======= TEST DU COUP =======
Origine : x = 7 y = 0
Fin : x = 2 y = 2
Pas de prise en passant
Mouvement invalide !
======= TEST DU COUP =======
Origine : x = 7 y = 0
Fin : x = 2 y = 3
Pas de prise en passant
Mouvement invalide !
======= TEST DU COUP =======
Origine : x = 7 y = 0
Fin : x = 2 y = 4
Pas de prise en passant
Mouvement invalide !
======= TEST DU COUP =======
Origine : x = 7 y = 0
Fin : x = 2 y = 5
Pas de prise en passant
Mouvement invalide !
======= TEST DU COUP =======
Origine : x = 7 y = 0
Fin : x = 2 y = 6
Pas de prise en passant
Mouvement invalide !
======= TEST DU COUP =======
Origine : x = 7 y = 0
Fin : x = 2 y = 7
Pas de prise en passant
Mouvement invalide !
======= TEST DU COUP =======
Origine : x = 7 y = 0
Fin : x = 3 y = 0
Pas de prise en passant
Verification de la validité du coup passée !
Passage impossible !
======= TEST DU COUP =======
Origine : x = 7 y = 0
Fin : x = 3 y = 1
Pas de prise en passant
Mouvement invalide !
======= TEST DU COUP =======
Origine : x = 7 y = 0
Fin : x = 3 y = 2
Pas de prise en passant
Mouvement invalide !
======= TEST DU COUP =======
Origine : x = 7 y = 0
Fin : x = 3 y = 3
Pas de prise en passant
Mouvement invalide !
======= TEST DU COUP =======
Origine : x = 7 y = 0
Fin : x = 3 y = 4
Pas de prise en passant
Mouvement invalide !
======= TEST DU COUP =======
Origine : x = 7 y = 0
Fin : x = 3 y = 5
Pas de prise en passant
Mouvement invalide !
======= TEST DU COUP =======
Origine : x = 7 y = 0
Fin : x = 3 y = 6
Pas de prise en passant
Mouvement invalide !
======= TEST DU COUP =======
Origine : x = 7 y = 0
Fin : x = 3 y = 7
Pas de prise en passant
Mouvement invalide !
======= TEST DU COUP =======
Origine : x = 7 y = 0
Fin : x = 4 y = 0
Pas de prise en passant
Verification de la validité du coup passée !
Passage impossible !
======= TEST DU COUP =======
Origine : x = 7 y = 0
Fin : x = 4 y = 1
Pas de prise en passant
Mouvement invalide !
======= TEST DU COUP =======
Origine : x = 7 y = 0
Fin : x = 4 y = 2
Pas de prise en passant
Mouvement invalide !
======= TEST DU COUP =======
Origine : x = 7 y = 0
Fin : x = 4 y = 3
Pas de prise en passant
Mouvement invalide !
======= TEST DU COUP =======
Origine : x = 7 y = 0
Fin : x = 4 y = 4
Pas de prise en passant
Mouvement invalide !
======= TEST DU COUP =======
Origine : x = 7 y = 0
Fin : x = 4 y = 5
Pas de prise en passant
Mouvement invalide !
======= TEST DU COUP =======
Origine : x = 7 y = 0
Fin : x = 4 y = 6
Pas de prise en passant
Mouvement invalide !
======= TEST DU COUP =======
Origine : x = 7 y = 0
Fin : x = 4 y = 7
Pas de prise en passant
Mouvement invalide !
======= TEST DU COUP =======
Origine : x = 7 y = 0
Fin : x = 5 y = 0
Pas de prise en passant
Verification de la validité du coup passée !
Passage impossible !
======= TEST DU COUP =======
Origine : x = 7 y = 0
Fin : x = 5 y = 1
Pas de prise en passant
Mouvement invalide !
======= TEST DU COUP =======
Origine : x = 7 y = 0
Fin : x = 5 y = 2
Pas de prise en passant
Mouvement invalide !
======= TEST DU COUP =======
Origine : x = 7 y = 0
Fin : x = 5 y = 3
Pas de prise en passant
Mouvement invalide !
======= TEST DU COUP =======
Origine : x = 7 y = 0
Fin : x = 5 y = 4
Pas de prise en passant
Mouvement invalide !
======= TEST DU COUP =======
Origine : x = 7 y = 0
Fin : x = 5 y = 5
Pas de prise en passant
Mouvement invalide !
======= TEST DU COUP =======
Origine : x = 7 y = 0
Fin : x = 5 y = 6
Pas de prise en passant
Mouvement invalide !
======= TEST DU COUP =======
Origine : x = 7 y = 0
Fin : x = 5 y = 7
Pas de prise en passant
Mouvement invalide !
======= TEST DU COUP =======
Origine : x = 7 y = 0
Fin : x = 6 y = 0
Pas de prise en passant
La case de destination est dejà occupée par une de vos pièce !
======= TEST DU COUP =======
Origine : x = 7 y = 0
Fin : x = 6 y = 1
Pas de prise en passant
La case de destination est dejà occupée par une de vos pièce !
======= TEST DU COUP =======
Origine : x = 7 y = 0
Fin : x = 6 y = 2
Pas de prise en passant
La case de destination est dejà occupée par une de vos pièce !
======= TEST DU COUP =======
Origine : x = 7 y = 0
Fin : x = 6 y = 3
Pas de prise en passant
La case de destination est dejà occupée par une de vos pièce !
======= TEST DU COUP =======
Origine : x = 7 y = 0
Fin : x = 6 y = 4
Pas de prise en passant
La case de destination est dejà occupée par une de vos pièce !
======= TEST DU COUP =======
Origine : x = 7 y = 0
Fin : x = 6 y = 5
Pas de prise en passant
La case de destination est dejà occupée par une de vos pièce !
======= TEST DU COUP =======
Origine : x = 7 y = 0
Fin : x = 6 y = 6
Pas de prise en passant
La case de destination est dejà occupée par une de vos pièce !
======= TEST DU COUP =======
Origine : x = 7 y = 0
Fin : x = 6 y = 7
Pas de prise en passant
La case de destination est dejà occupée par une de vos pièce !
======= TEST DU COUP =======
Origine : x = 7 y = 0
Fin : x = 7 y = 0
Pas de prise en passant
La case de destination est dejà occupée par une de vos pièce !
======= TEST DU COUP =======
Origine : x = 7 y = 0
Fin : x = 7 y = 1
Pas de prise en passant
La case de destination est dejà occupée par une de vos pièce !
======= TEST DU COUP =======
Origine : x = 7 y = 0
Fin : x = 7 y = 2
Pas de prise en passant
La case de destination est dejà occupée par une de vos pièce !
======= TEST DU COUP =======
Origine : x = 7 y = 0
Fin : x = 7 y = 3
Pas de prise en passant
La case de destination est dejà occupée par une de vos pièce !
======= TEST DU COUP =======
Origine : x = 7 y = 0
Fin : x = 7 y = 4
Pas de prise en passant
La case de destination est dejà occupée par une de vos pièce !
======= TEST DU COUP =======
Origine : x = 7 y = 0
Fin : x = 7 y = 5
Pas de prise en passant
La case de destination est dejà occupée par une de vos pièce !
======= TEST DU COUP =======
Origine : x = 7 y = 0
Fin : x = 7 y = 6
Pas de prise en passant
La case de destination est dejà occupée par une de vos pièce !
======= TEST DU COUP =======
Origine : x = 7 y = 0
Fin : x = 7 y = 7
Pas de prise en passant
La case de destination est dejà occupée par une de vos pièce !
======= TEST DU COUP =======
Origine : x = 7 y = 1
Fin : x = 0 y = 0
Pas de prise en passant
Mouvement invalide !
======= TEST DU COUP =======
Origine : x = 7 y = 1
Fin : x = 0 y = 1
Pas de prise en passant
Mouvement invalide !
======= TEST DU COUP =======
Origine : x = 7 y = 1
Fin : x = 0 y = 2
Pas de prise en passant
Mouvement invalide !
======= TEST DU COUP =======
Origine : x = 7 y = 1
Fin : x = 0 y = 3
Pas de prise en passant
Mouvement invalide !
======= TEST DU COUP =======
Origine : x = 7 y = 1
Fin : x = 0 y = 4
Pas de prise en passant
Mouvement invalide !
======= TEST DU COUP =======
Origine : x = 7 y = 1
Fin : x = 0 y = 5
Pas de prise en passant
Mouvement invalide !
======= TEST DU COUP =======
Origine : x = 7 y = 1
Fin : x = 0 y = 6
Pas de prise en passant
Mouvement invalide !
======= TEST DU COUP =======
Origine : x = 7 y = 1
Fin : x = 0 y = 7
Pas de prise en passant
Mouvement invalide !
======= TEST DU COUP =======
Origine : x = 7 y = 1
Fin : x = 1 y = 0
Pas de prise en passant
Mouvement invalide !
======= TEST DU COUP =======
Origine : x = 7 y = 1
Fin : x = 1 y = 1
Pas de prise en passant
Mouvement invalide !
======= TEST DU COUP =======
Origine : x = 7 y = 1
Fin : x = 1 y = 2
Pas de prise en passant
Mouvement invalide !
======= TEST DU COUP =======
Origine : x = 7 y = 1
Fin : x = 1 y = 3
Pas de prise en passant
Mouvement invalide !
======= TEST DU COUP =======
Origine : x = 7 y = 1
Fin : x = 1 y = 4
Pas de prise en passant
Mouvement invalide !
======= TEST DU COUP =======
Origine : x = 7 y = 1
Fin : x = 1 y = 5
Pas de prise en passant
Mouvement invalide !
======= TEST DU COUP =======
Origine : x = 7 y = 1
Fin : x = 1 y = 6
Pas de prise en passant
Mouvement invalide !
======= TEST DU COUP =======
Origine : x = 7 y = 1
Fin : x = 1 y = 7
Pas de prise en passant
Mouvement invalide !
======= TEST DU COUP =======
Origine : x = 7 y = 1
Fin : x = 2 y = 0
Pas de prise en passant
Mouvement invalide !
======= TEST DU COUP =======
Origine : x = 7 y = 1
Fin : x = 2 y = 1
Pas de prise en passant
Mouvement invalide !
======= TEST DU COUP =======
Origine : x = 7 y = 1
Fin : x = 2 y = 2
Pas de prise en passant
Mouvement invalide !
======= TEST DU COUP =======
Origine : x = 7 y = 1
Fin : x = 2 y = 3
Pas de prise en passant
Mouvement invalide !
======= TEST DU COUP =======
Origine : x = 7 y = 1
Fin : x = 2 y = 4
Pas de prise en passant
Mouvement invalide !
======= TEST DU COUP =======
Origine : x = 7 y = 1
Fin : x = 2 y = 5
Pas de prise en passant
Mouvement invalide !
======= TEST DU COUP =======
Origine : x = 7 y = 1
Fin : x = 2 y = 6
Pas de prise en passant
Mouvement invalide !
======= TEST DU COUP =======
Origine : x = 7 y = 1
Fin : x = 2 y = 7
Pas de prise en passant
Mouvement invalide !
======= TEST DU COUP =======
Origine : x = 7 y = 1
Fin : x = 3 y = 0
Pas de prise en passant
Mouvement invalide !
======= TEST DU COUP =======
Origine : x = 7 y = 1
Fin : x = 3 y = 1
Pas de prise en passant
Mouvement invalide !
======= TEST DU COUP =======
Origine : x = 7 y = 1
Fin : x = 3 y = 2
Pas de prise en passant
Mouvement invalide !
======= TEST DU COUP =======
Origine : x = 7 y = 1
Fin : x = 3 y = 3
Pas de prise en passant
Mouvement invalide !
======= TEST DU COUP =======
Origine : x = 7 y = 1
Fin : x = 3 y = 4
Pas de prise en passant
Mouvement invalide !
======= TEST DU COUP =======
Origine : x = 7 y = 1
Fin : x = 3 y = 5
Pas de prise en passant
Mouvement invalide !
======= TEST DU COUP =======
Origine : x = 7 y = 1
Fin : x = 3 y = 6
Pas de prise en passant
Mouvement invalide !
======= TEST DU COUP =======
Origine : x = 7 y = 1
Fin : x = 3 y = 7
Pas de prise en passant
Mouvement invalide !
======= TEST DU COUP =======
Origine : x = 7 y = 1
Fin : x = 4 y = 0
Pas de prise en passant
Mouvement invalide !
======= TEST DU COUP =======
Origine : x = 7 y = 1
Fin : x = 4 y = 1
Pas de prise en passant
Mouvement invalide !
======= TEST DU COUP =======
Origine : x = 7 y = 1
Fin : x = 4 y = 2
Pas de prise en passant
Mouvement invalide !
======= TEST DU COUP =======
Origine : x = 7 y = 1
Fin : x = 4 y = 3
Pas de prise en passant
Mouvement invalide !
======= TEST DU COUP =======
Origine : x = 7 y = 1
Fin : x = 4 y = 4
Pas de prise en passant
Mouvement invalide !
======= TEST DU COUP =======
Origine : x = 7 y = 1
Fin : x = 4 y = 5
Pas de prise en passant
Mouvement invalide !
======= TEST DU COUP =======
Origine : x = 7 y = 1
Fin : x = 4 y = 6
Pas de prise en passant
Mouvement invalide !
======= TEST DU COUP =======
Origine : x = 7 y = 1
Fin : x = 4 y = 7
Pas de prise en passant
Mouvement invalide !
======= TEST DU COUP =======
Origine : x = 7 y = 1
Fin : x = 5 y = 0
Pas de prise en passant
Verification de la validité du coup passée !
Passage libre !
entree deplacepiece echiquier
bN
Ne met pas en echec !
Attente du coup :  mouvement classique
======= TEST DU COUP =======
Origine : x = 6 y = 4
Fin : x = 4 y = 4
Pas de prise en passant
Verification de la validité du coup passée !
Passage libre !
entree deplacepiece echiquier
bP
Ne met pas en echec !
entree deplacepiece echiquier
bP
Piece déplacée !

     a     b     c     d     e     f     g     h    
  +-----+-----+-----+-----+-----+-----+-----+-----+
8 |  ♖  |  ♘  |  ♗  |  ♕  |  ♔  |  ♗  |  ♘  |  ♖  |
  +-----+-----+-----+-----+-----+-----+-----+-----+
7 |  ♙  |  ♙  |  ♙  |  ♙  |     |  ♙  |  ♙  |  ♙  |
  +-----+-----+-----+-----+-----+-----+-----+-----+
6 |     |     |     |     |     |     |     |     |
  +-----+-----+-----+-----+-----+-----+-----+-----+
5 |     |     |     |     |  ♙  |     |     |     |
  +-----+-----+-----+-----+-----+-----+-----+-----+
4 |     |     |     |     |  ♟  |     |     |     |
  +-----+-----+-----+-----+-----+-----+-----+-----+
3 |     |     |     |     |     |     |     |     |
  +-----+-----+-----+-----+-----+-----+-----+-----+
2 |  ♟  |  ♟  |  ♟  |  ♟  |     |  ♟  |  ♟  |  ♟  |
  +-----+-----+-----+-----+-----+-----+-----+-----+
1 |  ♜  |  ♞  |  ♝  |  ♛  |  ♚  |  ♝  |  ♞  |  ♜  |
  +-----+-----+-----+-----+-----+-----+-----+-----+
C'est au joueur blanc de jouer
======= TEST DU COUP =======
Origine : x = 0 y = 0
Fin : x = 0 y = 0
Pas de prise en passant
La case de destination est dejà occupée par une de vos pièce !
======= TEST DU COUP =======
Origine : x = 0 y = 0
Fin : x = 0 y = 1
Pas de prise en passant
La case de destination est dejà occupée par une de vos pièce !
======= TEST DU COUP =======
Origine : x = 0 y = 0
Fin : x = 0 y = 2
Pas de prise en passant
La case de destination est dejà occupée par une de vos pièce !
======= TEST DU COUP =======
Origine : x = 0 y = 0
Fin : x = 0 y = 3
Pas de prise en passant
La case de destination est dejà occupée par une de vos pièce !
======= TEST DU COUP =======
Origine : x = 0 y = 0
Fin : x = 0 y = 4
Pas de prise en passant
La case de destination est dejà occupée par une de vos pièce !
======= TEST DU COUP =======
Origine : x = 0 y = 0
Fin : x = 0 y = 5
Pas de prise en passant
La case de destination est dejà occupée par une de vos pièce !
======= TEST DU COUP =======
Origine : x = 0 y = 0
Fin : x = 0 y = 6
Pas de prise en passant
La case de destination est dejà occupée par une de vos pièce !
======= TEST DU COUP =======
Origine : x = 0 y = 0
Fin : x = 0 y = 7
Pas de prise en passant
La case de destination est dejà occupée par une de vos pièce !
======= TEST DU COUP =======
Origine : x = 0 y = 0
Fin : x = 1 y = 0
Pas de prise en passant
La case de destination est dejà occupée par une de vos pièce !
======= TEST DU COUP =======
Origine : x = 0 y = 0
Fin : x = 1 y = 1
Pas de prise en passant
La case de destination est dejà occupée par une de vos pièce !
======= TEST DU COUP =======
Origine : x = 0 y = 0
Fin : x = 1 y = 2
Pas de prise en passant
La case de destination est dejà occupée par une de vos pièce !
======= TEST DU COUP =======
Origine : x = 0 y = 0
Fin : x = 1 y = 3
Pas de prise en passant
La case de destination est dejà occupée par une de vos pièce !
======= TEST DU COUP =======
Origine : x = 0 y = 0
Fin : x = 1 y = 4
Pas de prise en passant
Mouvement invalide !
======= TEST DU COUP =======
Origine : x = 0 y = 0
Fin : x = 1 y = 5
Pas de prise en passant
La case de destination est dejà occupée par une de vos pièce !
======= TEST DU COUP =======
Origine : x = 0 y = 0
Fin : x = 1 y = 6
Pas de prise en passant
La case de destination est dejà occupée par une de vos pièce !
======= TEST DU COUP =======
Origine : x = 0 y = 0
Fin : x = 1 y = 7
Pas de prise en passant
La case de destination est dejà occupée par une de vos pièce !
======= TEST DU COUP =======
Origine : x = 0 y = 0
Fin : x = 2 y = 0
Pas de prise en passant
Verification de la validité du coup passée !
Passage impossible !
======= TEST DU COUP =======
Origine : x = 0 y = 0
Fin : x = 2 y = 1
Pas de prise en passant
Mouvement invalide !
======= TEST DU COUP =======
Origine : x = 0 y = 0
Fin : x = 2 y = 2
Pas de prise en passant
Mouvement invalide !
======= TEST DU COUP =======
Origine : x = 0 y = 0
Fin : x = 2 y = 3
Pas de prise en passant
Mouvement invalide !
======= TEST DU COUP =======
Origine : x = 0 y = 0
Fin : x = 2 y = 4
Pas de prise en passant
Mouvement invalide !
======= TEST DU COUP =======
Origine : x = 0 y = 0
Fin : x = 2 y = 5
Pas de prise en passant
Mouvement invalide !
======= TEST DU COUP =======
Origine : x = 0 y = 0
Fin : x = 2 y = 6
Pas de prise en passant
Mouvement invalide !
======= TEST DU COUP =======
Origine : x = 0 y = 0
Fin : x = 2 y = 7
Pas de prise en passant
Mouvement invalide !
======= TEST DU COUP =======
Origine : x = 0 y = 0
Fin : x = 3 y = 0
Pas de prise en passant
Verification de la validité du coup passée !
Passage impossible !
======= TEST DU COUP =======
Origine : x = 0 y = 0
Fin : x = 3 y = 1
Pas de prise en passant
Mouvement invalide !
======= TEST DU COUP =======
Origine : x = 0 y = 0
Fin : x = 3 y = 2
Pas de prise en passant
Mouvement invalide !
======= TEST DU COUP =======
Origine : x = 0 y = 0
Fin : x = 3 y = 3
Pas de prise en passant
Mouvement invalide !
======= TEST DU COUP =======
Origine : x = 0 y = 0
Fin : x = 3 y = 4
Pas de prise en passant
La case de destination est dejà occupée par une de vos pièce !
======= TEST DU COUP =======
Origine : x = 0 y = 0
Fin : x = 3 y = 5
Pas de prise en passant
Mouvement invalide !
======= TEST DU COUP =======
Origine : x = 0 y = 0
Fin : x = 3 y = 6
Pas de prise en passant
Mouvement invalide !
======= TEST DU COUP =======
Origine : x = 0 y = 0
Fin : x = 3 y = 7
Pas de prise en passant
Mouvement invalide !
======= TEST DU COUP =======
Origine : x = 0 y = 0
Fin : x = 4 y = 0
Pas de prise en passant
Verification de la validité du coup passée !
Passage impossible !
======= TEST DU COUP =======
Origine : x = 0 y = 0
Fin : x = 4 y = 1
Pas de prise en passant
Mouvement invalide !
======= TEST DU COUP =======
Origine : x = 0 y = 0
Fin : x = 4 y = 2
Pas de prise en passant
Mouvement invalide !
======= TEST DU COUP =======
Origine : x = 0 y = 0
Fin : x = 4 y = 3
Pas de prise en passant
Mouvement invalide !
======= TEST DU COUP =======
Origine : x = 0 y = 0
Fin : x = 4 y = 4
Pas de prise en passant
Mouvement invalide !
======= TEST DU COUP =======
Origine : x = 0 y = 0
Fin : x = 4 y = 5
Pas de prise en passant
Mouvement invalide !
======= TEST DU COUP =======
Origine : x = 0 y = 0
Fin : x = 4 y = 6
Pas de prise en passant
Mouvement invalide !
======= TEST DU COUP =======
Origine : x = 0 y = 0
Fin : x = 4 y = 7
Pas de prise en passant
Mouvement invalide !
======= TEST DU COUP =======
Origine : x = 0 y = 0
Fin : x = 5 y = 0
Pas de prise en passant
Verification de la validité du coup passée !
Passage impossible !
======= TEST DU COUP =======
Origine : x = 0 y = 0
Fin : x = 5 y = 1
Pas de prise en passant
Mouvement invalide !
======= TEST DU COUP =======
Origine : x = 0 y = 0
Fin : x = 5 y = 2
Pas de prise en passant
Mouvement invalide !
======= TEST DU COUP =======
Origine : x = 0 y = 0
Fin : x = 5 y = 3
Pas de prise en passant
Mouvement invalide !
======= TEST DU COUP =======
Origine : x = 0 y = 0
Fin : x = 5 y = 4
Pas de prise en passant
Mouvement invalide !
======= TEST DU COUP =======
Origine : x = 0 y = 0
Fin : x = 5 y = 5
Pas de prise en passant
Mouvement invalide !
======= TEST DU COUP =======
Origine : x = 0 y = 0
Fin : x = 5 y = 6
Pas de prise en passant
Mouvement invalide !
======= TEST DU COUP =======
Origine : x = 0 y = 0
Fin : x = 5 y = 7
Pas de prise en passant
Mouvement invalide !
======= TEST DU COUP =======
Origine : x = 0 y = 0
Fin : x = 6 y = 0
Pas de prise en passant
Verification de la validité du coup passée !
Passage impossible !
======= TEST DU COUP =======
Origine : x = 0 y = 0
Fin : x = 6 y = 1
Pas de prise en passant
Mouvement invalide !
======= TEST DU COUP =======
Origine : x = 0 y = 0
Fin : x = 6 y = 2
Pas de prise en passant
Mouvement invalide !
======= TEST DU COUP =======
Origine : x = 0 y = 0
Fin : x = 6 y = 3
Pas de prise en passant
Mouvement invalide !
======= TEST DU COUP =======
Origine : x = 0 y = 0
Fin : x = 6 y = 4
Pas de prise en passant
Mouvement invalide !
======= TEST DU COUP =======
Origine : x = 0 y = 0
Fin : x = 6 y = 5
Pas de prise en passant
Mouvement invalide !
======= TEST DU COUP =======
Origine : x = 0 y = 0
Fin : x = 6 y = 6
Pas de prise en passant
Mouvement invalide !
======= TEST DU COUP =======
Origine : x = 0 y = 0
Fin : x = 6 y = 7
Pas de prise en passant
Mouvement invalide !
======= TEST DU COUP =======
Origine : x = 0 y = 0
Fin : x = 7 y = 0
Pas de prise en passant
Verification de la validité du coup passée !
Passage impossible !
======= TEST DU COUP =======
Origine : x = 0 y = 0
Fin : x = 7 y = 1
Pas de prise en passant
Mouvement invalide !
======= TEST DU COUP =======
Origine : x = 0 y = 0
Fin : x = 7 y = 2
Pas de prise en passant
Mouvement invalide !
======= TEST DU COUP =======
Origine : x = 0 y = 0
Fin : x = 7 y = 3
Pas de prise en passant
Mouvement invalide !
======= TEST DU COUP =======
Origine : x = 0 y = 0
Fin : x = 7 y = 4
Pas de prise en passant
Mouvement invalide !
======= TEST DU COUP =======
Origine : x = 0 y = 0
Fin : x = 7 y = 5
Pas de prise en passant
Mouvement invalide !
======= TEST DU COUP =======
Origine : x = 0 y = 0
Fin : x = 7 y = 6
Pas de prise en passant
Mouvement invalide !
======= TEST DU COUP =======
Origine : x = 0 y = 0
Fin : x = 7 y = 7
Pas de prise en passant
Mouvement invalide !
======= TEST DU COUP =======
Origine : x = 0 y = 1
Fin : x = 0 y = 0
Pas de prise en passant
La case de destination est dejà occupée par une de vos pièce !
======= TEST DU COUP =======
Origine : x = 0 y = 1
Fin : x = 0 y = 1
Pas de prise en passant
La case de destination est dejà occupée par une de vos pièce !
======= TEST DU COUP =======
Origine : x = 0 y = 1
Fin : x = 0 y = 2
Pas de prise en passant
La case de destination est dejà occupée par une de vos pièce !
======= TEST DU COUP =======
Origine : x = 0 y = 1
Fin : x = 0 y = 3
Pas de prise en passant
La case de destination est dejà occupée par une de vos pièce !
======= TEST DU COUP =======
Origine : x = 0 y = 1
Fin : x = 0 y = 4
Pas de prise en passant
La case de destination est dejà occupée par une de vos pièce !
======= TEST DU COUP =======
Origine : x = 0 y = 1
Fin : x = 0 y = 5
Pas de prise en passant
La case de destination est dejà occupée par une de vos pièce !
======= TEST DU COUP =======
Origine : x = 0 y = 1
Fin : x = 0 y = 6
Pas de prise en passant
La case de destination est dejà occupée par une de vos pièce !
======= TEST DU COUP =======
Origine : x = 0 y = 1
Fin : x = 0 y = 7
Pas de prise en passant
La case de destination est dejà occupée par une de vos pièce !
======= TEST DU COUP =======
Origine : x = 0 y = 1
Fin : x = 1 y = 0
Pas de prise en passant
La case de destination est dejà occupée par une de vos pièce !
======= TEST DU COUP =======
Origine : x = 0 y = 1
Fin : x = 1 y = 1
Pas de prise en passant
La case de destination est dejà occupée par une de vos pièce !
======= TEST DU COUP =======
Origine : x = 0 y = 1
Fin : x = 1 y = 2
Pas de prise en passant
La case de destination est dejà occupée par une de vos pièce !
======= TEST DU COUP =======
Origine : x = 0 y = 1
Fin : x = 1 y = 3
Pas de prise en passant
La case de destination est dejà occupée par une de vos pièce !
======= TEST DU COUP =======
Origine : x = 0 y = 1
Fin : x = 1 y = 4
Pas de prise en passant
Mouvement invalide !
======= TEST DU COUP =======
Origine : x = 0 y = 1
Fin : x = 1 y = 5
Pas de prise en passant
La case de destination est dejà occupée par une de vos pièce !
======= TEST DU COUP =======
Origine : x = 0 y = 1
Fin : x = 1 y = 6
Pas de prise en passant
La case de destination est dejà occupée par une de vos pièce !
======= TEST DU COUP =======
Origine : x = 0 y = 1
Fin : x = 1 y = 7
Pas de prise en passant
La case de destination est dejà occupée par une de vos pièce !
======= TEST DU COUP =======
Origine : x = 0 y = 1
Fin : x = 2 y = 0
Pas de prise en passant
Verification de la validité du coup passée !
Passage libre !
entree deplacepiece echiquier
wN
Ne met pas en echec !
Attente du coup :  mouvement classique
======= TEST DU COUP =======
Origine : x = 1 y = 5
Fin : x = 3 y = 5
Pas de prise en passant
Verification de la validité du coup passée !
Passage libre !
entree deplacepiece echiquier
wP
Ne met pas en echec !
entree deplacepiece echiquier
wP
Piece déplacée !

     a     b     c     d     e     f     g     h    
  +-----+-----+-----+-----+-----+-----+-----+-----+
8 |  ♖  |  ♘  |  ♗  |  ♕  |  ♔  |  ♗  |  ♘  |  ♖  |
  +-----+-----+-----+-----+-----+-----+-----+-----+
7 |  ♙  |  ♙  |  ♙  |  ♙  |     |  ♙  |  ♙  |  ♙  |
  +-----+-----+-----+-----+-----+-----+-----+-----+
6 |     |     |     |     |     |     |     |     |
  +-----+-----+-----+-----+-----+-----+-----+-----+
5 |     |     |     |     |  ♙  |     |     |     |
  +-----+-----+-----+-----+-----+-----+-----+-----+
4 |     |     |     |     |  ♟  |  ♟  |     |     |
  +-----+-----+-----+-----+-----+-----+-----+-----+
3 |     |     |     |     |     |     |     |     |
  +-----+-----+-----+-----+-----+-----+-----+-----+
2 |  ♟  |  ♟  |  ♟  |  ♟  |     |     |  ♟  |  ♟  |
  +-----+-----+-----+-----+-----+-----+-----+-----+
1 |  ♜  |  ♞  |  ♝  |  ♛  |  ♚  |  ♝  |  ♞  |  ♜  |
  +-----+-----+-----+-----+-----+-----+-----+-----+
C'est au joueur noir de jouer
======= TEST DU COUP =======
Origine : x = 7 y = 0
Fin : x = 0 y = 0
Pas de prise en passant
Verification de la validité du coup passée !
Passage impossible !
======= TEST DU COUP =======
Origine : x = 7 y = 0
Fin : x = 0 y = 1
Pas de prise en passant
Mouvement invalide !
======= TEST DU COUP =======
Origine : x = 7 y = 0
Fin : x = 0 y = 2
Pas de prise en passant
Mouvement invalide !
======= TEST DU COUP =======
Origine : x = 7 y = 0
Fin : x = 0 y = 3
Pas de prise en passant
Mouvement invalide !
======= TEST DU COUP =======
Origine : x = 7 y = 0
Fin : x = 0 y = 4
Pas de prise en passant
Mouvement invalide !
======= TEST DU COUP =======
Origine : x = 7 y = 0
Fin : x = 0 y = 5
Pas de prise en passant
Mouvement invalide !
======= TEST DU COUP =======
Origine : x = 7 y = 0
Fin : x = 0 y = 6
Pas de prise en passant
Mouvement invalide !
======= TEST DU COUP =======
Origine : x = 7 y = 0
Fin : x = 0 y = 7
Pas de prise en passant
Mouvement invalide !
======= TEST DU COUP =======
Origine : x = 7 y = 0
Fin : x = 1 y = 0
Pas de prise en passant
Verification de la validité du coup passée !
Passage impossible !
======= TEST DU COUP =======
Origine : x = 7 y = 0
Fin : x = 1 y = 1
Pas de prise en passant
Mouvement invalide !
======= TEST DU COUP =======
Origine : x = 7 y = 0
Fin : x = 1 y = 2
Pas de prise en passant
Mouvement invalide !
======= TEST DU COUP =======
Origine : x = 7 y = 0
Fin : x = 1 y = 3
Pas de prise en passant
Mouvement invalide !
======= TEST DU COUP =======
Origine : x = 7 y = 0
Fin : x = 1 y = 4
Pas de prise en passant
Mouvement invalide !
======= TEST DU COUP =======
Origine : x = 7 y = 0
Fin : x = 1 y = 5
Pas de prise en passant
Mouvement invalide !
======= TEST DU COUP =======
Origine : x = 7 y = 0
Fin : x = 1 y = 6
Pas de prise en passant
Mouvement invalide !
======= TEST DU COUP =======
Origine : x = 7 y = 0
Fin : x = 1 y = 7
Pas de prise en passant
Mouvement invalide !
======= TEST DU COUP =======
Origine : x = 7 y = 0
Fin : x = 2 y = 0
Pas de prise en passant
Verification de la validité du coup passée !
Passage impossible !
======= TEST DU COUP =======
Origine : x = 7 y = 0
Fin : x = 2 y = 1
Pas de prise en passant
Mouvement invalide !
======= TEST DU COUP =======
Origine : x = 7 y = 0
Fin : x = 2 y = 2
Pas de prise en passant
Mouvement invalide !
======= TEST DU COUP =======
Origine : x = 7 y = 0
Fin : x = 2 y = 3
Pas de prise en passant
Mouvement invalide !
======= TEST DU COUP =======
Origine : x = 7 y = 0
Fin : x = 2 y = 4
Pas de prise en passant
Mouvement invalide !
======= TEST DU COUP =======
Origine : x = 7 y = 0
Fin : x = 2 y = 5
Pas de prise en passant
Mouvement invalide !
======= TEST DU COUP =======
Origine : x = 7 y = 0
Fin : x = 2 y = 6
Pas de prise en passant
Mouvement invalide !
======= TEST DU COUP =======
Origine : x = 7 y = 0
Fin : x = 2 y = 7
Pas de prise en passant
Mouvement invalide !
======= TEST DU COUP =======
Origine : x = 7 y = 0
Fin : x = 3 y = 0
Pas de prise en passant
Verification de la validité du coup passée !
Passage impossible !
======= TEST DU COUP =======
Origine : x = 7 y = 0
Fin : x = 3 y = 1
Pas de prise en passant
Mouvement invalide !
======= TEST DU COUP =======
Origine : x = 7 y = 0
Fin : x = 3 y = 2
Pas de prise en passant
Mouvement invalide !
======= TEST DU COUP =======
Origine : x = 7 y = 0
Fin : x = 3 y = 3
Pas de prise en passant
Mouvement invalide !
======= TEST DU COUP =======
Origine : x = 7 y = 0
Fin : x = 3 y = 4
Pas de prise en passant
Mouvement invalide !
======= TEST DU COUP =======
Origine : x = 7 y = 0
Fin : x = 3 y = 5
Pas de prise en passant
Mouvement invalide !
======= TEST DU COUP =======
Origine : x = 7 y = 0
Fin : x = 3 y = 6
Pas de prise en passant
Mouvement invalide !
======= TEST DU COUP =======
Origine : x = 7 y = 0
Fin : x = 3 y = 7
Pas de prise en passant
Mouvement invalide !
======= TEST DU COUP =======
Origine : x = 7 y = 0
Fin : x = 4 y = 0
Pas de prise en passant
Verification de la validité du coup passée !
Passage impossible !
======= TEST DU COUP =======
Origine : x = 7 y = 0
Fin : x = 4 y = 1
Pas de prise en passant
Mouvement invalide !
======= TEST DU COUP =======
Origine : x = 7 y = 0
Fin : x = 4 y = 2
Pas de prise en passant
Mouvement invalide !
======= TEST DU COUP =======
Origine : x = 7 y = 0
Fin : x = 4 y = 3
Pas de prise en passant
Mouvement invalide !
======= TEST DU COUP =======
Origine : x = 7 y = 0
Fin : x = 4 y = 4
Pas de prise en passant
La case de destination est dejà occupée par une de vos pièce !
======= TEST DU COUP =======
Origine : x = 7 y = 0
Fin : x = 4 y = 5
Pas de prise en passant
Mouvement invalide !
======= TEST DU COUP =======
Origine : x = 7 y = 0
Fin : x = 4 y = 6
Pas de prise en passant
Mouvement invalide !
======= TEST DU COUP =======
Origine : x = 7 y = 0
Fin : x = 4 y = 7
Pas de prise en passant
Mouvement invalide !
======= TEST DU COUP =======
Origine : x = 7 y = 0
Fin : x = 5 y = 0
Pas de prise en passant
Verification de la validité du coup passée !
Passage impossible !
======= TEST DU COUP =======
Origine : x = 7 y = 0
Fin : x = 5 y = 1
Pas de prise en passant
Mouvement invalide !
======= TEST DU COUP =======
Origine : x = 7 y = 0
Fin : x = 5 y = 2
Pas de prise en passant
Mouvement invalide !
======= TEST DU COUP =======
Origine : x = 7 y = 0
Fin : x = 5 y = 3
Pas de prise en passant
Mouvement invalide !
======= TEST DU COUP =======
Origine : x = 7 y = 0
Fin : x = 5 y = 4
Pas de prise en passant
Mouvement invalide !
======= TEST DU COUP =======
Origine : x = 7 y = 0
Fin : x = 5 y = 5
Pas de prise en passant
Mouvement invalide !
======= TEST DU COUP =======
Origine : x = 7 y = 0
Fin : x = 5 y = 6
Pas de prise en passant
Mouvement invalide !
======= TEST DU COUP =======
Origine : x = 7 y = 0
Fin : x = 5 y = 7
Pas de prise en passant
Mouvement invalide !
======= TEST DU COUP =======
Origine : x = 7 y = 0
Fin : x = 6 y = 0
Pas de prise en passant
La case de destination est dejà occupée par une de vos pièce !
======= TEST DU COUP =======
Origine : x = 7 y = 0
Fin : x = 6 y = 1
Pas de prise en passant
La case de destination est dejà occupée par une de vos pièce !
======= TEST DU COUP =======
Origine : x = 7 y = 0
Fin : x = 6 y = 2
Pas de prise en passant
La case de destination est dejà occupée par une de vos pièce !
======= TEST DU COUP =======
Origine : x = 7 y = 0
Fin : x = 6 y = 3
Pas de prise en passant
La case de destination est dejà occupée par une de vos pièce !
======= TEST DU COUP =======
Origine : x = 7 y = 0
Fin : x = 6 y = 4
Pas de prise en passant
Mouvement invalide !
======= TEST DU COUP =======
Origine : x = 7 y = 0
Fin : x = 6 y = 5
Pas de prise en passant
La case de destination est dejà occupée par une de vos pièce !
======= TEST DU COUP =======
Origine : x = 7 y = 0
Fin : x = 6 y = 6
Pas de prise en passant
La case de destination est dejà occupée par une de vos pièce !
======= TEST DU COUP =======
Origine : x = 7 y = 0
Fin : x = 6 y = 7
Pas de prise en passant
La case de destination est dejà occupée par une de vos pièce !
======= TEST DU COUP =======
Origine : x = 7 y = 0
Fin : x = 7 y = 0
Pas de prise en passant
La case de destination est dejà occupée par une de vos pièce !
======= TEST DU COUP =======
Origine : x = 7 y = 0
Fin : x = 7 y = 1
Pas de prise en passant
La case de destination est dejà occupée par une de vos pièce !
======= TEST DU COUP =======
Origine : x = 7 y = 0
Fin : x = 7 y = 2
Pas de prise en passant
La case de destination est dejà occupée par une de vos pièce !
======= TEST DU COUP =======
Origine : x = 7 y = 0
Fin : x = 7 y = 3
Pas de prise en passant
La case de destination est dejà occupée par une de vos pièce !
======= TEST DU COUP =======
Origine : x = 7 y = 0
Fin : x = 7 y = 4
Pas de prise en passant
La case de destination est dejà occupée par une de vos pièce !
======= TEST DU COUP =======
Origine : x = 7 y = 0
Fin : x = 7 y = 5
Pas de prise en passant
La case de destination est dejà occupée par une de vos pièce !
======= TEST DU COUP =======
Origine : x = 7 y = 0
Fin : x = 7 y = 6
Pas de prise en passant
La case de destination est dejà occupée par une de vos pièce !
======= TEST DU COUP =======
Origine : x = 7 y = 0
Fin : x = 7 y = 7
Pas de prise en passant
La case de destination est dejà occupée par une de vos pièce !
======= TEST DU COUP =======
Origine : x = 7 y = 1
Fin : x = 0 y = 0
Pas de prise en passant
Mouvement invalide !
======= TEST DU COUP =======
Origine : x = 7 y = 1
Fin : x = 0 y = 1
Pas de prise en passant
Mouvement invalide !
======= TEST DU COUP =======
Origine : x = 7 y = 1
Fin : x = 0 y = 2
Pas de prise en passant
Mouvement invalide !
======= TEST DU COUP =======
Origine : x = 7 y = 1
Fin : x = 0 y = 3
Pas de prise en passant
Mouvement invalide !
======= TEST DU COUP =======
Origine : x = 7 y = 1
Fin : x = 0 y = 4
Pas de prise en passant
Mouvement invalide !
======= TEST DU COUP =======
Origine : x = 7 y = 1
Fin : x = 0 y = 5
Pas de prise en passant
Mouvement invalide !
======= TEST DU COUP =======
Origine : x = 7 y = 1
Fin : x = 0 y = 6
Pas de prise en passant
Mouvement invalide !
======= TEST DU COUP =======
Origine : x = 7 y = 1
Fin : x = 0 y = 7
Pas de prise en passant
Mouvement invalide !
======= TEST DU COUP =======
Origine : x = 7 y = 1
Fin : x = 1 y = 0
Pas de prise en passant
Mouvement invalide !
======= TEST DU COUP =======
Origine : x = 7 y = 1
Fin : x = 1 y = 1
Pas de prise en passant
Mouvement invalide !
======= TEST DU COUP =======
Origine : x = 7 y = 1
Fin : x = 1 y = 2
Pas de prise en passant
Mouvement invalide !
======= TEST DU COUP =======
Origine : x = 7 y = 1
Fin : x = 1 y = 3
Pas de prise en passant
Mouvement invalide !
======= TEST DU COUP =======
Origine : x = 7 y = 1
Fin : x = 1 y = 4
Pas de prise en passant
Mouvement invalide !
======= TEST DU COUP =======
Origine : x = 7 y = 1
Fin : x = 1 y = 5
Pas de prise en passant
Mouvement invalide !
======= TEST DU COUP =======
Origine : x = 7 y = 1
Fin : x = 1 y = 6
Pas de prise en passant
Mouvement invalide !
======= TEST DU COUP =======
Origine : x = 7 y = 1
Fin : x = 1 y = 7
Pas de prise en passant
Mouvement invalide !
======= TEST DU COUP =======
Origine : x = 7 y = 1
Fin : x = 2 y = 0
Pas de prise en passant
Mouvement invalide !
======= TEST DU COUP =======
Origine : x = 7 y = 1
Fin : x = 2 y = 1
Pas de prise en passant
Mouvement invalide !
======= TEST DU COUP =======
Origine : x = 7 y = 1
Fin : x = 2 y = 2
Pas de prise en passant
Mouvement invalide !
======= TEST DU COUP =======
Origine : x = 7 y = 1
Fin : x = 2 y = 3
Pas de prise en passant
Mouvement invalide !
======= TEST DU COUP =======
Origine : x = 7 y = 1
Fin : x = 2 y = 4
Pas de prise en passant
Mouvement invalide !
======= TEST DU COUP =======
Origine : x = 7 y = 1
Fin : x = 2 y = 5
Pas de prise en passant
Mouvement invalide !
======= TEST DU COUP =======
Origine : x = 7 y = 1
Fin : x = 2 y = 6
Pas de prise en passant
Mouvement invalide !
======= TEST DU COUP =======
Origine : x = 7 y = 1
Fin : x = 2 y = 7
Pas de prise en passant
Mouvement invalide !
======= TEST DU COUP =======
Origine : x = 7 y = 1
Fin : x = 3 y = 0
Pas de prise en passant
Mouvement invalide !
======= TEST DU COUP =======
Origine : x = 7 y = 1
Fin : x = 3 y = 1
Pas de prise en passant
Mouvement invalide !
======= TEST DU COUP =======
Origine : x = 7 y = 1
Fin : x = 3 y = 2
Pas de prise en passant
Mouvement invalide !
======= TEST DU COUP =======
Origine : x = 7 y = 1
Fin : x = 3 y = 3
Pas de prise en passant
Mouvement invalide !
======= TEST DU COUP =======
Origine : x = 7 y = 1
Fin : x = 3 y = 4
Pas de prise en passant
Mouvement invalide !
======= TEST DU COUP =======
Origine : x = 7 y = 1
Fin : x = 3 y = 5
Pas de prise en passant
Mouvement invalide !
======= TEST DU COUP =======
Origine : x = 7 y = 1
Fin : x = 3 y = 6
Pas de prise en passant
Mouvement invalide !
======= TEST DU COUP =======
Origine : x = 7 y = 1
Fin : x = 3 y = 7
Pas de prise en passant
Mouvement invalide !
======= TEST DU COUP =======
Origine : x = 7 y = 1
Fin : x = 4 y = 0
Pas de prise en passant
Mouvement invalide !
======= TEST DU COUP =======
Origine : x = 7 y = 1
Fin : x = 4 y = 1
Pas de prise en passant
Mouvement invalide !
======= TEST DU COUP =======
Origine : x = 7 y = 1
Fin : x = 4 y = 2
Pas de prise en passant
Mouvement invalide !
======= TEST DU COUP =======
Origine : x = 7 y = 1
Fin : x = 4 y = 3
Pas de prise en passant
Mouvement invalide !
======= TEST DU COUP =======
Origine : x = 7 y = 1
Fin : x = 4 y = 4
Pas de prise en passant
La case de destination est dejà occupée par une de vos pièce !
======= TEST DU COUP =======
Origine : x = 7 y = 1
Fin : x = 4 y = 5
Pas de prise en passant
Mouvement invalide !
======= TEST DU COUP =======
Origine : x = 7 y = 1
Fin : x = 4 y = 6
Pas de prise en passant
Mouvement invalide !
======= TEST DU COUP =======
Origine : x = 7 y = 1
Fin : x = 4 y = 7
Pas de prise en passant
Mouvement invalide !
======= TEST DU COUP =======
Origine : x = 7 y = 1
Fin : x = 5 y = 0
Pas de prise en passant
Verification de la validité du coup passée !
Passage libre !
entree deplacepiece echiquier
bN
Ne met pas en echec !
Attente du coup :  mouvement classique
======= TEST DU COUP =======
Origine : x = 6 y = 3
Fin : x = 4 y = 3
Pas de prise en passant
Verification de la validité du coup passée !
Passage libre !
entree deplacepiece echiquier
bP
Ne met pas en echec !
entree deplacepiece echiquier
bP
Piece déplacée !

     a     b     c     d     e     f     g     h    
  +-----+-----+-----+-----+-----+-----+-----+-----+
8 |  ♖  |  ♘  |  ♗  |  ♕  |  ♔  |  ♗  |  ♘  |  ♖  |
  +-----+-----+-----+-----+-----+-----+-----+-----+
7 |  ♙  |  ♙  |  ♙  |     |     |  ♙  |  ♙  |  ♙  |
  +-----+-----+-----+-----+-----+-----+-----+-----+
6 |     |     |     |     |     |     |     |     |
  +-----+-----+-----+-----+-----+-----+-----+-----+
5 |     |     |     |  ♙  |  ♙  |     |     |     |
  +-----+-----+-----+-----+-----+-----+-----+-----+
4 |     |     |     |     |  ♟  |  ♟  |     |     |
  +-----+-----+-----+-----+-----+-----+-----+-----+
3 |     |     |     |     |     |     |     |     |
  +-----+-----+-----+-----+-----+-----+-----+-----+
2 |  ♟  |  ♟  |  ♟  |  ♟  |     |     |  ♟  |  ♟  |
  +-----+-----+-----+-----+-----+-----+-----+-----+
1 |  ♜  |  ♞  |  ♝  |  ♛  |  ♚  |  ♝  |  ♞  |  ♜  |
  +-----+-----+-----+-----+-----+-----+-----+-----+
C'est au joueur blanc de jouer
======= TEST DU COUP =======
Origine : x = 0 y = 0
Fin : x = 0 y = 0
Pas de prise en passant
La case de destination est dejà occupée par une de vos pièce !
======= TEST DU COUP =======
Origine : x = 0 y = 0
Fin : x = 0 y = 1
Pas de prise en passant
La case de destination est dejà occupée par une de vos pièce !
======= TEST DU COUP =======
Origine : x = 0 y = 0
Fin : x = 0 y = 2
Pas de prise en passant
La case de destination est dejà occupée par une de vos pièce !
======= TEST DU COUP =======
Origine : x = 0 y = 0
Fin : x = 0 y = 3
Pas de prise en passant
La case de destination est dejà occupée par une de vos pièce !
======= TEST DU COUP =======
Origine : x = 0 y = 0
Fin : x = 0 y = 4
Pas de prise en passant
La case de destination est dejà occupée par une de vos pièce !
======= TEST DU COUP =======
Origine : x = 0 y = 0
Fin : x = 0 y = 5
Pas de prise en passant
La case de destination est dejà occupée par une de vos pièce !
======= TEST DU COUP =======
Origine : x = 0 y = 0
Fin : x = 0 y = 6
Pas de prise en passant
La case de destination est dejà occupée par une de vos pièce !
======= TEST DU COUP =======
Origine : x = 0 y = 0
Fin : x = 0 y = 7
Pas de prise en passant
La case de destination est dejà occupée par une de vos pièce !
======= TEST DU COUP =======
Origine : x = 0 y = 0
Fin : x = 1 y = 0
Pas de prise en passant
La case de destination est dejà occupée par une de vos pièce !
======= TEST DU COUP =======
Origine : x = 0 y = 0
Fin : x = 1 y = 1
Pas de prise en passant
La case de destination est dejà occupée par une de vos pièce !
======= TEST DU COUP =======
Origine : x = 0 y = 0
Fin : x = 1 y = 2
Pas de prise en passant
La case de destination est dejà occupée par une de vos pièce !
======= TEST DU COUP =======
Origine : x = 0 y = 0
Fin : x = 1 y = 3
Pas de prise en passant
La case de destination est dejà occupée par une de vos pièce !
======= TEST DU COUP =======
Origine : x = 0 y = 0
Fin : x = 1 y = 4
Pas de prise en passant
Mouvement invalide !
======= TEST DU COUP =======
Origine : x = 0 y = 0
Fin : x = 1 y = 5
Pas de prise en passant
Mouvement invalide !
======= TEST DU COUP =======
Origine : x = 0 y = 0
Fin : x = 1 y = 6
Pas de prise en passant
La case de destination est dejà occupée par une de vos pièce !
======= TEST DU COUP =======
Origine : x = 0 y = 0
Fin : x = 1 y = 7
Pas de prise en passant
La case de destination est dejà occupée par une de vos pièce !
======= TEST DU COUP =======
Origine : x = 0 y = 0
Fin : x = 2 y = 0
Pas de prise en passant
Verification de la validité du coup passée !
Passage impossible !
======= TEST DU COUP =======
Origine : x = 0 y = 0
Fin : x = 2 y = 1
Pas de prise en passant
Mouvement invalide !
======= TEST DU COUP =======
Origine : x = 0 y = 0
Fin : x = 2 y = 2
Pas de prise en passant
Mouvement invalide !
======= TEST DU COUP =======
Origine : x = 0 y = 0
Fin : x = 2 y = 3
Pas de prise en passant
Mouvement invalide !
======= TEST DU COUP =======
Origine : x = 0 y = 0
Fin : x = 2 y = 4
Pas de prise en passant
Mouvement invalide !
======= TEST DU COUP =======
Origine : x = 0 y = 0
Fin : x = 2 y = 5
Pas de prise en passant
Mouvement invalide !
======= TEST DU COUP =======
Origine : x = 0 y = 0
Fin : x = 2 y = 6
Pas de prise en passant
Mouvement invalide !
======= TEST DU COUP =======
Origine : x = 0 y = 0
Fin : x = 2 y = 7
Pas de prise en passant
Mouvement invalide !
======= TEST DU COUP =======
Origine : x = 0 y = 0
Fin : x = 3 y = 0
Pas de prise en passant
Verification de la validité du coup passée !
Passage impossible !
======= TEST DU COUP =======
Origine : x = 0 y = 0
Fin : x = 3 y = 1
Pas de prise en passant
Mouvement invalide !
======= TEST DU COUP =======
Origine : x = 0 y = 0
Fin : x = 3 y = 2
Pas de prise en passant
Mouvement invalide !
======= TEST DU COUP =======
Origine : x = 0 y = 0
Fin : x = 3 y = 3
Pas de prise en passant
Mouvement invalide !
======= TEST DU COUP =======
Origine : x = 0 y = 0
Fin : x = 3 y = 4
Pas de prise en passant
La case de destination est dejà occupée par une de vos pièce !
======= TEST DU COUP =======
Origine : x = 0 y = 0
Fin : x = 3 y = 5
Pas de prise en passant
La case de destination est dejà occupée par une de vos pièce !
======= TEST DU COUP =======
Origine : x = 0 y = 0
Fin : x = 3 y = 6
Pas de prise en passant
Mouvement invalide !
======= TEST DU COUP =======
Origine : x = 0 y = 0
Fin : x = 3 y = 7
Pas de prise en passant
Mouvement invalide !
======= TEST DU COUP =======
Origine : x = 0 y = 0
Fin : x = 4 y = 0
Pas de prise en passant
Verification de la validité du coup passée !
Passage impossible !
======= TEST DU COUP =======
Origine : x = 0 y = 0
Fin : x = 4 y = 1
Pas de prise en passant
Mouvement invalide !
======= TEST DU COUP =======
Origine : x = 0 y = 0
Fin : x = 4 y = 2
Pas de prise en passant
Mouvement invalide !
======= TEST DU COUP =======
Origine : x = 0 y = 0
Fin : x = 4 y = 3
Pas de prise en passant
Mouvement invalide !
======= TEST DU COUP =======
Origine : x = 0 y = 0
Fin : x = 4 y = 4
Pas de prise en passant
Mouvement invalide !
======= TEST DU COUP =======
Origine : x = 0 y = 0
Fin : x = 4 y = 5
Pas de prise en passant
Mouvement invalide !
======= TEST DU COUP =======
Origine : x = 0 y = 0
Fin : x = 4 y = 6
Pas de prise en passant
Mouvement invalide !
======= TEST DU COUP =======
Origine : x = 0 y = 0
Fin : x = 4 y = 7
Pas de prise en passant
Mouvement invalide !
======= TEST DU COUP =======
Origine : x = 0 y = 0
Fin : x = 5 y = 0
Pas de prise en passant
Verification de la validité du coup passée !
Passage impossible !
======= TEST DU COUP =======
Origine : x = 0 y = 0
Fin : x = 5 y = 1
Pas de prise en passant
Mouvement invalide !
======= TEST DU COUP =======
Origine : x = 0 y = 0
Fin : x = 5 y = 2
Pas de prise en passant
Mouvement invalide !
======= TEST DU COUP =======
Origine : x = 0 y = 0
Fin : x = 5 y = 3
Pas de prise en passant
Mouvement invalide !
======= TEST DU COUP =======
Origine : x = 0 y = 0
Fin : x = 5 y = 4
Pas de prise en passant
Mouvement invalide !
======= TEST DU COUP =======
Origine : x = 0 y = 0
Fin : x = 5 y = 5
Pas de prise en passant
Mouvement invalide !
======= TEST DU COUP =======
Origine : x = 0 y = 0
Fin : x = 5 y = 6
Pas de prise en passant
Mouvement invalide !
======= TEST DU COUP =======
Origine : x = 0 y = 0
Fin : x = 5 y = 7
Pas de prise en passant
Mouvement invalide !
======= TEST DU COUP =======
Origine : x = 0 y = 0
Fin : x = 6 y = 0
Pas de prise en passant
Verification de la validité du coup passée !
Passage impossible !
======= TEST DU COUP =======
Origine : x = 0 y = 0
Fin : x = 6 y = 1
Pas de prise en passant
Mouvement invalide !
======= TEST DU COUP =======
Origine : x = 0 y = 0
Fin : x = 6 y = 2
Pas de prise en passant
Mouvement invalide !
======= TEST DU COUP =======
Origine : x = 0 y = 0
Fin : x = 6 y = 3
Pas de prise en passant
Mouvement invalide !
======= TEST DU COUP =======
Origine : x = 0 y = 0
Fin : x = 6 y = 4
Pas de prise en passant
Mouvement invalide !
======= TEST DU COUP =======
Origine : x = 0 y = 0
Fin : x = 6 y = 5
Pas de prise en passant
Mouvement invalide !
======= TEST DU COUP =======
Origine : x = 0 y = 0
Fin : x = 6 y = 6
Pas de prise en passant
Mouvement invalide !
======= TEST DU COUP =======
Origine : x = 0 y = 0
Fin : x = 6 y = 7
Pas de prise en passant
Mouvement invalide !
======= TEST DU COUP =======
Origine : x = 0 y = 0
Fin : x = 7 y = 0
Pas de prise en passant
Verification de la validité du coup passée !
Passage impossible !
======= TEST DU COUP =======
Origine : x = 0 y = 0
Fin : x = 7 y = 1
Pas de prise en passant
Mouvement invalide !
======= TEST DU COUP =======
Origine : x = 0 y = 0
Fin : x = 7 y = 2
Pas de prise en passant
Mouvement invalide !
======= TEST DU COUP =======
Origine : x = 0 y = 0
Fin : x = 7 y = 3
Pas de prise en passant
Mouvement invalide !
======= TEST DU COUP =======
Origine : x = 0 y = 0
Fin : x = 7 y = 4
Pas de prise en passant
Mouvement invalide !
======= TEST DU COUP =======
Origine : x = 0 y = 0
Fin : x = 7 y = 5
Pas de prise en passant
Mouvement invalide !
======= TEST DU COUP =======
Origine : x = 0 y = 0
Fin : x = 7 y = 6
Pas de prise en passant
Mouvement invalide !
======= TEST DU COUP =======
Origine : x = 0 y = 0
Fin : x = 7 y = 7
Pas de prise en passant
Mouvement invalide !
======= TEST DU COUP =======
Origine : x = 0 y = 1
Fin : x = 0 y = 0
Pas de prise en passant
La case de destination est dejà occupée par une de vos pièce !
======= TEST DU COUP =======
Origine : x = 0 y = 1
Fin : x = 0 y = 1
Pas de prise en passant
La case de destination est dejà occupée par une de vos pièce !
======= TEST DU COUP =======
Origine : x = 0 y = 1
Fin : x = 0 y = 2
Pas de prise en passant
La case de destination est dejà occupée par une de vos pièce !
======= TEST DU COUP =======
Origine : x = 0 y = 1
Fin : x = 0 y = 3
Pas de prise en passant
La case de destination est dejà occupée par une de vos pièce !
======= TEST DU COUP =======
Origine : x = 0 y = 1
Fin : x = 0 y = 4
Pas de prise en passant
La case de destination est dejà occupée par une de vos pièce !
======= TEST DU COUP =======
Origine : x = 0 y = 1
Fin : x = 0 y = 5
Pas de prise en passant
La case de destination est dejà occupée par une de vos pièce !
======= TEST DU COUP =======
Origine : x = 0 y = 1
Fin : x = 0 y = 6
Pas de prise en passant
La case de destination est dejà occupée par une de vos pièce !
======= TEST DU COUP =======
Origine : x = 0 y = 1
Fin : x = 0 y = 7
Pas de prise en passant
La case de destination est dejà occupée par une de vos pièce !
======= TEST DU COUP =======
Origine : x = 0 y = 1
Fin : x = 1 y = 0
Pas de prise en passant
La case de destination est dejà occupée par une de vos pièce !
======= TEST DU COUP =======
Origine : x = 0 y = 1
Fin : x = 1 y = 1
Pas de prise en passant
La case de destination est dejà occupée par une de vos pièce !
======= TEST DU COUP =======
Origine : x = 0 y = 1
Fin : x = 1 y = 2
Pas de prise en passant
La case de destination est dejà occupée par une de vos pièce !
======= TEST DU COUP =======
Origine : x = 0 y = 1
Fin : x = 1 y = 3
Pas de prise en passant
La case de destination est dejà occupée par une de vos pièce !
======= TEST DU COUP =======
Origine : x = 0 y = 1
Fin : x = 1 y = 4
Pas de prise en passant
Mouvement invalide !
======= TEST DU COUP =======
Origine : x = 0 y = 1
Fin : x = 1 y = 5
Pas de prise en passant
Mouvement invalide !
======= TEST DU COUP =======
Origine : x = 0 y = 1
Fin : x = 1 y = 6
Pas de prise en passant
La case de destination est dejà occupée par une de vos pièce !
======= TEST DU COUP =======
Origine : x = 0 y = 1
Fin : x = 1 y = 7
Pas de prise en passant
La case de destination est dejà occupée par une de vos pièce !
======= TEST DU COUP =======
Origine : x = 0 y = 1
Fin : x = 2 y = 0
Pas de prise en passant
Verification de la validité du coup passée !
Passage libre !
entree deplacepiece echiquier
wN
Ne met pas en echec !
Attente du coup :  mouvement classique
======= TEST DU COUP =======
Origine : x = 0 y = 1
Fin : x = 2 y = 2
Pas de prise en passant
Verification de la validité du coup passée !
Passage libre !
entree deplacepiece echiquier
wN
Ne met pas en echec !
entree deplacepiece echiquier
wN
Piece déplacée !

     a     b     c     d     e     f     g     h    
  +-----+-----+-----+-----+-----+-----+-----+-----+
8 |  ♖  |  ♘  |  ♗  |  ♕  |  ♔  |  ♗  |  ♘  |  ♖  |
  +-----+-----+-----+-----+-----+-----+-----+-----+
7 |  ♙  |  ♙  |  ♙  |     |     |  ♙  |  ♙  |  ♙  |
  +-----+-----+-----+-----+-----+-----+-----+-----+
6 |     |     |     |     |     |     |     |     |
  +-----+-----+-----+-----+-----+-----+-----+-----+
5 |     |     |     |  ♙  |  ♙  |     |     |     |
  +-----+-----+-----+-----+-----+-----+-----+-----+
4 |     |     |     |     |  ♟  |  ♟  |     |     |
  +-----+-----+-----+-----+-----+-----+-----+-----+
3 |     |     |  ♞  |     |     |     |     |     |
  +-----+-----+-----+-----+-----+-----+-----+-----+
2 |  ♟  |  ♟  |  ♟  |  ♟  |     |     |  ♟  |  ♟  |
  +-----+-----+-----+-----+-----+-----+-----+-----+
1 |  ♜  |     |  ♝  |  ♛  |  ♚  |  ♝  |  ♞  |  ♜  |
  +-----+-----+-----+-----+-----+-----+-----+-----+
C'est au joueur noir de jouer
======= TEST DU COUP =======
Origine : x = 7 y = 0
Fin : x = 0 y = 0
Pas de prise en passant
Verification de la validité du coup passée !
Passage impossible !
======= TEST DU COUP =======
Origine : x = 7 y = 0
Fin : x = 0 y = 1
Pas de prise en passant
Mouvement invalide !
======= TEST DU COUP =======
Origine : x = 7 y = 0
Fin : x = 0 y = 2
Pas de prise en passant
Mouvement invalide !
======= TEST DU COUP =======
Origine : x = 7 y = 0
Fin : x = 0 y = 3
Pas de prise en passant
Mouvement invalide !
======= TEST DU COUP =======
Origine : x = 7 y = 0
Fin : x = 0 y = 4
Pas de prise en passant
Mouvement invalide !
======= TEST DU COUP =======
Origine : x = 7 y = 0
Fin : x = 0 y = 5
Pas de prise en passant
Mouvement invalide !
======= TEST DU COUP =======
Origine : x = 7 y = 0
Fin : x = 0 y = 6
Pas de prise en passant
Mouvement invalide !
======= TEST DU COUP =======
Origine : x = 7 y = 0
Fin : x = 0 y = 7
Pas de prise en passant
Mouvement invalide !
======= TEST DU COUP =======
Origine : x = 7 y = 0
Fin : x = 1 y = 0
Pas de prise en passant
Verification de la validité du coup passée !
Passage impossible !
======= TEST DU COUP =======
Origine : x = 7 y = 0
Fin : x = 1 y = 1
Pas de prise en passant
Mouvement invalide !
======= TEST DU COUP =======
Origine : x = 7 y = 0
Fin : x = 1 y = 2
Pas de prise en passant
Mouvement invalide !
======= TEST DU COUP =======
Origine : x = 7 y = 0
Fin : x = 1 y = 3
Pas de prise en passant
Mouvement invalide !
======= TEST DU COUP =======
Origine : x = 7 y = 0
Fin : x = 1 y = 4
Pas de prise en passant
Mouvement invalide !
======= TEST DU COUP =======
Origine : x = 7 y = 0
Fin : x = 1 y = 5
Pas de prise en passant
Mouvement invalide !
======= TEST DU COUP =======
Origine : x = 7 y = 0
Fin : x = 1 y = 6
Pas de prise en passant
Mouvement invalide !
======= TEST DU COUP =======
Origine : x = 7 y = 0
Fin : x = 1 y = 7
Pas de prise en passant
Mouvement invalide !
======= TEST DU COUP =======
Origine : x = 7 y = 0
Fin : x = 2 y = 0
Pas de prise en passant
Verification de la validité du coup passée !
Passage impossible !
======= TEST DU COUP =======
Origine : x = 7 y = 0
Fin : x = 2 y = 1
Pas de prise en passant
Mouvement invalide !
======= TEST DU COUP =======
Origine : x = 7 y = 0
Fin : x = 2 y = 2
Pas de prise en passant
Mouvement invalide !
======= TEST DU COUP =======
Origine : x = 7 y = 0
Fin : x = 2 y = 3
Pas de prise en passant
Mouvement invalide !
======= TEST DU COUP =======
Origine : x = 7 y = 0
Fin : x = 2 y = 4
Pas de prise en passant
Mouvement invalide !
======= TEST DU COUP =======
Origine : x = 7 y = 0
Fin : x = 2 y = 5
Pas de prise en passant
Mouvement invalide !
======= TEST DU COUP =======
Origine : x = 7 y = 0
Fin : x = 2 y = 6
Pas de prise en passant
Mouvement invalide !
======= TEST DU COUP =======
Origine : x = 7 y = 0
Fin : x = 2 y = 7
Pas de prise en passant
Mouvement invalide !
======= TEST DU COUP =======
Origine : x = 7 y = 0
Fin : x = 3 y = 0
Pas de prise en passant
Verification de la validité du coup passée !
Passage impossible !
======= TEST DU COUP =======
Origine : x = 7 y = 0
Fin : x = 3 y = 1
Pas de prise en passant
Mouvement invalide !
======= TEST DU COUP =======
Origine : x = 7 y = 0
Fin : x = 3 y = 2
Pas de prise en passant
Mouvement invalide !
======= TEST DU COUP =======
Origine : x = 7 y = 0
Fin : x = 3 y = 3
Pas de prise en passant
Mouvement invalide !
======= TEST DU COUP =======
Origine : x = 7 y = 0
Fin : x = 3 y = 4
Pas de prise en passant
Mouvement invalide !
======= TEST DU COUP =======
Origine : x = 7 y = 0
Fin : x = 3 y = 5
Pas de prise en passant
Mouvement invalide !
======= TEST DU COUP =======
Origine : x = 7 y = 0
Fin : x = 3 y = 6
Pas de prise en passant
Mouvement invalide !
======= TEST DU COUP =======
Origine : x = 7 y = 0
Fin : x = 3 y = 7
Pas de prise en passant
Mouvement invalide !
======= TEST DU COUP =======
Origine : x = 7 y = 0
Fin : x = 4 y = 0
Pas de prise en passant
Verification de la validité du coup passée !
Passage impossible !
======= TEST DU COUP =======
Origine : x = 7 y = 0
Fin : x = 4 y = 1
Pas de prise en passant
Mouvement invalide !
======= TEST DU COUP =======
Origine : x = 7 y = 0
Fin : x = 4 y = 2
Pas de prise en passant
Mouvement invalide !
======= TEST DU COUP =======
Origine : x = 7 y = 0
Fin : x = 4 y = 3
Pas de prise en passant
La case de destination est dejà occupée par une de vos pièce !
======= TEST DU COUP =======
Origine : x = 7 y = 0
Fin : x = 4 y = 4
Pas de prise en passant
La case de destination est dejà occupée par une de vos pièce !
======= TEST DU COUP =======
Origine : x = 7 y = 0
Fin : x = 4 y = 5
Pas de prise en passant
Mouvement invalide !
======= TEST DU COUP =======
Origine : x = 7 y = 0
Fin : x = 4 y = 6
Pas de prise en passant
Mouvement invalide !
======= TEST DU COUP =======
Origine : x = 7 y = 0
Fin : x = 4 y = 7
Pas de prise en passant
Mouvement invalide !
======= TEST DU COUP =======
Origine : x = 7 y = 0
Fin : x = 5 y = 0
Pas de prise en passant
Verification de la validité du coup passée !
Passage impossible !
======= TEST DU COUP =======
Origine : x = 7 y = 0
Fin : x = 5 y = 1
Pas de prise en passant
Mouvement invalide !
======= TEST DU COUP =======
Origine : x = 7 y = 0
Fin : x = 5 y = 2
Pas de prise en passant
Mouvement invalide !
======= TEST DU COUP =======
Origine : x = 7 y = 0
Fin : x = 5 y = 3
Pas de prise en passant
Mouvement invalide !
======= TEST DU COUP =======
Origine : x = 7 y = 0
Fin : x = 5 y = 4
Pas de prise en passant
Mouvement invalide !
======= TEST DU COUP =======
Origine : x = 7 y = 0
Fin : x = 5 y = 5
Pas de prise en passant
Mouvement invalide !
======= TEST DU COUP =======
Origine : x = 7 y = 0
Fin : x = 5 y = 6
Pas de prise en passant
Mouvement invalide !
======= TEST DU COUP =======
Origine : x = 7 y = 0
Fin : x = 5 y = 7
Pas de prise en passant
Mouvement invalide !
======= TEST DU COUP =======
Origine : x = 7 y = 0
Fin : x = 6 y = 0
Pas de prise en passant
La case de destination est dejà occupée par une de vos pièce !
======= TEST DU COUP =======
Origine : x = 7 y = 0
Fin : x = 6 y = 1
Pas de prise en passant
La case de destination est dejà occupée par une de vos pièce !
======= TEST DU COUP =======
Origine : x = 7 y = 0
Fin : x = 6 y = 2
Pas de prise en passant
La case de destination est dejà occupée par une de vos pièce !
======= TEST DU COUP =======
Origine : x = 7 y = 0
Fin : x = 6 y = 3
Pas de prise en passant
Mouvement invalide !
======= TEST DU COUP =======
Origine : x = 7 y = 0
Fin : x = 6 y = 4
Pas de prise en passant
Mouvement invalide !
======= TEST DU COUP =======
Origine : x = 7 y = 0
Fin : x = 6 y = 5
Pas de prise en passant
La case de destination est dejà occupée par une de vos pièce !
======= TEST DU COUP =======
Origine : x = 7 y = 0
Fin : x = 6 y = 6
Pas de prise en passant
La case de destination est dejà occupée par une de vos pièce !
======= TEST DU COUP =======
Origine : x = 7 y = 0
Fin : x = 6 y = 7
Pas de prise en passant
La case de destination est dejà occupée par une de vos pièce !
======= TEST DU COUP =======
Origine : x = 7 y = 0
Fin : x = 7 y = 0
Pas de prise en passant
La case de destination est dejà occupée par une de vos pièce !
======= TEST DU COUP =======
Origine : x = 7 y = 0
Fin : x = 7 y = 1
Pas de prise en passant
La case de destination est dejà occupée par une de vos pièce !
======= TEST DU COUP =======
Origine : x = 7 y = 0
Fin : x = 7 y = 2
Pas de prise en passant
La case de destination est dejà occupée par une de vos pièce !
======= TEST DU COUP =======
Origine : x = 7 y = 0
Fin : x = 7 y = 3
Pas de prise en passant
La case de destination est dejà occupée par une de vos pièce !
======= TEST DU COUP =======
Origine : x = 7 y = 0
Fin : x = 7 y = 4
Pas de prise en passant
La case de destination est dejà occupée par une de vos pièce !
======= TEST DU COUP =======
Origine : x = 7 y = 0
Fin : x = 7 y = 5
Pas de prise en passant
La case de destination est dejà occupée par une de vos pièce !
======= TEST DU COUP =======
Origine : x = 7 y = 0
Fin : x = 7 y = 6
Pas de prise en passant
La case de destination est dejà occupée par une de vos pièce !
======= TEST DU COUP =======
Origine : x = 7 y = 0
Fin : x = 7 y = 7
Pas de prise en passant
La case de destination est dejà occupée par une de vos pièce !
======= TEST DU COUP =======
Origine : x = 7 y = 1
Fin : x = 0 y = 0
Pas de prise en passant
Mouvement invalide !
======= TEST DU COUP =======
Origine : x = 7 y = 1
Fin : x = 0 y = 1
Pas de prise en passant
Mouvement invalide !
======= TEST DU COUP =======
Origine : x = 7 y = 1
Fin : x = 0 y = 2
Pas de prise en passant
Mouvement invalide !
======= TEST DU COUP =======
Origine : x = 7 y = 1
Fin : x = 0 y = 3
Pas de prise en passant
Mouvement invalide !
======= TEST DU COUP =======
Origine : x = 7 y = 1
Fin : x = 0 y = 4
Pas de prise en passant
Mouvement invalide !
======= TEST DU COUP =======
Origine : x = 7 y = 1
Fin : x = 0 y = 5
Pas de prise en passant
Mouvement invalide !
======= TEST DU COUP =======
Origine : x = 7 y = 1
Fin : x = 0 y = 6
Pas de prise en passant
Mouvement invalide !
======= TEST DU COUP =======
Origine : x = 7 y = 1
Fin : x = 0 y = 7
Pas de prise en passant
Mouvement invalide !
======= TEST DU COUP =======
Origine : x = 7 y = 1
Fin : x = 1 y = 0
Pas de prise en passant
Mouvement invalide !
======= TEST DU COUP =======
Origine : x = 7 y = 1
Fin : x = 1 y = 1
Pas de prise en passant
Mouvement invalide !
======= TEST DU COUP =======
Origine : x = 7 y = 1
Fin : x = 1 y = 2
Pas de prise en passant
Mouvement invalide !
======= TEST DU COUP =======
Origine : x = 7 y = 1
Fin : x = 1 y = 3
Pas de prise en passant
Mouvement invalide !
======= TEST DU COUP =======
Origine : x = 7 y = 1
Fin : x = 1 y = 4
Pas de prise en passant
Mouvement invalide !
======= TEST DU COUP =======
Origine : x = 7 y = 1
Fin : x = 1 y = 5
Pas de prise en passant
Mouvement invalide !
======= TEST DU COUP =======
Origine : x = 7 y = 1
Fin : x = 1 y = 6
Pas de prise en passant
Mouvement invalide !
======= TEST DU COUP =======
Origine : x = 7 y = 1
Fin : x = 1 y = 7
Pas de prise en passant
Mouvement invalide !
======= TEST DU COUP =======
Origine : x = 7 y = 1
Fin : x = 2 y = 0
Pas de prise en passant
Mouvement invalide !
======= TEST DU COUP =======
Origine : x = 7 y = 1
Fin : x = 2 y = 1
Pas de prise en passant
Mouvement invalide !
======= TEST DU COUP =======
Origine : x = 7 y = 1
Fin : x = 2 y = 2
Pas de prise en passant
Mouvement invalide !
======= TEST DU COUP =======
Origine : x = 7 y = 1
Fin : x = 2 y = 3
Pas de prise en passant
Mouvement invalide !
======= TEST DU COUP =======
Origine : x = 7 y = 1
Fin : x = 2 y = 4
Pas de prise en passant
Mouvement invalide !
======= TEST DU COUP =======
Origine : x = 7 y = 1
Fin : x = 2 y = 5
Pas de prise en passant
Mouvement invalide !
======= TEST DU COUP =======
Origine : x = 7 y = 1
Fin : x = 2 y = 6
Pas de prise en passant
Mouvement invalide !
======= TEST DU COUP =======
Origine : x = 7 y = 1
Fin : x = 2 y = 7
Pas de prise en passant
Mouvement invalide !
======= TEST DU COUP =======
Origine : x = 7 y = 1
Fin : x = 3 y = 0
Pas de prise en passant
Mouvement invalide !
======= TEST DU COUP =======
Origine : x = 7 y = 1
Fin : x = 3 y = 1
Pas de prise en passant
Mouvement invalide !
======= TEST DU COUP =======
Origine : x = 7 y = 1
Fin : x = 3 y = 2
Pas de prise en passant
Mouvement invalide !
======= TEST DU COUP =======
Origine : x = 7 y = 1
Fin : x = 3 y = 3
Pas de prise en passant
Mouvement invalide !
======= TEST DU COUP =======
Origine : x = 7 y = 1
Fin : x = 3 y = 4
Pas de prise en passant
Mouvement invalide !
======= TEST DU COUP =======
Origine : x = 7 y = 1
Fin : x = 3 y = 5
Pas de prise en passant
Mouvement invalide !
======= TEST DU COUP =======
Origine : x = 7 y = 1
Fin : x = 3 y = 6
Pas de prise en passant
Mouvement invalide !
======= TEST DU COUP =======
Origine : x = 7 y = 1
Fin : x = 3 y = 7
Pas de prise en passant
Mouvement invalide !
======= TEST DU COUP =======
Origine : x = 7 y = 1
Fin : x = 4 y = 0
Pas de prise en passant
Mouvement invalide !
======= TEST DU COUP =======
Origine : x = 7 y = 1
Fin : x = 4 y = 1
Pas de prise en passant
Mouvement invalide !
======= TEST DU COUP =======
Origine : x = 7 y = 1
Fin : x = 4 y = 2
Pas de prise en passant
Mouvement invalide !
======= TEST DU COUP =======
Origine : x = 7 y = 1
Fin : x = 4 y = 3
Pas de prise en passant
La case de destination est dejà occupée par une de vos pièce !
======= TEST DU COUP =======
Origine : x = 7 y = 1
Fin : x = 4 y = 4
Pas de prise en passant
La case de destination est dejà occupée par une de vos pièce !
======= TEST DU COUP =======
Origine : x = 7 y = 1
Fin : x = 4 y = 5
Pas de prise en passant
Mouvement invalide !
======= TEST DU COUP =======
Origine : x = 7 y = 1
Fin : x = 4 y = 6
Pas de prise en passant
Mouvement invalide !
======= TEST DU COUP =======
Origine : x = 7 y = 1
Fin : x = 4 y = 7
Pas de prise en passant
Mouvement invalide !
======= TEST DU COUP =======
Origine : x = 7 y = 1
Fin : x = 5 y = 0
Pas de prise en passant
Verification de la validité du coup passée !
Passage libre !
entree deplacepiece echiquier
bN
Ne met pas en echec !
Attente du coup :  mouvement classique
======= TEST DU COUP =======
Origine : x = 4 y = 3
Fin : x = 3 y = 3
Pas de prise en passant
Verification de la validité du coup passée !
Passage libre !
entree deplacepiece echiquier
bP
Ne met pas en echec !
entree deplacepiece echiquier
bP
Piece déplacée !

     a     b     c     d     e     f     g     h    
  +-----+-----+-----+-----+-----+-----+-----+-----+
8 |  ♖  |  ♘  |  ♗  |  ♕  |  ♔  |  ♗  |  ♘  |  ♖  |
  +-----+-----+-----+-----+-----+-----+-----+-----+
7 |  ♙  |  ♙  |  ♙  |     |     |  ♙  |  ♙  |  ♙  |
  +-----+-----+-----+-----+-----+-----+-----+-----+
6 |     |     |     |     |     |     |     |     |
  +-----+-----+-----+-----+-----+-----+-----+-----+
5 |     |     |     |     |  ♙  |     |     |     |
  +-----+-----+-----+-----+-----+-----+-----+-----+
4 |     |     |     |  ♙  |  ♟  |  ♟  |     |     |
  +-----+-----+-----+-----+-----+-----+-----+-----+
3 |     |     |  ♞  |     |     |     |     |     |
  +-----+-----+-----+-----+-----+-----+-----+-----+
2 |  ♟  |  ♟  |  ♟  |  ♟  |     |     |  ♟  |  ♟  |
  +-----+-----+-----+-----+-----+-----+-----+-----+
1 |  ♜  |     |  ♝  |  ♛  |  ♚  |  ♝  |  ♞  |  ♜  |
  +-----+-----+-----+-----+-----+-----+-----+-----+
C'est au joueur blanc de jouer
======= TEST DU COUP =======
Origine : x = 0 y = 0
Fin : x = 0 y = 0
Pas de prise en passant
La case de destination est dejà occupée par une de vos pièce !
======= TEST DU COUP =======
Origine : x = 0 y = 0
Fin : x = 0 y = 1
Pas de prise en passant
Verification de la validité du coup passée !
Passage libre !
entree deplacepiece echiquier
wR
Ne met pas en echec !
Attente du coup :  mouvement classique
======= TEST DU COUP =======
Origine : x = 2 y = 2
Fin : x = 1 y = 4
Pas de prise en passant
Verification de la validité du coup passée !
Passage libre !
entree deplacepiece echiquier
wN
Ne met pas en echec !
entree deplacepiece echiquier
wN
Piece déplacée !

     a     b     c     d     e     f     g     h    
  +-----+-----+-----+-----+-----+-----+-----+-----+
8 |  ♖  |  ♘  |  ♗  |  ♕  |  ♔  |  ♗  |  ♘  |  ♖  |
  +-----+-----+-----+-----+-----+-----+-----+-----+
7 |  ♙  |  ♙  |  ♙  |     |     |  ♙  |  ♙  |  ♙  |
  +-----+-----+-----+-----+-----+-----+-----+-----+
6 |     |     |     |     |     |     |     |     |
  +-----+-----+-----+-----+-----+-----+-----+-----+
5 |     |     |     |     |  ♙  |     |     |     |
  +-----+-----+-----+-----+-----+-----+-----+-----+
4 |     |     |     |  ♙  |  ♟  |  ♟  |     |     |
  +-----+-----+-----+-----+-----+-----+-----+-----+
3 |     |     |     |     |     |     |     |     |
  +-----+-----+-----+-----+-----+-----+-----+-----+
2 |  ♟  |  ♟  |  ♟  |  ♟  |  ♞  |     |  ♟  |  ♟  |
  +-----+-----+-----+-----+-----+-----+-----+-----+
1 |  ♜  |     |  ♝  |  ♛  |  ♚  |  ♝  |  ♞  |  ♜  |
  +-----+-----+-----+-----+-----+-----+-----+-----+
C'est au joueur noir de jouer
======= TEST DU COUP =======
Origine : x = 7 y = 0
Fin : x = 0 y = 0
Pas de prise en passant
Verification de la validité du coup passée !
Passage impossible !
======= TEST DU COUP =======
Origine : x = 7 y = 0
Fin : x = 0 y = 1
Pas de prise en passant
Mouvement invalide !
======= TEST DU COUP =======
Origine : x = 7 y = 0
Fin : x = 0 y = 2
Pas de prise en passant
Mouvement invalide !
======= TEST DU COUP =======
Origine : x = 7 y = 0
Fin : x = 0 y = 3
Pas de prise en passant
Mouvement invalide !
======= TEST DU COUP =======
Origine : x = 7 y = 0
Fin : x = 0 y = 4
Pas de prise en passant
Mouvement invalide !
======= TEST DU COUP =======
Origine : x = 7 y = 0
Fin : x = 0 y = 5
Pas de prise en passant
Mouvement invalide !
======= TEST DU COUP =======
Origine : x = 7 y = 0
Fin : x = 0 y = 6
Pas de prise en passant
Mouvement invalide !
======= TEST DU COUP =======
Origine : x = 7 y = 0
Fin : x = 0 y = 7
Pas de prise en passant
Mouvement invalide !
======= TEST DU COUP =======
Origine : x = 7 y = 0
Fin : x = 1 y = 0
Pas de prise en passant
Verification de la validité du coup passée !
Passage impossible !
======= TEST DU COUP =======
Origine : x = 7 y = 0
Fin : x = 1 y = 1
Pas de prise en passant
Mouvement invalide !
======= TEST DU COUP =======
Origine : x = 7 y = 0
Fin : x = 1 y = 2
Pas de prise en passant
Mouvement invalide !
======= TEST DU COUP =======
Origine : x = 7 y = 0
Fin : x = 1 y = 3
Pas de prise en passant
Mouvement invalide !
======= TEST DU COUP =======
Origine : x = 7 y = 0
Fin : x = 1 y = 4
Pas de prise en passant
Mouvement invalide !
======= TEST DU COUP =======
Origine : x = 7 y = 0
Fin : x = 1 y = 5
Pas de prise en passant
Mouvement invalide !
======= TEST DU COUP =======
Origine : x = 7 y = 0
Fin : x = 1 y = 6
Pas de prise en passant
Mouvement invalide !
======= TEST DU COUP =======
Origine : x = 7 y = 0
Fin : x = 1 y = 7
Pas de prise en passant
Mouvement invalide !
======= TEST DU COUP =======
Origine : x = 7 y = 0
Fin : x = 2 y = 0
Pas de prise en passant
Verification de la validité du coup passée !
Passage impossible !
======= TEST DU COUP =======
Origine : x = 7 y = 0
Fin : x = 2 y = 1
Pas de prise en passant
Mouvement invalide !
======= TEST DU COUP =======
Origine : x = 7 y = 0
Fin : x = 2 y = 2
Pas de prise en passant
Mouvement invalide !
======= TEST DU COUP =======
Origine : x = 7 y = 0
Fin : x = 2 y = 3
Pas de prise en passant
Mouvement invalide !
======= TEST DU COUP =======
Origine : x = 7 y = 0
Fin : x = 2 y = 4
Pas de prise en passant
Mouvement invalide !
======= TEST DU COUP =======
Origine : x = 7 y = 0
Fin : x = 2 y = 5
Pas de prise en passant
Mouvement invalide !
======= TEST DU COUP =======
Origine : x = 7 y = 0
Fin : x = 2 y = 6
Pas de prise en passant
Mouvement invalide !
======= TEST DU COUP =======
Origine : x = 7 y = 0
Fin : x = 2 y = 7
Pas de prise en passant
Mouvement invalide !
======= TEST DU COUP =======
Origine : x = 7 y = 0
Fin : x = 3 y = 0
Pas de prise en passant
Verification de la validité du coup passée !
Passage impossible !
======= TEST DU COUP =======
Origine : x = 7 y = 0
Fin : x = 3 y = 1
Pas de prise en passant
Mouvement invalide !
======= TEST DU COUP =======
Origine : x = 7 y = 0
Fin : x = 3 y = 2
Pas de prise en passant
Mouvement invalide !
======= TEST DU COUP =======
Origine : x = 7 y = 0
Fin : x = 3 y = 3
Pas de prise en passant
La case de destination est dejà occupée par une de vos pièce !
======= TEST DU COUP =======
Origine : x = 7 y = 0
Fin : x = 3 y = 4
Pas de prise en passant
Mouvement invalide !
======= TEST DU COUP =======
Origine : x = 7 y = 0
Fin : x = 3 y = 5
Pas de prise en passant
Mouvement invalide !
======= TEST DU COUP =======
Origine : x = 7 y = 0
Fin : x = 3 y = 6
Pas de prise en passant
Mouvement invalide !
======= TEST DU COUP =======
Origine : x = 7 y = 0
Fin : x = 3 y = 7
Pas de prise en passant
Mouvement invalide !
======= TEST DU COUP =======
Origine : x = 7 y = 0
Fin : x = 4 y = 0
Pas de prise en passant
Verification de la validité du coup passée !
Passage impossible !
======= TEST DU COUP =======
Origine : x = 7 y = 0
Fin : x = 4 y = 1
Pas de prise en passant
Mouvement invalide !
======= TEST DU COUP =======
Origine : x = 7 y = 0
Fin : x = 4 y = 2
Pas de prise en passant
Mouvement invalide !
======= TEST DU COUP =======
Origine : x = 7 y = 0
Fin : x = 4 y = 3
Pas de prise en passant
Mouvement invalide !
======= TEST DU COUP =======
Origine : x = 7 y = 0
Fin : x = 4 y = 4
Pas de prise en passant
La case de destination est dejà occupée par une de vos pièce !
======= TEST DU COUP =======
Origine : x = 7 y = 0
Fin : x = 4 y = 5
Pas de prise en passant
Mouvement invalide !
======= TEST DU COUP =======
Origine : x = 7 y = 0
Fin : x = 4 y = 6
Pas de prise en passant
Mouvement invalide !
======= TEST DU COUP =======
Origine : x = 7 y = 0
Fin : x = 4 y = 7
Pas de prise en passant
Mouvement invalide !
======= TEST DU COUP =======
Origine : x = 7 y = 0
Fin : x = 5 y = 0
Pas de prise en passant
Verification de la validité du coup passée !
Passage impossible !
======= TEST DU COUP =======
Origine : x = 7 y = 0
Fin : x = 5 y = 1
Pas de prise en passant
Mouvement invalide !
======= TEST DU COUP =======
Origine : x = 7 y = 0
Fin : x = 5 y = 2
Pas de prise en passant
Mouvement invalide !
======= TEST DU COUP =======
Origine : x = 7 y = 0
Fin : x = 5 y = 3
Pas de prise en passant
Mouvement invalide !
======= TEST DU COUP =======
Origine : x = 7 y = 0
Fin : x = 5 y = 4
Pas de prise en passant
Mouvement invalide !
======= TEST DU COUP =======
Origine : x = 7 y = 0
Fin : x = 5 y = 5
Pas de prise en passant
Mouvement invalide !
======= TEST DU COUP =======
Origine : x = 7 y = 0
Fin : x = 5 y = 6
Pas de prise en passant
Mouvement invalide !
======= TEST DU COUP =======
Origine : x = 7 y = 0
Fin : x = 5 y = 7
Pas de prise en passant
Mouvement invalide !
======= TEST DU COUP =======
Origine : x = 7 y = 0
Fin : x = 6 y = 0
Pas de prise en passant
La case de destination est dejà occupée par une de vos pièce !
======= TEST DU COUP =======
Origine : x = 7 y = 0
Fin : x = 6 y = 1
Pas de prise en passant
La case de destination est dejà occupée par une de vos pièce !
======= TEST DU COUP =======
Origine : x = 7 y = 0
Fin : x = 6 y = 2
Pas de prise en passant
La case de destination est dejà occupée par une de vos pièce !
======= TEST DU COUP =======
Origine : x = 7 y = 0
Fin : x = 6 y = 3
Pas de prise en passant
Mouvement invalide !
======= TEST DU COUP =======
Origine : x = 7 y = 0
Fin : x = 6 y = 4
Pas de prise en passant
Mouvement invalide !
======= TEST DU COUP =======
Origine : x = 7 y = 0
Fin : x = 6 y = 5
Pas de prise en passant
La case de destination est dejà occupée par une de vos pièce !
======= TEST DU COUP =======
Origine : x = 7 y = 0
Fin : x = 6 y = 6
Pas de prise en passant
La case de destination est dejà occupée par une de vos pièce !
======= TEST DU COUP =======
Origine : x = 7 y = 0
Fin : x = 6 y = 7
Pas de prise en passant
La case de destination est dejà occupée par une de vos pièce !
======= TEST DU COUP =======
Origine : x = 7 y = 0
Fin : x = 7 y = 0
Pas de prise en passant
La case de destination est dejà occupée par une de vos pièce !
======= TEST DU COUP =======
Origine : x = 7 y = 0
Fin : x = 7 y = 1
Pas de prise en passant
La case de destination est dejà occupée par une de vos pièce !
======= TEST DU COUP =======
Origine : x = 7 y = 0
Fin : x = 7 y = 2
Pas de prise en passant
La case de destination est dejà occupée par une de vos pièce !
======= TEST DU COUP =======
Origine : x = 7 y = 0
Fin : x = 7 y = 3
Pas de prise en passant
La case de destination est dejà occupée par une de vos pièce !
======= TEST DU COUP =======
Origine : x = 7 y = 0
Fin : x = 7 y = 4
Pas de prise en passant
La case de destination est dejà occupée par une de vos pièce !
======= TEST DU COUP =======
Origine : x = 7 y = 0
Fin : x = 7 y = 5
Pas de prise en passant
La case de destination est dejà occupée par une de vos pièce !
======= TEST DU COUP =======
Origine : x = 7 y = 0
Fin : x = 7 y = 6
Pas de prise en passant
La case de destination est dejà occupée par une de vos pièce !
======= TEST DU COUP =======
Origine : x = 7 y = 0
Fin : x = 7 y = 7
Pas de prise en passant
La case de destination est dejà occupée par une de vos pièce !
======= TEST DU COUP =======
Origine : x = 7 y = 1
Fin : x = 0 y = 0
Pas de prise en passant
Mouvement invalide !
======= TEST DU COUP =======
Origine : x = 7 y = 1
Fin : x = 0 y = 1
Pas de prise en passant
Mouvement invalide !
======= TEST DU COUP =======
Origine : x = 7 y = 1
Fin : x = 0 y = 2
Pas de prise en passant
Mouvement invalide !
======= TEST DU COUP =======
Origine : x = 7 y = 1
Fin : x = 0 y = 3
Pas de prise en passant
Mouvement invalide !
======= TEST DU COUP =======
Origine : x = 7 y = 1
Fin : x = 0 y = 4
Pas de prise en passant
Mouvement invalide !
======= TEST DU COUP =======
Origine : x = 7 y = 1
Fin : x = 0 y = 5
Pas de prise en passant
Mouvement invalide !
======= TEST DU COUP =======
Origine : x = 7 y = 1
Fin : x = 0 y = 6
Pas de prise en passant
Mouvement invalide !
======= TEST DU COUP =======
Origine : x = 7 y = 1
Fin : x = 0 y = 7
Pas de prise en passant
Mouvement invalide !
======= TEST DU COUP =======
Origine : x = 7 y = 1
Fin : x = 1 y = 0
Pas de prise en passant
Mouvement invalide !
======= TEST DU COUP =======
Origine : x = 7 y = 1
Fin : x = 1 y = 1
Pas de prise en passant
Mouvement invalide !
======= TEST DU COUP =======
Origine : x = 7 y = 1
Fin : x = 1 y = 2
Pas de prise en passant
Mouvement invalide !
======= TEST DU COUP =======
Origine : x = 7 y = 1
Fin : x = 1 y = 3
Pas de prise en passant
Mouvement invalide !
======= TEST DU COUP =======
Origine : x = 7 y = 1
Fin : x = 1 y = 4
Pas de prise en passant
Mouvement invalide !
======= TEST DU COUP =======
Origine : x = 7 y = 1
Fin : x = 1 y = 5
Pas de prise en passant
Mouvement invalide !
======= TEST DU COUP =======
Origine : x = 7 y = 1
Fin : x = 1 y = 6
Pas de prise en passant
Mouvement invalide !
======= TEST DU COUP =======
Origine : x = 7 y = 1
Fin : x = 1 y = 7
Pas de prise en passant
Mouvement invalide !
======= TEST DU COUP =======
Origine : x = 7 y = 1
Fin : x = 2 y = 0
Pas de prise en passant
Mouvement invalide !
======= TEST DU COUP =======
Origine : x = 7 y = 1
Fin : x = 2 y = 1
Pas de prise en passant
Mouvement invalide !
======= TEST DU COUP =======
Origine : x = 7 y = 1
Fin : x = 2 y = 2
Pas de prise en passant
Mouvement invalide !
======= TEST DU COUP =======
Origine : x = 7 y = 1
Fin : x = 2 y = 3
Pas de prise en passant
Mouvement invalide !
======= TEST DU COUP =======
Origine : x = 7 y = 1
Fin : x = 2 y = 4
Pas de prise en passant
Mouvement invalide !
======= TEST DU COUP =======
Origine : x = 7 y = 1
Fin : x = 2 y = 5
Pas de prise en passant
Mouvement invalide !
======= TEST DU COUP =======
Origine : x = 7 y = 1
Fin : x = 2 y = 6
Pas de prise en passant
Mouvement invalide !
======= TEST DU COUP =======
Origine : x = 7 y = 1
Fin : x = 2 y = 7
Pas de prise en passant
Mouvement invalide !
======= TEST DU COUP =======
Origine : x = 7 y = 1
Fin : x = 3 y = 0
Pas de prise en passant
Mouvement invalide !
======= TEST DU COUP =======
Origine : x = 7 y = 1
Fin : x = 3 y = 1
Pas de prise en passant
Mouvement invalide !
======= TEST DU COUP =======
Origine : x = 7 y = 1
Fin : x = 3 y = 2
Pas de prise en passant
Mouvement invalide !
======= TEST DU COUP =======
Origine : x = 7 y = 1
Fin : x = 3 y = 3
Pas de prise en passant
La case de destination est dejà occupée par une de vos pièce !
======= TEST DU COUP =======
Origine : x = 7 y = 1
Fin : x = 3 y = 4
Pas de prise en passant
Mouvement invalide !
======= TEST DU COUP =======
Origine : x = 7 y = 1
Fin : x = 3 y = 5
Pas de prise en passant
Mouvement invalide !
======= TEST DU COUP =======
Origine : x = 7 y = 1
Fin : x = 3 y = 6
Pas de prise en passant
Mouvement invalide !
======= TEST DU COUP =======
Origine : x = 7 y = 1
Fin : x = 3 y = 7
Pas de prise en passant
Mouvement invalide !
======= TEST DU COUP =======
Origine : x = 7 y = 1
Fin : x = 4 y = 0
Pas de prise en passant
Mouvement invalide !
======= TEST DU COUP =======
Origine : x = 7 y = 1
Fin : x = 4 y = 1
Pas de prise en passant
Mouvement invalide !
======= TEST DU COUP =======
Origine : x = 7 y = 1
Fin : x = 4 y = 2
Pas de prise en passant
Mouvement invalide !
======= TEST DU COUP =======
Origine : x = 7 y = 1
Fin : x = 4 y = 3
Pas de prise en passant
Mouvement invalide !
======= TEST DU COUP =======
Origine : x = 7 y = 1
Fin : x = 4 y = 4
Pas de prise en passant
La case de destination est dejà occupée par une de vos pièce !
======= TEST DU COUP =======
Origine : x = 7 y = 1
Fin : x = 4 y = 5
Pas de prise en passant
Mouvement invalide !
======= TEST DU COUP =======
Origine : x = 7 y = 1
Fin : x = 4 y = 6
Pas de prise en passant
Mouvement invalide !
======= TEST DU COUP =======
Origine : x = 7 y = 1
Fin : x = 4 y = 7
Pas de prise en passant
Mouvement invalide !
======= TEST DU COUP =======
Origine : x = 7 y = 1
Fin : x = 5 y = 0
Pas de prise en passant
Verification de la validité du coup passée !
Passage libre !
entree deplacepiece echiquier
bN
Ne met pas en echec !
Attente du coup :  mouvement classique
======= TEST DU COUP =======
Origine : x = 7 y = 5
Fin : x = 3 y = 1
Pas de prise en passant
Verification de la validité du coup passée !
Passage libre !
entree deplacepiece echiquier
bB
Ne met pas en echec !
entree deplacepiece echiquier
bB
Piece déplacée !

     a     b     c     d     e     f     g     h    
  +-----+-----+-----+-----+-----+-----+-----+-----+
8 |  ♖  |  ♘  |  ♗  |  ♕  |  ♔  |     |  ♘  |  ♖  |
  +-----+-----+-----+-----+-----+-----+-----+-----+
7 |  ♙  |  ♙  |  ♙  |     |     |  ♙  |  ♙  |  ♙  |
  +-----+-----+-----+-----+-----+-----+-----+-----+
6 |     |     |     |     |     |     |     |     |
  +-----+-----+-----+-----+-----+-----+-----+-----+
5 |     |     |     |     |  ♙  |     |     |     |
  +-----+-----+-----+-----+-----+-----+-----+-----+
4 |     |  ♗  |     |  ♙  |  ♟  |  ♟  |     |     |
  +-----+-----+-----+-----+-----+-----+-----+-----+
3 |     |     |     |     |     |     |     |     |
  +-----+-----+-----+-----+-----+-----+-----+-----+
2 |  ♟  |  ♟  |  ♟  |  ♟  |  ♞  |     |  ♟  |  ♟  |
  +-----+-----+-----+-----+-----+-----+-----+-----+
1 |  ♜  |     |  ♝  |  ♛  |  ♚  |  ♝  |  ♞  |  ♜  |
  +-----+-----+-----+-----+-----+-----+-----+-----+
C'est au joueur blanc de jouer
======= TEST DU COUP =======
Origine : x = 0 y = 0
Fin : x = 0 y = 0
Pas de prise en passant
La case de destination est dejà occupée par une de vos pièce !
======= TEST DU COUP =======
Origine : x = 0 y = 0
Fin : x = 0 y = 1
Pas de prise en passant
Verification de la validité du coup passée !
Passage libre !
entree deplacepiece echiquier
wR
Ne met pas en echec !
Attente du coup :  mouvement classique
======= TEST DU COUP =======
Origine : x = 3 y = 5
Fin : x = 4 y = 5
Pas de prise en passant
Verification de la validité du coup passée !
Passage libre !
entree deplacepiece echiquier
wP
Ne met pas en echec !
entree deplacepiece echiquier
wP
Piece déplacée !

     a     b     c     d     e     f     g     h    
  +-----+-----+-----+-----+-----+-----+-----+-----+
8 |  ♖  |  ♘  |  ♗  |  ♕  |  ♔  |     |  ♘  |  ♖  |
  +-----+-----+-----+-----+-----+-----+-----+-----+
7 |  ♙  |  ♙  |  ♙  |     |     |  ♙  |  ♙  |  ♙  |
  +-----+-----+-----+-----+-----+-----+-----+-----+
6 |     |     |     |     |     |     |     |     |
  +-----+-----+-----+-----+-----+-----+-----+-----+
5 |     |     |     |     |  ♙  |  ♟  |     |     |
  +-----+-----+-----+-----+-----+-----+-----+-----+
4 |     |  ♗  |     |  ♙  |  ♟  |     |     |     |
  +-----+-----+-----+-----+-----+-----+-----+-----+
3 |     |     |     |     |     |     |     |     |
  +-----+-----+-----+-----+-----+-----+-----+-----+
2 |  ♟  |  ♟  |  ♟  |  ♟  |  ♞  |     |  ♟  |  ♟  |
  +-----+-----+-----+-----+-----+-----+-----+-----+
1 |  ♜  |     |  ♝  |  ♛  |  ♚  |  ♝  |  ♞  |  ♜  |
  +-----+-----+-----+-----+-----+-----+-----+-----+
C'est au joueur noir de jouer
======= TEST DU COUP =======
Origine : x = 7 y = 0
Fin : x = 0 y = 0
Pas de prise en passant
Verification de la validité du coup passée !
Passage impossible !
======= TEST DU COUP =======
Origine : x = 7 y = 0
Fin : x = 0 y = 1
Pas de prise en passant
Mouvement invalide !
======= TEST DU COUP =======
Origine : x = 7 y = 0
Fin : x = 0 y = 2
Pas de prise en passant
Mouvement invalide !
======= TEST DU COUP =======
Origine : x = 7 y = 0
Fin : x = 0 y = 3
Pas de prise en passant
Mouvement invalide !
======= TEST DU COUP =======
Origine : x = 7 y = 0
Fin : x = 0 y = 4
Pas de prise en passant
Mouvement invalide !
======= TEST DU COUP =======
Origine : x = 7 y = 0
Fin : x = 0 y = 5
Pas de prise en passant
Mouvement invalide !
======= TEST DU COUP =======
Origine : x = 7 y = 0
Fin : x = 0 y = 6
Pas de prise en passant
Mouvement invalide !
======= TEST DU COUP =======
Origine : x = 7 y = 0
Fin : x = 0 y = 7
Pas de prise en passant
Mouvement invalide !
======= TEST DU COUP =======
Origine : x = 7 y = 0
Fin : x = 1 y = 0
Pas de prise en passant
Verification de la validité du coup passée !
Passage impossible !
======= TEST DU COUP =======
Origine : x = 7 y = 0
Fin : x = 1 y = 1
Pas de prise en passant
Mouvement invalide !
======= TEST DU COUP =======
Origine : x = 7 y = 0
Fin : x = 1 y = 2
Pas de prise en passant
Mouvement invalide !
======= TEST DU COUP =======
Origine : x = 7 y = 0
Fin : x = 1 y = 3
Pas de prise en passant
Mouvement invalide !
======= TEST DU COUP =======
Origine : x = 7 y = 0
Fin : x = 1 y = 4
Pas de prise en passant
Mouvement invalide !
======= TEST DU COUP =======
Origine : x = 7 y = 0
Fin : x = 1 y = 5
Pas de prise en passant
Mouvement invalide !
======= TEST DU COUP =======
Origine : x = 7 y = 0
Fin : x = 1 y = 6
Pas de prise en passant
Mouvement invalide !
======= TEST DU COUP =======
Origine : x = 7 y = 0
Fin : x = 1 y = 7
Pas de prise en passant
Mouvement invalide !
======= TEST DU COUP =======
Origine : x = 7 y = 0
Fin : x = 2 y = 0
Pas de prise en passant
Verification de la validité du coup passée !
Passage impossible !
======= TEST DU COUP =======
Origine : x = 7 y = 0
Fin : x = 2 y = 1
Pas de prise en passant
Mouvement invalide !
======= TEST DU COUP =======
Origine : x = 7 y = 0
Fin : x = 2 y = 2
Pas de prise en passant
Mouvement invalide !
======= TEST DU COUP =======
Origine : x = 7 y = 0
Fin : x = 2 y = 3
Pas de prise en passant
Mouvement invalide !
======= TEST DU COUP =======
Origine : x = 7 y = 0
Fin : x = 2 y = 4
Pas de prise en passant
Mouvement invalide !
======= TEST DU COUP =======
Origine : x = 7 y = 0
Fin : x = 2 y = 5
Pas de prise en passant
Mouvement invalide !
======= TEST DU COUP =======
Origine : x = 7 y = 0
Fin : x = 2 y = 6
Pas de prise en passant
Mouvement invalide !
======= TEST DU COUP =======
Origine : x = 7 y = 0
Fin : x = 2 y = 7
Pas de prise en passant
Mouvement invalide !
======= TEST DU COUP =======
Origine : x = 7 y = 0
Fin : x = 3 y = 0
Pas de prise en passant
Verification de la validité du coup passée !
Passage impossible !
======= TEST DU COUP =======
Origine : x = 7 y = 0
Fin : x = 3 y = 1
Pas de prise en passant
La case de destination est dejà occupée par une de vos pièce !
======= TEST DU COUP =======
Origine : x = 7 y = 0
Fin : x = 3 y = 2
Pas de prise en passant
Mouvement invalide !
======= TEST DU COUP =======
Origine : x = 7 y = 0
Fin : x = 3 y = 3
Pas de prise en passant
La case de destination est dejà occupée par une de vos pièce !
======= TEST DU COUP =======
Origine : x = 7 y = 0
Fin : x = 3 y = 4
Pas de prise en passant
Mouvement invalide !
======= TEST DU COUP =======
Origine : x = 7 y = 0
Fin : x = 3 y = 5
Pas de prise en passant
Mouvement invalide !
======= TEST DU COUP =======
Origine : x = 7 y = 0
Fin : x = 3 y = 6
Pas de prise en passant
Mouvement invalide !
======= TEST DU COUP =======
Origine : x = 7 y = 0
Fin : x = 3 y = 7
Pas de prise en passant
Mouvement invalide !
======= TEST DU COUP =======
Origine : x = 7 y = 0
Fin : x = 4 y = 0
Pas de prise en passant
Verification de la validité du coup passée !
Passage impossible !
======= TEST DU COUP =======
Origine : x = 7 y = 0
Fin : x = 4 y = 1
Pas de prise en passant
Mouvement invalide !
======= TEST DU COUP =======
Origine : x = 7 y = 0
Fin : x = 4 y = 2
Pas de prise en passant
Mouvement invalide !
======= TEST DU COUP =======
Origine : x = 7 y = 0
Fin : x = 4 y = 3
Pas de prise en passant
Mouvement invalide !
======= TEST DU COUP =======
Origine : x = 7 y = 0
Fin : x = 4 y = 4
Pas de prise en passant
La case de destination est dejà occupée par une de vos pièce !
======= TEST DU COUP =======
Origine : x = 7 y = 0
Fin : x = 4 y = 5
Pas de prise en passant
Mouvement invalide !
======= TEST DU COUP =======
Origine : x = 7 y = 0
Fin : x = 4 y = 6
Pas de prise en passant
Mouvement invalide !
======= TEST DU COUP =======
Origine : x = 7 y = 0
Fin : x = 4 y = 7
Pas de prise en passant
Mouvement invalide !
======= TEST DU COUP =======
Origine : x = 7 y = 0
Fin : x = 5 y = 0
Pas de prise en passant
Verification de la validité du coup passée !
Passage impossible !
======= TEST DU COUP =======
Origine : x = 7 y = 0
Fin : x = 5 y = 1
Pas de prise en passant
Mouvement invalide !
======= TEST DU COUP =======
Origine : x = 7 y = 0
Fin : x = 5 y = 2
Pas de prise en passant
Mouvement invalide !
======= TEST DU COUP =======
Origine : x = 7 y = 0
Fin : x = 5 y = 3
Pas de prise en passant
Mouvement invalide !
======= TEST DU COUP =======
Origine : x = 7 y = 0
Fin : x = 5 y = 4
Pas de prise en passant
Mouvement invalide !
======= TEST DU COUP =======
Origine : x = 7 y = 0
Fin : x = 5 y = 5
Pas de prise en passant
Mouvement invalide !
======= TEST DU COUP =======
Origine : x = 7 y = 0
Fin : x = 5 y = 6
Pas de prise en passant
Mouvement invalide !
======= TEST DU COUP =======
Origine : x = 7 y = 0
Fin : x = 5 y = 7
Pas de prise en passant
Mouvement invalide !
======= TEST DU COUP =======
Origine : x = 7 y = 0
Fin : x = 6 y = 0
Pas de prise en passant
La case de destination est dejà occupée par une de vos pièce !
======= TEST DU COUP =======
Origine : x = 7 y = 0
Fin : x = 6 y = 1
Pas de prise en passant
La case de destination est dejà occupée par une de vos pièce !
======= TEST DU COUP =======
Origine : x = 7 y = 0
Fin : x = 6 y = 2
Pas de prise en passant
La case de destination est dejà occupée par une de vos pièce !
======= TEST DU COUP =======
Origine : x = 7 y = 0
Fin : x = 6 y = 3
Pas de prise en passant
Mouvement invalide !
======= TEST DU COUP =======
Origine : x = 7 y = 0
Fin : x = 6 y = 4
Pas de prise en passant
Mouvement invalide !
======= TEST DU COUP =======
Origine : x = 7 y = 0
Fin : x = 6 y = 5
Pas de prise en passant
La case de destination est dejà occupée par une de vos pièce !
======= TEST DU COUP =======
Origine : x = 7 y = 0
Fin : x = 6 y = 6
Pas de prise en passant
La case de destination est dejà occupée par une de vos pièce !
======= TEST DU COUP =======
Origine : x = 7 y = 0
Fin : x = 6 y = 7
Pas de prise en passant
La case de destination est dejà occupée par une de vos pièce !
======= TEST DU COUP =======
Origine : x = 7 y = 0
Fin : x = 7 y = 0
Pas de prise en passant
La case de destination est dejà occupée par une de vos pièce !
======= TEST DU COUP =======
Origine : x = 7 y = 0
Fin : x = 7 y = 1
Pas de prise en passant
La case de destination est dejà occupée par une de vos pièce !
======= TEST DU COUP =======
Origine : x = 7 y = 0
Fin : x = 7 y = 2
Pas de prise en passant
La case de destination est dejà occupée par une de vos pièce !
======= TEST DU COUP =======
Origine : x = 7 y = 0
Fin : x = 7 y = 3
Pas de prise en passant
La case de destination est dejà occupée par une de vos pièce !
======= TEST DU COUP =======
Origine : x = 7 y = 0
Fin : x = 7 y = 4
Pas de prise en passant
La case de destination est dejà occupée par une de vos pièce !
======= TEST DU COUP =======
Origine : x = 7 y = 0
Fin : x = 7 y = 5
Pas de prise en passant
Verification de la validité du coup passée !
Passage impossible !
======= TEST DU COUP =======
Origine : x = 7 y = 0
Fin : x = 7 y = 6
Pas de prise en passant
La case de destination est dejà occupée par une de vos pièce !
======= TEST DU COUP =======
Origine : x = 7 y = 0
Fin : x = 7 y = 7
Pas de prise en passant
La case de destination est dejà occupée par une de vos pièce !
======= TEST DU COUP =======
Origine : x = 7 y = 1
Fin : x = 0 y = 0
Pas de prise en passant
Mouvement invalide !
======= TEST DU COUP =======
Origine : x = 7 y = 1
Fin : x = 0 y = 1
Pas de prise en passant
Mouvement invalide !
======= TEST DU COUP =======
Origine : x = 7 y = 1
Fin : x = 0 y = 2
Pas de prise en passant
Mouvement invalide !
======= TEST DU COUP =======
Origine : x = 7 y = 1
Fin : x = 0 y = 3
Pas de prise en passant
Mouvement invalide !
======= TEST DU COUP =======
Origine : x = 7 y = 1
Fin : x = 0 y = 4
Pas de prise en passant
Mouvement invalide !
======= TEST DU COUP =======
Origine : x = 7 y = 1
Fin : x = 0 y = 5
Pas de prise en passant
Mouvement invalide !
======= TEST DU COUP =======
Origine : x = 7 y = 1
Fin : x = 0 y = 6
Pas de prise en passant
Mouvement invalide !
======= TEST DU COUP =======
Origine : x = 7 y = 1
Fin : x = 0 y = 7
Pas de prise en passant
Mouvement invalide !
======= TEST DU COUP =======
Origine : x = 7 y = 1
Fin : x = 1 y = 0
Pas de prise en passant
Mouvement invalide !
======= TEST DU COUP =======
Origine : x = 7 y = 1
Fin : x = 1 y = 1
Pas de prise en passant
Mouvement invalide !
======= TEST DU COUP =======
Origine : x = 7 y = 1
Fin : x = 1 y = 2
Pas de prise en passant
Mouvement invalide !
======= TEST DU COUP =======
Origine : x = 7 y = 1
Fin : x = 1 y = 3
Pas de prise en passant
Mouvement invalide !
======= TEST DU COUP =======
Origine : x = 7 y = 1
Fin : x = 1 y = 4
Pas de prise en passant
Mouvement invalide !
======= TEST DU COUP =======
Origine : x = 7 y = 1
Fin : x = 1 y = 5
Pas de prise en passant
Mouvement invalide !
======= TEST DU COUP =======
Origine : x = 7 y = 1
Fin : x = 1 y = 6
Pas de prise en passant
Mouvement invalide !
======= TEST DU COUP =======
Origine : x = 7 y = 1
Fin : x = 1 y = 7
Pas de prise en passant
Mouvement invalide !
======= TEST DU COUP =======
Origine : x = 7 y = 1
Fin : x = 2 y = 0
Pas de prise en passant
Mouvement invalide !
======= TEST DU COUP =======
Origine : x = 7 y = 1
Fin : x = 2 y = 1
Pas de prise en passant
Mouvement invalide !
======= TEST DU COUP =======
Origine : x = 7 y = 1
Fin : x = 2 y = 2
Pas de prise en passant
Mouvement invalide !
======= TEST DU COUP =======
Origine : x = 7 y = 1
Fin : x = 2 y = 3
Pas de prise en passant
Mouvement invalide !
======= TEST DU COUP =======
Origine : x = 7 y = 1
Fin : x = 2 y = 4
Pas de prise en passant
Mouvement invalide !
======= TEST DU COUP =======
Origine : x = 7 y = 1
Fin : x = 2 y = 5
Pas de prise en passant
Mouvement invalide !
======= TEST DU COUP =======
Origine : x = 7 y = 1
Fin : x = 2 y = 6
Pas de prise en passant
Mouvement invalide !
======= TEST DU COUP =======
Origine : x = 7 y = 1
Fin : x = 2 y = 7
Pas de prise en passant
Mouvement invalide !
======= TEST DU COUP =======
Origine : x = 7 y = 1
Fin : x = 3 y = 0
Pas de prise en passant
Mouvement invalide !
======= TEST DU COUP =======
Origine : x = 7 y = 1
Fin : x = 3 y = 1
Pas de prise en passant
La case de destination est dejà occupée par une de vos pièce !
======= TEST DU COUP =======
Origine : x = 7 y = 1
Fin : x = 3 y = 2
Pas de prise en passant
Mouvement invalide !
======= TEST DU COUP =======
Origine : x = 7 y = 1
Fin : x = 3 y = 3
Pas de prise en passant
La case de destination est dejà occupée par une de vos pièce !
======= TEST DU COUP =======
Origine : x = 7 y = 1
Fin : x = 3 y = 4
Pas de prise en passant
Mouvement invalide !
======= TEST DU COUP =======
Origine : x = 7 y = 1
Fin : x = 3 y = 5
Pas de prise en passant
Mouvement invalide !
======= TEST DU COUP =======
Origine : x = 7 y = 1
Fin : x = 3 y = 6
Pas de prise en passant
Mouvement invalide !
======= TEST DU COUP =======
Origine : x = 7 y = 1
Fin : x = 3 y = 7
Pas de prise en passant
Mouvement invalide !
======= TEST DU COUP =======
Origine : x = 7 y = 1
Fin : x = 4 y = 0
Pas de prise en passant
Mouvement invalide !
======= TEST DU COUP =======
Origine : x = 7 y = 1
Fin : x = 4 y = 1
Pas de prise en passant
Mouvement invalide !
======= TEST DU COUP =======
Origine : x = 7 y = 1
Fin : x = 4 y = 2
Pas de prise en passant
Mouvement invalide !
======= TEST DU COUP =======
Origine : x = 7 y = 1
Fin : x = 4 y = 3
Pas de prise en passant
Mouvement invalide !
======= TEST DU COUP =======
Origine : x = 7 y = 1
Fin : x = 4 y = 4
Pas de prise en passant
La case de destination est dejà occupée par une de vos pièce !
======= TEST DU COUP =======
Origine : x = 7 y = 1
Fin : x = 4 y = 5
Pas de prise en passant
Mouvement invalide !
======= TEST DU COUP =======
Origine : x = 7 y = 1
Fin : x = 4 y = 6
Pas de prise en passant
Mouvement invalide !
======= TEST DU COUP =======
Origine : x = 7 y = 1
Fin : x = 4 y = 7
Pas de prise en passant
Mouvement invalide !
======= TEST DU COUP =======
Origine : x = 7 y = 1
Fin : x = 5 y = 0
Pas de prise en passant
Verification de la validité du coup passée !
Passage libre !
entree deplacepiece echiquier
bN
Ne met pas en echec !
Attente du coup :  mouvement classique
======= TEST DU COUP =======
Origine : x = 7 y = 1
Fin : x = 5 y = 2
Pas de prise en passant
Verification de la validité du coup passée !
Passage libre !
entree deplacepiece echiquier
bN
Ne met pas en echec !
entree deplacepiece echiquier
bN
Piece déplacée !

     a     b     c     d     e     f     g     h    
  +-----+-----+-----+-----+-----+-----+-----+-----+
8 |  ♖  |     |  ♗  |  ♕  |  ♔  |     |  ♘  |  ♖  |
  +-----+-----+-----+-----+-----+-----+-----+-----+
7 |  ♙  |  ♙  |  ♙  |     |     |  ♙  |  ♙  |  ♙  |
  +-----+-----+-----+-----+-----+-----+-----+-----+
6 |     |     |  ♘  |     |     |     |     |     |
  +-----+-----+-----+-----+-----+-----+-----+-----+
5 |     |     |     |     |  ♙  |  ♟  |     |     |
  +-----+-----+-----+-----+-----+-----+-----+-----+
4 |     |  ♗  |     |  ♙  |  ♟  |     |     |     |
  +-----+-----+-----+-----+-----+-----+-----+-----+
3 |     |     |     |     |     |     |     |     |
  +-----+-----+-----+-----+-----+-----+-----+-----+
2 |  ♟  |  ♟  |  ♟  |  ♟  |  ♞  |     |  ♟  |  ♟  |
  +-----+-----+-----+-----+-----+-----+-----+-----+
1 |  ♜  |     |  ♝  |  ♛  |  ♚  |  ♝  |  ♞  |  ♜  |
  +-----+-----+-----+-----+-----+-----+-----+-----+
C'est au joueur blanc de jouer
======= TEST DU COUP =======
Origine : x = 0 y = 0
Fin : x = 0 y = 0
Pas de prise en passant
La case de destination est dejà occupée par une de vos pièce !
======= TEST DU COUP =======
Origine : x = 0 y = 0
Fin : x = 0 y = 1
Pas de prise en passant
Verification de la validité du coup passée !
Passage libre !
entree deplacepiece echiquier
wR
Ne met pas en echec !
Attente du coup :  mouvement classique
======= TEST DU COUP =======
Origine : x = 1 y = 2
Fin : x = 2 y = 2
Pas de prise en passant
Verification de la validité du coup passée !
Passage libre !
entree deplacepiece echiquier
wP
Ne met pas en echec !
entree deplacepiece echiquier
wP
Piece déplacée !

     a     b     c     d     e     f     g     h    
  +-----+-----+-----+-----+-----+-----+-----+-----+
8 |  ♖  |     |  ♗  |  ♕  |  ♔  |     |  ♘  |  ♖  |
  +-----+-----+-----+-----+-----+-----+-----+-----+
7 |  ♙  |  ♙  |  ♙  |     |     |  ♙  |  ♙  |  ♙  |
  +-----+-----+-----+-----+-----+-----+-----+-----+
6 |     |     |  ♘  |     |     |     |     |     |
  +-----+-----+-----+-----+-----+-----+-----+-----+
5 |     |     |     |     |  ♙  |  ♟  |     |     |
  +-----+-----+-----+-----+-----+-----+-----+-----+
4 |     |  ♗  |     |  ♙  |  ♟  |     |     |     |
  +-----+-----+-----+-----+-----+-----+-----+-----+
3 |     |     |  ♟  |     |     |     |     |     |
  +-----+-----+-----+-----+-----+-----+-----+-----+
2 |  ♟  |  ♟  |     |  ♟  |  ♞  |     |  ♟  |  ♟  |
  +-----+-----+-----+-----+-----+-----+-----+-----+
1 |  ♜  |     |  ♝  |  ♛  |  ♚  |  ♝  |  ♞  |  ♜  |
  +-----+-----+-----+-----+-----+-----+-----+-----+
C'est au joueur noir de jouer
======= TEST DU COUP =======
Origine : x = 7 y = 0
Fin : x = 0 y = 0
Pas de prise en passant
Verification de la validité du coup passée !
Passage impossible !
======= TEST DU COUP =======
Origine : x = 7 y = 0
Fin : x = 0 y = 1
Pas de prise en passant
Mouvement invalide !
======= TEST DU COUP =======
Origine : x = 7 y = 0
Fin : x = 0 y = 2
Pas de prise en passant
Mouvement invalide !
======= TEST DU COUP =======
Origine : x = 7 y = 0
Fin : x = 0 y = 3
Pas de prise en passant
Mouvement invalide !
======= TEST DU COUP =======
Origine : x = 7 y = 0
Fin : x = 0 y = 4
Pas de prise en passant
Mouvement invalide !
======= TEST DU COUP =======
Origine : x = 7 y = 0
Fin : x = 0 y = 5
Pas de prise en passant
Mouvement invalide !
======= TEST DU COUP =======
Origine : x = 7 y = 0
Fin : x = 0 y = 6
Pas de prise en passant
Mouvement invalide !
======= TEST DU COUP =======
Origine : x = 7 y = 0
Fin : x = 0 y = 7
Pas de prise en passant
Mouvement invalide !
======= TEST DU COUP =======
Origine : x = 7 y = 0
Fin : x = 1 y = 0
Pas de prise en passant
Verification de la validité du coup passée !
Passage impossible !
======= TEST DU COUP =======
Origine : x = 7 y = 0
Fin : x = 1 y = 1
Pas de prise en passant
Mouvement invalide !
======= TEST DU COUP =======
Origine : x = 7 y = 0
Fin : x = 1 y = 2
Pas de prise en passant
Mouvement invalide !
======= TEST DU COUP =======
Origine : x = 7 y = 0
Fin : x = 1 y = 3
Pas de prise en passant
Mouvement invalide !
======= TEST DU COUP =======
Origine : x = 7 y = 0
Fin : x = 1 y = 4
Pas de prise en passant
Mouvement invalide !
======= TEST DU COUP =======
Origine : x = 7 y = 0
Fin : x = 1 y = 5
Pas de prise en passant
Mouvement invalide !
======= TEST DU COUP =======
Origine : x = 7 y = 0
Fin : x = 1 y = 6
Pas de prise en passant
Mouvement invalide !
======= TEST DU COUP =======
Origine : x = 7 y = 0
Fin : x = 1 y = 7
Pas de prise en passant
Mouvement invalide !
======= TEST DU COUP =======
Origine : x = 7 y = 0
Fin : x = 2 y = 0
Pas de prise en passant
Verification de la validité du coup passée !
Passage impossible !
======= TEST DU COUP =======
Origine : x = 7 y = 0
Fin : x = 2 y = 1
Pas de prise en passant
Mouvement invalide !
======= TEST DU COUP =======
Origine : x = 7 y = 0
Fin : x = 2 y = 2
Pas de prise en passant
Mouvement invalide !
======= TEST DU COUP =======
Origine : x = 7 y = 0
Fin : x = 2 y = 3
Pas de prise en passant
Mouvement invalide !
======= TEST DU COUP =======
Origine : x = 7 y = 0
Fin : x = 2 y = 4
Pas de prise en passant
Mouvement invalide !
======= TEST DU COUP =======
Origine : x = 7 y = 0
Fin : x = 2 y = 5
Pas de prise en passant
Mouvement invalide !
======= TEST DU COUP =======
Origine : x = 7 y = 0
Fin : x = 2 y = 6
Pas de prise en passant
Mouvement invalide !
======= TEST DU COUP =======
Origine : x = 7 y = 0
Fin : x = 2 y = 7
Pas de prise en passant
Mouvement invalide !
======= TEST DU COUP =======
Origine : x = 7 y = 0
Fin : x = 3 y = 0
Pas de prise en passant
Verification de la validité du coup passée !
Passage impossible !
======= TEST DU COUP =======
Origine : x = 7 y = 0
Fin : x = 3 y = 1
Pas de prise en passant
La case de destination est dejà occupée par une de vos pièce !
======= TEST DU COUP =======
Origine : x = 7 y = 0
Fin : x = 3 y = 2
Pas de prise en passant
Mouvement invalide !
======= TEST DU COUP =======
Origine : x = 7 y = 0
Fin : x = 3 y = 3
Pas de prise en passant
La case de destination est dejà occupée par une de vos pièce !
======= TEST DU COUP =======
Origine : x = 7 y = 0
Fin : x = 3 y = 4
Pas de prise en passant
Mouvement invalide !
======= TEST DU COUP =======
Origine : x = 7 y = 0
Fin : x = 3 y = 5
Pas de prise en passant
Mouvement invalide !
======= TEST DU COUP =======
Origine : x = 7 y = 0
Fin : x = 3 y = 6
Pas de prise en passant
Mouvement invalide !
======= TEST DU COUP =======
Origine : x = 7 y = 0
Fin : x = 3 y = 7
Pas de prise en passant
Mouvement invalide !
======= TEST DU COUP =======
Origine : x = 7 y = 0
Fin : x = 4 y = 0
Pas de prise en passant
Verification de la validité du coup passée !
Passage impossible !
======= TEST DU COUP =======
Origine : x = 7 y = 0
Fin : x = 4 y = 1
Pas de prise en passant
Mouvement invalide !
======= TEST DU COUP =======
Origine : x = 7 y = 0
Fin : x = 4 y = 2
Pas de prise en passant
Mouvement invalide !
======= TEST DU COUP =======
Origine : x = 7 y = 0
Fin : x = 4 y = 3
Pas de prise en passant
Mouvement invalide !
======= TEST DU COUP =======
Origine : x = 7 y = 0
Fin : x = 4 y = 4
Pas de prise en passant
La case de destination est dejà occupée par une de vos pièce !
======= TEST DU COUP =======
Origine : x = 7 y = 0
Fin : x = 4 y = 5
Pas de prise en passant
Mouvement invalide !
======= TEST DU COUP =======
Origine : x = 7 y = 0
Fin : x = 4 y = 6
Pas de prise en passant
Mouvement invalide !
======= TEST DU COUP =======
Origine : x = 7 y = 0
Fin : x = 4 y = 7
Pas de prise en passant
Mouvement invalide !
======= TEST DU COUP =======
Origine : x = 7 y = 0
Fin : x = 5 y = 0
Pas de prise en passant
Verification de la validité du coup passée !
Passage impossible !
======= TEST DU COUP =======
Origine : x = 7 y = 0
Fin : x = 5 y = 1
Pas de prise en passant
Mouvement invalide !
======= TEST DU COUP =======
Origine : x = 7 y = 0
Fin : x = 5 y = 2
Pas de prise en passant
La case de destination est dejà occupée par une de vos pièce !
======= TEST DU COUP =======
Origine : x = 7 y = 0
Fin : x = 5 y = 3
Pas de prise en passant
Mouvement invalide !
======= TEST DU COUP =======
Origine : x = 7 y = 0
Fin : x = 5 y = 4
Pas de prise en passant
Mouvement invalide !
======= TEST DU COUP =======
Origine : x = 7 y = 0
Fin : x = 5 y = 5
Pas de prise en passant
Mouvement invalide !
======= TEST DU COUP =======
Origine : x = 7 y = 0
Fin : x = 5 y = 6
Pas de prise en passant
Mouvement invalide !
======= TEST DU COUP =======
Origine : x = 7 y = 0
Fin : x = 5 y = 7
Pas de prise en passant
Mouvement invalide !
======= TEST DU COUP =======
Origine : x = 7 y = 0
Fin : x = 6 y = 0
Pas de prise en passant
La case de destination est dejà occupée par une de vos pièce !
======= TEST DU COUP =======
Origine : x = 7 y = 0
Fin : x = 6 y = 1
Pas de prise en passant
La case de destination est dejà occupée par une de vos pièce !
======= TEST DU COUP =======
Origine : x = 7 y = 0
Fin : x = 6 y = 2
Pas de prise en passant
La case de destination est dejà occupée par une de vos pièce !
======= TEST DU COUP =======
Origine : x = 7 y = 0
Fin : x = 6 y = 3
Pas de prise en passant
Mouvement invalide !
======= TEST DU COUP =======
Origine : x = 7 y = 0
Fin : x = 6 y = 4
Pas de prise en passant
Mouvement invalide !
======= TEST DU COUP =======
Origine : x = 7 y = 0
Fin : x = 6 y = 5
Pas de prise en passant
La case de destination est dejà occupée par une de vos pièce !
======= TEST DU COUP =======
Origine : x = 7 y = 0
Fin : x = 6 y = 6
Pas de prise en passant
La case de destination est dejà occupée par une de vos pièce !
======= TEST DU COUP =======
Origine : x = 7 y = 0
Fin : x = 6 y = 7
Pas de prise en passant
La case de destination est dejà occupée par une de vos pièce !
======= TEST DU COUP =======
Origine : x = 7 y = 0
Fin : x = 7 y = 0
Pas de prise en passant
La case de destination est dejà occupée par une de vos pièce !
======= TEST DU COUP =======
Origine : x = 7 y = 0
Fin : x = 7 y = 1
Pas de prise en passant
Verification de la validité du coup passée !
Passage libre !
entree deplacepiece echiquier
bR
Ne met pas en echec !
Attente du coup :  mouvement classique
======= TEST DU COUP =======
Origine : x = 3 y = 3
Fin : x = 2 y = 2
Pas de prise en passant
Verification de la validité du coup passée !
Passage libre !
entree deplacepiece echiquier
bP
Ne met pas en echec !
entree deplacepiece echiquier
bP
Piece déplacée !

     a     b     c     d     e     f     g     h    
  +-----+-----+-----+-----+-----+-----+-----+-----+
8 |  ♖  |     |  ♗  |  ♕  |  ♔  |     |  ♘  |  ♖  |
  +-----+-----+-----+-----+-----+-----+-----+-----+
7 |  ♙  |  ♙  |  ♙  |     |     |  ♙  |  ♙  |  ♙  |
  +-----+-----+-----+-----+-----+-----+-----+-----+
6 |     |     |  ♘  |     |     |     |     |     |
  +-----+-----+-----+-----+-----+-----+-----+-----+
5 |     |     |     |     |  ♙  |  ♟  |     |     |
  +-----+-----+-----+-----+-----+-----+-----+-----+
4 |     |  ♗  |     |     |  ♟  |     |     |     |
  +-----+-----+-----+-----+-----+-----+-----+-----+
3 |     |     |  ♙  |     |     |     |     |     |
  +-----+-----+-----+-----+-----+-----+-----+-----+
2 |  ♟  |  ♟  |     |  ♟  |  ♞  |     |  ♟  |  ♟  |
  +-----+-----+-----+-----+-----+-----+-----+-----+
1 |  ♜  |     |  ♝  |  ♛  |  ♚  |  ♝  |  ♞  |  ♜  |
  +-----+-----+-----+-----+-----+-----+-----+-----+
C'est au joueur blanc de jouer
======= TEST DU COUP =======
Origine : x = 0 y = 0
Fin : x = 0 y = 0
Pas de prise en passant
La case de destination est dejà occupée par une de vos pièce !
======= TEST DU COUP =======
Origine : x = 0 y = 0
Fin : x = 0 y = 1
Pas de prise en passant
Verification de la validité du coup passée !
Passage libre !
entree deplacepiece echiquier
wR
Ne met pas en echec !
Attente du coup :  mouvement classique
======= TEST DU COUP =======
Origine : x = 1 y = 4
Fin : x = 2 y = 2
Pas de prise en passant
Verification de la validité du coup passée !
Passage libre !
entree deplacepiece echiquier
wN
Ne met pas en echec !
entree deplacepiece echiquier
wN
Piece déplacée !

     a     b     c     d     e     f     g     h    
  +-----+-----+-----+-----+-----+-----+-----+-----+
8 |  ♖  |     |  ♗  |  ♕  |  ♔  |     |  ♘  |  ♖  |
  +-----+-----+-----+-----+-----+-----+-----+-----+
7 |  ♙  |  ♙  |  ♙  |     |     |  ♙  |  ♙  |  ♙  |
  +-----+-----+-----+-----+-----+-----+-----+-----+
6 |     |     |  ♘  |     |     |     |     |     |
  +-----+-----+-----+-----+-----+-----+-----+-----+
5 |     |     |     |     |  ♙  |  ♟  |     |     |
  +-----+-----+-----+-----+-----+-----+-----+-----+
4 |     |  ♗  |     |     |  ♟  |     |     |     |
  +-----+-----+-----+-----+-----+-----+-----+-----+
3 |     |     |  ♞  |     |     |     |     |     |
  +-----+-----+-----+-----+-----+-----+-----+-----+
2 |  ♟  |  ♟  |     |  ♟  |     |     |  ♟  |  ♟  |
  +-----+-----+-----+-----+-----+-----+-----+-----+
1 |  ♜  |     |  ♝  |  ♛  |  ♚  |  ♝  |  ♞  |  ♜  |
  +-----+-----+-----+-----+-----+-----+-----+-----+
C'est au joueur noir de jouer
======= TEST DU COUP =======
Origine : x = 7 y = 0
Fin : x = 0 y = 0
Pas de prise en passant
Verification de la validité du coup passée !
Passage impossible !
======= TEST DU COUP =======
Origine : x = 7 y = 0
Fin : x = 0 y = 1
Pas de prise en passant
Mouvement invalide !
======= TEST DU COUP =======
Origine : x = 7 y = 0
Fin : x = 0 y = 2
Pas de prise en passant
Mouvement invalide !
======= TEST DU COUP =======
Origine : x = 7 y = 0
Fin : x = 0 y = 3
Pas de prise en passant
Mouvement invalide !
======= TEST DU COUP =======
Origine : x = 7 y = 0
Fin : x = 0 y = 4
Pas de prise en passant
Mouvement invalide !
======= TEST DU COUP =======
Origine : x = 7 y = 0
Fin : x = 0 y = 5
Pas de prise en passant
Mouvement invalide !
======= TEST DU COUP =======
Origine : x = 7 y = 0
Fin : x = 0 y = 6
Pas de prise en passant
Mouvement invalide !
======= TEST DU COUP =======
Origine : x = 7 y = 0
Fin : x = 0 y = 7
Pas de prise en passant
Mouvement invalide !
======= TEST DU COUP =======
Origine : x = 7 y = 0
Fin : x = 1 y = 0
Pas de prise en passant
Verification de la validité du coup passée !
Passage impossible !
======= TEST DU COUP =======
Origine : x = 7 y = 0
Fin : x = 1 y = 1
Pas de prise en passant
Mouvement invalide !
======= TEST DU COUP =======
Origine : x = 7 y = 0
Fin : x = 1 y = 2
Pas de prise en passant
Mouvement invalide !
======= TEST DU COUP =======
Origine : x = 7 y = 0
Fin : x = 1 y = 3
Pas de prise en passant
Mouvement invalide !
======= TEST DU COUP =======
Origine : x = 7 y = 0
Fin : x = 1 y = 4
Pas de prise en passant
Mouvement invalide !
======= TEST DU COUP =======
Origine : x = 7 y = 0
Fin : x = 1 y = 5
Pas de prise en passant
Mouvement invalide !
======= TEST DU COUP =======
Origine : x = 7 y = 0
Fin : x = 1 y = 6
Pas de prise en passant
Mouvement invalide !
======= TEST DU COUP =======
Origine : x = 7 y = 0
Fin : x = 1 y = 7
Pas de prise en passant
Mouvement invalide !
======= TEST DU COUP =======
Origine : x = 7 y = 0
Fin : x = 2 y = 0
Pas de prise en passant
Verification de la validité du coup passée !
Passage impossible !
======= TEST DU COUP =======
Origine : x = 7 y = 0
Fin : x = 2 y = 1
Pas de prise en passant
Mouvement invalide !
======= TEST DU COUP =======
Origine : x = 7 y = 0
Fin : x = 2 y = 2
Pas de prise en passant
Mouvement invalide !
======= TEST DU COUP =======
Origine : x = 7 y = 0
Fin : x = 2 y = 3
Pas de prise en passant
Mouvement invalide !
======= TEST DU COUP =======
Origine : x = 7 y = 0
Fin : x = 2 y = 4
Pas de prise en passant
Mouvement invalide !
======= TEST DU COUP =======
Origine : x = 7 y = 0
Fin : x = 2 y = 5
Pas de prise en passant
Mouvement invalide !
======= TEST DU COUP =======
Origine : x = 7 y = 0
Fin : x = 2 y = 6
Pas de prise en passant
Mouvement invalide !
======= TEST DU COUP =======
Origine : x = 7 y = 0
Fin : x = 2 y = 7
Pas de prise en passant
Mouvement invalide !
======= TEST DU COUP =======
Origine : x = 7 y = 0
Fin : x = 3 y = 0
Pas de prise en passant
Verification de la validité du coup passée !
Passage impossible !
======= TEST DU COUP =======
Origine : x = 7 y = 0
Fin : x = 3 y = 1
Pas de prise en passant
La case de destination est dejà occupée par une de vos pièce !
======= TEST DU COUP =======
Origine : x = 7 y = 0
Fin : x = 3 y = 2
Pas de prise en passant
Mouvement invalide !
======= TEST DU COUP =======
Origine : x = 7 y = 0
Fin : x = 3 y = 3
Pas de prise en passant
Mouvement invalide !
======= TEST DU COUP =======
Origine : x = 7 y = 0
Fin : x = 3 y = 4
Pas de prise en passant
Mouvement invalide !
======= TEST DU COUP =======
Origine : x = 7 y = 0
Fin : x = 3 y = 5
Pas de prise en passant
Mouvement invalide !
======= TEST DU COUP =======
Origine : x = 7 y = 0
Fin : x = 3 y = 6
Pas de prise en passant
Mouvement invalide !
======= TEST DU COUP =======
Origine : x = 7 y = 0
Fin : x = 3 y = 7
Pas de prise en passant
Mouvement invalide !
======= TEST DU COUP =======
Origine : x = 7 y = 0
Fin : x = 4 y = 0
Pas de prise en passant
Verification de la validité du coup passée !
Passage impossible !
======= TEST DU COUP =======
Origine : x = 7 y = 0
Fin : x = 4 y = 1
Pas de prise en passant
Mouvement invalide !
======= TEST DU COUP =======
Origine : x = 7 y = 0
Fin : x = 4 y = 2
Pas de prise en passant
Mouvement invalide !
======= TEST DU COUP =======
Origine : x = 7 y = 0
Fin : x = 4 y = 3
Pas de prise en passant
Mouvement invalide !
======= TEST DU COUP =======
Origine : x = 7 y = 0
Fin : x = 4 y = 4
Pas de prise en passant
La case de destination est dejà occupée par une de vos pièce !
======= TEST DU COUP =======
Origine : x = 7 y = 0
Fin : x = 4 y = 5
Pas de prise en passant
Mouvement invalide !
======= TEST DU COUP =======
Origine : x = 7 y = 0
Fin : x = 4 y = 6
Pas de prise en passant
Mouvement invalide !
======= TEST DU COUP =======
Origine : x = 7 y = 0
Fin : x = 4 y = 7
Pas de prise en passant
Mouvement invalide !
======= TEST DU COUP =======
Origine : x = 7 y = 0
Fin : x = 5 y = 0
Pas de prise en passant
Verification de la validité du coup passée !
Passage impossible !
======= TEST DU COUP =======
Origine : x = 7 y = 0
Fin : x = 5 y = 1
Pas de prise en passant
Mouvement invalide !
======= TEST DU COUP =======
Origine : x = 7 y = 0
Fin : x = 5 y = 2
Pas de prise en passant
La case de destination est dejà occupée par une de vos pièce !
======= TEST DU COUP =======
Origine : x = 7 y = 0
Fin : x = 5 y = 3
Pas de prise en passant
Mouvement invalide !
======= TEST DU COUP =======
Origine : x = 7 y = 0
Fin : x = 5 y = 4
Pas de prise en passant
Mouvement invalide !
======= TEST DU COUP =======
Origine : x = 7 y = 0
Fin : x = 5 y = 5
Pas de prise en passant
Mouvement invalide !
======= TEST DU COUP =======
Origine : x = 7 y = 0
Fin : x = 5 y = 6
Pas de prise en passant
Mouvement invalide !
======= TEST DU COUP =======
Origine : x = 7 y = 0
Fin : x = 5 y = 7
Pas de prise en passant
Mouvement invalide !
======= TEST DU COUP =======
Origine : x = 7 y = 0
Fin : x = 6 y = 0
Pas de prise en passant
La case de destination est dejà occupée par une de vos pièce !
======= TEST DU COUP =======
Origine : x = 7 y = 0
Fin : x = 6 y = 1
Pas de prise en passant
La case de destination est dejà occupée par une de vos pièce !
======= TEST DU COUP =======
Origine : x = 7 y = 0
Fin : x = 6 y = 2
Pas de prise en passant
La case de destination est dejà occupée par une de vos pièce !
======= TEST DU COUP =======
Origine : x = 7 y = 0
Fin : x = 6 y = 3
Pas de prise en passant
Mouvement invalide !
======= TEST DU COUP =======
Origine : x = 7 y = 0
Fin : x = 6 y = 4
Pas de prise en passant
Mouvement invalide !
======= TEST DU COUP =======
Origine : x = 7 y = 0
Fin : x = 6 y = 5
Pas de prise en passant
La case de destination est dejà occupée par une de vos pièce !
======= TEST DU COUP =======
Origine : x = 7 y = 0
Fin : x = 6 y = 6
Pas de prise en passant
La case de destination est dejà occupée par une de vos pièce !
======= TEST DU COUP =======
Origine : x = 7 y = 0
Fin : x = 6 y = 7
Pas de prise en passant
La case de destination est dejà occupée par une de vos pièce !
======= TEST DU COUP =======
Origine : x = 7 y = 0
Fin : x = 7 y = 0
Pas de prise en passant
La case de destination est dejà occupée par une de vos pièce !
======= TEST DU COUP =======
Origine : x = 7 y = 0
Fin : x = 7 y = 1
Pas de prise en passant
Verification de la validité du coup passée !
Passage libre !
entree deplacepiece echiquier
bR
Ne met pas en echec !
Attente du coup :  mouvement classique
======= TEST DU COUP =======
Origine : x = 6 y = 5
Fin : x = 5 y = 5
Pas de prise en passant
Verification de la validité du coup passée !
Passage libre !
entree deplacepiece echiquier
bP
Ne met pas en echec !
entree deplacepiece echiquier
bP
Piece déplacée !

     a     b     c     d     e     f     g     h    
  +-----+-----+-----+-----+-----+-----+-----+-----+
8 |  ♖  |     |  ♗  |  ♕  |  ♔  |     |  ♘  |  ♖  |
  +-----+-----+-----+-----+-----+-----+-----+-----+
7 |  ♙  |  ♙  |  ♙  |     |     |     |  ♙  |  ♙  |
  +-----+-----+-----+-----+-----+-----+-----+-----+
6 |     |     |  ♘  |     |     |  ♙  |     |     |
  +-----+-----+-----+-----+-----+-----+-----+-----+
5 |     |     |     |     |  ♙  |  ♟  |     |     |
  +-----+-----+-----+-----+-----+-----+-----+-----+
4 |     |  ♗  |     |     |  ♟  |     |     |     |
  +-----+-----+-----+-----+-----+-----+-----+-----+
3 |     |     |  ♞  |     |     |     |     |     |
  +-----+-----+-----+-----+-----+-----+-----+-----+
2 |  ♟  |  ♟  |     |  ♟  |     |     |  ♟  |  ♟  |
  +-----+-----+-----+-----+-----+-----+-----+-----+
1 |  ♜  |     |  ♝  |  ♛  |  ♚  |  ♝  |  ♞  |  ♜  |
  +-----+-----+-----+-----+-----+-----+-----+-----+
C'est au joueur blanc de jouer
======= TEST DU COUP =======
Origine : x = 0 y = 0
Fin : x = 0 y = 0
Pas de prise en passant
La case de destination est dejà occupée par une de vos pièce !
======= TEST DU COUP =======
Origine : x = 0 y = 0
Fin : x = 0 y = 1
Pas de prise en passant
Verification de la validité du coup passée !
Passage libre !
entree deplacepiece echiquier
wR
Ne met pas en echec !
Attente du coup :  mouvement classique
======= TEST DU COUP =======
Origine : x = 1 y = 6
Fin : x = 3 y = 6
Pas de prise en passant
Verification de la validité du coup passée !
Passage libre !
entree deplacepiece echiquier
wP
Ne met pas en echec !
entree deplacepiece echiquier
wP
Piece déplacée !

     a     b     c     d     e     f     g     h    
  +-----+-----+-----+-----+-----+-----+-----+-----+
8 |  ♖  |     |  ♗  |  ♕  |  ♔  |     |  ♘  |  ♖  |
  +-----+-----+-----+-----+-----+-----+-----+-----+
7 |  ♙  |  ♙  |  ♙  |     |     |     |  ♙  |  ♙  |
  +-----+-----+-----+-----+-----+-----+-----+-----+
6 |     |     |  ♘  |     |     |  ♙  |     |     |
  +-----+-----+-----+-----+-----+-----+-----+-----+
5 |     |     |     |     |  ♙  |  ♟  |     |     |
  +-----+-----+-----+-----+-----+-----+-----+-----+
4 |     |  ♗  |     |     |  ♟  |     |  ♟  |     |
  +-----+-----+-----+-----+-----+-----+-----+-----+
3 |     |     |  ♞  |     |     |     |     |     |
  +-----+-----+-----+-----+-----+-----+-----+-----+
2 |  ♟  |  ♟  |     |  ♟  |     |     |     |  ♟  |
  +-----+-----+-----+-----+-----+-----+-----+-----+
1 |  ♜  |     |  ♝  |  ♛  |  ♚  |  ♝  |  ♞  |  ♜  |
  +-----+-----+-----+-----+-----+-----+-----+-----+
C'est au joueur noir de jouer
======= TEST DU COUP =======
Origine : x = 7 y = 0
Fin : x = 0 y = 0
Pas de prise en passant
Verification de la validité du coup passée !
Passage impossible !
======= TEST DU COUP =======
Origine : x = 7 y = 0
Fin : x = 0 y = 1
Pas de prise en passant
Mouvement invalide !
======= TEST DU COUP =======
Origine : x = 7 y = 0
Fin : x = 0 y = 2
Pas de prise en passant
Mouvement invalide !
======= TEST DU COUP =======
Origine : x = 7 y = 0
Fin : x = 0 y = 3
Pas de prise en passant
Mouvement invalide !
======= TEST DU COUP =======
Origine : x = 7 y = 0
Fin : x = 0 y = 4
Pas de prise en passant
Mouvement invalide !
======= TEST DU COUP =======
Origine : x = 7 y = 0
Fin : x = 0 y = 5
Pas de prise en passant
Mouvement invalide !
======= TEST DU COUP =======
Origine : x = 7 y = 0
Fin : x = 0 y = 6
Pas de prise en passant
Mouvement invalide !
======= TEST DU COUP =======
Origine : x = 7 y = 0
Fin : x = 0 y = 7
Pas de prise en passant
Mouvement invalide !
======= TEST DU COUP =======
Origine : x = 7 y = 0
Fin : x = 1 y = 0
Pas de prise en passant
Verification de la validité du coup passée !
Passage impossible !
======= TEST DU COUP =======
Origine : x = 7 y = 0
Fin : x = 1 y = 1
Pas de prise en passant
Mouvement invalide !
======= TEST DU COUP =======
Origine : x = 7 y = 0
Fin : x = 1 y = 2
Pas de prise en passant
Mouvement invalide !
======= TEST DU COUP =======
Origine : x = 7 y = 0
Fin : x = 1 y = 3
Pas de prise en passant
Mouvement invalide !
======= TEST DU COUP =======
Origine : x = 7 y = 0
Fin : x = 1 y = 4
Pas de prise en passant
Mouvement invalide !
======= TEST DU COUP =======
Origine : x = 7 y = 0
Fin : x = 1 y = 5
Pas de prise en passant
Mouvement invalide !
======= TEST DU COUP =======
Origine : x = 7 y = 0
Fin : x = 1 y = 6
Pas de prise en passant
Mouvement invalide !
======= TEST DU COUP =======
Origine : x = 7 y = 0
Fin : x = 1 y = 7
Pas de prise en passant
Mouvement invalide !
======= TEST DU COUP =======
Origine : x = 7 y = 0
Fin : x = 2 y = 0
Pas de prise en passant
Verification de la validité du coup passée !
Passage impossible !
======= TEST DU COUP =======
Origine : x = 7 y = 0
Fin : x = 2 y = 1
Pas de prise en passant
Mouvement invalide !
======= TEST DU COUP =======
Origine : x = 7 y = 0
Fin : x = 2 y = 2
Pas de prise en passant
Mouvement invalide !
======= TEST DU COUP =======
Origine : x = 7 y = 0
Fin : x = 2 y = 3
Pas de prise en passant
Mouvement invalide !
======= TEST DU COUP =======
Origine : x = 7 y = 0
Fin : x = 2 y = 4
Pas de prise en passant
Mouvement invalide !
======= TEST DU COUP =======
Origine : x = 7 y = 0
Fin : x = 2 y = 5
Pas de prise en passant
Mouvement invalide !
======= TEST DU COUP =======
Origine : x = 7 y = 0
Fin : x = 2 y = 6
Pas de prise en passant
Mouvement invalide !
======= TEST DU COUP =======
Origine : x = 7 y = 0
Fin : x = 2 y = 7
Pas de prise en passant
Mouvement invalide !
======= TEST DU COUP =======
Origine : x = 7 y = 0
Fin : x = 3 y = 0
Pas de prise en passant
Verification de la validité du coup passée !
Passage impossible !
======= TEST DU COUP =======
Origine : x = 7 y = 0
Fin : x = 3 y = 1
Pas de prise en passant
La case de destination est dejà occupée par une de vos pièce !
======= TEST DU COUP =======
Origine : x = 7 y = 0
Fin : x = 3 y = 2
Pas de prise en passant
Mouvement invalide !
======= TEST DU COUP =======
Origine : x = 7 y = 0
Fin : x = 3 y = 3
Pas de prise en passant
Mouvement invalide !
======= TEST DU COUP =======
Origine : x = 7 y = 0
Fin : x = 3 y = 4
Pas de prise en passant
Mouvement invalide !
======= TEST DU COUP =======
Origine : x = 7 y = 0
Fin : x = 3 y = 5
Pas de prise en passant
Mouvement invalide !
======= TEST DU COUP =======
Origine : x = 7 y = 0
Fin : x = 3 y = 6
Pas de prise en passant
Mouvement invalide !
======= TEST DU COUP =======
Origine : x = 7 y = 0
Fin : x = 3 y = 7
Pas de prise en passant
Mouvement invalide !
======= TEST DU COUP =======
Origine : x = 7 y = 0
Fin : x = 4 y = 0
Pas de prise en passant
Verification de la validité du coup passée !
Passage impossible !
======= TEST DU COUP =======
Origine : x = 7 y = 0
Fin : x = 4 y = 1
Pas de prise en passant
Mouvement invalide !
======= TEST DU COUP =======
Origine : x = 7 y = 0
Fin : x = 4 y = 2
Pas de prise en passant
Mouvement invalide !
======= TEST DU COUP =======
Origine : x = 7 y = 0
Fin : x = 4 y = 3
Pas de prise en passant
Mouvement invalide !
======= TEST DU COUP =======
Origine : x = 7 y = 0
Fin : x = 4 y = 4
Pas de prise en passant
La case de destination est dejà occupée par une de vos pièce !
======= TEST DU COUP =======
Origine : x = 7 y = 0
Fin : x = 4 y = 5
Pas de prise en passant
Mouvement invalide !
======= TEST DU COUP =======
Origine : x = 7 y = 0
Fin : x = 4 y = 6
Pas de prise en passant
Mouvement invalide !
======= TEST DU COUP =======
Origine : x = 7 y = 0
Fin : x = 4 y = 7
Pas de prise en passant
Mouvement invalide !
======= TEST DU COUP =======
Origine : x = 7 y = 0
Fin : x = 5 y = 0
Pas de prise en passant
Verification de la validité du coup passée !
Passage impossible !
======= TEST DU COUP =======
Origine : x = 7 y = 0
Fin : x = 5 y = 1
Pas de prise en passant
Mouvement invalide !
======= TEST DU COUP =======
Origine : x = 7 y = 0
Fin : x = 5 y = 2
Pas de prise en passant
La case de destination est dejà occupée par une de vos pièce !
======= TEST DU COUP =======
Origine : x = 7 y = 0
Fin : x = 5 y = 3
Pas de prise en passant
Mouvement invalide !
======= TEST DU COUP =======
Origine : x = 7 y = 0
Fin : x = 5 y = 4
Pas de prise en passant
Mouvement invalide !
======= TEST DU COUP =======
Origine : x = 7 y = 0
Fin : x = 5 y = 5
Pas de prise en passant
La case de destination est dejà occupée par une de vos pièce !
======= TEST DU COUP =======
Origine : x = 7 y = 0
Fin : x = 5 y = 6
Pas de prise en passant
Mouvement invalide !
======= TEST DU COUP =======
Origine : x = 7 y = 0
Fin : x = 5 y = 7
Pas de prise en passant
Mouvement invalide !
======= TEST DU COUP =======
Origine : x = 7 y = 0
Fin : x = 6 y = 0
Pas de prise en passant
La case de destination est dejà occupée par une de vos pièce !
======= TEST DU COUP =======
Origine : x = 7 y = 0
Fin : x = 6 y = 1
Pas de prise en passant
La case de destination est dejà occupée par une de vos pièce !
======= TEST DU COUP =======
Origine : x = 7 y = 0
Fin : x = 6 y = 2
Pas de prise en passant
La case de destination est dejà occupée par une de vos pièce !
======= TEST DU COUP =======
Origine : x = 7 y = 0
Fin : x = 6 y = 3
Pas de prise en passant
Mouvement invalide !
======= TEST DU COUP =======
Origine : x = 7 y = 0
Fin : x = 6 y = 4
Pas de prise en passant
Mouvement invalide !
======= TEST DU COUP =======
Origine : x = 7 y = 0
Fin : x = 6 y = 5
Pas de prise en passant
Mouvement invalide !
======= TEST DU COUP =======
Origine : x = 7 y = 0
Fin : x = 6 y = 6
Pas de prise en passant
La case de destination est dejà occupée par une de vos pièce !
======= TEST DU COUP =======
Origine : x = 7 y = 0
Fin : x = 6 y = 7
Pas de prise en passant
La case de destination est dejà occupée par une de vos pièce !
======= TEST DU COUP =======
Origine : x = 7 y = 0
Fin : x = 7 y = 0
Pas de prise en passant
La case de destination est dejà occupée par une de vos pièce !
======= TEST DU COUP =======
Origine : x = 7 y = 0
Fin : x = 7 y = 1
Pas de prise en passant
Verification de la validité du coup passée !
Passage libre !
entree deplacepiece echiquier
bR
Ne met pas en echec !
Attente du coup :  mouvement classique
======= TEST DU COUP =======
Origine : x = 5 y = 2
Fin : x = 3 y = 3
Pas de prise en passant
Verification de la validité du coup passée !
Passage libre !
entree deplacepiece echiquier
bN
Ne met pas en echec !
entree deplacepiece echiquier
bN
Piece déplacée !

     a     b     c     d     e     f     g     h    
  +-----+-----+-----+-----+-----+-----+-----+-----+
8 |  ♖  |     |  ♗  |  ♕  |  ♔  |     |  ♘  |  ♖  |
  +-----+-----+-----+-----+-----+-----+-----+-----+
7 |  ♙  |  ♙  |  ♙  |     |     |     |  ♙  |  ♙  |
  +-----+-----+-----+-----+-----+-----+-----+-----+
6 |     |     |     |     |     |  ♙  |     |     |
  +-----+-----+-----+-----+-----+-----+-----+-----+
5 |     |     |     |     |  ♙  |  ♟  |     |     |
  +-----+-----+-----+-----+-----+-----+-----+-----+
4 |     |  ♗  |     |  ♘  |  ♟  |     |  ♟  |     |
  +-----+-----+-----+-----+-----+-----+-----+-----+
3 |     |     |  ♞  |     |     |     |     |     |
  +-----+-----+-----+-----+-----+-----+-----+-----+
2 |  ♟  |  ♟  |     |  ♟  |     |     |     |  ♟  |
  +-----+-----+-----+-----+-----+-----+-----+-----+
1 |  ♜  |     |  ♝  |  ♛  |  ♚  |  ♝  |  ♞  |  ♜  |
  +-----+-----+-----+-----+-----+-----+-----+-----+
C'est au joueur blanc de jouer
======= TEST DU COUP =======
Origine : x = 0 y = 0
Fin : x = 0 y = 0
Pas de prise en passant
La case de destination est dejà occupée par une de vos pièce !
======= TEST DU COUP =======
Origine : x = 0 y = 0
Fin : x = 0 y = 1
Pas de prise en passant
Verification de la validité du coup passée !
Passage libre !
entree deplacepiece echiquier
wR
Ne met pas en echec !
Attente du coup :  mouvement classique
======= TEST DU COUP =======
Origine : x = 1 y = 3
Fin : x = 2 y = 3
Pas de prise en passant
Verification de la validité du coup passée !
Passage libre !
entree deplacepiece echiquier
wP
Ne met pas en echec !
entree deplacepiece echiquier
wP
Piece déplacée !

     a     b     c     d     e     f     g     h    
  +-----+-----+-----+-----+-----+-----+-----+-----+
8 |  ♖  |     |  ♗  |  ♕  |  ♔  |     |  ♘  |  ♖  |
  +-----+-----+-----+-----+-----+-----+-----+-----+
7 |  ♙  |  ♙  |  ♙  |     |     |     |  ♙  |  ♙  |
  +-----+-----+-----+-----+-----+-----+-----+-----+
6 |     |     |     |     |     |  ♙  |     |     |
  +-----+-----+-----+-----+-----+-----+-----+-----+
5 |     |     |     |     |  ♙  |  ♟  |     |     |
  +-----+-----+-----+-----+-----+-----+-----+-----+
4 |     |  ♗  |     |  ♘  |  ♟  |     |  ♟  |     |
  +-----+-----+-----+-----+-----+-----+-----+-----+
3 |     |     |  ♞  |  ♟  |     |     |     |     |
  +-----+-----+-----+-----+-----+-----+-----+-----+
2 |  ♟  |  ♟  |     |     |     |     |     |  ♟  |
  +-----+-----+-----+-----+-----+-----+-----+-----+
1 |  ♜  |     |  ♝  |  ♛  |  ♚  |  ♝  |  ♞  |  ♜  |
  +-----+-----+-----+-----+-----+-----+-----+-----+
C'est au joueur noir de jouer
======= TEST DU COUP =======
Origine : x = 7 y = 0
Fin : x = 0 y = 0
Pas de prise en passant
Verification de la validité du coup passée !
Passage impossible !
======= TEST DU COUP =======
Origine : x = 7 y = 0
Fin : x = 0 y = 1
Pas de prise en passant
Mouvement invalide !
======= TEST DU COUP =======
Origine : x = 7 y = 0
Fin : x = 0 y = 2
Pas de prise en passant
Mouvement invalide !
======= TEST DU COUP =======
Origine : x = 7 y = 0
Fin : x = 0 y = 3
Pas de prise en passant
Mouvement invalide !
======= TEST DU COUP =======
Origine : x = 7 y = 0
Fin : x = 0 y = 4
Pas de prise en passant
Mouvement invalide !
======= TEST DU COUP =======
Origine : x = 7 y = 0
Fin : x = 0 y = 5
Pas de prise en passant
Mouvement invalide !
======= TEST DU COUP =======
Origine : x = 7 y = 0
Fin : x = 0 y = 6
Pas de prise en passant
Mouvement invalide !
======= TEST DU COUP =======
Origine : x = 7 y = 0
Fin : x = 0 y = 7
Pas de prise en passant
Mouvement invalide !
======= TEST DU COUP =======
Origine : x = 7 y = 0
Fin : x = 1 y = 0
Pas de prise en passant
Verification de la validité du coup passée !
Passage impossible !
======= TEST DU COUP =======
Origine : x = 7 y = 0
Fin : x = 1 y = 1
Pas de prise en passant
Mouvement invalide !
======= TEST DU COUP =======
Origine : x = 7 y = 0
Fin : x = 1 y = 2
Pas de prise en passant
Mouvement invalide !
======= TEST DU COUP =======
Origine : x = 7 y = 0
Fin : x = 1 y = 3
Pas de prise en passant
Mouvement invalide !
======= TEST DU COUP =======
Origine : x = 7 y = 0
Fin : x = 1 y = 4
Pas de prise en passant
Mouvement invalide !
======= TEST DU COUP =======
Origine : x = 7 y = 0
Fin : x = 1 y = 5
Pas de prise en passant
Mouvement invalide !
======= TEST DU COUP =======
Origine : x = 7 y = 0
Fin : x = 1 y = 6
Pas de prise en passant
Mouvement invalide !
======= TEST DU COUP =======
Origine : x = 7 y = 0
Fin : x = 1 y = 7
Pas de prise en passant
Mouvement invalide !
======= TEST DU COUP =======
Origine : x = 7 y = 0
Fin : x = 2 y = 0
Pas de prise en passant
Verification de la validité du coup passée !
Passage impossible !
======= TEST DU COUP =======
Origine : x = 7 y = 0
Fin : x = 2 y = 1
Pas de prise en passant
Mouvement invalide !
======= TEST DU COUP =======
Origine : x = 7 y = 0
Fin : x = 2 y = 2
Pas de prise en passant
Mouvement invalide !
======= TEST DU COUP =======
Origine : x = 7 y = 0
Fin : x = 2 y = 3
Pas de prise en passant
Mouvement invalide !
======= TEST DU COUP =======
Origine : x = 7 y = 0
Fin : x = 2 y = 4
Pas de prise en passant
Mouvement invalide !
======= TEST DU COUP =======
Origine : x = 7 y = 0
Fin : x = 2 y = 5
Pas de prise en passant
Mouvement invalide !
======= TEST DU COUP =======
Origine : x = 7 y = 0
Fin : x = 2 y = 6
Pas de prise en passant
Mouvement invalide !
======= TEST DU COUP =======
Origine : x = 7 y = 0
Fin : x = 2 y = 7
Pas de prise en passant
Mouvement invalide !
======= TEST DU COUP =======
Origine : x = 7 y = 0
Fin : x = 3 y = 0
Pas de prise en passant
Verification de la validité du coup passée !
Passage impossible !
======= TEST DU COUP =======
Origine : x = 7 y = 0
Fin : x = 3 y = 1
Pas de prise en passant
La case de destination est dejà occupée par une de vos pièce !
======= TEST DU COUP =======
Origine : x = 7 y = 0
Fin : x = 3 y = 2
Pas de prise en passant
Mouvement invalide !
======= TEST DU COUP =======
Origine : x = 7 y = 0
Fin : x = 3 y = 3
Pas de prise en passant
La case de destination est dejà occupée par une de vos pièce !
======= TEST DU COUP =======
Origine : x = 7 y = 0
Fin : x = 3 y = 4
Pas de prise en passant
Mouvement invalide !
======= TEST DU COUP =======
Origine : x = 7 y = 0
Fin : x = 3 y = 5
Pas de prise en passant
Mouvement invalide !
======= TEST DU COUP =======
Origine : x = 7 y = 0
Fin : x = 3 y = 6
Pas de prise en passant
Mouvement invalide !
======= TEST DU COUP =======
Origine : x = 7 y = 0
Fin : x = 3 y = 7
Pas de prise en passant
Mouvement invalide !
======= TEST DU COUP =======
Origine : x = 7 y = 0
Fin : x = 4 y = 0
Pas de prise en passant
Verification de la validité du coup passée !
Passage impossible !
======= TEST DU COUP =======
Origine : x = 7 y = 0
Fin : x = 4 y = 1
Pas de prise en passant
Mouvement invalide !
======= TEST DU COUP =======
Origine : x = 7 y = 0
Fin : x = 4 y = 2
Pas de prise en passant
Mouvement invalide !
======= TEST DU COUP =======
Origine : x = 7 y = 0
Fin : x = 4 y = 3
Pas de prise en passant
Mouvement invalide !
======= TEST DU COUP =======
Origine : x = 7 y = 0
Fin : x = 4 y = 4
Pas de prise en passant
La case de destination est dejà occupée par une de vos pièce !
======= TEST DU COUP =======
Origine : x = 7 y = 0
Fin : x = 4 y = 5
Pas de prise en passant
Mouvement invalide !
======= TEST DU COUP =======
Origine : x = 7 y = 0
Fin : x = 4 y = 6
Pas de prise en passant
Mouvement invalide !
======= TEST DU COUP =======
Origine : x = 7 y = 0
Fin : x = 4 y = 7
Pas de prise en passant
Mouvement invalide !
======= TEST DU COUP =======
Origine : x = 7 y = 0
Fin : x = 5 y = 0
Pas de prise en passant
Verification de la validité du coup passée !
Passage impossible !
======= TEST DU COUP =======
Origine : x = 7 y = 0
Fin : x = 5 y = 1
Pas de prise en passant
Mouvement invalide !
======= TEST DU COUP =======
Origine : x = 7 y = 0
Fin : x = 5 y = 2
Pas de prise en passant
Mouvement invalide !
======= TEST DU COUP =======
Origine : x = 7 y = 0
Fin : x = 5 y = 3
Pas de prise en passant
Mouvement invalide !
======= TEST DU COUP =======
Origine : x = 7 y = 0
Fin : x = 5 y = 4
Pas de prise en passant
Mouvement invalide !
======= TEST DU COUP =======
Origine : x = 7 y = 0
Fin : x = 5 y = 5
Pas de prise en passant
La case de destination est dejà occupée par une de vos pièce !
======= TEST DU COUP =======
Origine : x = 7 y = 0
Fin : x = 5 y = 6
Pas de prise en passant
Mouvement invalide !
======= TEST DU COUP =======
Origine : x = 7 y = 0
Fin : x = 5 y = 7
Pas de prise en passant
Mouvement invalide !
======= TEST DU COUP =======
Origine : x = 7 y = 0
Fin : x = 6 y = 0
Pas de prise en passant
La case de destination est dejà occupée par une de vos pièce !
======= TEST DU COUP =======
Origine : x = 7 y = 0
Fin : x = 6 y = 1
Pas de prise en passant
La case de destination est dejà occupée par une de vos pièce !
======= TEST DU COUP =======
Origine : x = 7 y = 0
Fin : x = 6 y = 2
Pas de prise en passant
La case de destination est dejà occupée par une de vos pièce !
======= TEST DU COUP =======
Origine : x = 7 y = 0
Fin : x = 6 y = 3
Pas de prise en passant
Mouvement invalide !
======= TEST DU COUP =======
Origine : x = 7 y = 0
Fin : x = 6 y = 4
Pas de prise en passant
Mouvement invalide !
======= TEST DU COUP =======
Origine : x = 7 y = 0
Fin : x = 6 y = 5
Pas de prise en passant
Mouvement invalide !
======= TEST DU COUP =======
Origine : x = 7 y = 0
Fin : x = 6 y = 6
Pas de prise en passant
La case de destination est dejà occupée par une de vos pièce !
======= TEST DU COUP =======
Origine : x = 7 y = 0
Fin : x = 6 y = 7
Pas de prise en passant
La case de destination est dejà occupée par une de vos pièce !
======= TEST DU COUP =======
Origine : x = 7 y = 0
Fin : x = 7 y = 0
Pas de prise en passant
La case de destination est dejà occupée par une de vos pièce !
======= TEST DU COUP =======
Origine : x = 7 y = 0
Fin : x = 7 y = 1
Pas de prise en passant
Verification de la validité du coup passée !
Passage libre !
entree deplacepiece echiquier
bR
Ne met pas en echec !
Attente du coup :  mouvement classique
======= TEST DU COUP =======
Origine : x = 7 y = 6
Fin : x = 6 y = 4
Pas de prise en passant
Verification de la validité du coup passée !
Passage libre !
entree deplacepiece echiquier
bN
Ne met pas en echec !
entree deplacepiece echiquier
bN
Piece déplacée !

     a     b     c     d     e     f     g     h    
  +-----+-----+-----+-----+-----+-----+-----+-----+
8 |  ♖  |     |  ♗  |  ♕  |  ♔  |     |     |  ♖  |
  +-----+-----+-----+-----+-----+-----+-----+-----+
7 |  ♙  |  ♙  |  ♙  |     |  ♘  |     |  ♙  |  ♙  |
  +-----+-----+-----+-----+-----+-----+-----+-----+
6 |     |     |     |     |     |  ♙  |     |     |
  +-----+-----+-----+-----+-----+-----+-----+-----+
5 |     |     |     |     |  ♙  |  ♟  |     |     |
  +-----+-----+-----+-----+-----+-----+-----+-----+
4 |     |  ♗  |     |  ♘  |  ♟  |     |  ♟  |     |
  +-----+-----+-----+-----+-----+-----+-----+-----+
3 |     |     |  ♞  |  ♟  |     |     |     |     |
  +-----+-----+-----+-----+-----+-----+-----+-----+
2 |  ♟  |  ♟  |     |     |     |     |     |  ♟  |
  +-----+-----+-----+-----+-----+-----+-----+-----+
1 |  ♜  |     |  ♝  |  ♛  |  ♚  |  ♝  |  ♞  |  ♜  |
  +-----+-----+-----+-----+-----+-----+-----+-----+
C'est au joueur blanc de jouer
======= TEST DU COUP =======
Origine : x = 0 y = 0
Fin : x = 0 y = 0
Pas de prise en passant
La case de destination est dejà occupée par une de vos pièce !
======= TEST DU COUP =======
Origine : x = 0 y = 0
Fin : x = 0 y = 1
Pas de prise en passant
Verification de la validité du coup passée !
Passage libre !
entree deplacepiece echiquier
wR
Ne met pas en echec !
Attente du coup :  mouvement classique
======= TEST DU COUP =======
Origine : x = 3 y = 6
Fin : x = 4 y = 6
Pas de prise en passant
Verification de la validité du coup passée !
Passage libre !
entree deplacepiece echiquier
wP
Ne met pas en echec !
entree deplacepiece echiquier
wP
Piece déplacée !

     a     b     c     d     e     f     g     h    
  +-----+-----+-----+-----+-----+-----+-----+-----+
8 |  ♖  |     |  ♗  |  ♕  |  ♔  |     |     |  ♖  |
  +-----+-----+-----+-----+-----+-----+-----+-----+
7 |  ♙  |  ♙  |  ♙  |     |  ♘  |     |  ♙  |  ♙  |
  +-----+-----+-----+-----+-----+-----+-----+-----+
6 |     |     |     |     |     |  ♙  |     |     |
  +-----+-----+-----+-----+-----+-----+-----+-----+
5 |     |     |     |     |  ♙  |  ♟  |  ♟  |     |
  +-----+-----+-----+-----+-----+-----+-----+-----+
4 |     |  ♗  |     |  ♘  |  ♟  |     |     |     |
  +-----+-----+-----+-----+-----+-----+-----+-----+
3 |     |     |  ♞  |  ♟  |     |     |     |     |
  +-----+-----+-----+-----+-----+-----+-----+-----+
2 |  ♟  |  ♟  |     |     |     |     |     |  ♟  |
  +-----+-----+-----+-----+-----+-----+-----+-----+
1 |  ♜  |     |  ♝  |  ♛  |  ♚  |  ♝  |  ♞  |  ♜  |
  +-----+-----+-----+-----+-----+-----+-----+-----+
C'est au joueur noir de jouer
======= TEST DU COUP =======
Origine : x = 7 y = 0
Fin : x = 0 y = 0
Pas de prise en passant
Verification de la validité du coup passée !
Passage impossible !
======= TEST DU COUP =======
Origine : x = 7 y = 0
Fin : x = 0 y = 1
Pas de prise en passant
Mouvement invalide !
======= TEST DU COUP =======
Origine : x = 7 y = 0
Fin : x = 0 y = 2
Pas de prise en passant
Mouvement invalide !
======= TEST DU COUP =======
Origine : x = 7 y = 0
Fin : x = 0 y = 3
Pas de prise en passant
Mouvement invalide !
======= TEST DU COUP =======
Origine : x = 7 y = 0
Fin : x = 0 y = 4
Pas de prise en passant
Mouvement invalide !
======= TEST DU COUP =======
Origine : x = 7 y = 0
Fin : x = 0 y = 5
Pas de prise en passant
Mouvement invalide !
======= TEST DU COUP =======
Origine : x = 7 y = 0
Fin : x = 0 y = 6
Pas de prise en passant
Mouvement invalide !
======= TEST DU COUP =======
Origine : x = 7 y = 0
Fin : x = 0 y = 7
Pas de prise en passant
Mouvement invalide !
======= TEST DU COUP =======
Origine : x = 7 y = 0
Fin : x = 1 y = 0
Pas de prise en passant
Verification de la validité du coup passée !
Passage impossible !
======= TEST DU COUP =======
Origine : x = 7 y = 0
Fin : x = 1 y = 1
Pas de prise en passant
Mouvement invalide !
======= TEST DU COUP =======
Origine : x = 7 y = 0
Fin : x = 1 y = 2
Pas de prise en passant
Mouvement invalide !
======= TEST DU COUP =======
Origine : x = 7 y = 0
Fin : x = 1 y = 3
Pas de prise en passant
Mouvement invalide !
======= TEST DU COUP =======
Origine : x = 7 y = 0
Fin : x = 1 y = 4
Pas de prise en passant
Mouvement invalide !
======= TEST DU COUP =======
Origine : x = 7 y = 0
Fin : x = 1 y = 5
Pas de prise en passant
Mouvement invalide !
======= TEST DU COUP =======
Origine : x = 7 y = 0
Fin : x = 1 y = 6
Pas de prise en passant
Mouvement invalide !
======= TEST DU COUP =======
Origine : x = 7 y = 0
Fin : x = 1 y = 7
Pas de prise en passant
Mouvement invalide !
======= TEST DU COUP =======
Origine : x = 7 y = 0
Fin : x = 2 y = 0
Pas de prise en passant
Verification de la validité du coup passée !
Passage impossible !
======= TEST DU COUP =======
Origine : x = 7 y = 0
Fin : x = 2 y = 1
Pas de prise en passant
Mouvement invalide !
======= TEST DU COUP =======
Origine : x = 7 y = 0
Fin : x = 2 y = 2
Pas de prise en passant
Mouvement invalide !
======= TEST DU COUP =======
Origine : x = 7 y = 0
Fin : x = 2 y = 3
Pas de prise en passant
Mouvement invalide !
======= TEST DU COUP =======
Origine : x = 7 y = 0
Fin : x = 2 y = 4
Pas de prise en passant
Mouvement invalide !
======= TEST DU COUP =======
Origine : x = 7 y = 0
Fin : x = 2 y = 5
Pas de prise en passant
Mouvement invalide !
======= TEST DU COUP =======
Origine : x = 7 y = 0
Fin : x = 2 y = 6
Pas de prise en passant
Mouvement invalide !
======= TEST DU COUP =======
Origine : x = 7 y = 0
Fin : x = 2 y = 7
Pas de prise en passant
Mouvement invalide !
======= TEST DU COUP =======
Origine : x = 7 y = 0
Fin : x = 3 y = 0
Pas de prise en passant
Verification de la validité du coup passée !
Passage impossible !
======= TEST DU COUP =======
Origine : x = 7 y = 0
Fin : x = 3 y = 1
Pas de prise en passant
La case de destination est dejà occupée par une de vos pièce !
======= TEST DU COUP =======
Origine : x = 7 y = 0
Fin : x = 3 y = 2
Pas de prise en passant
Mouvement invalide !
======= TEST DU COUP =======
Origine : x = 7 y = 0
Fin : x = 3 y = 3
Pas de prise en passant
La case de destination est dejà occupée par une de vos pièce !
======= TEST DU COUP =======
Origine : x = 7 y = 0
Fin : x = 3 y = 4
Pas de prise en passant
Mouvement invalide !
======= TEST DU COUP =======
Origine : x = 7 y = 0
Fin : x = 3 y = 5
Pas de prise en passant
Mouvement invalide !
======= TEST DU COUP =======
Origine : x = 7 y = 0
Fin : x = 3 y = 6
Pas de prise en passant
Mouvement invalide !
======= TEST DU COUP =======
Origine : x = 7 y = 0
Fin : x = 3 y = 7
Pas de prise en passant
Mouvement invalide !
======= TEST DU COUP =======
Origine : x = 7 y = 0
Fin : x = 4 y = 0
Pas de prise en passant
Verification de la validité du coup passée !
Passage impossible !
======= TEST DU COUP =======
Origine : x = 7 y = 0
Fin : x = 4 y = 1
Pas de prise en passant
Mouvement invalide !
======= TEST DU COUP =======
Origine : x = 7 y = 0
Fin : x = 4 y = 2
Pas de prise en passant
Mouvement invalide !
======= TEST DU COUP =======
Origine : x = 7 y = 0
Fin : x = 4 y = 3
Pas de prise en passant
Mouvement invalide !
======= TEST DU COUP =======
Origine : x = 7 y = 0
Fin : x = 4 y = 4
Pas de prise en passant
La case de destination est dejà occupée par une de vos pièce !
======= TEST DU COUP =======
Origine : x = 7 y = 0
Fin : x = 4 y = 5
Pas de prise en passant
Mouvement invalide !
======= TEST DU COUP =======
Origine : x = 7 y = 0
Fin : x = 4 y = 6
Pas de prise en passant
Mouvement invalide !
======= TEST DU COUP =======
Origine : x = 7 y = 0
Fin : x = 4 y = 7
Pas de prise en passant
Mouvement invalide !
======= TEST DU COUP =======
Origine : x = 7 y = 0
Fin : x = 5 y = 0
Pas de prise en passant
Verification de la validité du coup passée !
Passage impossible !
======= TEST DU COUP =======
Origine : x = 7 y = 0
Fin : x = 5 y = 1
Pas de prise en passant
Mouvement invalide !
======= TEST DU COUP =======
Origine : x = 7 y = 0
Fin : x = 5 y = 2
Pas de prise en passant
Mouvement invalide !
======= TEST DU COUP =======
Origine : x = 7 y = 0
Fin : x = 5 y = 3
Pas de prise en passant
Mouvement invalide !
======= TEST DU COUP =======
Origine : x = 7 y = 0
Fin : x = 5 y = 4
Pas de prise en passant
Mouvement invalide !
======= TEST DU COUP =======
Origine : x = 7 y = 0
Fin : x = 5 y = 5
Pas de prise en passant
La case de destination est dejà occupée par une de vos pièce !
======= TEST DU COUP =======
Origine : x = 7 y = 0
Fin : x = 5 y = 6
Pas de prise en passant
Mouvement invalide !
======= TEST DU COUP =======
Origine : x = 7 y = 0
Fin : x = 5 y = 7
Pas de prise en passant
Mouvement invalide !
======= TEST DU COUP =======
Origine : x = 7 y = 0
Fin : x = 6 y = 0
Pas de prise en passant
La case de destination est dejà occupée par une de vos pièce !
======= TEST DU COUP =======
Origine : x = 7 y = 0
Fin : x = 6 y = 1
Pas de prise en passant
La case de destination est dejà occupée par une de vos pièce !
======= TEST DU COUP =======
Origine : x = 7 y = 0
Fin : x = 6 y = 2
Pas de prise en passant
La case de destination est dejà occupée par une de vos pièce !
======= TEST DU COUP =======
Origine : x = 7 y = 0
Fin : x = 6 y = 3
Pas de prise en passant
Mouvement invalide !
======= TEST DU COUP =======
Origine : x = 7 y = 0
Fin : x = 6 y = 4
Pas de prise en passant
La case de destination est dejà occupée par une de vos pièce !
======= TEST DU COUP =======
Origine : x = 7 y = 0
Fin : x = 6 y = 5
Pas de prise en passant
Mouvement invalide !
======= TEST DU COUP =======
Origine : x = 7 y = 0
Fin : x = 6 y = 6
Pas de prise en passant
La case de destination est dejà occupée par une de vos pièce !
======= TEST DU COUP =======
Origine : x = 7 y = 0
Fin : x = 6 y = 7
Pas de prise en passant
La case de destination est dejà occupée par une de vos pièce !
======= TEST DU COUP =======
Origine : x = 7 y = 0
Fin : x = 7 y = 0
Pas de prise en passant
La case de destination est dejà occupée par une de vos pièce !
======= TEST DU COUP =======
Origine : x = 7 y = 0
Fin : x = 7 y = 1
Pas de prise en passant
Verification de la validité du coup passée !
Passage libre !
entree deplacepiece echiquier
bR
Ne met pas en echec !
Attente du coup :  mouvement classique
======= TEST DU COUP =======
Origine : x = 7 y = 3
Fin : x = 5 y = 3
Pas de prise en passant
Verification de la validité du coup passée !
Passage libre !
entree deplacepiece echiquier
bQ
Ne met pas en echec !
entree deplacepiece echiquier
bQ
Piece déplacée !

     a     b     c     d     e     f     g     h    
  +-----+-----+-----+-----+-----+-----+-----+-----+
8 |  ♖  |     |  ♗  |     |  ♔  |     |     |  ♖  |
  +-----+-----+-----+-----+-----+-----+-----+-----+
7 |  ♙  |  ♙  |  ♙  |     |  ♘  |     |  ♙  |  ♙  |
  +-----+-----+-----+-----+-----+-----+-----+-----+
6 |     |     |     |  ♕  |     |  ♙  |     |     |
  +-----+-----+-----+-----+-----+-----+-----+-----+
5 |     |     |     |     |  ♙  |  ♟  |  ♟  |     |
  +-----+-----+-----+-----+-----+-----+-----+-----+
4 |     |  ♗  |     |  ♘  |  ♟  |     |     |     |
  +-----+-----+-----+-----+-----+-----+-----+-----+
3 |     |     |  ♞  |  ♟  |     |     |     |     |
  +-----+-----+-----+-----+-----+-----+-----+-----+
2 |  ♟  |  ♟  |     |     |     |     |     |  ♟  |
  +-----+-----+-----+-----+-----+-----+-----+-----+
1 |  ♜  |     |  ♝  |  ♛  |  ♚  |  ♝  |  ♞  |  ♜  |
  +-----+-----+-----+-----+-----+-----+-----+-----+
C'est au joueur blanc de jouer
======= TEST DU COUP =======
Origine : x = 0 y = 0
Fin : x = 0 y = 0
Pas de prise en passant
La case de destination est dejà occupée par une de vos pièce !
======= TEST DU COUP =======
Origine : x = 0 y = 0
Fin : x = 0 y = 1
Pas de prise en passant
Verification de la validité du coup passée !
Passage libre !
entree deplacepiece echiquier
wR
Ne met pas en echec !
Attente du coup :  mouvement classique
======= TEST DU COUP =======
Origine : x = 1 y = 0
Fin : x = 2 y = 0
Pas de prise en passant
Verification de la validité du coup passée !
Passage libre !
entree deplacepiece echiquier
wP
Ne met pas en echec !
entree deplacepiece echiquier
wP
Piece déplacée !

     a     b     c     d     e     f     g     h    
  +-----+-----+-----+-----+-----+-----+-----+-----+
8 |  ♖  |     |  ♗  |     |  ♔  |     |     |  ♖  |
  +-----+-----+-----+-----+-----+-----+-----+-----+
7 |  ♙  |  ♙  |  ♙  |     |  ♘  |     |  ♙  |  ♙  |
  +-----+-----+-----+-----+-----+-----+-----+-----+
6 |     |     |     |  ♕  |     |  ♙  |     |     |
  +-----+-----+-----+-----+-----+-----+-----+-----+
5 |     |     |     |     |  ♙  |  ♟  |  ♟  |     |
  +-----+-----+-----+-----+-----+-----+-----+-----+
4 |     |  ♗  |     |  ♘  |  ♟  |     |     |     |
  +-----+-----+-----+-----+-----+-----+-----+-----+
3 |  ♟  |     |  ♞  |  ♟  |     |     |     |     |
  +-----+-----+-----+-----+-----+-----+-----+-----+
2 |     |  ♟  |     |     |     |     |     |  ♟  |
  +-----+-----+-----+-----+-----+-----+-----+-----+
1 |  ♜  |     |  ♝  |  ♛  |  ♚  |  ♝  |  ♞  |  ♜  |
  +-----+-----+-----+-----+-----+-----+-----+-----+
C'est au joueur noir de jouer
======= TEST DU COUP =======
Origine : x = 7 y = 0
Fin : x = 0 y = 0
Pas de prise en passant
Verification de la validité du coup passée !
Passage impossible !
======= TEST DU COUP =======
Origine : x = 7 y = 0
Fin : x = 0 y = 1
Pas de prise en passant
Mouvement invalide !
======= TEST DU COUP =======
Origine : x = 7 y = 0
Fin : x = 0 y = 2
Pas de prise en passant
Mouvement invalide !
======= TEST DU COUP =======
Origine : x = 7 y = 0
Fin : x = 0 y = 3
Pas de prise en passant
Mouvement invalide !
======= TEST DU COUP =======
Origine : x = 7 y = 0
Fin : x = 0 y = 4
Pas de prise en passant
Mouvement invalide !
======= TEST DU COUP =======
Origine : x = 7 y = 0
Fin : x = 0 y = 5
Pas de prise en passant
Mouvement invalide !
======= TEST DU COUP =======
Origine : x = 7 y = 0
Fin : x = 0 y = 6
Pas de prise en passant
Mouvement invalide !
======= TEST DU COUP =======
Origine : x = 7 y = 0
Fin : x = 0 y = 7
Pas de prise en passant
Mouvement invalide !
======= TEST DU COUP =======
Origine : x = 7 y = 0
Fin : x = 1 y = 0
Pas de prise en passant
Verification de la validité du coup passée !
Passage impossible !
======= TEST DU COUP =======
Origine : x = 7 y = 0
Fin : x = 1 y = 1
Pas de prise en passant
Mouvement invalide !
======= TEST DU COUP =======
Origine : x = 7 y = 0
Fin : x = 1 y = 2
Pas de prise en passant
Mouvement invalide !
======= TEST DU COUP =======
Origine : x = 7 y = 0
Fin : x = 1 y = 3
Pas de prise en passant
Mouvement invalide !
======= TEST DU COUP =======
Origine : x = 7 y = 0
Fin : x = 1 y = 4
Pas de prise en passant
Mouvement invalide !
======= TEST DU COUP =======
Origine : x = 7 y = 0
Fin : x = 1 y = 5
Pas de prise en passant
Mouvement invalide !
======= TEST DU COUP =======
Origine : x = 7 y = 0
Fin : x = 1 y = 6
Pas de prise en passant
Mouvement invalide !
======= TEST DU COUP =======
Origine : x = 7 y = 0
Fin : x = 1 y = 7
Pas de prise en passant
Mouvement invalide !
======= TEST DU COUP =======
Origine : x = 7 y = 0
Fin : x = 2 y = 0
Pas de prise en passant
Verification de la validité du coup passée !
Passage impossible !
======= TEST DU COUP =======
Origine : x = 7 y = 0
Fin : x = 2 y = 1
Pas de prise en passant
Mouvement invalide !
======= TEST DU COUP =======
Origine : x = 7 y = 0
Fin : x = 2 y = 2
Pas de prise en passant
Mouvement invalide !
======= TEST DU COUP =======
Origine : x = 7 y = 0
Fin : x = 2 y = 3
Pas de prise en passant
Mouvement invalide !
======= TEST DU COUP =======
Origine : x = 7 y = 0
Fin : x = 2 y = 4
Pas de prise en passant
Mouvement invalide !
======= TEST DU COUP =======
Origine : x = 7 y = 0
Fin : x = 2 y = 5
Pas de prise en passant
Mouvement invalide !
======= TEST DU COUP =======
Origine : x = 7 y = 0
Fin : x = 2 y = 6
Pas de prise en passant
Mouvement invalide !
======= TEST DU COUP =======
Origine : x = 7 y = 0
Fin : x = 2 y = 7
Pas de prise en passant
Mouvement invalide !
======= TEST DU COUP =======
Origine : x = 7 y = 0
Fin : x = 3 y = 0
Pas de prise en passant
Verification de la validité du coup passée !
Passage impossible !
======= TEST DU COUP =======
Origine : x = 7 y = 0
Fin : x = 3 y = 1
Pas de prise en passant
La case de destination est dejà occupée par une de vos pièce !
======= TEST DU COUP =======
Origine : x = 7 y = 0
Fin : x = 3 y = 2
Pas de prise en passant
Mouvement invalide !
======= TEST DU COUP =======
Origine : x = 7 y = 0
Fin : x = 3 y = 3
Pas de prise en passant
La case de destination est dejà occupée par une de vos pièce !
======= TEST DU COUP =======
Origine : x = 7 y = 0
Fin : x = 3 y = 4
Pas de prise en passant
Mouvement invalide !
======= TEST DU COUP =======
Origine : x = 7 y = 0
Fin : x = 3 y = 5
Pas de prise en passant
Mouvement invalide !
======= TEST DU COUP =======
Origine : x = 7 y = 0
Fin : x = 3 y = 6
Pas de prise en passant
Mouvement invalide !
======= TEST DU COUP =======
Origine : x = 7 y = 0
Fin : x = 3 y = 7
Pas de prise en passant
Mouvement invalide !
======= TEST DU COUP =======
Origine : x = 7 y = 0
Fin : x = 4 y = 0
Pas de prise en passant
Verification de la validité du coup passée !
Passage impossible !
======= TEST DU COUP =======
Origine : x = 7 y = 0
Fin : x = 4 y = 1
Pas de prise en passant
Mouvement invalide !
======= TEST DU COUP =======
Origine : x = 7 y = 0
Fin : x = 4 y = 2
Pas de prise en passant
Mouvement invalide !
======= TEST DU COUP =======
Origine : x = 7 y = 0
Fin : x = 4 y = 3
Pas de prise en passant
Mouvement invalide !
======= TEST DU COUP =======
Origine : x = 7 y = 0
Fin : x = 4 y = 4
Pas de prise en passant
La case de destination est dejà occupée par une de vos pièce !
======= TEST DU COUP =======
Origine : x = 7 y = 0
Fin : x = 4 y = 5
Pas de prise en passant
Mouvement invalide !
======= TEST DU COUP =======
Origine : x = 7 y = 0
Fin : x = 4 y = 6
Pas de prise en passant
Mouvement invalide !
======= TEST DU COUP =======
Origine : x = 7 y = 0
Fin : x = 4 y = 7
Pas de prise en passant
Mouvement invalide !
======= TEST DU COUP =======
Origine : x = 7 y = 0
Fin : x = 5 y = 0
Pas de prise en passant
Verification de la validité du coup passée !
Passage impossible !
======= TEST DU COUP =======
Origine : x = 7 y = 0
Fin : x = 5 y = 1
Pas de prise en passant
Mouvement invalide !
======= TEST DU COUP =======
Origine : x = 7 y = 0
Fin : x = 5 y = 2
Pas de prise en passant
Mouvement invalide !
======= TEST DU COUP =======
Origine : x = 7 y = 0
Fin : x = 5 y = 3
Pas de prise en passant
La case de destination est dejà occupée par une de vos pièce !
======= TEST DU COUP =======
Origine : x = 7 y = 0
Fin : x = 5 y = 4
Pas de prise en passant
Mouvement invalide !
======= TEST DU COUP =======
Origine : x = 7 y = 0
Fin : x = 5 y = 5
Pas de prise en passant
La case de destination est dejà occupée par une de vos pièce !
======= TEST DU COUP =======
Origine : x = 7 y = 0
Fin : x = 5 y = 6
Pas de prise en passant
Mouvement invalide !
======= TEST DU COUP =======
Origine : x = 7 y = 0
Fin : x = 5 y = 7
Pas de prise en passant
Mouvement invalide !
======= TEST DU COUP =======
Origine : x = 7 y = 0
Fin : x = 6 y = 0
Pas de prise en passant
La case de destination est dejà occupée par une de vos pièce !
======= TEST DU COUP =======
Origine : x = 7 y = 0
Fin : x = 6 y = 1
Pas de prise en passant
La case de destination est dejà occupée par une de vos pièce !
======= TEST DU COUP =======
Origine : x = 7 y = 0
Fin : x = 6 y = 2
Pas de prise en passant
La case de destination est dejà occupée par une de vos pièce !
======= TEST DU COUP =======
Origine : x = 7 y = 0
Fin : x = 6 y = 3
Pas de prise en passant
Mouvement invalide !
======= TEST DU COUP =======
Origine : x = 7 y = 0
Fin : x = 6 y = 4
Pas de prise en passant
La case de destination est dejà occupée par une de vos pièce !
======= TEST DU COUP =======
Origine : x = 7 y = 0
Fin : x = 6 y = 5
Pas de prise en passant
Mouvement invalide !
======= TEST DU COUP =======
Origine : x = 7 y = 0
Fin : x = 6 y = 6
Pas de prise en passant
La case de destination est dejà occupée par une de vos pièce !
======= TEST DU COUP =======
Origine : x = 7 y = 0
Fin : x = 6 y = 7
Pas de prise en passant
La case de destination est dejà occupée par une de vos pièce !
======= TEST DU COUP =======
Origine : x = 7 y = 0
Fin : x = 7 y = 0
Pas de prise en passant
La case de destination est dejà occupée par une de vos pièce !
======= TEST DU COUP =======
Origine : x = 7 y = 0
Fin : x = 7 y = 1
Pas de prise en passant
Verification de la validité du coup passée !
Passage libre !
entree deplacepiece echiquier
bR
Ne met pas en echec !
Attente du coup :  mouvement classique
======= TEST DU COUP =======
Origine : x = 3 y = 1
Fin : x = 2 y = 2
Pas de prise en passant
Verification de la validité du coup passée !
Passage libre !
entree deplacepiece echiquier
bB
Ne met pas en echec !
entree deplacepiece echiquier
bB
Piece déplacée !

     a     b     c     d     e     f     g     h    
  +-----+-----+-----+-----+-----+-----+-----+-----+
8 |  ♖  |     |  ♗  |     |  ♔  |     |     |  ♖  |
  +-----+-----+-----+-----+-----+-----+-----+-----+
7 |  ♙  |  ♙  |  ♙  |     |  ♘  |     |  ♙  |  ♙  |
  +-----+-----+-----+-----+-----+-----+-----+-----+
6 |     |     |     |  ♕  |     |  ♙  |     |     |
  +-----+-----+-----+-----+-----+-----+-----+-----+
5 |     |     |     |     |  ♙  |  ♟  |  ♟  |     |
  +-----+-----+-----+-----+-----+-----+-----+-----+
4 |     |     |     |  ♘  |  ♟  |     |     |     |
  +-----+-----+-----+-----+-----+-----+-----+-----+
3 |  ♟  |     |  ♗  |  ♟  |     |     |     |     |
  +-----+-----+-----+-----+-----+-----+-----+-----+
2 |     |  ♟  |     |     |     |     |     |  ♟  |
  +-----+-----+-----+-----+-----+-----+-----+-----+
1 |  ♜  |     |  ♝  |  ♛  |  ♚  |  ♝  |  ♞  |  ♜  |
  +-----+-----+-----+-----+-----+-----+-----+-----+
C'est au joueur blanc de jouer
Echec !
======= TEST DU COUP =======
Origine : x = 0 y = 0
Fin : x = 0 y = 0
Pas de prise en passant
La case de destination est dejà occupée par une de vos pièce !
======= TEST DU COUP =======
Origine : x = 0 y = 0
Fin : x = 0 y = 1
Pas de prise en passant
Verification de la validité du coup passée !
Passage libre !
entree deplacepiece echiquier
wR
Ce coup vous met en échec !
======= TEST DU COUP =======
Origine : x = 0 y = 0
Fin : x = 0 y = 2
Pas de prise en passant
La case de destination est dejà occupée par une de vos pièce !
======= TEST DU COUP =======
Origine : x = 0 y = 0
Fin : x = 0 y = 3
Pas de prise en passant
La case de destination est dejà occupée par une de vos pièce !
======= TEST DU COUP =======
Origine : x = 0 y = 0
Fin : x = 0 y = 4
Pas de prise en passant
La case de destination est dejà occupée par une de vos pièce !
======= TEST DU COUP =======
Origine : x = 0 y = 0
Fin : x = 0 y = 5
Pas de prise en passant
La case de destination est dejà occupée par une de vos pièce !
======= TEST DU COUP =======
Origine : x = 0 y = 0
Fin : x = 0 y = 6
Pas de prise en passant
La case de destination est dejà occupée par une de vos pièce !
======= TEST DU COUP =======
Origine : x = 0 y = 0
Fin : x = 0 y = 7
Pas de prise en passant
La case de destination est dejà occupée par une de vos pièce !
======= TEST DU COUP =======
Origine : x = 0 y = 0
Fin : x = 1 y = 0
Pas de prise en passant
Verification de la validité du coup passée !
Passage libre !
entree deplacepiece echiquier
wR
Ce coup vous met en échec !
======= TEST DU COUP =======
Origine : x = 0 y = 0
Fin : x = 1 y = 1
Pas de prise en passant
La case de destination est dejà occupée par une de vos pièce !
======= TEST DU COUP =======
Origine : x = 0 y = 0
Fin : x = 1 y = 2
Pas de prise en passant
Mouvement invalide !
======= TEST DU COUP =======
Origine : x = 0 y = 0
Fin : x = 1 y = 3
Pas de prise en passant
Mouvement invalide !
======= TEST DU COUP =======
Origine : x = 0 y = 0
Fin : x = 1 y = 4
Pas de prise en passant
Mouvement invalide !
======= TEST DU COUP =======
Origine : x = 0 y = 0
Fin : x = 1 y = 5
Pas de prise en passant
Mouvement invalide !
======= TEST DU COUP =======
Origine : x = 0 y = 0
Fin : x = 1 y = 6
Pas de prise en passant
Mouvement invalide !
======= TEST DU COUP =======
Origine : x = 0 y = 0
Fin : x = 1 y = 7
Pas de prise en passant
La case de destination est dejà occupée par une de vos pièce !
======= TEST DU COUP =======
Origine : x = 0 y = 0
Fin : x = 2 y = 0
Pas de prise en passant
La case de destination est dejà occupée par une de vos pièce !
======= TEST DU COUP =======
Origine : x = 0 y = 0
Fin : x = 2 y = 1
Pas de prise en passant
Mouvement invalide !
======= TEST DU COUP =======
Origine : x = 0 y = 0
Fin : x = 2 y = 2
Pas de prise en passant
Mouvement invalide !
======= TEST DU COUP =======
Origine : x = 0 y = 0
Fin : x = 2 y = 3
Pas de prise en passant
La case de destination est dejà occupée par une de vos pièce !
======= TEST DU COUP =======
Origine : x = 0 y = 0
Fin : x = 2 y = 4
Pas de prise en passant
Mouvement invalide !
======= TEST DU COUP =======
Origine : x = 0 y = 0
Fin : x = 2 y = 5
Pas de prise en passant
Mouvement invalide !
======= TEST DU COUP =======
Origine : x = 0 y = 0
Fin : x = 2 y = 6
Pas de prise en passant
Mouvement invalide !
======= TEST DU COUP =======
Origine : x = 0 y = 0
Fin : x = 2 y = 7
Pas de prise en passant
Mouvement invalide !
======= TEST DU COUP =======
Origine : x = 0 y = 0
Fin : x = 3 y = 0
Pas de prise en passant
Verification de la validité du coup passée !
Passage impossible !
======= TEST DU COUP =======
Origine : x = 0 y = 0
Fin : x = 3 y = 1
Pas de prise en passant
Mouvement invalide !
======= TEST DU COUP =======
Origine : x = 0 y = 0
Fin : x = 3 y = 2
Pas de prise en passant
Mouvement invalide !
======= TEST DU COUP =======
Origine : x = 0 y = 0
Fin : x = 3 y = 3
Pas de prise en passant
Mouvement invalide !
======= TEST DU COUP =======
Origine : x = 0 y = 0
Fin : x = 3 y = 4
Pas de prise en passant
La case de destination est dejà occupée par une de vos pièce !
======= TEST DU COUP =======
Origine : x = 0 y = 0
Fin : x = 3 y = 5
Pas de prise en passant
Mouvement invalide !
======= TEST DU COUP =======
Origine : x = 0 y = 0
Fin : x = 3 y = 6
Pas de prise en passant
Mouvement invalide !
======= TEST DU COUP =======
Origine : x = 0 y = 0
Fin : x = 3 y = 7
Pas de prise en passant
Mouvement invalide !
======= TEST DU COUP =======
Origine : x = 0 y = 0
Fin : x = 4 y = 0
Pas de prise en passant
Verification de la validité du coup passée !
Passage impossible !
======= TEST DU COUP =======
Origine : x = 0 y = 0
Fin : x = 4 y = 1
Pas de prise en passant
Mouvement invalide !
======= TEST DU COUP =======
Origine : x = 0 y = 0
Fin : x = 4 y = 2
Pas de prise en passant
Mouvement invalide !
======= TEST DU COUP =======
Origine : x = 0 y = 0
Fin : x = 4 y = 3
Pas de prise en passant
Mouvement invalide !
======= TEST DU COUP =======
Origine : x = 0 y = 0
Fin : x = 4 y = 4
Pas de prise en passant
Mouvement invalide !
======= TEST DU COUP =======
Origine : x = 0 y = 0
Fin : x = 4 y = 5
Pas de prise en passant
La case de destination est dejà occupée par une de vos pièce !
======= TEST DU COUP =======
Origine : x = 0 y = 0
Fin : x = 4 y = 6
Pas de prise en passant
La case de destination est dejà occupée par une de vos pièce !
======= TEST DU COUP =======
Origine : x = 0 y = 0
Fin : x = 4 y = 7
Pas de prise en passant
Mouvement invalide !
======= TEST DU COUP =======
Origine : x = 0 y = 0
Fin : x = 5 y = 0
Pas de prise en passant
Verification de la validité du coup passée !
Passage impossible !
======= TEST DU COUP =======
Origine : x = 0 y = 0
Fin : x = 5 y = 1
Pas de prise en passant
Mouvement invalide !
======= TEST DU COUP =======
Origine : x = 0 y = 0
Fin : x = 5 y = 2
Pas de prise en passant
Mouvement invalide !
======= TEST DU COUP =======
Origine : x = 0 y = 0
Fin : x = 5 y = 3
Pas de prise en passant
Mouvement invalide !
======= TEST DU COUP =======
Origine : x = 0 y = 0
Fin : x = 5 y = 4
Pas de prise en passant
Mouvement invalide !
======= TEST DU COUP =======
Origine : x = 0 y = 0
Fin : x = 5 y = 5
Pas de prise en passant
Mouvement invalide !
======= TEST DU COUP =======
Origine : x = 0 y = 0
Fin : x = 5 y = 6
Pas de prise en passant
Mouvement invalide !
======= TEST DU COUP =======
Origine : x = 0 y = 0
Fin : x = 5 y = 7
Pas de prise en passant
Mouvement invalide !
======= TEST DU COUP =======
Origine : x = 0 y = 0
Fin : x = 6 y = 0
Pas de prise en passant
Verification de la validité du coup passée !
Passage impossible !
======= TEST DU COUP =======
Origine : x = 0 y = 0
Fin : x = 6 y = 1
Pas de prise en passant
Mouvement invalide !
======= TEST DU COUP =======
Origine : x = 0 y = 0
Fin : x = 6 y = 2
Pas de prise en passant
Mouvement invalide !
======= TEST DU COUP =======
Origine : x = 0 y = 0
Fin : x = 6 y = 3
Pas de prise en passant
Mouvement invalide !
======= TEST DU COUP =======
Origine : x = 0 y = 0
Fin : x = 6 y = 4
Pas de prise en passant
Mouvement invalide !
======= TEST DU COUP =======
Origine : x = 0 y = 0
Fin : x = 6 y = 5
Pas de prise en passant
Mouvement invalide !
======= TEST DU COUP =======
Origine : x = 0 y = 0
Fin : x = 6 y = 6
Pas de prise en passant
Mouvement invalide !
======= TEST DU COUP =======
Origine : x = 0 y = 0
Fin : x = 6 y = 7
Pas de prise en passant
Mouvement invalide !
======= TEST DU COUP =======
Origine : x = 0 y = 0
Fin : x = 7 y = 0
Pas de prise en passant
Verification de la validité du coup passée !
Passage impossible !
======= TEST DU COUP =======
Origine : x = 0 y = 0
Fin : x = 7 y = 1
Pas de prise en passant
Mouvement invalide !
======= TEST DU COUP =======
Origine : x = 0 y = 0
Fin : x = 7 y = 2
Pas de prise en passant
Mouvement invalide !
======= TEST DU COUP =======
Origine : x = 0 y = 0
Fin : x = 7 y = 3
Pas de prise en passant
Mouvement invalide !
======= TEST DU COUP =======
Origine : x = 0 y = 0
Fin : x = 7 y = 4
Pas de prise en passant
Mouvement invalide !
======= TEST DU COUP =======
Origine : x = 0 y = 0
Fin : x = 7 y = 5
Pas de prise en passant
Mouvement invalide !
======= TEST DU COUP =======
Origine : x = 0 y = 0
Fin : x = 7 y = 6
Pas de prise en passant
Mouvement invalide !
======= TEST DU COUP =======
Origine : x = 0 y = 0
Fin : x = 7 y = 7
Pas de prise en passant
Mouvement invalide !
======= TEST DU COUP =======
Origine : x = 0 y = 2
Fin : x = 0 y = 0
Pas de prise en passant
La case de destination est dejà occupée par une de vos pièce !
======= TEST DU COUP =======
Origine : x = 0 y = 2
Fin : x = 0 y = 1
Pas de prise en passant
Mouvement invalide !
======= TEST DU COUP =======
Origine : x = 0 y = 2
Fin : x = 0 y = 2
Pas de prise en passant
La case de destination est dejà occupée par une de vos pièce !
======= TEST DU COUP =======
Origine : x = 0 y = 2
Fin : x = 0 y = 3
Pas de prise en passant
La case de destination est dejà occupée par une de vos pièce !
======= TEST DU COUP =======
Origine : x = 0 y = 2
Fin : x = 0 y = 4
Pas de prise en passant
La case de destination est dejà occupée par une de vos pièce !
======= TEST DU COUP =======
Origine : x = 0 y = 2
Fin : x = 0 y = 5
Pas de prise en passant
La case de destination est dejà occupée par une de vos pièce !
======= TEST DU COUP =======
Origine : x = 0 y = 2
Fin : x = 0 y = 6
Pas de prise en passant
La case de destination est dejà occupée par une de vos pièce !
======= TEST DU COUP =======
Origine : x = 0 y = 2
Fin : x = 0 y = 7
Pas de prise en passant
La case de destination est dejà occupée par une de vos pièce !
======= TEST DU COUP =======
Origine : x = 0 y = 2
Fin : x = 1 y = 0
Pas de prise en passant
Mouvement invalide !
======= TEST DU COUP =======
Origine : x = 0 y = 2
Fin : x = 1 y = 1
Pas de prise en passant
La case de destination est dejà occupée par une de vos pièce !
======= TEST DU COUP =======
Origine : x = 0 y = 2
Fin : x = 1 y = 2
Pas de prise en passant
Mouvement invalide !
======= TEST DU COUP =======
Origine : x = 0 y = 2
Fin : x = 1 y = 3
Pas de prise en passant
Verification de la validité du coup passée !
Passage libre !
entree deplacepiece echiquier
wB
Ne met pas en echec !
Attente du coup :  mouvement classique
======= TEST DU COUP =======
Origine : x = 1 y = 1
Fin : x = 2 y = 2
Pas de prise en passant
Verification de la validité du coup passée !
Passage libre !
entree deplacepiece echiquier
wP
Ne met pas en echec !
entree deplacepiece echiquier
wP
Piece déplacée !

     a     b     c     d     e     f     g     h    
  +-----+-----+-----+-----+-----+-----+-----+-----+
8 |  ♖  |     |  ♗  |     |  ♔  |     |     |  ♖  |
  +-----+-----+-----+-----+-----+-----+-----+-----+
7 |  ♙  |  ♙  |  ♙  |     |  ♘  |     |  ♙  |  ♙  |
  +-----+-----+-----+-----+-----+-----+-----+-----+
6 |     |     |     |  ♕  |     |  ♙  |     |     |
  +-----+-----+-----+-----+-----+-----+-----+-----+
5 |     |     |     |     |  ♙  |  ♟  |  ♟  |     |
  +-----+-----+-----+-----+-----+-----+-----+-----+
4 |     |     |     |  ♘  |  ♟  |     |     |     |
  +-----+-----+-----+-----+-----+-----+-----+-----+
3 |  ♟  |     |  ♟  |  ♟  |     |     |     |     |
  +-----+-----+-----+-----+-----+-----+-----+-----+
2 |     |     |     |     |     |     |     |  ♟  |
  +-----+-----+-----+-----+-----+-----+-----+-----+
1 |  ♜  |     |  ♝  |  ♛  |  ♚  |  ♝  |  ♞  |  ♜  |
  +-----+-----+-----+-----+-----+-----+-----+-----+
C'est au joueur noir de jouer
======= TEST DU COUP =======
Origine : x = 7 y = 0
Fin : x = 0 y = 0
Pas de prise en passant
Verification de la validité du coup passée !
Passage impossible !
======= TEST DU COUP =======
Origine : x = 7 y = 0
Fin : x = 0 y = 1
Pas de prise en passant
Mouvement invalide !
======= TEST DU COUP =======
Origine : x = 7 y = 0
Fin : x = 0 y = 2
Pas de prise en passant
Mouvement invalide !
======= TEST DU COUP =======
Origine : x = 7 y = 0
Fin : x = 0 y = 3
Pas de prise en passant
Mouvement invalide !
======= TEST DU COUP =======
Origine : x = 7 y = 0
Fin : x = 0 y = 4
Pas de prise en passant
Mouvement invalide !
======= TEST DU COUP =======
Origine : x = 7 y = 0
Fin : x = 0 y = 5
Pas de prise en passant
Mouvement invalide !
======= TEST DU COUP =======
Origine : x = 7 y = 0
Fin : x = 0 y = 6
Pas de prise en passant
Mouvement invalide !
======= TEST DU COUP =======
Origine : x = 7 y = 0
Fin : x = 0 y = 7
Pas de prise en passant
Mouvement invalide !
======= TEST DU COUP =======
Origine : x = 7 y = 0
Fin : x = 1 y = 0
Pas de prise en passant
Verification de la validité du coup passée !
Passage impossible !
======= TEST DU COUP =======
Origine : x = 7 y = 0
Fin : x = 1 y = 1
Pas de prise en passant
Mouvement invalide !
======= TEST DU COUP =======
Origine : x = 7 y = 0
Fin : x = 1 y = 2
Pas de prise en passant
Mouvement invalide !
======= TEST DU COUP =======
Origine : x = 7 y = 0
Fin : x = 1 y = 3
Pas de prise en passant
Mouvement invalide !
======= TEST DU COUP =======
Origine : x = 7 y = 0
Fin : x = 1 y = 4
Pas de prise en passant
Mouvement invalide !
======= TEST DU COUP =======
Origine : x = 7 y = 0
Fin : x = 1 y = 5
Pas de prise en passant
Mouvement invalide !
======= TEST DU COUP =======
Origine : x = 7 y = 0
Fin : x = 1 y = 6
Pas de prise en passant
Mouvement invalide !
======= TEST DU COUP =======
Origine : x = 7 y = 0
Fin : x = 1 y = 7
Pas de prise en passant
Mouvement invalide !
======= TEST DU COUP =======
Origine : x = 7 y = 0
Fin : x = 2 y = 0
Pas de prise en passant
Verification de la validité du coup passée !
Passage impossible !
======= TEST DU COUP =======
Origine : x = 7 y = 0
Fin : x = 2 y = 1
Pas de prise en passant
Mouvement invalide !
======= TEST DU COUP =======
Origine : x = 7 y = 0
Fin : x = 2 y = 2
Pas de prise en passant
Mouvement invalide !
======= TEST DU COUP =======
Origine : x = 7 y = 0
Fin : x = 2 y = 3
Pas de prise en passant
Mouvement invalide !
======= TEST DU COUP =======
Origine : x = 7 y = 0
Fin : x = 2 y = 4
Pas de prise en passant
Mouvement invalide !
======= TEST DU COUP =======
Origine : x = 7 y = 0
Fin : x = 2 y = 5
Pas de prise en passant
Mouvement invalide !
======= TEST DU COUP =======
Origine : x = 7 y = 0
Fin : x = 2 y = 6
Pas de prise en passant
Mouvement invalide !
======= TEST DU COUP =======
Origine : x = 7 y = 0
Fin : x = 2 y = 7
Pas de prise en passant
Mouvement invalide !
======= TEST DU COUP =======
Origine : x = 7 y = 0
Fin : x = 3 y = 0
Pas de prise en passant
Verification de la validité du coup passée !
Passage impossible !
======= TEST DU COUP =======
Origine : x = 7 y = 0
Fin : x = 3 y = 1
Pas de prise en passant
Mouvement invalide !
======= TEST DU COUP =======
Origine : x = 7 y = 0
Fin : x = 3 y = 2
Pas de prise en passant
Mouvement invalide !
======= TEST DU COUP =======
Origine : x = 7 y = 0
Fin : x = 3 y = 3
Pas de prise en passant
La case de destination est dejà occupée par une de vos pièce !
======= TEST DU COUP =======
Origine : x = 7 y = 0
Fin : x = 3 y = 4
Pas de prise en passant
Mouvement invalide !
======= TEST DU COUP =======
Origine : x = 7 y = 0
Fin : x = 3 y = 5
Pas de prise en passant
Mouvement invalide !
======= TEST DU COUP =======
Origine : x = 7 y = 0
Fin : x = 3 y = 6
Pas de prise en passant
Mouvement invalide !
======= TEST DU COUP =======
Origine : x = 7 y = 0
Fin : x = 3 y = 7
Pas de prise en passant
Mouvement invalide !
======= TEST DU COUP =======
Origine : x = 7 y = 0
Fin : x = 4 y = 0
Pas de prise en passant
Verification de la validité du coup passée !
Passage impossible !
======= TEST DU COUP =======
Origine : x = 7 y = 0
Fin : x = 4 y = 1
Pas de prise en passant
Mouvement invalide !
======= TEST DU COUP =======
Origine : x = 7 y = 0
Fin : x = 4 y = 2
Pas de prise en passant
Mouvement invalide !
======= TEST DU COUP =======
Origine : x = 7 y = 0
Fin : x = 4 y = 3
Pas de prise en passant
Mouvement invalide !
======= TEST DU COUP =======
Origine : x = 7 y = 0
Fin : x = 4 y = 4
Pas de prise en passant
La case de destination est dejà occupée par une de vos pièce !
======= TEST DU COUP =======
Origine : x = 7 y = 0
Fin : x = 4 y = 5
Pas de prise en passant
Mouvement invalide !
======= TEST DU COUP =======
Origine : x = 7 y = 0
Fin : x = 4 y = 6
Pas de prise en passant
Mouvement invalide !
======= TEST DU COUP =======
Origine : x = 7 y = 0
Fin : x = 4 y = 7
Pas de prise en passant
Mouvement invalide !
======= TEST DU COUP =======
Origine : x = 7 y = 0
Fin : x = 5 y = 0
Pas de prise en passant
Verification de la validité du coup passée !
Passage impossible !
======= TEST DU COUP =======
Origine : x = 7 y = 0
Fin : x = 5 y = 1
Pas de prise en passant
Mouvement invalide !
======= TEST DU COUP =======
Origine : x = 7 y = 0
Fin : x = 5 y = 2
Pas de prise en passant
Mouvement invalide !
======= TEST DU COUP =======
Origine : x = 7 y = 0
Fin : x = 5 y = 3
Pas de prise en passant
La case de destination est dejà occupée par une de vos pièce !
======= TEST DU COUP =======
Origine : x = 7 y = 0
Fin : x = 5 y = 4
Pas de prise en passant
Mouvement invalide !
======= TEST DU COUP =======
Origine : x = 7 y = 0
Fin : x = 5 y = 5
Pas de prise en passant
La case de destination est dejà occupée par une de vos pièce !
======= TEST DU COUP =======
Origine : x = 7 y = 0
Fin : x = 5 y = 6
Pas de prise en passant
Mouvement invalide !
======= TEST DU COUP =======
Origine : x = 7 y = 0
Fin : x = 5 y = 7
Pas de prise en passant
Mouvement invalide !
======= TEST DU COUP =======
Origine : x = 7 y = 0
Fin : x = 6 y = 0
Pas de prise en passant
La case de destination est dejà occupée par une de vos pièce !
======= TEST DU COUP =======
Origine : x = 7 y = 0
Fin : x = 6 y = 1
Pas de prise en passant
La case de destination est dejà occupée par une de vos pièce !
======= TEST DU COUP =======
Origine : x = 7 y = 0
Fin : x = 6 y = 2
Pas de prise en passant
La case de destination est dejà occupée par une de vos pièce !
======= TEST DU COUP =======
Origine : x = 7 y = 0
Fin : x = 6 y = 3
Pas de prise en passant
Mouvement invalide !
======= TEST DU COUP =======
Origine : x = 7 y = 0
Fin : x = 6 y = 4
Pas de prise en passant
La case de destination est dejà occupée par une de vos pièce !
======= TEST DU COUP =======
Origine : x = 7 y = 0
Fin : x = 6 y = 5
Pas de prise en passant
Mouvement invalide !
======= TEST DU COUP =======
Origine : x = 7 y = 0
Fin : x = 6 y = 6
Pas de prise en passant
La case de destination est dejà occupée par une de vos pièce !
======= TEST DU COUP =======
Origine : x = 7 y = 0
Fin : x = 6 y = 7
Pas de prise en passant
La case de destination est dejà occupée par une de vos pièce !
======= TEST DU COUP =======
Origine : x = 7 y = 0
Fin : x = 7 y = 0
Pas de prise en passant
La case de destination est dejà occupée par une de vos pièce !
======= TEST DU COUP =======
Origine : x = 7 y = 0
Fin : x = 7 y = 1
Pas de prise en passant
Verification de la validité du coup passée !
Passage libre !
entree deplacepiece echiquier
bR
Ne met pas en echec !
Attente du coup :  mouvement classique
======= TEST DU COUP =======
Origine : x = 3 y = 3
Fin : x = 4 y = 1
Pas de prise en passant
Verification de la validité du coup passée !
Passage libre !
entree deplacepiece echiquier
bN
Ne met pas en echec !
entree deplacepiece echiquier
bN
Piece déplacée !

     a     b     c     d     e     f     g     h    
  +-----+-----+-----+-----+-----+-----+-----+-----+
8 |  ♖  |     |  ♗  |     |  ♔  |     |     |  ♖  |
  +-----+-----+-----+-----+-----+-----+-----+-----+
7 |  ♙  |  ♙  |  ♙  |     |  ♘  |     |  ♙  |  ♙  |
  +-----+-----+-----+-----+-----+-----+-----+-----+
6 |     |     |     |  ♕  |     |  ♙  |     |     |
  +-----+-----+-----+-----+-----+-----+-----+-----+
5 |     |  ♘  |     |     |  ♙  |  ♟  |  ♟  |     |
  +-----+-----+-----+-----+-----+-----+-----+-----+
4 |     |     |     |     |  ♟  |     |     |     |
  +-----+-----+-----+-----+-----+-----+-----+-----+
3 |  ♟  |     |  ♟  |  ♟  |     |     |     |     |
  +-----+-----+-----+-----+-----+-----+-----+-----+
2 |     |     |     |     |     |     |     |  ♟  |
  +-----+-----+-----+-----+-----+-----+-----+-----+
1 |  ♜  |     |  ♝  |  ♛  |  ♚  |  ♝  |  ♞  |  ♜  |
  +-----+-----+-----+-----+-----+-----+-----+-----+
C'est au joueur blanc de jouer
======= TEST DU COUP =======
Origine : x = 0 y = 0
Fin : x = 0 y = 0
Pas de prise en passant
La case de destination est dejà occupée par une de vos pièce !
======= TEST DU COUP =======
Origine : x = 0 y = 0
Fin : x = 0 y = 1
Pas de prise en passant
Verification de la validité du coup passée !
Passage libre !
entree deplacepiece echiquier
wR
Ne met pas en echec !
Attente du coup :  mouvement classique
======= TEST DU COUP =======
Origine : x = 0 y = 6
Fin : x = 1 y = 4
Pas de prise en passant
Verification de la validité du coup passée !
Passage libre !
entree deplacepiece echiquier
wN
Ne met pas en echec !
entree deplacepiece echiquier
wN
Piece déplacée !

     a     b     c     d     e     f     g     h    
  +-----+-----+-----+-----+-----+-----+-----+-----+
8 |  ♖  |     |  ♗  |     |  ♔  |     |     |  ♖  |
  +-----+-----+-----+-----+-----+-----+-----+-----+
7 |  ♙  |  ♙  |  ♙  |     |  ♘  |     |  ♙  |  ♙  |
  +-----+-----+-----+-----+-----+-----+-----+-----+
6 |     |     |     |  ♕  |     |  ♙  |     |     |
  +-----+-----+-----+-----+-----+-----+-----+-----+
5 |     |  ♘  |     |     |  ♙  |  ♟  |  ♟  |     |
  +-----+-----+-----+-----+-----+-----+-----+-----+
4 |     |     |     |     |  ♟  |     |     |     |
  +-----+-----+-----+-----+-----+-----+-----+-----+
3 |  ♟  |     |  ♟  |  ♟  |     |     |     |     |
  +-----+-----+-----+-----+-----+-----+-----+-----+
2 |     |     |     |     |  ♞  |     |     |  ♟  |
  +-----+-----+-----+-----+-----+-----+-----+-----+
1 |  ♜  |     |  ♝  |  ♛  |  ♚  |  ♝  |     |  ♜  |
  +-----+-----+-----+-----+-----+-----+-----+-----+
C'est au joueur noir de jouer
======= TEST DU COUP =======
Origine : x = 7 y = 0
Fin : x = 0 y = 0
Pas de prise en passant
Verification de la validité du coup passée !
Passage impossible !
======= TEST DU COUP =======
Origine : x = 7 y = 0
Fin : x = 0 y = 1
Pas de prise en passant
Mouvement invalide !
======= TEST DU COUP =======
Origine : x = 7 y = 0
Fin : x = 0 y = 2
Pas de prise en passant
Mouvement invalide !
======= TEST DU COUP =======
Origine : x = 7 y = 0
Fin : x = 0 y = 3
Pas de prise en passant
Mouvement invalide !
======= TEST DU COUP =======
Origine : x = 7 y = 0
Fin : x = 0 y = 4
Pas de prise en passant
Mouvement invalide !
======= TEST DU COUP =======
Origine : x = 7 y = 0
Fin : x = 0 y = 5
Pas de prise en passant
Mouvement invalide !
======= TEST DU COUP =======
Origine : x = 7 y = 0
Fin : x = 0 y = 6
Pas de prise en passant
Mouvement invalide !
======= TEST DU COUP =======
Origine : x = 7 y = 0
Fin : x = 0 y = 7
Pas de prise en passant
Mouvement invalide !
======= TEST DU COUP =======
Origine : x = 7 y = 0
Fin : x = 1 y = 0
Pas de prise en passant
Verification de la validité du coup passée !
Passage impossible !
======= TEST DU COUP =======
Origine : x = 7 y = 0
Fin : x = 1 y = 1
Pas de prise en passant
Mouvement invalide !
======= TEST DU COUP =======
Origine : x = 7 y = 0
Fin : x = 1 y = 2
Pas de prise en passant
Mouvement invalide !
======= TEST DU COUP =======
Origine : x = 7 y = 0
Fin : x = 1 y = 3
Pas de prise en passant
Mouvement invalide !
======= TEST DU COUP =======
Origine : x = 7 y = 0
Fin : x = 1 y = 4
Pas de prise en passant
Mouvement invalide !
======= TEST DU COUP =======
Origine : x = 7 y = 0
Fin : x = 1 y = 5
Pas de prise en passant
Mouvement invalide !
======= TEST DU COUP =======
Origine : x = 7 y = 0
Fin : x = 1 y = 6
Pas de prise en passant
Mouvement invalide !
======= TEST DU COUP =======
Origine : x = 7 y = 0
Fin : x = 1 y = 7
Pas de prise en passant
Mouvement invalide !
======= TEST DU COUP =======
Origine : x = 7 y = 0
Fin : x = 2 y = 0
Pas de prise en passant
Verification de la validité du coup passée !
Passage impossible !
======= TEST DU COUP =======
Origine : x = 7 y = 0
Fin : x = 2 y = 1
Pas de prise en passant
Mouvement invalide !
======= TEST DU COUP =======
Origine : x = 7 y = 0
Fin : x = 2 y = 2
Pas de prise en passant
Mouvement invalide !
======= TEST DU COUP =======
Origine : x = 7 y = 0
Fin : x = 2 y = 3
Pas de prise en passant
Mouvement invalide !
======= TEST DU COUP =======
Origine : x = 7 y = 0
Fin : x = 2 y = 4
Pas de prise en passant
Mouvement invalide !
======= TEST DU COUP =======
Origine : x = 7 y = 0
Fin : x = 2 y = 5
Pas de prise en passant
Mouvement invalide !
======= TEST DU COUP =======
Origine : x = 7 y = 0
Fin : x = 2 y = 6
Pas de prise en passant
Mouvement invalide !
======= TEST DU COUP =======
Origine : x = 7 y = 0
Fin : x = 2 y = 7
Pas de prise en passant
Mouvement invalide !
======= TEST DU COUP =======
Origine : x = 7 y = 0
Fin : x = 3 y = 0
Pas de prise en passant
Verification de la validité du coup passée !
Passage impossible !
======= TEST DU COUP =======
Origine : x = 7 y = 0
Fin : x = 3 y = 1
Pas de prise en passant
Mouvement invalide !
======= TEST DU COUP =======
Origine : x = 7 y = 0
Fin : x = 3 y = 2
Pas de prise en passant
Mouvement invalide !
======= TEST DU COUP =======
Origine : x = 7 y = 0
Fin : x = 3 y = 3
Pas de prise en passant
Mouvement invalide !
======= TEST DU COUP =======
Origine : x = 7 y = 0
Fin : x = 3 y = 4
Pas de prise en passant
Mouvement invalide !
======= TEST DU COUP =======
Origine : x = 7 y = 0
Fin : x = 3 y = 5
Pas de prise en passant
Mouvement invalide !
======= TEST DU COUP =======
Origine : x = 7 y = 0
Fin : x = 3 y = 6
Pas de prise en passant
Mouvement invalide !
======= TEST DU COUP =======
Origine : x = 7 y = 0
Fin : x = 3 y = 7
Pas de prise en passant
Mouvement invalide !
======= TEST DU COUP =======
Origine : x = 7 y = 0
Fin : x = 4 y = 0
Pas de prise en passant
Verification de la validité du coup passée !
Passage impossible !
======= TEST DU COUP =======
Origine : x = 7 y = 0
Fin : x = 4 y = 1
Pas de prise en passant
La case de destination est dejà occupée par une de vos pièce !
======= TEST DU COUP =======
Origine : x = 7 y = 0
Fin : x = 4 y = 2
Pas de prise en passant
Mouvement invalide !
======= TEST DU COUP =======
Origine : x = 7 y = 0
Fin : x = 4 y = 3
Pas de prise en passant
Mouvement invalide !
======= TEST DU COUP =======
Origine : x = 7 y = 0
Fin : x = 4 y = 4
Pas de prise en passant
La case de destination est dejà occupée par une de vos pièce !
======= TEST DU COUP =======
Origine : x = 7 y = 0
Fin : x = 4 y = 5
Pas de prise en passant
Mouvement invalide !
======= TEST DU COUP =======
Origine : x = 7 y = 0
Fin : x = 4 y = 6
Pas de prise en passant
Mouvement invalide !
======= TEST DU COUP =======
Origine : x = 7 y = 0
Fin : x = 4 y = 7
Pas de prise en passant
Mouvement invalide !
======= TEST DU COUP =======
Origine : x = 7 y = 0
Fin : x = 5 y = 0
Pas de prise en passant
Verification de la validité du coup passée !
Passage impossible !
======= TEST DU COUP =======
Origine : x = 7 y = 0
Fin : x = 5 y = 1
Pas de prise en passant
Mouvement invalide !
======= TEST DU COUP =======
Origine : x = 7 y = 0
Fin : x = 5 y = 2
Pas de prise en passant
Mouvement invalide !
======= TEST DU COUP =======
Origine : x = 7 y = 0
Fin : x = 5 y = 3
Pas de prise en passant
La case de destination est dejà occupée par une de vos pièce !
======= TEST DU COUP =======
Origine : x = 7 y = 0
Fin : x = 5 y = 4
Pas de prise en passant
Mouvement invalide !
======= TEST DU COUP =======
Origine : x = 7 y = 0
Fin : x = 5 y = 5
Pas de prise en passant
La case de destination est dejà occupée par une de vos pièce !
======= TEST DU COUP =======
Origine : x = 7 y = 0
Fin : x = 5 y = 6
Pas de prise en passant
Mouvement invalide !
======= TEST DU COUP =======
Origine : x = 7 y = 0
Fin : x = 5 y = 7
Pas de prise en passant
Mouvement invalide !
======= TEST DU COUP =======
Origine : x = 7 y = 0
Fin : x = 6 y = 0
Pas de prise en passant
La case de destination est dejà occupée par une de vos pièce !
======= TEST DU COUP =======
Origine : x = 7 y = 0
Fin : x = 6 y = 1
Pas de prise en passant
La case de destination est dejà occupée par une de vos pièce !
======= TEST DU COUP =======
Origine : x = 7 y = 0
Fin : x = 6 y = 2
Pas de prise en passant
La case de destination est dejà occupée par une de vos pièce !
======= TEST DU COUP =======
Origine : x = 7 y = 0
Fin : x = 6 y = 3
Pas de prise en passant
Mouvement invalide !
======= TEST DU COUP =======
Origine : x = 7 y = 0
Fin : x = 6 y = 4
Pas de prise en passant
La case de destination est dejà occupée par une de vos pièce !
======= TEST DU COUP =======
Origine : x = 7 y = 0
Fin : x = 6 y = 5
Pas de prise en passant
Mouvement invalide !
======= TEST DU COUP =======
Origine : x = 7 y = 0
Fin : x = 6 y = 6
Pas de prise en passant
La case de destination est dejà occupée par une de vos pièce !
======= TEST DU COUP =======
Origine : x = 7 y = 0
Fin : x = 6 y = 7
Pas de prise en passant
La case de destination est dejà occupée par une de vos pièce !
======= TEST DU COUP =======
Origine : x = 7 y = 0
Fin : x = 7 y = 0
Pas de prise en passant
La case de destination est dejà occupée par une de vos pièce !
======= TEST DU COUP =======
Origine : x = 7 y = 0
Fin : x = 7 y = 1
Pas de prise en passant
Verification de la validité du coup passée !
Passage libre !
entree deplacepiece echiquier
bR
Ne met pas en echec !
Attente du coup :  petit roque
======= TEST DU COUP =======
Origine : x = 7 y = 4
Fin : x = 7 y = 6
Pas de prise en passant
Verification de la validité du coup passée !
Passage libre !
entree deplacepiece echiquier
bK
Ne met pas en echec !
entree deplacepiece echiquier
bK
Piece déplacée !
======= TEST DU COUP =======
Origine : x = 7 y = 7
Fin : x = 7 y = 5
Pas de prise en passant
Verification de la validité du coup passée !
Passage impossible !

     a     b     c     d     e     f     g     h    
  +-----+-----+-----+-----+-----+-----+-----+-----+
8 |  ♖  |     |  ♗  |     |     |     |  ♔  |  ♖  |
  +-----+-----+-----+-----+-----+-----+-----+-----+
7 |  ♙  |  ♙  |  ♙  |     |  ♘  |     |  ♙  |  ♙  |
  +-----+-----+-----+-----+-----+-----+-----+-----+
6 |     |     |     |  ♕  |     |  ♙  |     |     |
  +-----+-----+-----+-----+-----+-----+-----+-----+
5 |     |  ♘  |     |     |  ♙  |  ♟  |  ♟  |     |
  +-----+-----+-----+-----+-----+-----+-----+-----+
4 |     |     |     |     |  ♟  |     |     |     |
  +-----+-----+-----+-----+-----+-----+-----+-----+
3 |  ♟  |     |  ♟  |  ♟  |     |     |     |     |
  +-----+-----+-----+-----+-----+-----+-----+-----+
2 |     |     |     |     |  ♞  |     |     |  ♟  |
  +-----+-----+-----+-----+-----+-----+-----+-----+
1 |  ♜  |     |  ♝  |  ♛  |  ♚  |  ♝  |     |  ♜  |
  +-----+-----+-----+-----+-----+-----+-----+-----+
C'est au joueur blanc de jouer
======= TEST DU COUP =======
Origine : x = 0 y = 0
Fin : x = 0 y = 0
Pas de prise en passant
La case de destination est dejà occupée par une de vos pièce !
======= TEST DU COUP =======
Origine : x = 0 y = 0
Fin : x = 0 y = 1
Pas de prise en passant
Verification de la validité du coup passée !
Passage libre !
entree deplacepiece echiquier
wR
Ne met pas en echec !
Attente du coup :  mouvement classique
======= TEST DU COUP =======
Origine : x = 4 y = 6
Fin : x = 5 y = 6
Pas de prise en passant
Verification de la validité du coup passée !
Passage libre !
entree deplacepiece echiquier
wP
Ne met pas en echec !
entree deplacepiece echiquier
wP
Piece déplacée !

     a     b     c     d     e     f     g     h    
  +-----+-----+-----+-----+-----+-----+-----+-----+
8 |  ♖  |     |  ♗  |     |     |     |  ♔  |  ♖  |
  +-----+-----+-----+-----+-----+-----+-----+-----+
7 |  ♙  |  ♙  |  ♙  |     |  ♘  |     |  ♙  |  ♙  |
  +-----+-----+-----+-----+-----+-----+-----+-----+
6 |     |     |     |  ♕  |     |  ♙  |  ♟  |     |
  +-----+-----+-----+-----+-----+-----+-----+-----+
5 |     |  ♘  |     |     |  ♙  |  ♟  |     |     |
  +-----+-----+-----+-----+-----+-----+-----+-----+
4 |     |     |     |     |  ♟  |     |     |     |
  +-----+-----+-----+-----+-----+-----+-----+-----+
3 |  ♟  |     |  ♟  |  ♟  |     |     |     |     |
  +-----+-----+-----+-----+-----+-----+-----+-----+
2 |     |     |     |     |  ♞  |     |     |  ♟  |
  +-----+-----+-----+-----+-----+-----+-----+-----+
1 |  ♜  |     |  ♝  |  ♛  |  ♚  |  ♝  |     |  ♜  |
  +-----+-----+-----+-----+-----+-----+-----+-----+
C'est au joueur noir de jouer
======= TEST DU COUP =======
Origine : x = 7 y = 0
Fin : x = 0 y = 0
Pas de prise en passant
Verification de la validité du coup passée !
Passage impossible !
======= TEST DU COUP =======
Origine : x = 7 y = 0
Fin : x = 0 y = 1
Pas de prise en passant
Mouvement invalide !
======= TEST DU COUP =======
Origine : x = 7 y = 0
Fin : x = 0 y = 2
Pas de prise en passant
Mouvement invalide !
======= TEST DU COUP =======
Origine : x = 7 y = 0
Fin : x = 0 y = 3
Pas de prise en passant
Mouvement invalide !
======= TEST DU COUP =======
Origine : x = 7 y = 0
Fin : x = 0 y = 4
Pas de prise en passant
Mouvement invalide !
======= TEST DU COUP =======
Origine : x = 7 y = 0
Fin : x = 0 y = 5
Pas de prise en passant
Mouvement invalide !
======= TEST DU COUP =======
Origine : x = 7 y = 0
Fin : x = 0 y = 6
Pas de prise en passant
Mouvement invalide !
======= TEST DU COUP =======
Origine : x = 7 y = 0
Fin : x = 0 y = 7
Pas de prise en passant
Mouvement invalide !
======= TEST DU COUP =======
Origine : x = 7 y = 0
Fin : x = 1 y = 0
Pas de prise en passant
Verification de la validité du coup passée !
Passage impossible !
======= TEST DU COUP =======
Origine : x = 7 y = 0
Fin : x = 1 y = 1
Pas de prise en passant
Mouvement invalide !
======= TEST DU COUP =======
Origine : x = 7 y = 0
Fin : x = 1 y = 2
Pas de prise en passant
Mouvement invalide !
======= TEST DU COUP =======
Origine : x = 7 y = 0
Fin : x = 1 y = 3
Pas de prise en passant
Mouvement invalide !
======= TEST DU COUP =======
Origine : x = 7 y = 0
Fin : x = 1 y = 4
Pas de prise en passant
Mouvement invalide !
======= TEST DU COUP =======
Origine : x = 7 y = 0
Fin : x = 1 y = 5
Pas de prise en passant
Mouvement invalide !
======= TEST DU COUP =======
Origine : x = 7 y = 0
Fin : x = 1 y = 6
Pas de prise en passant
Mouvement invalide !
======= TEST DU COUP =======
Origine : x = 7 y = 0
Fin : x = 1 y = 7
Pas de prise en passant
Mouvement invalide !
======= TEST DU COUP =======
Origine : x = 7 y = 0
Fin : x = 2 y = 0
Pas de prise en passant
Verification de la validité du coup passée !
Passage impossible !
======= TEST DU COUP =======
Origine : x = 7 y = 0
Fin : x = 2 y = 1
Pas de prise en passant
Mouvement invalide !
======= TEST DU COUP =======
Origine : x = 7 y = 0
Fin : x = 2 y = 2
Pas de prise en passant
Mouvement invalide !
======= TEST DU COUP =======
Origine : x = 7 y = 0
Fin : x = 2 y = 3
Pas de prise en passant
Mouvement invalide !
======= TEST DU COUP =======
Origine : x = 7 y = 0
Fin : x = 2 y = 4
Pas de prise en passant
Mouvement invalide !
======= TEST DU COUP =======
Origine : x = 7 y = 0
Fin : x = 2 y = 5
Pas de prise en passant
Mouvement invalide !
======= TEST DU COUP =======
Origine : x = 7 y = 0
Fin : x = 2 y = 6
Pas de prise en passant
Mouvement invalide !
======= TEST DU COUP =======
Origine : x = 7 y = 0
Fin : x = 2 y = 7
Pas de prise en passant
Mouvement invalide !
======= TEST DU COUP =======
Origine : x = 7 y = 0
Fin : x = 3 y = 0
Pas de prise en passant
Verification de la validité du coup passée !
Passage impossible !
======= TEST DU COUP =======
Origine : x = 7 y = 0
Fin : x = 3 y = 1
Pas de prise en passant
Mouvement invalide !
======= TEST DU COUP =======
Origine : x = 7 y = 0
Fin : x = 3 y = 2
Pas de prise en passant
Mouvement invalide !
======= TEST DU COUP =======
Origine : x = 7 y = 0
Fin : x = 3 y = 3
Pas de prise en passant
Mouvement invalide !
======= TEST DU COUP =======
Origine : x = 7 y = 0
Fin : x = 3 y = 4
Pas de prise en passant
Mouvement invalide !
======= TEST DU COUP =======
Origine : x = 7 y = 0
Fin : x = 3 y = 5
Pas de prise en passant
Mouvement invalide !
======= TEST DU COUP =======
Origine : x = 7 y = 0
Fin : x = 3 y = 6
Pas de prise en passant
Mouvement invalide !
======= TEST DU COUP =======
Origine : x = 7 y = 0
Fin : x = 3 y = 7
Pas de prise en passant
Mouvement invalide !
======= TEST DU COUP =======
Origine : x = 7 y = 0
Fin : x = 4 y = 0
Pas de prise en passant
Verification de la validité du coup passée !
Passage impossible !
======= TEST DU COUP =======
Origine : x = 7 y = 0
Fin : x = 4 y = 1
Pas de prise en passant
La case de destination est dejà occupée par une de vos pièce !
======= TEST DU COUP =======
Origine : x = 7 y = 0
Fin : x = 4 y = 2
Pas de prise en passant
Mouvement invalide !
======= TEST DU COUP =======
Origine : x = 7 y = 0
Fin : x = 4 y = 3
Pas de prise en passant
Mouvement invalide !
======= TEST DU COUP =======
Origine : x = 7 y = 0
Fin : x = 4 y = 4
Pas de prise en passant
La case de destination est dejà occupée par une de vos pièce !
======= TEST DU COUP =======
Origine : x = 7 y = 0
Fin : x = 4 y = 5
Pas de prise en passant
Mouvement invalide !
======= TEST DU COUP =======
Origine : x = 7 y = 0
Fin : x = 4 y = 6
Pas de prise en passant
Mouvement invalide !
======= TEST DU COUP =======
Origine : x = 7 y = 0
Fin : x = 4 y = 7
Pas de prise en passant
Mouvement invalide !
======= TEST DU COUP =======
Origine : x = 7 y = 0
Fin : x = 5 y = 0
Pas de prise en passant
Verification de la validité du coup passée !
Passage impossible !
======= TEST DU COUP =======
Origine : x = 7 y = 0
Fin : x = 5 y = 1
Pas de prise en passant
Mouvement invalide !
======= TEST DU COUP =======
Origine : x = 7 y = 0
Fin : x = 5 y = 2
Pas de prise en passant
Mouvement invalide !
======= TEST DU COUP =======
Origine : x = 7 y = 0
Fin : x = 5 y = 3
Pas de prise en passant
La case de destination est dejà occupée par une de vos pièce !
======= TEST DU COUP =======
Origine : x = 7 y = 0
Fin : x = 5 y = 4
Pas de prise en passant
Mouvement invalide !
======= TEST DU COUP =======
Origine : x = 7 y = 0
Fin : x = 5 y = 5
Pas de prise en passant
La case de destination est dejà occupée par une de vos pièce !
======= TEST DU COUP =======
Origine : x = 7 y = 0
Fin : x = 5 y = 6
Pas de prise en passant
Mouvement invalide !
======= TEST DU COUP =======
Origine : x = 7 y = 0
Fin : x = 5 y = 7
Pas de prise en passant
Mouvement invalide !
======= TEST DU COUP =======
Origine : x = 7 y = 0
Fin : x = 6 y = 0
Pas de prise en passant
La case de destination est dejà occupée par une de vos pièce !
======= TEST DU COUP =======
Origine : x = 7 y = 0
Fin : x = 6 y = 1
Pas de prise en passant
La case de destination est dejà occupée par une de vos pièce !
======= TEST DU COUP =======
Origine : x = 7 y = 0
Fin : x = 6 y = 2
Pas de prise en passant
La case de destination est dejà occupée par une de vos pièce !
======= TEST DU COUP =======
Origine : x = 7 y = 0
Fin : x = 6 y = 3
Pas de prise en passant
Mouvement invalide !
======= TEST DU COUP =======
Origine : x = 7 y = 0
Fin : x = 6 y = 4
Pas de prise en passant
La case de destination est dejà occupée par une de vos pièce !
======= TEST DU COUP =======
Origine : x = 7 y = 0
Fin : x = 6 y = 5
Pas de prise en passant
Mouvement invalide !
======= TEST DU COUP =======
Origine : x = 7 y = 0
Fin : x = 6 y = 6
Pas de prise en passant
La case de destination est dejà occupée par une de vos pièce !
======= TEST DU COUP =======
Origine : x = 7 y = 0
Fin : x = 6 y = 7
Pas de prise en passant
La case de destination est dejà occupée par une de vos pièce !
======= TEST DU COUP =======
Origine : x = 7 y = 0
Fin : x = 7 y = 0
Pas de prise en passant
La case de destination est dejà occupée par une de vos pièce !
======= TEST DU COUP =======
Origine : x = 7 y = 0
Fin : x = 7 y = 1
Pas de prise en passant
Verification de la validité du coup passée !
Passage libre !
entree deplacepiece echiquier
bR
Ne met pas en echec !
Attente du coup :  mouvement classique
======= TEST DU COUP =======
Origine : x = 7 y = 2
Fin : x = 6 y = 3
Pas de prise en passant
Verification de la validité du coup passée !
Passage libre !
entree deplacepiece echiquier
bB
Ne met pas en echec !
entree deplacepiece echiquier
bB
Piece déplacée !

     a     b     c     d     e     f     g     h    
  +-----+-----+-----+-----+-----+-----+-----+-----+
8 |  ♖  |     |     |     |     |     |  ♔  |  ♖  |
  +-----+-----+-----+-----+-----+-----+-----+-----+
7 |  ♙  |  ♙  |  ♙  |  ♗  |  ♘  |     |  ♙  |  ♙  |
  +-----+-----+-----+-----+-----+-----+-----+-----+
6 |     |     |     |  ♕  |     |  ♙  |  ♟  |     |
  +-----+-----+-----+-----+-----+-----+-----+-----+
5 |     |  ♘  |     |     |  ♙  |  ♟  |     |     |
  +-----+-----+-----+-----+-----+-----+-----+-----+
4 |     |     |     |     |  ♟  |     |     |     |
  +-----+-----+-----+-----+-----+-----+-----+-----+
3 |  ♟  |     |  ♟  |  ♟  |     |     |     |     |
  +-----+-----+-----+-----+-----+-----+-----+-----+
2 |     |     |     |     |  ♞  |     |     |  ♟  |
  +-----+-----+-----+-----+-----+-----+-----+-----+
1 |  ♜  |     |  ♝  |  ♛  |  ♚  |  ♝  |     |  ♜  |
  +-----+-----+-----+-----+-----+-----+-----+-----+
C'est au joueur blanc de jouer
======= TEST DU COUP =======
Origine : x = 0 y = 0
Fin : x = 0 y = 0
Pas de prise en passant
La case de destination est dejà occupée par une de vos pièce !
======= TEST DU COUP =======
Origine : x = 0 y = 0
Fin : x = 0 y = 1
Pas de prise en passant
Verification de la validité du coup passée !
Passage libre !
entree deplacepiece echiquier
wR
Ne met pas en echec !
Attente du coup :  mouvement classique
======= TEST DU COUP =======
Origine : x = 2 y = 3
Fin : x = 3 y = 3
Pas de prise en passant
Verification de la validité du coup passée !
Passage libre !
entree deplacepiece echiquier
wP
Ne met pas en echec !
entree deplacepiece echiquier
wP
Piece déplacée !

     a     b     c     d     e     f     g     h    
  +-----+-----+-----+-----+-----+-----+-----+-----+
8 |  ♖  |     |     |     |     |     |  ♔  |  ♖  |
  +-----+-----+-----+-----+-----+-----+-----+-----+
7 |  ♙  |  ♙  |  ♙  |  ♗  |  ♘  |     |  ♙  |  ♙  |
  +-----+-----+-----+-----+-----+-----+-----+-----+
6 |     |     |     |  ♕  |     |  ♙  |  ♟  |     |
  +-----+-----+-----+-----+-----+-----+-----+-----+
5 |     |  ♘  |     |     |  ♙  |  ♟  |     |     |
  +-----+-----+-----+-----+-----+-----+-----+-----+
4 |     |     |     |  ♟  |  ♟  |     |     |     |
  +-----+-----+-----+-----+-----+-----+-----+-----+
3 |  ♟  |     |  ♟  |     |     |     |     |     |
  +-----+-----+-----+-----+-----+-----+-----+-----+
2 |     |     |     |     |  ♞  |     |     |  ♟  |
  +-----+-----+-----+-----+-----+-----+-----+-----+
1 |  ♜  |     |  ♝  |  ♛  |  ♚  |  ♝  |     |  ♜  |
  +-----+-----+-----+-----+-----+-----+-----+-----+
C'est au joueur noir de jouer
======= TEST DU COUP =======
Origine : x = 7 y = 0
Fin : x = 0 y = 0
Pas de prise en passant
Verification de la validité du coup passée !
Passage impossible !
======= TEST DU COUP =======
Origine : x = 7 y = 0
Fin : x = 0 y = 1
Pas de prise en passant
Mouvement invalide !
======= TEST DU COUP =======
Origine : x = 7 y = 0
Fin : x = 0 y = 2
Pas de prise en passant
Mouvement invalide !
======= TEST DU COUP =======
Origine : x = 7 y = 0
Fin : x = 0 y = 3
Pas de prise en passant
Mouvement invalide !
======= TEST DU COUP =======
Origine : x = 7 y = 0
Fin : x = 0 y = 4
Pas de prise en passant
Mouvement invalide !
======= TEST DU COUP =======
Origine : x = 7 y = 0
Fin : x = 0 y = 5
Pas de prise en passant
Mouvement invalide !
======= TEST DU COUP =======
Origine : x = 7 y = 0
Fin : x = 0 y = 6
Pas de prise en passant
Mouvement invalide !
======= TEST DU COUP =======
Origine : x = 7 y = 0
Fin : x = 0 y = 7
Pas de prise en passant
Mouvement invalide !
======= TEST DU COUP =======
Origine : x = 7 y = 0
Fin : x = 1 y = 0
Pas de prise en passant
Verification de la validité du coup passée !
Passage impossible !
======= TEST DU COUP =======
Origine : x = 7 y = 0
Fin : x = 1 y = 1
Pas de prise en passant
Mouvement invalide !
======= TEST DU COUP =======
Origine : x = 7 y = 0
Fin : x = 1 y = 2
Pas de prise en passant
Mouvement invalide !
======= TEST DU COUP =======
Origine : x = 7 y = 0
Fin : x = 1 y = 3
Pas de prise en passant
Mouvement invalide !
======= TEST DU COUP =======
Origine : x = 7 y = 0
Fin : x = 1 y = 4
Pas de prise en passant
Mouvement invalide !
======= TEST DU COUP =======
Origine : x = 7 y = 0
Fin : x = 1 y = 5
Pas de prise en passant
Mouvement invalide !
======= TEST DU COUP =======
Origine : x = 7 y = 0
Fin : x = 1 y = 6
Pas de prise en passant
Mouvement invalide !
======= TEST DU COUP =======
Origine : x = 7 y = 0
Fin : x = 1 y = 7
Pas de prise en passant
Mouvement invalide !
======= TEST DU COUP =======
Origine : x = 7 y = 0
Fin : x = 2 y = 0
Pas de prise en passant
Verification de la validité du coup passée !
Passage impossible !
======= TEST DU COUP =======
Origine : x = 7 y = 0
Fin : x = 2 y = 1
Pas de prise en passant
Mouvement invalide !
======= TEST DU COUP =======
Origine : x = 7 y = 0
Fin : x = 2 y = 2
Pas de prise en passant
Mouvement invalide !
======= TEST DU COUP =======
Origine : x = 7 y = 0
Fin : x = 2 y = 3
Pas de prise en passant
Mouvement invalide !
======= TEST DU COUP =======
Origine : x = 7 y = 0
Fin : x = 2 y = 4
Pas de prise en passant
Mouvement invalide !
======= TEST DU COUP =======
Origine : x = 7 y = 0
Fin : x = 2 y = 5
Pas de prise en passant
Mouvement invalide !
======= TEST DU COUP =======
Origine : x = 7 y = 0
Fin : x = 2 y = 6
Pas de prise en passant
Mouvement invalide !
======= TEST DU COUP =======
Origine : x = 7 y = 0
Fin : x = 2 y = 7
Pas de prise en passant
Mouvement invalide !
======= TEST DU COUP =======
Origine : x = 7 y = 0
Fin : x = 3 y = 0
Pas de prise en passant
Verification de la validité du coup passée !
Passage impossible !
======= TEST DU COUP =======
Origine : x = 7 y = 0
Fin : x = 3 y = 1
Pas de prise en passant
Mouvement invalide !
======= TEST DU COUP =======
Origine : x = 7 y = 0
Fin : x = 3 y = 2
Pas de prise en passant
Mouvement invalide !
======= TEST DU COUP =======
Origine : x = 7 y = 0
Fin : x = 3 y = 3
Pas de prise en passant
Mouvement invalide !
======= TEST DU COUP =======
Origine : x = 7 y = 0
Fin : x = 3 y = 4
Pas de prise en passant
Mouvement invalide !
======= TEST DU COUP =======
Origine : x = 7 y = 0
Fin : x = 3 y = 5
Pas de prise en passant
Mouvement invalide !
======= TEST DU COUP =======
Origine : x = 7 y = 0
Fin : x = 3 y = 6
Pas de prise en passant
Mouvement invalide !
======= TEST DU COUP =======
Origine : x = 7 y = 0
Fin : x = 3 y = 7
Pas de prise en passant
Mouvement invalide !
======= TEST DU COUP =======
Origine : x = 7 y = 0
Fin : x = 4 y = 0
Pas de prise en passant
Verification de la validité du coup passée !
Passage impossible !
======= TEST DU COUP =======
Origine : x = 7 y = 0
Fin : x = 4 y = 1
Pas de prise en passant
La case de destination est dejà occupée par une de vos pièce !
======= TEST DU COUP =======
Origine : x = 7 y = 0
Fin : x = 4 y = 2
Pas de prise en passant
Mouvement invalide !
======= TEST DU COUP =======
Origine : x = 7 y = 0
Fin : x = 4 y = 3
Pas de prise en passant
Mouvement invalide !
======= TEST DU COUP =======
Origine : x = 7 y = 0
Fin : x = 4 y = 4
Pas de prise en passant
La case de destination est dejà occupée par une de vos pièce !
======= TEST DU COUP =======
Origine : x = 7 y = 0
Fin : x = 4 y = 5
Pas de prise en passant
Mouvement invalide !
======= TEST DU COUP =======
Origine : x = 7 y = 0
Fin : x = 4 y = 6
Pas de prise en passant
Mouvement invalide !
======= TEST DU COUP =======
Origine : x = 7 y = 0
Fin : x = 4 y = 7
Pas de prise en passant
Mouvement invalide !
======= TEST DU COUP =======
Origine : x = 7 y = 0
Fin : x = 5 y = 0
Pas de prise en passant
Verification de la validité du coup passée !
Passage impossible !
======= TEST DU COUP =======
Origine : x = 7 y = 0
Fin : x = 5 y = 1
Pas de prise en passant
Mouvement invalide !
======= TEST DU COUP =======
Origine : x = 7 y = 0
Fin : x = 5 y = 2
Pas de prise en passant
Mouvement invalide !
======= TEST DU COUP =======
Origine : x = 7 y = 0
Fin : x = 5 y = 3
Pas de prise en passant
La case de destination est dejà occupée par une de vos pièce !
======= TEST DU COUP =======
Origine : x = 7 y = 0
Fin : x = 5 y = 4
Pas de prise en passant
Mouvement invalide !
======= TEST DU COUP =======
Origine : x = 7 y = 0
Fin : x = 5 y = 5
Pas de prise en passant
La case de destination est dejà occupée par une de vos pièce !
======= TEST DU COUP =======
Origine : x = 7 y = 0
Fin : x = 5 y = 6
Pas de prise en passant
Mouvement invalide !
======= TEST DU COUP =======
Origine : x = 7 y = 0
Fin : x = 5 y = 7
Pas de prise en passant
Mouvement invalide !
======= TEST DU COUP =======
Origine : x = 7 y = 0
Fin : x = 6 y = 0
Pas de prise en passant
La case de destination est dejà occupée par une de vos pièce !
======= TEST DU COUP =======
Origine : x = 7 y = 0
Fin : x = 6 y = 1
Pas de prise en passant
La case de destination est dejà occupée par une de vos pièce !
======= TEST DU COUP =======
Origine : x = 7 y = 0
Fin : x = 6 y = 2
Pas de prise en passant
La case de destination est dejà occupée par une de vos pièce !
======= TEST DU COUP =======
Origine : x = 7 y = 0
Fin : x = 6 y = 3
Pas de prise en passant
La case de destination est dejà occupée par une de vos pièce !
======= TEST DU COUP =======
Origine : x = 7 y = 0
Fin : x = 6 y = 4
Pas de prise en passant
La case de destination est dejà occupée par une de vos pièce !
======= TEST DU COUP =======
Origine : x = 7 y = 0
Fin : x = 6 y = 5
Pas de prise en passant
Mouvement invalide !
======= TEST DU COUP =======
Origine : x = 7 y = 0
Fin : x = 6 y = 6
Pas de prise en passant
La case de destination est dejà occupée par une de vos pièce !
======= TEST DU COUP =======
Origine : x = 7 y = 0
Fin : x = 6 y = 7
Pas de prise en passant
La case de destination est dejà occupée par une de vos pièce !
======= TEST DU COUP =======
Origine : x = 7 y = 0
Fin : x = 7 y = 0
Pas de prise en passant
La case de destination est dejà occupée par une de vos pièce !
======= TEST DU COUP =======
Origine : x = 7 y = 0
Fin : x = 7 y = 1
Pas de prise en passant
Verification de la validité du coup passée !
Passage libre !
entree deplacepiece echiquier
bR
Ne met pas en echec !
Attente du coup :  mouvement classique
======= TEST DU COUP =======
Origine : x = 4 y = 4
Fin : x = 3 y = 3
Pas de prise en passant
Verification de la validité du coup passée !
Passage libre !
entree deplacepiece echiquier
bP
Ne met pas en echec !
entree deplacepiece echiquier
bP
Piece déplacée !

     a     b     c     d     e     f     g     h    
  +-----+-----+-----+-----+-----+-----+-----+-----+
8 |  ♖  |     |     |     |     |     |  ♔  |  ♖  |
  +-----+-----+-----+-----+-----+-----+-----+-----+
7 |  ♙  |  ♙  |  ♙  |  ♗  |  ♘  |     |  ♙  |  ♙  |
  +-----+-----+-----+-----+-----+-----+-----+-----+
6 |     |     |     |  ♕  |     |  ♙  |  ♟  |     |
  +-----+-----+-----+-----+-----+-----+-----+-----+
5 |     |  ♘  |     |     |     |  ♟  |     |     |
  +-----+-----+-----+-----+-----+-----+-----+-----+
4 |     |     |     |  ♙  |  ♟  |     |     |     |
  +-----+-----+-----+-----+-----+-----+-----+-----+
3 |  ♟  |     |  ♟  |     |     |     |     |     |
  +-----+-----+-----+-----+-----+-----+-----+-----+
2 |     |     |     |     |  ♞  |     |     |  ♟  |
  +-----+-----+-----+-----+-----+-----+-----+-----+
1 |  ♜  |     |  ♝  |  ♛  |  ♚  |  ♝  |     |  ♜  |
  +-----+-----+-----+-----+-----+-----+-----+-----+
C'est au joueur blanc de jouer
======= TEST DU COUP =======
Origine : x = 0 y = 0
Fin : x = 0 y = 0
Pas de prise en passant
La case de destination est dejà occupée par une de vos pièce !
======= TEST DU COUP =======
Origine : x = 0 y = 0
Fin : x = 0 y = 1
Pas de prise en passant
Verification de la validité du coup passée !
Passage libre !
entree deplacepiece echiquier
wR
Ne met pas en echec !
Attente du coup :  mouvement classique
======= TEST DU COUP =======
Origine : x = 1 y = 4
Fin : x = 3 y = 3
Pas de prise en passant
Verification de la validité du coup passée !
Passage libre !
entree deplacepiece echiquier
wN
Ne met pas en echec !
entree deplacepiece echiquier
wN
Piece déplacée !

     a     b     c     d     e     f     g     h    
  +-----+-----+-----+-----+-----+-----+-----+-----+
8 |  ♖  |     |     |     |     |     |  ♔  |  ♖  |
  +-----+-----+-----+-----+-----+-----+-----+-----+
7 |  ♙  |  ♙  |  ♙  |  ♗  |  ♘  |     |  ♙  |  ♙  |
  +-----+-----+-----+-----+-----+-----+-----+-----+
6 |     |     |     |  ♕  |     |  ♙  |  ♟  |     |
  +-----+-----+-----+-----+-----+-----+-----+-----+
5 |     |  ♘  |     |     |     |  ♟  |     |     |
  +-----+-----+-----+-----+-----+-----+-----+-----+
4 |     |     |     |  ♞  |  ♟  |     |     |     |
  +-----+-----+-----+-----+-----+-----+-----+-----+
3 |  ♟  |     |  ♟  |     |     |     |     |     |
  +-----+-----+-----+-----+-----+-----+-----+-----+
2 |     |     |     |     |     |     |     |  ♟  |
  +-----+-----+-----+-----+-----+-----+-----+-----+
1 |  ♜  |     |  ♝  |  ♛  |  ♚  |  ♝  |     |  ♜  |
  +-----+-----+-----+-----+-----+-----+-----+-----+
C'est au joueur noir de jouer
======= TEST DU COUP =======
Origine : x = 7 y = 0
Fin : x = 0 y = 0
Pas de prise en passant
Verification de la validité du coup passée !
Passage impossible !
======= TEST DU COUP =======
Origine : x = 7 y = 0
Fin : x = 0 y = 1
Pas de prise en passant
Mouvement invalide !
======= TEST DU COUP =======
Origine : x = 7 y = 0
Fin : x = 0 y = 2
Pas de prise en passant
Mouvement invalide !
======= TEST DU COUP =======
Origine : x = 7 y = 0
Fin : x = 0 y = 3
Pas de prise en passant
Mouvement invalide !
======= TEST DU COUP =======
Origine : x = 7 y = 0
Fin : x = 0 y = 4
Pas de prise en passant
Mouvement invalide !
======= TEST DU COUP =======
Origine : x = 7 y = 0
Fin : x = 0 y = 5
Pas de prise en passant
Mouvement invalide !
======= TEST DU COUP =======
Origine : x = 7 y = 0
Fin : x = 0 y = 6
Pas de prise en passant
Mouvement invalide !
======= TEST DU COUP =======
Origine : x = 7 y = 0
Fin : x = 0 y = 7
Pas de prise en passant
Mouvement invalide !
======= TEST DU COUP =======
Origine : x = 7 y = 0
Fin : x = 1 y = 0
Pas de prise en passant
Verification de la validité du coup passée !
Passage impossible !
======= TEST DU COUP =======
Origine : x = 7 y = 0
Fin : x = 1 y = 1
Pas de prise en passant
Mouvement invalide !
======= TEST DU COUP =======
Origine : x = 7 y = 0
Fin : x = 1 y = 2
Pas de prise en passant
Mouvement invalide !
======= TEST DU COUP =======
Origine : x = 7 y = 0
Fin : x = 1 y = 3
Pas de prise en passant
Mouvement invalide !
======= TEST DU COUP =======
Origine : x = 7 y = 0
Fin : x = 1 y = 4
Pas de prise en passant
Mouvement invalide !
======= TEST DU COUP =======
Origine : x = 7 y = 0
Fin : x = 1 y = 5
Pas de prise en passant
Mouvement invalide !
======= TEST DU COUP =======
Origine : x = 7 y = 0
Fin : x = 1 y = 6
Pas de prise en passant
Mouvement invalide !
======= TEST DU COUP =======
Origine : x = 7 y = 0
Fin : x = 1 y = 7
Pas de prise en passant
Mouvement invalide !
======= TEST DU COUP =======
Origine : x = 7 y = 0
Fin : x = 2 y = 0
Pas de prise en passant
Verification de la validité du coup passée !
Passage impossible !
======= TEST DU COUP =======
Origine : x = 7 y = 0
Fin : x = 2 y = 1
Pas de prise en passant
Mouvement invalide !
======= TEST DU COUP =======
Origine : x = 7 y = 0
Fin : x = 2 y = 2
Pas de prise en passant
Mouvement invalide !
======= TEST DU COUP =======
Origine : x = 7 y = 0
Fin : x = 2 y = 3
Pas de prise en passant
Mouvement invalide !
======= TEST DU COUP =======
Origine : x = 7 y = 0
Fin : x = 2 y = 4
Pas de prise en passant
Mouvement invalide !
======= TEST DU COUP =======
Origine : x = 7 y = 0
Fin : x = 2 y = 5
Pas de prise en passant
Mouvement invalide !
======= TEST DU COUP =======
Origine : x = 7 y = 0
Fin : x = 2 y = 6
Pas de prise en passant
Mouvement invalide !
======= TEST DU COUP =======
Origine : x = 7 y = 0
Fin : x = 2 y = 7
Pas de prise en passant
Mouvement invalide !
======= TEST DU COUP =======
Origine : x = 7 y = 0
Fin : x = 3 y = 0
Pas de prise en passant
Verification de la validité du coup passée !
Passage impossible !
======= TEST DU COUP =======
Origine : x = 7 y = 0
Fin : x = 3 y = 1
Pas de prise en passant
Mouvement invalide !
======= TEST DU COUP =======
Origine : x = 7 y = 0
Fin : x = 3 y = 2
Pas de prise en passant
Mouvement invalide !
======= TEST DU COUP =======
Origine : x = 7 y = 0
Fin : x = 3 y = 3
Pas de prise en passant
Mouvement invalide !
======= TEST DU COUP =======
Origine : x = 7 y = 0
Fin : x = 3 y = 4
Pas de prise en passant
Mouvement invalide !
======= TEST DU COUP =======
Origine : x = 7 y = 0
Fin : x = 3 y = 5
Pas de prise en passant
Mouvement invalide !
======= TEST DU COUP =======
Origine : x = 7 y = 0
Fin : x = 3 y = 6
Pas de prise en passant
Mouvement invalide !
======= TEST DU COUP =======
Origine : x = 7 y = 0
Fin : x = 3 y = 7
Pas de prise en passant
Mouvement invalide !
======= TEST DU COUP =======
Origine : x = 7 y = 0
Fin : x = 4 y = 0
Pas de prise en passant
Verification de la validité du coup passée !
Passage impossible !
======= TEST DU COUP =======
Origine : x = 7 y = 0
Fin : x = 4 y = 1
Pas de prise en passant
La case de destination est dejà occupée par une de vos pièce !
======= TEST DU COUP =======
Origine : x = 7 y = 0
Fin : x = 4 y = 2
Pas de prise en passant
Mouvement invalide !
======= TEST DU COUP =======
Origine : x = 7 y = 0
Fin : x = 4 y = 3
Pas de prise en passant
Mouvement invalide !
======= TEST DU COUP =======
Origine : x = 7 y = 0
Fin : x = 4 y = 4
Pas de prise en passant
Mouvement invalide !
======= TEST DU COUP =======
Origine : x = 7 y = 0
Fin : x = 4 y = 5
Pas de prise en passant
Mouvement invalide !
======= TEST DU COUP =======
Origine : x = 7 y = 0
Fin : x = 4 y = 6
Pas de prise en passant
Mouvement invalide !
======= TEST DU COUP =======
Origine : x = 7 y = 0
Fin : x = 4 y = 7
Pas de prise en passant
Mouvement invalide !
======= TEST DU COUP =======
Origine : x = 7 y = 0
Fin : x = 5 y = 0
Pas de prise en passant
Verification de la validité du coup passée !
Passage impossible !
======= TEST DU COUP =======
Origine : x = 7 y = 0
Fin : x = 5 y = 1
Pas de prise en passant
Mouvement invalide !
======= TEST DU COUP =======
Origine : x = 7 y = 0
Fin : x = 5 y = 2
Pas de prise en passant
Mouvement invalide !
======= TEST DU COUP =======
Origine : x = 7 y = 0
Fin : x = 5 y = 3
Pas de prise en passant
La case de destination est dejà occupée par une de vos pièce !
======= TEST DU COUP =======
Origine : x = 7 y = 0
Fin : x = 5 y = 4
Pas de prise en passant
Mouvement invalide !
======= TEST DU COUP =======
Origine : x = 7 y = 0
Fin : x = 5 y = 5
Pas de prise en passant
La case de destination est dejà occupée par une de vos pièce !
======= TEST DU COUP =======
Origine : x = 7 y = 0
Fin : x = 5 y = 6
Pas de prise en passant
Mouvement invalide !
======= TEST DU COUP =======
Origine : x = 7 y = 0
Fin : x = 5 y = 7
Pas de prise en passant
Mouvement invalide !
======= TEST DU COUP =======
Origine : x = 7 y = 0
Fin : x = 6 y = 0
Pas de prise en passant
La case de destination est dejà occupée par une de vos pièce !
======= TEST DU COUP =======
Origine : x = 7 y = 0
Fin : x = 6 y = 1
Pas de prise en passant
La case de destination est dejà occupée par une de vos pièce !
======= TEST DU COUP =======
Origine : x = 7 y = 0
Fin : x = 6 y = 2
Pas de prise en passant
La case de destination est dejà occupée par une de vos pièce !
======= TEST DU COUP =======
Origine : x = 7 y = 0
Fin : x = 6 y = 3
Pas de prise en passant
La case de destination est dejà occupée par une de vos pièce !
======= TEST DU COUP =======
Origine : x = 7 y = 0
Fin : x = 6 y = 4
Pas de prise en passant
La case de destination est dejà occupée par une de vos pièce !
======= TEST DU COUP =======
Origine : x = 7 y = 0
Fin : x = 6 y = 5
Pas de prise en passant
Mouvement invalide !
======= TEST DU COUP =======
Origine : x = 7 y = 0
Fin : x = 6 y = 6
Pas de prise en passant
La case de destination est dejà occupée par une de vos pièce !
======= TEST DU COUP =======
Origine : x = 7 y = 0
Fin : x = 6 y = 7
Pas de prise en passant
La case de destination est dejà occupée par une de vos pièce !
======= TEST DU COUP =======
Origine : x = 7 y = 0
Fin : x = 7 y = 0
Pas de prise en passant
La case de destination est dejà occupée par une de vos pièce !
======= TEST DU COUP =======
Origine : x = 7 y = 0
Fin : x = 7 y = 1
Pas de prise en passant
Verification de la validité du coup passée !
Passage libre !
entree deplacepiece echiquier
bR
Ne met pas en echec !
Attente du coup :  mouvement classique
======= TEST DU COUP =======
Origine : x = 4 y = 1
Fin : x = 3 y = 3
Pas de prise en passant
Verification de la validité du coup passée !
Passage libre !
entree deplacepiece echiquier
bN
Ne met pas en echec !
entree deplacepiece echiquier
bN
Piece déplacée !

     a     b     c     d     e     f     g     h    
  +-----+-----+-----+-----+-----+-----+-----+-----+
8 |  ♖  |     |     |     |     |     |  ♔  |  ♖  |
  +-----+-----+-----+-----+-----+-----+-----+-----+
7 |  ♙  |  ♙  |  ♙  |  ♗  |  ♘  |     |  ♙  |  ♙  |
  +-----+-----+-----+-----+-----+-----+-----+-----+
6 |     |     |     |  ♕  |     |  ♙  |  ♟  |     |
  +-----+-----+-----+-----+-----+-----+-----+-----+
5 |     |     |     |     |     |  ♟  |     |     |
  +-----+-----+-----+-----+-----+-----+-----+-----+
4 |     |     |     |  ♘  |  ♟  |     |     |     |
  +-----+-----+-----+-----+-----+-----+-----+-----+
3 |  ♟  |     |  ♟  |     |     |     |     |     |
  +-----+-----+-----+-----+-----+-----+-----+-----+
2 |     |     |     |     |     |     |     |  ♟  |
  +-----+-----+-----+-----+-----+-----+-----+-----+
1 |  ♜  |     |  ♝  |  ♛  |  ♚  |  ♝  |     |  ♜  |
  +-----+-----+-----+-----+-----+-----+-----+-----+
C'est au joueur blanc de jouer
======= TEST DU COUP =======
Origine : x = 0 y = 0
Fin : x = 0 y = 0
Pas de prise en passant
La case de destination est dejà occupée par une de vos pièce !
======= TEST DU COUP =======
Origine : x = 0 y = 0
Fin : x = 0 y = 1
Pas de prise en passant
Verification de la validité du coup passée !
Passage libre !
entree deplacepiece echiquier
wR
Ne met pas en echec !
Attente du coup :  mouvement classique
======= TEST DU COUP =======
Origine : x = 0 y = 3
Fin : x = 4 y = 7
Pas de prise en passant
Verification de la validité du coup passée !
Passage libre !
entree deplacepiece echiquier
wQ
Ne met pas en echec !
entree deplacepiece echiquier
wQ
Piece déplacée !

     a     b     c     d     e     f     g     h    
  +-----+-----+-----+-----+-----+-----+-----+-----+
8 |  ♖  |     |     |     |     |     |  ♔  |  ♖  |
  +-----+-----+-----+-----+-----+-----+-----+-----+
7 |  ♙  |  ♙  |  ♙  |  ♗  |  ♘  |     |  ♙  |  ♙  |
  +-----+-----+-----+-----+-----+-----+-----+-----+
6 |     |     |     |  ♕  |     |  ♙  |  ♟  |     |
  +-----+-----+-----+-----+-----+-----+-----+-----+
5 |     |     |     |     |     |  ♟  |     |  ♛  |
  +-----+-----+-----+-----+-----+-----+-----+-----+
4 |     |     |     |  ♘  |  ♟  |     |     |     |
  +-----+-----+-----+-----+-----+-----+-----+-----+
3 |  ♟  |     |  ♟  |     |     |     |     |     |
  +-----+-----+-----+-----+-----+-----+-----+-----+
2 |     |     |     |     |     |     |     |  ♟  |
  +-----+-----+-----+-----+-----+-----+-----+-----+
1 |  ♜  |     |  ♝  |     |  ♚  |  ♝  |     |  ♜  |
  +-----+-----+-----+-----+-----+-----+-----+-----+
C'est au joueur noir de jouer
======= TEST DU COUP =======
Origine : x = 7 y = 0
Fin : x = 0 y = 0
Pas de prise en passant
Verification de la validité du coup passée !
Passage impossible !
======= TEST DU COUP =======
Origine : x = 7 y = 0
Fin : x = 0 y = 1
Pas de prise en passant
Mouvement invalide !
======= TEST DU COUP =======
Origine : x = 7 y = 0
Fin : x = 0 y = 2
Pas de prise en passant
Mouvement invalide !
======= TEST DU COUP =======
Origine : x = 7 y = 0
Fin : x = 0 y = 3
Pas de prise en passant
Mouvement invalide !
======= TEST DU COUP =======
Origine : x = 7 y = 0
Fin : x = 0 y = 4
Pas de prise en passant
Mouvement invalide !
======= TEST DU COUP =======
Origine : x = 7 y = 0
Fin : x = 0 y = 5
Pas de prise en passant
Mouvement invalide !
======= TEST DU COUP =======
Origine : x = 7 y = 0
Fin : x = 0 y = 6
Pas de prise en passant
Mouvement invalide !
======= TEST DU COUP =======
Origine : x = 7 y = 0
Fin : x = 0 y = 7
Pas de prise en passant
Mouvement invalide !
======= TEST DU COUP =======
Origine : x = 7 y = 0
Fin : x = 1 y = 0
Pas de prise en passant
Verification de la validité du coup passée !
Passage impossible !
======= TEST DU COUP =======
Origine : x = 7 y = 0
Fin : x = 1 y = 1
Pas de prise en passant
Mouvement invalide !
======= TEST DU COUP =======
Origine : x = 7 y = 0
Fin : x = 1 y = 2
Pas de prise en passant
Mouvement invalide !
======= TEST DU COUP =======
Origine : x = 7 y = 0
Fin : x = 1 y = 3
Pas de prise en passant
Mouvement invalide !
======= TEST DU COUP =======
Origine : x = 7 y = 0
Fin : x = 1 y = 4
Pas de prise en passant
Mouvement invalide !
======= TEST DU COUP =======
Origine : x = 7 y = 0
Fin : x = 1 y = 5
Pas de prise en passant
Mouvement invalide !
======= TEST DU COUP =======
Origine : x = 7 y = 0
Fin : x = 1 y = 6
Pas de prise en passant
Mouvement invalide !
======= TEST DU COUP =======
Origine : x = 7 y = 0
Fin : x = 1 y = 7
Pas de prise en passant
Mouvement invalide !
======= TEST DU COUP =======
Origine : x = 7 y = 0
Fin : x = 2 y = 0
Pas de prise en passant
Verification de la validité du coup passée !
Passage impossible !
======= TEST DU COUP =======
Origine : x = 7 y = 0
Fin : x = 2 y = 1
Pas de prise en passant
Mouvement invalide !
======= TEST DU COUP =======
Origine : x = 7 y = 0
Fin : x = 2 y = 2
Pas de prise en passant
Mouvement invalide !
======= TEST DU COUP =======
Origine : x = 7 y = 0
Fin : x = 2 y = 3
Pas de prise en passant
Mouvement invalide !
======= TEST DU COUP =======
Origine : x = 7 y = 0
Fin : x = 2 y = 4
Pas de prise en passant
Mouvement invalide !
======= TEST DU COUP =======
Origine : x = 7 y = 0
Fin : x = 2 y = 5
Pas de prise en passant
Mouvement invalide !
======= TEST DU COUP =======
Origine : x = 7 y = 0
Fin : x = 2 y = 6
Pas de prise en passant
Mouvement invalide !
======= TEST DU COUP =======
Origine : x = 7 y = 0
Fin : x = 2 y = 7
Pas de prise en passant
Mouvement invalide !
======= TEST DU COUP =======
Origine : x = 7 y = 0
Fin : x = 3 y = 0
Pas de prise en passant
Verification de la validité du coup passée !
Passage impossible !
======= TEST DU COUP =======
Origine : x = 7 y = 0
Fin : x = 3 y = 1
Pas de prise en passant
Mouvement invalide !
======= TEST DU COUP =======
Origine : x = 7 y = 0
Fin : x = 3 y = 2
Pas de prise en passant
Mouvement invalide !
======= TEST DU COUP =======
Origine : x = 7 y = 0
Fin : x = 3 y = 3
Pas de prise en passant
La case de destination est dejà occupée par une de vos pièce !
======= TEST DU COUP =======
Origine : x = 7 y = 0
Fin : x = 3 y = 4
Pas de prise en passant
Mouvement invalide !
======= TEST DU COUP =======
Origine : x = 7 y = 0
Fin : x = 3 y = 5
Pas de prise en passant
Mouvement invalide !
======= TEST DU COUP =======
Origine : x = 7 y = 0
Fin : x = 3 y = 6
Pas de prise en passant
Mouvement invalide !
======= TEST DU COUP =======
Origine : x = 7 y = 0
Fin : x = 3 y = 7
Pas de prise en passant
Mouvement invalide !
======= TEST DU COUP =======
Origine : x = 7 y = 0
Fin : x = 4 y = 0
Pas de prise en passant
Verification de la validité du coup passée !
Passage impossible !
======= TEST DU COUP =======
Origine : x = 7 y = 0
Fin : x = 4 y = 1
Pas de prise en passant
Mouvement invalide !
======= TEST DU COUP =======
Origine : x = 7 y = 0
Fin : x = 4 y = 2
Pas de prise en passant
Mouvement invalide !
======= TEST DU COUP =======
Origine : x = 7 y = 0
Fin : x = 4 y = 3
Pas de prise en passant
Mouvement invalide !
======= TEST DU COUP =======
Origine : x = 7 y = 0
Fin : x = 4 y = 4
Pas de prise en passant
Mouvement invalide !
======= TEST DU COUP =======
Origine : x = 7 y = 0
Fin : x = 4 y = 5
Pas de prise en passant
Mouvement invalide !
======= TEST DU COUP =======
Origine : x = 7 y = 0
Fin : x = 4 y = 6
Pas de prise en passant
Mouvement invalide !
======= TEST DU COUP =======
Origine : x = 7 y = 0
Fin : x = 4 y = 7
Pas de prise en passant
Mouvement invalide !
======= TEST DU COUP =======
Origine : x = 7 y = 0
Fin : x = 5 y = 0
Pas de prise en passant
Verification de la validité du coup passée !
Passage impossible !
======= TEST DU COUP =======
Origine : x = 7 y = 0
Fin : x = 5 y = 1
Pas de prise en passant
Mouvement invalide !
======= TEST DU COUP =======
Origine : x = 7 y = 0
Fin : x = 5 y = 2
Pas de prise en passant
Mouvement invalide !
======= TEST DU COUP =======
Origine : x = 7 y = 0
Fin : x = 5 y = 3
Pas de prise en passant
La case de destination est dejà occupée par une de vos pièce !
======= TEST DU COUP =======
Origine : x = 7 y = 0
Fin : x = 5 y = 4
Pas de prise en passant
Mouvement invalide !
======= TEST DU COUP =======
Origine : x = 7 y = 0
Fin : x = 5 y = 5
Pas de prise en passant
La case de destination est dejà occupée par une de vos pièce !
======= TEST DU COUP =======
Origine : x = 7 y = 0
Fin : x = 5 y = 6
Pas de prise en passant
Mouvement invalide !
======= TEST DU COUP =======
Origine : x = 7 y = 0
Fin : x = 5 y = 7
Pas de prise en passant
Mouvement invalide !
======= TEST DU COUP =======
Origine : x = 7 y = 0
Fin : x = 6 y = 0
Pas de prise en passant
La case de destination est dejà occupée par une de vos pièce !
======= TEST DU COUP =======
Origine : x = 7 y = 0
Fin : x = 6 y = 1
Pas de prise en passant
La case de destination est dejà occupée par une de vos pièce !
======= TEST DU COUP =======
Origine : x = 7 y = 0
Fin : x = 6 y = 2
Pas de prise en passant
La case de destination est dejà occupée par une de vos pièce !
======= TEST DU COUP =======
Origine : x = 7 y = 0
Fin : x = 6 y = 3
Pas de prise en passant
La case de destination est dejà occupée par une de vos pièce !
======= TEST DU COUP =======
Origine : x = 7 y = 0
Fin : x = 6 y = 4
Pas de prise en passant
La case de destination est dejà occupée par une de vos pièce !
======= TEST DU COUP =======
Origine : x = 7 y = 0
Fin : x = 6 y = 5
Pas de prise en passant
Mouvement invalide !
======= TEST DU COUP =======
Origine : x = 7 y = 0
Fin : x = 6 y = 6
Pas de prise en passant
La case de destination est dejà occupée par une de vos pièce !
======= TEST DU COUP =======
Origine : x = 7 y = 0
Fin : x = 6 y = 7
Pas de prise en passant
La case de destination est dejà occupée par une de vos pièce !
======= TEST DU COUP =======
Origine : x = 7 y = 0
Fin : x = 7 y = 0
Pas de prise en passant
La case de destination est dejà occupée par une de vos pièce !
======= TEST DU COUP =======
Origine : x = 7 y = 0
Fin : x = 7 y = 1
Pas de prise en passant
Verification de la validité du coup passée !
Passage libre !
entree deplacepiece echiquier
bR
Ne met pas en echec !
Attente du coup :  mouvement classique
======= TEST DU COUP =======
Origine : x = 7 y = 6
Fin : x = 6 y = 5
Pas de prise en passant
Verification de la validité du coup passée !
Passage libre !
entree deplacepiece echiquier
bK
Ce coup vous met en échec !
======= TEST DU COUP =======
Origine : x = 7 y = 0
Fin : x = 0 y = 0
Pas de prise en passant
Verification de la validité du coup passée !
Passage impossible !
======= TEST DU COUP =======
Origine : x = 7 y = 0
Fin : x = 0 y = 1
Pas de prise en passant
Mouvement invalide !
======= TEST DU COUP =======
Origine : x = 7 y = 0
Fin : x = 0 y = 2
Pas de prise en passant
Mouvement invalide !
======= TEST DU COUP =======
Origine : x = 7 y = 0
Fin : x = 0 y = 3
Pas de prise en passant
Mouvement invalide !
======= TEST DU COUP =======
Origine : x = 7 y = 0
Fin : x = 0 y = 4
Pas de prise en passant
Mouvement invalide !
======= TEST DU COUP =======
Origine : x = 7 y = 0
Fin : x = 0 y = 5
Pas de prise en passant
Mouvement invalide !
======= TEST DU COUP =======
Origine : x = 7 y = 0
Fin : x = 0 y = 6
Pas de prise en passant
Mouvement invalide !
======= TEST DU COUP =======
Origine : x = 7 y = 0
Fin : x = 0 y = 7
Pas de prise en passant
Mouvement invalide !
======= TEST DU COUP =======
Origine : x = 7 y = 0
Fin : x = 1 y = 0
Pas de prise en passant
Verification de la validité du coup passée !
Passage impossible !
======= TEST DU COUP =======
Origine : x = 7 y = 0
Fin : x = 1 y = 1
Pas de prise en passant
Mouvement invalide !
======= TEST DU COUP =======
Origine : x = 7 y = 0
Fin : x = 1 y = 2
Pas de prise en passant
Mouvement invalide !
======= TEST DU COUP =======
Origine : x = 7 y = 0
Fin : x = 1 y = 3
Pas de prise en passant
Mouvement invalide !
======= TEST DU COUP =======
Origine : x = 7 y = 0
Fin : x = 1 y = 4
Pas de prise en passant
Mouvement invalide !
======= TEST DU COUP =======
Origine : x = 7 y = 0
Fin : x = 1 y = 5
Pas de prise en passant
Mouvement invalide !
======= TEST DU COUP =======
Origine : x = 7 y = 0
Fin : x = 1 y = 6
Pas de prise en passant
Mouvement invalide !
======= TEST DU COUP =======
Origine : x = 7 y = 0
Fin : x = 1 y = 7
Pas de prise en passant
Mouvement invalide !
======= TEST DU COUP =======
Origine : x = 7 y = 0
Fin : x = 2 y = 0
Pas de prise en passant
Verification de la validité du coup passée !
Passage impossible !
======= TEST DU COUP =======
Origine : x = 7 y = 0
Fin : x = 2 y = 1
Pas de prise en passant
Mouvement invalide !
======= TEST DU COUP =======
Origine : x = 7 y = 0
Fin : x = 2 y = 2
Pas de prise en passant
Mouvement invalide !
======= TEST DU COUP =======
Origine : x = 7 y = 0
Fin : x = 2 y = 3
Pas de prise en passant
Mouvement invalide !
======= TEST DU COUP =======
Origine : x = 7 y = 0
Fin : x = 2 y = 4
Pas de prise en passant
Mouvement invalide !
======= TEST DU COUP =======
Origine : x = 7 y = 0
Fin : x = 2 y = 5
Pas de prise en passant
Mouvement invalide !
======= TEST DU COUP =======
Origine : x = 7 y = 0
Fin : x = 2 y = 6
Pas de prise en passant
Mouvement invalide !
======= TEST DU COUP =======
Origine : x = 7 y = 0
Fin : x = 2 y = 7
Pas de prise en passant
Mouvement invalide !
======= TEST DU COUP =======
Origine : x = 7 y = 0
Fin : x = 3 y = 0
Pas de prise en passant
Verification de la validité du coup passée !
Passage impossible !
======= TEST DU COUP =======
Origine : x = 7 y = 0
Fin : x = 3 y = 1
Pas de prise en passant
Mouvement invalide !
======= TEST DU COUP =======
Origine : x = 7 y = 0
Fin : x = 3 y = 2
Pas de prise en passant
Mouvement invalide !
======= TEST DU COUP =======
Origine : x = 7 y = 0
Fin : x = 3 y = 3
Pas de prise en passant
La case de destination est dejà occupée par une de vos pièce !
======= TEST DU COUP =======
Origine : x = 7 y = 0
Fin : x = 3 y = 4
Pas de prise en passant
Mouvement invalide !
======= TEST DU COUP =======
Origine : x = 7 y = 0
Fin : x = 3 y = 5
Pas de prise en passant
Mouvement invalide !
======= TEST DU COUP =======
Origine : x = 7 y = 0
Fin : x = 3 y = 6
Pas de prise en passant
Mouvement invalide !
======= TEST DU COUP =======
Origine : x = 7 y = 0
Fin : x = 3 y = 7
Pas de prise en passant
Mouvement invalide !
======= TEST DU COUP =======
Origine : x = 7 y = 0
Fin : x = 4 y = 0
Pas de prise en passant
Verification de la validité du coup passée !
Passage impossible !
======= TEST DU COUP =======
Origine : x = 7 y = 0
Fin : x = 4 y = 1
Pas de prise en passant
Mouvement invalide !
======= TEST DU COUP =======
Origine : x = 7 y = 0
Fin : x = 4 y = 2
Pas de prise en passant
Mouvement invalide !
======= TEST DU COUP =======
Origine : x = 7 y = 0
Fin : x = 4 y = 3
Pas de prise en passant
Mouvement invalide !
======= TEST DU COUP =======
Origine : x = 7 y = 0
Fin : x = 4 y = 4
Pas de prise en passant
Mouvement invalide !
======= TEST DU COUP =======
Origine : x = 7 y = 0
Fin : x = 4 y = 5
Pas de prise en passant
Mouvement invalide !
======= TEST DU COUP =======
Origine : x = 7 y = 0
Fin : x = 4 y = 6
Pas de prise en passant
Mouvement invalide !
======= TEST DU COUP =======
Origine : x = 7 y = 0
Fin : x = 4 y = 7
Pas de prise en passant
Mouvement invalide !
======= TEST DU COUP =======
Origine : x = 7 y = 0
Fin : x = 5 y = 0
Pas de prise en passant
Verification de la validité du coup passée !
Passage impossible !
======= TEST DU COUP =======
Origine : x = 7 y = 0
Fin : x = 5 y = 1
Pas de prise en passant
Mouvement invalide !
======= TEST DU COUP =======
Origine : x = 7 y = 0
Fin : x = 5 y = 2
Pas de prise en passant
Mouvement invalide !
======= TEST DU COUP =======
Origine : x = 7 y = 0
Fin : x = 5 y = 3
Pas de prise en passant
La case de destination est dejà occupée par une de vos pièce !
======= TEST DU COUP =======
Origine : x = 7 y = 0
Fin : x = 5 y = 4
Pas de prise en passant
Mouvement invalide !
======= TEST DU COUP =======
Origine : x = 7 y = 0
Fin : x = 5 y = 5
Pas de prise en passant
La case de destination est dejà occupée par une de vos pièce !
======= TEST DU COUP =======
Origine : x = 7 y = 0
Fin : x = 5 y = 6
Pas de prise en passant
Mouvement invalide !
======= TEST DU COUP =======
Origine : x = 7 y = 0
Fin : x = 5 y = 7
Pas de prise en passant
Mouvement invalide !
======= TEST DU COUP =======
Origine : x = 7 y = 0
Fin : x = 6 y = 0
Pas de prise en passant
La case de destination est dejà occupée par une de vos pièce !
======= TEST DU COUP =======
Origine : x = 7 y = 0
Fin : x = 6 y = 1
Pas de prise en passant
La case de destination est dejà occupée par une de vos pièce !
======= TEST DU COUP =======
Origine : x = 7 y = 0
Fin : x = 6 y = 2
Pas de prise en passant
La case de destination est dejà occupée par une de vos pièce !
======= TEST DU COUP =======
Origine : x = 7 y = 0
Fin : x = 6 y = 3
Pas de prise en passant
La case de destination est dejà occupée par une de vos pièce !
======= TEST DU COUP =======
Origine : x = 7 y = 0
Fin : x = 6 y = 4
Pas de prise en passant
La case de destination est dejà occupée par une de vos pièce !
======= TEST DU COUP =======
Origine : x = 7 y = 0
Fin : x = 6 y = 5
Pas de prise en passant
Mouvement invalide !
======= TEST DU COUP =======
Origine : x = 7 y = 0
Fin : x = 6 y = 6
Pas de prise en passant
La case de destination est dejà occupée par une de vos pièce !
======= TEST DU COUP =======
Origine : x = 7 y = 0
Fin : x = 6 y = 7
Pas de prise en passant
La case de destination est dejà occupée par une de vos pièce !
======= TEST DU COUP =======
Origine : x = 7 y = 0
Fin : x = 7 y = 0
Pas de prise en passant
La case de destination est dejà occupée par une de vos pièce !
======= TEST DU COUP =======
Origine : x = 7 y = 0
Fin : x = 7 y = 1
Pas de prise en passant
Verification de la validité du coup passée !
Passage libre !
entree deplacepiece echiquier
bR
Ne met pas en echec !
Attente du coup :  mouvement classique
======= TEST DU COUP =======
Origine : x = 6 y = 7
Fin : x = 5 y = 7
Pas de prise en passant
Verification de la validité du coup passée !
Passage libre !
entree deplacepiece echiquier
bP
Ne met pas en echec !
entree deplacepiece echiquier
bP
Piece déplacée !

     a     b     c     d     e     f     g     h    
  +-----+-----+-----+-----+-----+-----+-----+-----+
8 |  ♖  |     |     |     |     |     |  ♔  |  ♖  |
  +-----+-----+-----+-----+-----+-----+-----+-----+
7 |  ♙  |  ♙  |  ♙  |  ♗  |  ♘  |     |  ♙  |     |
  +-----+-----+-----+-----+-----+-----+-----+-----+
6 |     |     |     |  ♕  |     |  ♙  |  ♟  |  ♙  |
  +-----+-----+-----+-----+-----+-----+-----+-----+
5 |     |     |     |     |     |  ♟  |     |  ♛  |
  +-----+-----+-----+-----+-----+-----+-----+-----+
4 |     |     |     |  ♘  |  ♟  |     |     |     |
  +-----+-----+-----+-----+-----+-----+-----+-----+
3 |  ♟  |     |  ♟  |     |     |     |     |     |
  +-----+-----+-----+-----+-----+-----+-----+-----+
2 |     |     |     |     |     |     |     |  ♟  |
  +-----+-----+-----+-----+-----+-----+-----+-----+
1 |  ♜  |     |  ♝  |     |  ♚  |  ♝  |     |  ♜  |
  +-----+-----+-----+-----+-----+-----+-----+-----+
C'est au joueur blanc de jouer
======= TEST DU COUP =======
Origine : x = 0 y = 0
Fin : x = 0 y = 0
Pas de prise en passant
La case de destination est dejà occupée par une de vos pièce !
======= TEST DU COUP =======
Origine : x = 0 y = 0
Fin : x = 0 y = 1
Pas de prise en passant
Verification de la validité du coup passée !
Passage libre !
entree deplacepiece echiquier
wR
Ne met pas en echec !
Attente du coup :  mouvement classique
======= TEST DU COUP =======
Origine : x = 2 y = 2
Fin : x = 3 y = 3
Pas de prise en passant
Verification de la validité du coup passée !
Passage libre !
entree deplacepiece echiquier
wP
Ne met pas en echec !
entree deplacepiece echiquier
wP
Piece déplacée !

     a     b     c     d     e     f     g     h    
  +-----+-----+-----+-----+-----+-----+-----+-----+
8 |  ♖  |     |     |     |     |     |  ♔  |  ♖  |
  +-----+-----+-----+-----+-----+-----+-----+-----+
7 |  ♙  |  ♙  |  ♙  |  ♗  |  ♘  |     |  ♙  |     |
  +-----+-----+-----+-----+-----+-----+-----+-----+
6 |     |     |     |  ♕  |     |  ♙  |  ♟  |  ♙  |
  +-----+-----+-----+-----+-----+-----+-----+-----+
5 |     |     |     |     |     |  ♟  |     |  ♛  |
  +-----+-----+-----+-----+-----+-----+-----+-----+
4 |     |     |     |  ♟  |  ♟  |     |     |     |
  +-----+-----+-----+-----+-----+-----+-----+-----+
3 |  ♟  |     |     |     |     |     |     |     |
  +-----+-----+-----+-----+-----+-----+-----+-----+
2 |     |     |     |     |     |     |     |  ♟  |
  +-----+-----+-----+-----+-----+-----+-----+-----+
1 |  ♜  |     |  ♝  |     |  ♚  |  ♝  |     |  ♜  |
  +-----+-----+-----+-----+-----+-----+-----+-----+
C'est au joueur noir de jouer
======= TEST DU COUP =======
Origine : x = 7 y = 0
Fin : x = 0 y = 0
Pas de prise en passant
Verification de la validité du coup passée !
Passage impossible !
======= TEST DU COUP =======
Origine : x = 7 y = 0
Fin : x = 0 y = 1
Pas de prise en passant
Mouvement invalide !
======= TEST DU COUP =======
Origine : x = 7 y = 0
Fin : x = 0 y = 2
Pas de prise en passant
Mouvement invalide !
======= TEST DU COUP =======
Origine : x = 7 y = 0
Fin : x = 0 y = 3
Pas de prise en passant
Mouvement invalide !
======= TEST DU COUP =======
Origine : x = 7 y = 0
Fin : x = 0 y = 4
Pas de prise en passant
Mouvement invalide !
======= TEST DU COUP =======
Origine : x = 7 y = 0
Fin : x = 0 y = 5
Pas de prise en passant
Mouvement invalide !
======= TEST DU COUP =======
Origine : x = 7 y = 0
Fin : x = 0 y = 6
Pas de prise en passant
Mouvement invalide !
======= TEST DU COUP =======
Origine : x = 7 y = 0
Fin : x = 0 y = 7
Pas de prise en passant
Mouvement invalide !
======= TEST DU COUP =======
Origine : x = 7 y = 0
Fin : x = 1 y = 0
Pas de prise en passant
Verification de la validité du coup passée !
Passage impossible !
======= TEST DU COUP =======
Origine : x = 7 y = 0
Fin : x = 1 y = 1
Pas de prise en passant
Mouvement invalide !
======= TEST DU COUP =======
Origine : x = 7 y = 0
Fin : x = 1 y = 2
Pas de prise en passant
Mouvement invalide !
======= TEST DU COUP =======
Origine : x = 7 y = 0
Fin : x = 1 y = 3
Pas de prise en passant
Mouvement invalide !
======= TEST DU COUP =======
Origine : x = 7 y = 0
Fin : x = 1 y = 4
Pas de prise en passant
Mouvement invalide !
======= TEST DU COUP =======
Origine : x = 7 y = 0
Fin : x = 1 y = 5
Pas de prise en passant
Mouvement invalide !
======= TEST DU COUP =======
Origine : x = 7 y = 0
Fin : x = 1 y = 6
Pas de prise en passant
Mouvement invalide !
======= TEST DU COUP =======
Origine : x = 7 y = 0
Fin : x = 1 y = 7
Pas de prise en passant
Mouvement invalide !
======= TEST DU COUP =======
Origine : x = 7 y = 0
Fin : x = 2 y = 0
Pas de prise en passant
Verification de la validité du coup passée !
Passage impossible !
======= TEST DU COUP =======
Origine : x = 7 y = 0
Fin : x = 2 y = 1
Pas de prise en passant
Mouvement invalide !
======= TEST DU COUP =======
Origine : x = 7 y = 0
Fin : x = 2 y = 2
Pas de prise en passant
Mouvement invalide !
======= TEST DU COUP =======
Origine : x = 7 y = 0
Fin : x = 2 y = 3
Pas de prise en passant
Mouvement invalide !
======= TEST DU COUP =======
Origine : x = 7 y = 0
Fin : x = 2 y = 4
Pas de prise en passant
Mouvement invalide !
======= TEST DU COUP =======
Origine : x = 7 y = 0
Fin : x = 2 y = 5
Pas de prise en passant
Mouvement invalide !
======= TEST DU COUP =======
Origine : x = 7 y = 0
Fin : x = 2 y = 6
Pas de prise en passant
Mouvement invalide !
======= TEST DU COUP =======
Origine : x = 7 y = 0
Fin : x = 2 y = 7
Pas de prise en passant
Mouvement invalide !
======= TEST DU COUP =======
Origine : x = 7 y = 0
Fin : x = 3 y = 0
Pas de prise en passant
Verification de la validité du coup passée !
Passage impossible !
======= TEST DU COUP =======
Origine : x = 7 y = 0
Fin : x = 3 y = 1
Pas de prise en passant
Mouvement invalide !
======= TEST DU COUP =======
Origine : x = 7 y = 0
Fin : x = 3 y = 2
Pas de prise en passant
Mouvement invalide !
======= TEST DU COUP =======
Origine : x = 7 y = 0
Fin : x = 3 y = 3
Pas de prise en passant
Mouvement invalide !
======= TEST DU COUP =======
Origine : x = 7 y = 0
Fin : x = 3 y = 4
Pas de prise en passant
Mouvement invalide !
======= TEST DU COUP =======
Origine : x = 7 y = 0
Fin : x = 3 y = 5
Pas de prise en passant
Mouvement invalide !
======= TEST DU COUP =======
Origine : x = 7 y = 0
Fin : x = 3 y = 6
Pas de prise en passant
Mouvement invalide !
======= TEST DU COUP =======
Origine : x = 7 y = 0
Fin : x = 3 y = 7
Pas de prise en passant
Mouvement invalide !
======= TEST DU COUP =======
Origine : x = 7 y = 0
Fin : x = 4 y = 0
Pas de prise en passant
Verification de la validité du coup passée !
Passage impossible !
======= TEST DU COUP =======
Origine : x = 7 y = 0
Fin : x = 4 y = 1
Pas de prise en passant
Mouvement invalide !
======= TEST DU COUP =======
Origine : x = 7 y = 0
Fin : x = 4 y = 2
Pas de prise en passant
Mouvement invalide !
======= TEST DU COUP =======
Origine : x = 7 y = 0
Fin : x = 4 y = 3
Pas de prise en passant
Mouvement invalide !
======= TEST DU COUP =======
Origine : x = 7 y = 0
Fin : x = 4 y = 4
Pas de prise en passant
Mouvement invalide !
======= TEST DU COUP =======
Origine : x = 7 y = 0
Fin : x = 4 y = 5
Pas de prise en passant
Mouvement invalide !
======= TEST DU COUP =======
Origine : x = 7 y = 0
Fin : x = 4 y = 6
Pas de prise en passant
Mouvement invalide !
======= TEST DU COUP =======
Origine : x = 7 y = 0
Fin : x = 4 y = 7
Pas de prise en passant
Mouvement invalide !
======= TEST DU COUP =======
Origine : x = 7 y = 0
Fin : x = 5 y = 0
Pas de prise en passant
Verification de la validité du coup passée !
Passage impossible !
======= TEST DU COUP =======
Origine : x = 7 y = 0
Fin : x = 5 y = 1
Pas de prise en passant
Mouvement invalide !
======= TEST DU COUP =======
Origine : x = 7 y = 0
Fin : x = 5 y = 2
Pas de prise en passant
Mouvement invalide !
======= TEST DU COUP =======
Origine : x = 7 y = 0
Fin : x = 5 y = 3
Pas de prise en passant
La case de destination est dejà occupée par une de vos pièce !
======= TEST DU COUP =======
Origine : x = 7 y = 0
Fin : x = 5 y = 4
Pas de prise en passant
Mouvement invalide !
======= TEST DU COUP =======
Origine : x = 7 y = 0
Fin : x = 5 y = 5
Pas de prise en passant
La case de destination est dejà occupée par une de vos pièce !
======= TEST DU COUP =======
Origine : x = 7 y = 0
Fin : x = 5 y = 6
Pas de prise en passant
Mouvement invalide !
======= TEST DU COUP =======
Origine : x = 7 y = 0
Fin : x = 5 y = 7
Pas de prise en passant
La case de destination est dejà occupée par une de vos pièce !
======= TEST DU COUP =======
Origine : x = 7 y = 0
Fin : x = 6 y = 0
Pas de prise en passant
La case de destination est dejà occupée par une de vos pièce !
======= TEST DU COUP =======
Origine : x = 7 y = 0
Fin : x = 6 y = 1
Pas de prise en passant
La case de destination est dejà occupée par une de vos pièce !
======= TEST DU COUP =======
Origine : x = 7 y = 0
Fin : x = 6 y = 2
Pas de prise en passant
La case de destination est dejà occupée par une de vos pièce !
======= TEST DU COUP =======
Origine : x = 7 y = 0
Fin : x = 6 y = 3
Pas de prise en passant
La case de destination est dejà occupée par une de vos pièce !
======= TEST DU COUP =======
Origine : x = 7 y = 0
Fin : x = 6 y = 4
Pas de prise en passant
La case de destination est dejà occupée par une de vos pièce !
======= TEST DU COUP =======
Origine : x = 7 y = 0
Fin : x = 6 y = 5
Pas de prise en passant
Mouvement invalide !
======= TEST DU COUP =======
Origine : x = 7 y = 0
Fin : x = 6 y = 6
Pas de prise en passant
La case de destination est dejà occupée par une de vos pièce !
======= TEST DU COUP =======
Origine : x = 7 y = 0
Fin : x = 6 y = 7
Pas de prise en passant
Mouvement invalide !
======= TEST DU COUP =======
Origine : x = 7 y = 0
Fin : x = 7 y = 0
Pas de prise en passant
La case de destination est dejà occupée par une de vos pièce !
======= TEST DU COUP =======
Origine : x = 7 y = 0
Fin : x = 7 y = 1
Pas de prise en passant
Verification de la validité du coup passée !
Passage libre !
entree deplacepiece echiquier
bR
Ne met pas en echec !
Attente du coup :  mouvement classique
======= TEST DU COUP =======
Origine : x = 5 y = 3
Fin : x = 3 y = 3
Pas de prise en passant
Verification de la validité du coup passée !
Passage libre !
entree deplacepiece echiquier
bQ
Ne met pas en echec !
entree deplacepiece echiquier
bQ
Piece déplacée !

     a     b     c     d     e     f     g     h    
  +-----+-----+-----+-----+-----+-----+-----+-----+
8 |  ♖  |     |     |     |     |     |  ♔  |  ♖  |
  +-----+-----+-----+-----+-----+-----+-----+-----+
7 |  ♙  |  ♙  |  ♙  |  ♗  |  ♘  |     |  ♙  |     |
  +-----+-----+-----+-----+-----+-----+-----+-----+
6 |     |     |     |     |     |  ♙  |  ♟  |  ♙  |
  +-----+-----+-----+-----+-----+-----+-----+-----+
5 |     |     |     |     |     |  ♟  |     |  ♛  |
  +-----+-----+-----+-----+-----+-----+-----+-----+
4 |     |     |     |  ♕  |  ♟  |     |     |     |
  +-----+-----+-----+-----+-----+-----+-----+-----+
3 |  ♟  |     |     |     |     |     |     |     |
  +-----+-----+-----+-----+-----+-----+-----+-----+
2 |     |     |     |     |     |     |     |  ♟  |
  +-----+-----+-----+-----+-----+-----+-----+-----+
1 |  ♜  |     |  ♝  |     |  ♚  |  ♝  |     |  ♜  |
  +-----+-----+-----+-----+-----+-----+-----+-----+
C'est au joueur blanc de jouer
======= TEST DU COUP =======
Origine : x = 0 y = 0
Fin : x = 0 y = 0
Pas de prise en passant
La case de destination est dejà occupée par une de vos pièce !
======= TEST DU COUP =======
Origine : x = 0 y = 0
Fin : x = 0 y = 1
Pas de prise en passant
Verification de la validité du coup passée !
Passage libre !
entree deplacepiece echiquier
wR
Ne met pas en echec !
Attente du coup :  mouvement classique
======= TEST DU COUP =======
Origine : x = 0 y = 0
Fin : x = 1 y = 0
Pas de prise en passant
Verification de la validité du coup passée !
Passage libre !
entree deplacepiece echiquier
wR
Ne met pas en echec !
entree deplacepiece echiquier
wR
Piece déplacée !

     a     b     c     d     e     f     g     h    
  +-----+-----+-----+-----+-----+-----+-----+-----+
8 |  ♖  |     |     |     |     |     |  ♔  |  ♖  |
  +-----+-----+-----+-----+-----+-----+-----+-----+
7 |  ♙  |  ♙  |  ♙  |  ♗  |  ♘  |     |  ♙  |     |
  +-----+-----+-----+-----+-----+-----+-----+-----+
6 |     |     |     |     |     |  ♙  |  ♟  |  ♙  |
  +-----+-----+-----+-----+-----+-----+-----+-----+
5 |     |     |     |     |     |  ♟  |     |  ♛  |
  +-----+-----+-----+-----+-----+-----+-----+-----+
4 |     |     |     |  ♕  |  ♟  |     |     |     |
  +-----+-----+-----+-----+-----+-----+-----+-----+
3 |  ♟  |     |     |     |     |     |     |     |
  +-----+-----+-----+-----+-----+-----+-----+-----+
2 |  ♜  |     |     |     |     |     |     |  ♟  |
  +-----+-----+-----+-----+-----+-----+-----+-----+
1 |     |     |  ♝  |     |  ♚  |  ♝  |     |  ♜  |
  +-----+-----+-----+-----+-----+-----+-----+-----+
C'est au joueur noir de jouer
======= TEST DU COUP =======
Origine : x = 7 y = 0
Fin : x = 0 y = 0
Pas de prise en passant
Verification de la validité du coup passée !
Passage impossible !
======= TEST DU COUP =======
Origine : x = 7 y = 0
Fin : x = 0 y = 1
Pas de prise en passant
Mouvement invalide !
======= TEST DU COUP =======
Origine : x = 7 y = 0
Fin : x = 0 y = 2
Pas de prise en passant
Mouvement invalide !
======= TEST DU COUP =======
Origine : x = 7 y = 0
Fin : x = 0 y = 3
Pas de prise en passant
Mouvement invalide !
======= TEST DU COUP =======
Origine : x = 7 y = 0
Fin : x = 0 y = 4
Pas de prise en passant
Mouvement invalide !
======= TEST DU COUP =======
Origine : x = 7 y = 0
Fin : x = 0 y = 5
Pas de prise en passant
Mouvement invalide !
======= TEST DU COUP =======
Origine : x = 7 y = 0
Fin : x = 0 y = 6
Pas de prise en passant
Mouvement invalide !
======= TEST DU COUP =======
Origine : x = 7 y = 0
Fin : x = 0 y = 7
Pas de prise en passant
Mouvement invalide !
======= TEST DU COUP =======
Origine : x = 7 y = 0
Fin : x = 1 y = 0
Pas de prise en passant
Verification de la validité du coup passée !
Passage impossible !
======= TEST DU COUP =======
Origine : x = 7 y = 0
Fin : x = 1 y = 1
Pas de prise en passant
Mouvement invalide !
======= TEST DU COUP =======
Origine : x = 7 y = 0
Fin : x = 1 y = 2
Pas de prise en passant
Mouvement invalide !
======= TEST DU COUP =======
Origine : x = 7 y = 0
Fin : x = 1 y = 3
Pas de prise en passant
Mouvement invalide !
======= TEST DU COUP =======
Origine : x = 7 y = 0
Fin : x = 1 y = 4
Pas de prise en passant
Mouvement invalide !
======= TEST DU COUP =======
Origine : x = 7 y = 0
Fin : x = 1 y = 5
Pas de prise en passant
Mouvement invalide !
======= TEST DU COUP =======
Origine : x = 7 y = 0
Fin : x = 1 y = 6
Pas de prise en passant
Mouvement invalide !
======= TEST DU COUP =======
Origine : x = 7 y = 0
Fin : x = 1 y = 7
Pas de prise en passant
Mouvement invalide !
======= TEST DU COUP =======
Origine : x = 7 y = 0
Fin : x = 2 y = 0
Pas de prise en passant
Verification de la validité du coup passée !
Passage impossible !
======= TEST DU COUP =======
Origine : x = 7 y = 0
Fin : x = 2 y = 1
Pas de prise en passant
Mouvement invalide !
======= TEST DU COUP =======
Origine : x = 7 y = 0
Fin : x = 2 y = 2
Pas de prise en passant
Mouvement invalide !
======= TEST DU COUP =======
Origine : x = 7 y = 0
Fin : x = 2 y = 3
Pas de prise en passant
Mouvement invalide !
======= TEST DU COUP =======
Origine : x = 7 y = 0
Fin : x = 2 y = 4
Pas de prise en passant
Mouvement invalide !
======= TEST DU COUP =======
Origine : x = 7 y = 0
Fin : x = 2 y = 5
Pas de prise en passant
Mouvement invalide !
======= TEST DU COUP =======
Origine : x = 7 y = 0
Fin : x = 2 y = 6
Pas de prise en passant
Mouvement invalide !
======= TEST DU COUP =======
Origine : x = 7 y = 0
Fin : x = 2 y = 7
Pas de prise en passant
Mouvement invalide !
======= TEST DU COUP =======
Origine : x = 7 y = 0
Fin : x = 3 y = 0
Pas de prise en passant
Verification de la validité du coup passée !
Passage impossible !
======= TEST DU COUP =======
Origine : x = 7 y = 0
Fin : x = 3 y = 1
Pas de prise en passant
Mouvement invalide !
======= TEST DU COUP =======
Origine : x = 7 y = 0
Fin : x = 3 y = 2
Pas de prise en passant
Mouvement invalide !
======= TEST DU COUP =======
Origine : x = 7 y = 0
Fin : x = 3 y = 3
Pas de prise en passant
La case de destination est dejà occupée par une de vos pièce !
======= TEST DU COUP =======
Origine : x = 7 y = 0
Fin : x = 3 y = 4
Pas de prise en passant
Mouvement invalide !
======= TEST DU COUP =======
Origine : x = 7 y = 0
Fin : x = 3 y = 5
Pas de prise en passant
Mouvement invalide !
======= TEST DU COUP =======
Origine : x = 7 y = 0
Fin : x = 3 y = 6
Pas de prise en passant
Mouvement invalide !
======= TEST DU COUP =======
Origine : x = 7 y = 0
Fin : x = 3 y = 7
Pas de prise en passant
Mouvement invalide !
======= TEST DU COUP =======
Origine : x = 7 y = 0
Fin : x = 4 y = 0
Pas de prise en passant
Verification de la validité du coup passée !
Passage impossible !
======= TEST DU COUP =======
Origine : x = 7 y = 0
Fin : x = 4 y = 1
Pas de prise en passant
Mouvement invalide !
======= TEST DU COUP =======
Origine : x = 7 y = 0
Fin : x = 4 y = 2
Pas de prise en passant
Mouvement invalide !
======= TEST DU COUP =======
Origine : x = 7 y = 0
Fin : x = 4 y = 3
Pas de prise en passant
Mouvement invalide !
======= TEST DU COUP =======
Origine : x = 7 y = 0
Fin : x = 4 y = 4
Pas de prise en passant
Mouvement invalide !
======= TEST DU COUP =======
Origine : x = 7 y = 0
Fin : x = 4 y = 5
Pas de prise en passant
Mouvement invalide !
======= TEST DU COUP =======
Origine : x = 7 y = 0
Fin : x = 4 y = 6
Pas de prise en passant
Mouvement invalide !
======= TEST DU COUP =======
Origine : x = 7 y = 0
Fin : x = 4 y = 7
Pas de prise en passant
Mouvement invalide !
======= TEST DU COUP =======
Origine : x = 7 y = 0
Fin : x = 5 y = 0
Pas de prise en passant
Verification de la validité du coup passée !
Passage impossible !
======= TEST DU COUP =======
Origine : x = 7 y = 0
Fin : x = 5 y = 1
Pas de prise en passant
Mouvement invalide !
======= TEST DU COUP =======
Origine : x = 7 y = 0
Fin : x = 5 y = 2
Pas de prise en passant
Mouvement invalide !
======= TEST DU COUP =======
Origine : x = 7 y = 0
Fin : x = 5 y = 3
Pas de prise en passant
Mouvement invalide !
======= TEST DU COUP =======
Origine : x = 7 y = 0
Fin : x = 5 y = 4
Pas de prise en passant
Mouvement invalide !
======= TEST DU COUP =======
Origine : x = 7 y = 0
Fin : x = 5 y = 5
Pas de prise en passant
La case de destination est dejà occupée par une de vos pièce !
======= TEST DU COUP =======
Origine : x = 7 y = 0
Fin : x = 5 y = 6
Pas de prise en passant
Mouvement invalide !
======= TEST DU COUP =======
Origine : x = 7 y = 0
Fin : x = 5 y = 7
Pas de prise en passant
La case de destination est dejà occupée par une de vos pièce !
======= TEST DU COUP =======
Origine : x = 7 y = 0
Fin : x = 6 y = 0
Pas de prise en passant
La case de destination est dejà occupée par une de vos pièce !
======= TEST DU COUP =======
Origine : x = 7 y = 0
Fin : x = 6 y = 1
Pas de prise en passant
La case de destination est dejà occupée par une de vos pièce !
======= TEST DU COUP =======
Origine : x = 7 y = 0
Fin : x = 6 y = 2
Pas de prise en passant
La case de destination est dejà occupée par une de vos pièce !
======= TEST DU COUP =======
Origine : x = 7 y = 0
Fin : x = 6 y = 3
Pas de prise en passant
La case de destination est dejà occupée par une de vos pièce !
======= TEST DU COUP =======
Origine : x = 7 y = 0
Fin : x = 6 y = 4
Pas de prise en passant
La case de destination est dejà occupée par une de vos pièce !
======= TEST DU COUP =======
Origine : x = 7 y = 0
Fin : x = 6 y = 5
Pas de prise en passant
Mouvement invalide !
======= TEST DU COUP =======
Origine : x = 7 y = 0
Fin : x = 6 y = 6
Pas de prise en passant
La case de destination est dejà occupée par une de vos pièce !
======= TEST DU COUP =======
Origine : x = 7 y = 0
Fin : x = 6 y = 7
Pas de prise en passant
Mouvement invalide !
======= TEST DU COUP =======
Origine : x = 7 y = 0
Fin : x = 7 y = 0
Pas de prise en passant
La case de destination est dejà occupée par une de vos pièce !
======= TEST DU COUP =======
Origine : x = 7 y = 0
Fin : x = 7 y = 1
Pas de prise en passant
Verification de la validité du coup passée !
Passage libre !
entree deplacepiece echiquier
bR
Ne met pas en echec !
Attente du coup :  mouvement classique
======= TEST DU COUP =======
Origine : x = 3 y = 3
Fin : x = 3 y = 4
Pas de prise en passant
Verification de la validité du coup passée !
Passage libre !
entree deplacepiece echiquier
bQ
Ne met pas en echec !
entree deplacepiece echiquier
bQ
Piece déplacée !

     a     b     c     d     e     f     g     h    
  +-----+-----+-----+-----+-----+-----+-----+-----+
8 |  ♖  |     |     |     |     |     |  ♔  |  ♖  |
  +-----+-----+-----+-----+-----+-----+-----+-----+
7 |  ♙  |  ♙  |  ♙  |  ♗  |  ♘  |     |  ♙  |     |
  +-----+-----+-----+-----+-----+-----+-----+-----+
6 |     |     |     |     |     |  ♙  |  ♟  |  ♙  |
  +-----+-----+-----+-----+-----+-----+-----+-----+
5 |     |     |     |     |     |  ♟  |     |  ♛  |
  +-----+-----+-----+-----+-----+-----+-----+-----+
4 |     |     |     |     |  ♕  |     |     |     |
  +-----+-----+-----+-----+-----+-----+-----+-----+
3 |  ♟  |     |     |     |     |     |     |     |
  +-----+-----+-----+-----+-----+-----+-----+-----+
2 |  ♜  |     |     |     |     |     |     |  ♟  |
  +-----+-----+-----+-----+-----+-----+-----+-----+
1 |     |     |  ♝  |     |  ♚  |  ♝  |     |  ♜  |
  +-----+-----+-----+-----+-----+-----+-----+-----+
C'est au joueur blanc de jouer
Echec !
======= TEST DU COUP =======
Origine : x = 1 y = 0
Fin : x = 0 y = 0
Pas de prise en passant
Verification de la validité du coup passée !
Passage libre !
entree deplacepiece echiquier
wR
Ce coup vous met en échec !
======= TEST DU COUP =======
Origine : x = 1 y = 0
Fin : x = 0 y = 1
Pas de prise en passant
Mouvement invalide !
======= TEST DU COUP =======
Origine : x = 1 y = 0
Fin : x = 0 y = 2
Pas de prise en passant
La case de destination est dejà occupée par une de vos pièce !
======= TEST DU COUP =======
Origine : x = 1 y = 0
Fin : x = 0 y = 3
Pas de prise en passant
Mouvement invalide !
======= TEST DU COUP =======
Origine : x = 1 y = 0
Fin : x = 0 y = 4
Pas de prise en passant
La case de destination est dejà occupée par une de vos pièce !
======= TEST DU COUP =======
Origine : x = 1 y = 0
Fin : x = 0 y = 5
Pas de prise en passant
La case de destination est dejà occupée par une de vos pièce !
======= TEST DU COUP =======
Origine : x = 1 y = 0
Fin : x = 0 y = 6
Pas de prise en passant
Mouvement invalide !
======= TEST DU COUP =======
Origine : x = 1 y = 0
Fin : x = 0 y = 7
Pas de prise en passant
La case de destination est dejà occupée par une de vos pièce !
======= TEST DU COUP =======
Origine : x = 1 y = 0
Fin : x = 1 y = 0
Pas de prise en passant
La case de destination est dejà occupée par une de vos pièce !
======= TEST DU COUP =======
Origine : x = 1 y = 0
Fin : x = 1 y = 1
Pas de prise en passant
Verification de la validité du coup passée !
Passage libre !
entree deplacepiece echiquier
wR
Ce coup vous met en échec !
======= TEST DU COUP =======
Origine : x = 1 y = 0
Fin : x = 1 y = 2
Pas de prise en passant
Verification de la validité du coup passée !
Passage libre !
entree deplacepiece echiquier
wR
Ce coup vous met en échec !
======= TEST DU COUP =======
Origine : x = 1 y = 0
Fin : x = 1 y = 3
Pas de prise en passant
Verification de la validité du coup passée !
Passage libre !
entree deplacepiece echiquier
wR
Ce coup vous met en échec !
======= TEST DU COUP =======
Origine : x = 1 y = 0
Fin : x = 1 y = 4
Pas de prise en passant
Verification de la validité du coup passée !
Passage libre !
entree deplacepiece echiquier
wR
Ne met pas en echec !
Attente du coup :  mouvement classique
======= TEST DU COUP =======
Origine : x = 1 y = 0
Fin : x = 1 y = 4
Pas de prise en passant
Verification de la validité du coup passée !
Passage libre !
entree deplacepiece echiquier
wR
Ne met pas en echec !
entree deplacepiece echiquier
wR
Piece déplacée !

     a     b     c     d     e     f     g     h    
  +-----+-----+-----+-----+-----+-----+-----+-----+
8 |  ♖  |     |     |     |     |     |  ♔  |  ♖  |
  +-----+-----+-----+-----+-----+-----+-----+-----+
7 |  ♙  |  ♙  |  ♙  |  ♗  |  ♘  |     |  ♙  |     |
  +-----+-----+-----+-----+-----+-----+-----+-----+
6 |     |     |     |     |     |  ♙  |  ♟  |  ♙  |
  +-----+-----+-----+-----+-----+-----+-----+-----+
5 |     |     |     |     |     |  ♟  |     |  ♛  |
  +-----+-----+-----+-----+-----+-----+-----+-----+
4 |     |     |     |     |  ♕  |     |     |     |
  +-----+-----+-----+-----+-----+-----+-----+-----+
3 |  ♟  |     |     |     |     |     |     |     |
  +-----+-----+-----+-----+-----+-----+-----+-----+
2 |     |     |     |     |  ♜  |     |     |  ♟  |
  +-----+-----+-----+-----+-----+-----+-----+-----+
1 |     |     |  ♝  |     |  ♚  |  ♝  |     |  ♜  |
  +-----+-----+-----+-----+-----+-----+-----+-----+
C'est au joueur noir de jouer
======= TEST DU COUP =======
Origine : x = 7 y = 0
Fin : x = 0 y = 0
Pas de prise en passant
Verification de la validité du coup passée !
Passage impossible !
======= TEST DU COUP =======
Origine : x = 7 y = 0
Fin : x = 0 y = 1
Pas de prise en passant
Mouvement invalide !
======= TEST DU COUP =======
Origine : x = 7 y = 0
Fin : x = 0 y = 2
Pas de prise en passant
Mouvement invalide !
======= TEST DU COUP =======
Origine : x = 7 y = 0
Fin : x = 0 y = 3
Pas de prise en passant
Mouvement invalide !
======= TEST DU COUP =======
Origine : x = 7 y = 0
Fin : x = 0 y = 4
Pas de prise en passant
Mouvement invalide !
======= TEST DU COUP =======
Origine : x = 7 y = 0
Fin : x = 0 y = 5
Pas de prise en passant
Mouvement invalide !
======= TEST DU COUP =======
Origine : x = 7 y = 0
Fin : x = 0 y = 6
Pas de prise en passant
Mouvement invalide !
======= TEST DU COUP =======
Origine : x = 7 y = 0
Fin : x = 0 y = 7
Pas de prise en passant
Mouvement invalide !
======= TEST DU COUP =======
Origine : x = 7 y = 0
Fin : x = 1 y = 0
Pas de prise en passant
Verification de la validité du coup passée !
Passage impossible !
======= TEST DU COUP =======
Origine : x = 7 y = 0
Fin : x = 1 y = 1
Pas de prise en passant
Mouvement invalide !
======= TEST DU COUP =======
Origine : x = 7 y = 0
Fin : x = 1 y = 2
Pas de prise en passant
Mouvement invalide !
======= TEST DU COUP =======
Origine : x = 7 y = 0
Fin : x = 1 y = 3
Pas de prise en passant
Mouvement invalide !
======= TEST DU COUP =======
Origine : x = 7 y = 0
Fin : x = 1 y = 4
Pas de prise en passant
Mouvement invalide !
======= TEST DU COUP =======
Origine : x = 7 y = 0
Fin : x = 1 y = 5
Pas de prise en passant
Mouvement invalide !
======= TEST DU COUP =======
Origine : x = 7 y = 0
Fin : x = 1 y = 6
Pas de prise en passant
Mouvement invalide !
======= TEST DU COUP =======
Origine : x = 7 y = 0
Fin : x = 1 y = 7
Pas de prise en passant
Mouvement invalide !
======= TEST DU COUP =======
Origine : x = 7 y = 0
Fin : x = 2 y = 0
Pas de prise en passant
Verification de la validité du coup passée !
Passage impossible !
======= TEST DU COUP =======
Origine : x = 7 y = 0
Fin : x = 2 y = 1
Pas de prise en passant
Mouvement invalide !
======= TEST DU COUP =======
Origine : x = 7 y = 0
Fin : x = 2 y = 2
Pas de prise en passant
Mouvement invalide !
======= TEST DU COUP =======
Origine : x = 7 y = 0
Fin : x = 2 y = 3
Pas de prise en passant
Mouvement invalide !
======= TEST DU COUP =======
Origine : x = 7 y = 0
Fin : x = 2 y = 4
Pas de prise en passant
Mouvement invalide !
======= TEST DU COUP =======
Origine : x = 7 y = 0
Fin : x = 2 y = 5
Pas de prise en passant
Mouvement invalide !
======= TEST DU COUP =======
Origine : x = 7 y = 0
Fin : x = 2 y = 6
Pas de prise en passant
Mouvement invalide !
======= TEST DU COUP =======
Origine : x = 7 y = 0
Fin : x = 2 y = 7
Pas de prise en passant
Mouvement invalide !
======= TEST DU COUP =======
Origine : x = 7 y = 0
Fin : x = 3 y = 0
Pas de prise en passant
Verification de la validité du coup passée !
Passage impossible !
======= TEST DU COUP =======
Origine : x = 7 y = 0
Fin : x = 3 y = 1
Pas de prise en passant
Mouvement invalide !
======= TEST DU COUP =======
Origine : x = 7 y = 0
Fin : x = 3 y = 2
Pas de prise en passant
Mouvement invalide !
======= TEST DU COUP =======
Origine : x = 7 y = 0
Fin : x = 3 y = 3
Pas de prise en passant
Mouvement invalide !
======= TEST DU COUP =======
Origine : x = 7 y = 0
Fin : x = 3 y = 4
Pas de prise en passant
La case de destination est dejà occupée par une de vos pièce !
======= TEST DU COUP =======
Origine : x = 7 y = 0
Fin : x = 3 y = 5
Pas de prise en passant
Mouvement invalide !
======= TEST DU COUP =======
Origine : x = 7 y = 0
Fin : x = 3 y = 6
Pas de prise en passant
Mouvement invalide !
======= TEST DU COUP =======
Origine : x = 7 y = 0
Fin : x = 3 y = 7
Pas de prise en passant
Mouvement invalide !
======= TEST DU COUP =======
Origine : x = 7 y = 0
Fin : x = 4 y = 0
Pas de prise en passant
Verification de la validité du coup passée !
Passage impossible !
======= TEST DU COUP =======
Origine : x = 7 y = 0
Fin : x = 4 y = 1
Pas de prise en passant
Mouvement invalide !
======= TEST DU COUP =======
Origine : x = 7 y = 0
Fin : x = 4 y = 2
Pas de prise en passant
Mouvement invalide !
======= TEST DU COUP =======
Origine : x = 7 y = 0
Fin : x = 4 y = 3
Pas de prise en passant
Mouvement invalide !
======= TEST DU COUP =======
Origine : x = 7 y = 0
Fin : x = 4 y = 4
Pas de prise en passant
Mouvement invalide !
======= TEST DU COUP =======
Origine : x = 7 y = 0
Fin : x = 4 y = 5
Pas de prise en passant
Mouvement invalide !
======= TEST DU COUP =======
Origine : x = 7 y = 0
Fin : x = 4 y = 6
Pas de prise en passant
Mouvement invalide !
======= TEST DU COUP =======
Origine : x = 7 y = 0
Fin : x = 4 y = 7
Pas de prise en passant
Mouvement invalide !
======= TEST DU COUP =======
Origine : x = 7 y = 0
Fin : x = 5 y = 0
Pas de prise en passant
Verification de la validité du coup passée !
Passage impossible !
======= TEST DU COUP =======
Origine : x = 7 y = 0
Fin : x = 5 y = 1
Pas de prise en passant
Mouvement invalide !
======= TEST DU COUP =======
Origine : x = 7 y = 0
Fin : x = 5 y = 2
Pas de prise en passant
Mouvement invalide !
======= TEST DU COUP =======
Origine : x = 7 y = 0
Fin : x = 5 y = 3
Pas de prise en passant
Mouvement invalide !
======= TEST DU COUP =======
Origine : x = 7 y = 0
Fin : x = 5 y = 4
Pas de prise en passant
Mouvement invalide !
======= TEST DU COUP =======
Origine : x = 7 y = 0
Fin : x = 5 y = 5
Pas de prise en passant
La case de destination est dejà occupée par une de vos pièce !
======= TEST DU COUP =======
Origine : x = 7 y = 0
Fin : x = 5 y = 6
Pas de prise en passant
Mouvement invalide !
======= TEST DU COUP =======
Origine : x = 7 y = 0
Fin : x = 5 y = 7
Pas de prise en passant
La case de destination est dejà occupée par une de vos pièce !
======= TEST DU COUP =======
Origine : x = 7 y = 0
Fin : x = 6 y = 0
Pas de prise en passant
La case de destination est dejà occupée par une de vos pièce !
======= TEST DU COUP =======
Origine : x = 7 y = 0
Fin : x = 6 y = 1
Pas de prise en passant
La case de destination est dejà occupée par une de vos pièce !
======= TEST DU COUP =======
Origine : x = 7 y = 0
Fin : x = 6 y = 2
Pas de prise en passant
La case de destination est dejà occupée par une de vos pièce !
======= TEST DU COUP =======
Origine : x = 7 y = 0
Fin : x = 6 y = 3
Pas de prise en passant
La case de destination est dejà occupée par une de vos pièce !
======= TEST DU COUP =======
Origine : x = 7 y = 0
Fin : x = 6 y = 4
Pas de prise en passant
La case de destination est dejà occupée par une de vos pièce !
======= TEST DU COUP =======
Origine : x = 7 y = 0
Fin : x = 6 y = 5
Pas de prise en passant
Mouvement invalide !
======= TEST DU COUP =======
Origine : x = 7 y = 0
Fin : x = 6 y = 6
Pas de prise en passant
La case de destination est dejà occupée par une de vos pièce !
======= TEST DU COUP =======
Origine : x = 7 y = 0
Fin : x = 6 y = 7
Pas de prise en passant
Mouvement invalide !
======= TEST DU COUP =======
Origine : x = 7 y = 0
Fin : x = 7 y = 0
Pas de prise en passant
La case de destination est dejà occupée par une de vos pièce !
======= TEST DU COUP =======
Origine : x = 7 y = 0
Fin : x = 7 y = 1
Pas de prise en passant
Verification de la validité du coup passée !
Passage libre !
entree deplacepiece echiquier
bR
Ne met pas en echec !
Attente du coup :  mouvement classique
======= TEST DU COUP =======
Origine : x = 3 y = 4
Fin : x = 0 y = 7
Pas de prise en passant
Verification de la validité du coup passée !
Passage libre !
entree deplacepiece echiquier
bQ
Ne met pas en echec !
entree deplacepiece echiquier
bQ
Piece déplacée !

     a     b     c     d     e     f     g     h    
  +-----+-----+-----+-----+-----+-----+-----+-----+
8 |  ♖  |     |     |     |     |     |  ♔  |  ♖  |
  +-----+-----+-----+-----+-----+-----+-----+-----+
7 |  ♙  |  ♙  |  ♙  |  ♗  |  ♘  |     |  ♙  |     |
  +-----+-----+-----+-----+-----+-----+-----+-----+
6 |     |     |     |     |     |  ♙  |  ♟  |  ♙  |
  +-----+-----+-----+-----+-----+-----+-----+-----+
5 |     |     |     |     |     |  ♟  |     |  ♛  |
  +-----+-----+-----+-----+-----+-----+-----+-----+
4 |     |     |     |     |     |     |     |     |
  +-----+-----+-----+-----+-----+-----+-----+-----+
3 |  ♟  |     |     |     |     |     |     |     |
  +-----+-----+-----+-----+-----+-----+-----+-----+
2 |     |     |     |     |  ♜  |     |     |  ♟  |
  +-----+-----+-----+-----+-----+-----+-----+-----+
1 |     |     |  ♝  |     |  ♚  |  ♝  |     |  ♕  |
  +-----+-----+-----+-----+-----+-----+-----+-----+
C'est au joueur blanc de jouer
======= TEST DU COUP =======
Origine : x = 1 y = 4
Fin : x = 0 y = 0
Pas de prise en passant
Mouvement invalide !
======= TEST DU COUP =======
Origine : x = 1 y = 4
Fin : x = 0 y = 1
Pas de prise en passant
Mouvement invalide !
======= TEST DU COUP =======
Origine : x = 1 y = 4
Fin : x = 0 y = 2
Pas de prise en passant
La case de destination est dejà occupée par une de vos pièce !
======= TEST DU COUP =======
Origine : x = 1 y = 4
Fin : x = 0 y = 3
Pas de prise en passant
Mouvement invalide !
======= TEST DU COUP =======
Origine : x = 1 y = 4
Fin : x = 0 y = 4
Pas de prise en passant
La case de destination est dejà occupée par une de vos pièce !
======= TEST DU COUP =======
Origine : x = 1 y = 4
Fin : x = 0 y = 5
Pas de prise en passant
La case de destination est dejà occupée par une de vos pièce !
======= TEST DU COUP =======
Origine : x = 1 y = 4
Fin : x = 0 y = 6
Pas de prise en passant
Mouvement invalide !
======= TEST DU COUP =======
Origine : x = 1 y = 4
Fin : x = 0 y = 7
Pas de prise en passant
Mouvement invalide !
======= TEST DU COUP =======
Origine : x = 1 y = 4
Fin : x = 1 y = 0
Pas de prise en passant
Verification de la validité du coup passée !
Passage libre !
entree deplacepiece echiquier
wR
Ne met pas en echec !
Attente du coup :  mouvement classique
======= TEST DU COUP =======
Origine : x = 1 y = 4
Fin : x = 6 y = 4
Pas de prise en passant
Verification de la validité du coup passée !
Passage libre !
entree deplacepiece echiquier
wR
Ne met pas en echec !
entree deplacepiece echiquier
wR
Piece déplacée !

     a     b     c     d     e     f     g     h    
  +-----+-----+-----+-----+-----+-----+-----+-----+
8 |  ♖  |     |     |     |     |     |  ♔  |  ♖  |
  +-----+-----+-----+-----+-----+-----+-----+-----+
7 |  ♙  |  ♙  |  ♙  |  ♗  |  ♜  |     |  ♙  |     |
  +-----+-----+-----+-----+-----+-----+-----+-----+
6 |     |     |     |     |     |  ♙  |  ♟  |  ♙  |
  +-----+-----+-----+-----+-----+-----+-----+-----+
5 |     |     |     |     |     |  ♟  |     |  ♛  |
  +-----+-----+-----+-----+-----+-----+-----+-----+
4 |     |     |     |     |     |     |     |     |
  +-----+-----+-----+-----+-----+-----+-----+-----+
3 |  ♟  |     |     |     |     |     |     |     |
  +-----+-----+-----+-----+-----+-----+-----+-----+
2 |     |     |     |     |     |     |     |  ♟  |
  +-----+-----+-----+-----+-----+-----+-----+-----+
1 |     |     |  ♝  |     |  ♚  |  ♝  |     |  ♕  |
  +-----+-----+-----+-----+-----+-----+-----+-----+
C'est au joueur noir de jouer
======= TEST DU COUP =======
Origine : x = 7 y = 0
Fin : x = 0 y = 0
Pas de prise en passant
Verification de la validité du coup passée !
Passage impossible !
======= TEST DU COUP =======
Origine : x = 7 y = 0
Fin : x = 0 y = 1
Pas de prise en passant
Mouvement invalide !
======= TEST DU COUP =======
Origine : x = 7 y = 0
Fin : x = 0 y = 2
Pas de prise en passant
Mouvement invalide !
======= TEST DU COUP =======
Origine : x = 7 y = 0
Fin : x = 0 y = 3
Pas de prise en passant
Mouvement invalide !
======= TEST DU COUP =======
Origine : x = 7 y = 0
Fin : x = 0 y = 4
Pas de prise en passant
Mouvement invalide !
======= TEST DU COUP =======
Origine : x = 7 y = 0
Fin : x = 0 y = 5
Pas de prise en passant
Mouvement invalide !
======= TEST DU COUP =======
Origine : x = 7 y = 0
Fin : x = 0 y = 6
Pas de prise en passant
Mouvement invalide !
======= TEST DU COUP =======
Origine : x = 7 y = 0
Fin : x = 0 y = 7
Pas de prise en passant
La case de destination est dejà occupée par une de vos pièce !
======= TEST DU COUP =======
Origine : x = 7 y = 0
Fin : x = 1 y = 0
Pas de prise en passant
Verification de la validité du coup passée !
Passage impossible !
======= TEST DU COUP =======
Origine : x = 7 y = 0
Fin : x = 1 y = 1
Pas de prise en passant
Mouvement invalide !
======= TEST DU COUP =======
Origine : x = 7 y = 0
Fin : x = 1 y = 2
Pas de prise en passant
Mouvement invalide !
======= TEST DU COUP =======
Origine : x = 7 y = 0
Fin : x = 1 y = 3
Pas de prise en passant
Mouvement invalide !
======= TEST DU COUP =======
Origine : x = 7 y = 0
Fin : x = 1 y = 4
Pas de prise en passant
Mouvement invalide !
======= TEST DU COUP =======
Origine : x = 7 y = 0
Fin : x = 1 y = 5
Pas de prise en passant
Mouvement invalide !
======= TEST DU COUP =======
Origine : x = 7 y = 0
Fin : x = 1 y = 6
Pas de prise en passant
Mouvement invalide !
======= TEST DU COUP =======
Origine : x = 7 y = 0
Fin : x = 1 y = 7
Pas de prise en passant
Mouvement invalide !
======= TEST DU COUP =======
Origine : x = 7 y = 0
Fin : x = 2 y = 0
Pas de prise en passant
Verification de la validité du coup passée !
Passage impossible !
======= TEST DU COUP =======
Origine : x = 7 y = 0
Fin : x = 2 y = 1
Pas de prise en passant
Mouvement invalide !
======= TEST DU COUP =======
Origine : x = 7 y = 0
Fin : x = 2 y = 2
Pas de prise en passant
Mouvement invalide !
======= TEST DU COUP =======
Origine : x = 7 y = 0
Fin : x = 2 y = 3
Pas de prise en passant
Mouvement invalide !
======= TEST DU COUP =======
Origine : x = 7 y = 0
Fin : x = 2 y = 4
Pas de prise en passant
Mouvement invalide !
======= TEST DU COUP =======
Origine : x = 7 y = 0
Fin : x = 2 y = 5
Pas de prise en passant
Mouvement invalide !
======= TEST DU COUP =======
Origine : x = 7 y = 0
Fin : x = 2 y = 6
Pas de prise en passant
Mouvement invalide !
======= TEST DU COUP =======
Origine : x = 7 y = 0
Fin : x = 2 y = 7
Pas de prise en passant
Mouvement invalide !
======= TEST DU COUP =======
Origine : x = 7 y = 0
Fin : x = 3 y = 0
Pas de prise en passant
Verification de la validité du coup passée !
Passage impossible !
======= TEST DU COUP =======
Origine : x = 7 y = 0
Fin : x = 3 y = 1
Pas de prise en passant
Mouvement invalide !
======= TEST DU COUP =======
Origine : x = 7 y = 0
Fin : x = 3 y = 2
Pas de prise en passant
Mouvement invalide !
======= TEST DU COUP =======
Origine : x = 7 y = 0
Fin : x = 3 y = 3
Pas de prise en passant
Mouvement invalide !
======= TEST DU COUP =======
Origine : x = 7 y = 0
Fin : x = 3 y = 4
Pas de prise en passant
Mouvement invalide !
======= TEST DU COUP =======
Origine : x = 7 y = 0
Fin : x = 3 y = 5
Pas de prise en passant
Mouvement invalide !
======= TEST DU COUP =======
Origine : x = 7 y = 0
Fin : x = 3 y = 6
Pas de prise en passant
Mouvement invalide !
======= TEST DU COUP =======
Origine : x = 7 y = 0
Fin : x = 3 y = 7
Pas de prise en passant
Mouvement invalide !
======= TEST DU COUP =======
Origine : x = 7 y = 0
Fin : x = 4 y = 0
Pas de prise en passant
Verification de la validité du coup passée !
Passage impossible !
======= TEST DU COUP =======
Origine : x = 7 y = 0
Fin : x = 4 y = 1
Pas de prise en passant
Mouvement invalide !
======= TEST DU COUP =======
Origine : x = 7 y = 0
Fin : x = 4 y = 2
Pas de prise en passant
Mouvement invalide !
======= TEST DU COUP =======
Origine : x = 7 y = 0
Fin : x = 4 y = 3
Pas de prise en passant
Mouvement invalide !
======= TEST DU COUP =======
Origine : x = 7 y = 0
Fin : x = 4 y = 4
Pas de prise en passant
Mouvement invalide !
======= TEST DU COUP =======
Origine : x = 7 y = 0
Fin : x = 4 y = 5
Pas de prise en passant
Mouvement invalide !
======= TEST DU COUP =======
Origine : x = 7 y = 0
Fin : x = 4 y = 6
Pas de prise en passant
Mouvement invalide !
======= TEST DU COUP =======
Origine : x = 7 y = 0
Fin : x = 4 y = 7
Pas de prise en passant
Mouvement invalide !
======= TEST DU COUP =======
Origine : x = 7 y = 0
Fin : x = 5 y = 0
Pas de prise en passant
Verification de la validité du coup passée !
Passage impossible !
======= TEST DU COUP =======
Origine : x = 7 y = 0
Fin : x = 5 y = 1
Pas de prise en passant
Mouvement invalide !
======= TEST DU COUP =======
Origine : x = 7 y = 0
Fin : x = 5 y = 2
Pas de prise en passant
Mouvement invalide !
======= TEST DU COUP =======
Origine : x = 7 y = 0
Fin : x = 5 y = 3
Pas de prise en passant
Mouvement invalide !
======= TEST DU COUP =======
Origine : x = 7 y = 0
Fin : x = 5 y = 4
Pas de prise en passant
Mouvement invalide !
======= TEST DU COUP =======
Origine : x = 7 y = 0
Fin : x = 5 y = 5
Pas de prise en passant
La case de destination est dejà occupée par une de vos pièce !
======= TEST DU COUP =======
Origine : x = 7 y = 0
Fin : x = 5 y = 6
Pas de prise en passant
Mouvement invalide !
======= TEST DU COUP =======
Origine : x = 7 y = 0
Fin : x = 5 y = 7
Pas de prise en passant
La case de destination est dejà occupée par une de vos pièce !
======= TEST DU COUP =======
Origine : x = 7 y = 0
Fin : x = 6 y = 0
Pas de prise en passant
La case de destination est dejà occupée par une de vos pièce !
======= TEST DU COUP =======
Origine : x = 7 y = 0
Fin : x = 6 y = 1
Pas de prise en passant
La case de destination est dejà occupée par une de vos pièce !
======= TEST DU COUP =======
Origine : x = 7 y = 0
Fin : x = 6 y = 2
Pas de prise en passant
La case de destination est dejà occupée par une de vos pièce !
======= TEST DU COUP =======
Origine : x = 7 y = 0
Fin : x = 6 y = 3
Pas de prise en passant
La case de destination est dejà occupée par une de vos pièce !
======= TEST DU COUP =======
Origine : x = 7 y = 0
Fin : x = 6 y = 4
Pas de prise en passant
Mouvement invalide !
======= TEST DU COUP =======
Origine : x = 7 y = 0
Fin : x = 6 y = 5
Pas de prise en passant
Mouvement invalide !
======= TEST DU COUP =======
Origine : x = 7 y = 0
Fin : x = 6 y = 6
Pas de prise en passant
La case de destination est dejà occupée par une de vos pièce !
======= TEST DU COUP =======
Origine : x = 7 y = 0
Fin : x = 6 y = 7
Pas de prise en passant
Mouvement invalide !
======= TEST DU COUP =======
Origine : x = 7 y = 0
Fin : x = 7 y = 0
Pas de prise en passant
La case de destination est dejà occupée par une de vos pièce !
======= TEST DU COUP =======
Origine : x = 7 y = 0
Fin : x = 7 y = 1
Pas de prise en passant
Verification de la validité du coup passée !
Passage libre !
entree deplacepiece echiquier
bR
Ne met pas en echec !
Attente du coup :  mouvement classique
======= TEST DU COUP =======
Origine : x = 7 y = 0
Fin : x = 7 y = 4
Pas de prise en passant
Verification de la validité du coup passée !
Passage libre !
entree deplacepiece echiquier
bR
Ne met pas en echec !
entree deplacepiece echiquier
bR
Piece déplacée !

     a     b     c     d     e     f     g     h    
  +-----+-----+-----+-----+-----+-----+-----+-----+
8 |     |     |     |     |  ♖  |     |  ♔  |  ♖  |
  +-----+-----+-----+-----+-----+-----+-----+-----+
7 |  ♙  |  ♙  |  ♙  |  ♗  |  ♜  |     |  ♙  |     |
  +-----+-----+-----+-----+-----+-----+-----+-----+
6 |     |     |     |     |     |  ♙  |  ♟  |  ♙  |
  +-----+-----+-----+-----+-----+-----+-----+-----+
5 |     |     |     |     |     |  ♟  |     |  ♛  |
  +-----+-----+-----+-----+-----+-----+-----+-----+
4 |     |     |     |     |     |     |     |     |
  +-----+-----+-----+-----+-----+-----+-----+-----+
3 |  ♟  |     |     |     |     |     |     |     |
  +-----+-----+-----+-----+-----+-----+-----+-----+
2 |     |     |     |     |     |     |     |  ♟  |
  +-----+-----+-----+-----+-----+-----+-----+-----+
1 |     |     |  ♝  |     |  ♚  |  ♝  |     |  ♕  |
  +-----+-----+-----+-----+-----+-----+-----+-----+
C'est au joueur blanc de jouer
======= TEST DU COUP =======
Origine : x = 6 y = 4
Fin : x = 0 y = 0
Pas de prise en passant
Mouvement invalide !
======= TEST DU COUP =======
Origine : x = 6 y = 4
Fin : x = 0 y = 1
Pas de prise en passant
Mouvement invalide !
======= TEST DU COUP =======
Origine : x = 6 y = 4
Fin : x = 0 y = 2
Pas de prise en passant
La case de destination est dejà occupée par une de vos pièce !
======= TEST DU COUP =======
Origine : x = 6 y = 4
Fin : x = 0 y = 3
Pas de prise en passant
Mouvement invalide !
======= TEST DU COUP =======
Origine : x = 6 y = 4
Fin : x = 0 y = 4
Pas de prise en passant
La case de destination est dejà occupée par une de vos pièce !
======= TEST DU COUP =======
Origine : x = 6 y = 4
Fin : x = 0 y = 5
Pas de prise en passant
La case de destination est dejà occupée par une de vos pièce !
======= TEST DU COUP =======
Origine : x = 6 y = 4
Fin : x = 0 y = 6
Pas de prise en passant
Mouvement invalide !
======= TEST DU COUP =======
Origine : x = 6 y = 4
Fin : x = 0 y = 7
Pas de prise en passant
Mouvement invalide !
======= TEST DU COUP =======
Origine : x = 6 y = 4
Fin : x = 1 y = 0
Pas de prise en passant
Mouvement invalide !
======= TEST DU COUP =======
Origine : x = 6 y = 4
Fin : x = 1 y = 1
Pas de prise en passant
Mouvement invalide !
======= TEST DU COUP =======
Origine : x = 6 y = 4
Fin : x = 1 y = 2
Pas de prise en passant
Mouvement invalide !
======= TEST DU COUP =======
Origine : x = 6 y = 4
Fin : x = 1 y = 3
Pas de prise en passant
Mouvement invalide !
======= TEST DU COUP =======
Origine : x = 6 y = 4
Fin : x = 1 y = 4
Pas de prise en passant
Verification de la validité du coup passée !
Passage libre !
entree deplacepiece echiquier
wR
Ne met pas en echec !
Attente du coup :  mouvement classique
======= TEST DU COUP =======
Origine : x = 6 y = 4
Fin : x = 7 y = 4
Pas de prise en passant
Verification de la validité du coup passée !
Passage libre !
entree deplacepiece echiquier
wR
Ne met pas en echec !
entree deplacepiece echiquier
wR
Piece déplacée !

     a     b     c     d     e     f     g     h    
  +-----+-----+-----+-----+-----+-----+-----+-----+
8 |     |     |     |     |  ♜  |     |  ♔  |  ♖  |
  +-----+-----+-----+-----+-----+-----+-----+-----+
7 |  ♙  |  ♙  |  ♙  |  ♗  |     |     |  ♙  |     |
  +-----+-----+-----+-----+-----+-----+-----+-----+
6 |     |     |     |     |     |  ♙  |  ♟  |  ♙  |
  +-----+-----+-----+-----+-----+-----+-----+-----+
5 |     |     |     |     |     |  ♟  |     |  ♛  |
  +-----+-----+-----+-----+-----+-----+-----+-----+
4 |     |     |     |     |     |     |     |     |
  +-----+-----+-----+-----+-----+-----+-----+-----+
3 |  ♟  |     |     |     |     |     |     |     |
  +-----+-----+-----+-----+-----+-----+-----+-----+
2 |     |     |     |     |     |     |     |  ♟  |
  +-----+-----+-----+-----+-----+-----+-----+-----+
1 |     |     |  ♝  |     |  ♚  |  ♝  |     |  ♕  |
  +-----+-----+-----+-----+-----+-----+-----+-----+
C'est au joueur noir de jouer
Echec !
======= TEST DU COUP =======
Origine : x = 6 y = 3
Fin : x = 0 y = 0
Pas de prise en passant
Mouvement invalide !
======= TEST DU COUP =======
Origine : x = 6 y = 3
Fin : x = 0 y = 1
Pas de prise en passant
Mouvement invalide !
======= TEST DU COUP =======
Origine : x = 6 y = 3
Fin : x = 0 y = 2
Pas de prise en passant
Mouvement invalide !
======= TEST DU COUP =======
Origine : x = 6 y = 3
Fin : x = 0 y = 3
Pas de prise en passant
Mouvement invalide !
======= TEST DU COUP =======
Origine : x = 6 y = 3
Fin : x = 0 y = 4
Pas de prise en passant
Mouvement invalide !
======= TEST DU COUP =======
Origine : x = 6 y = 3
Fin : x = 0 y = 5
Pas de prise en passant
Mouvement invalide !
======= TEST DU COUP =======
Origine : x = 6 y = 3
Fin : x = 0 y = 6
Pas de prise en passant
Mouvement invalide !
======= TEST DU COUP =======
Origine : x = 6 y = 3
Fin : x = 0 y = 7
Pas de prise en passant
La case de destination est dejà occupée par une de vos pièce !
======= TEST DU COUP =======
Origine : x = 6 y = 3
Fin : x = 1 y = 0
Pas de prise en passant
Mouvement invalide !
======= TEST DU COUP =======
Origine : x = 6 y = 3
Fin : x = 1 y = 1
Pas de prise en passant
Mouvement invalide !
======= TEST DU COUP =======
Origine : x = 6 y = 3
Fin : x = 1 y = 2
Pas de prise en passant
Mouvement invalide !
======= TEST DU COUP =======
Origine : x = 6 y = 3
Fin : x = 1 y = 3
Pas de prise en passant
Mouvement invalide !
======= TEST DU COUP =======
Origine : x = 6 y = 3
Fin : x = 1 y = 4
Pas de prise en passant
Mouvement invalide !
======= TEST DU COUP =======
Origine : x = 6 y = 3
Fin : x = 1 y = 5
Pas de prise en passant
Mouvement invalide !
======= TEST DU COUP =======
Origine : x = 6 y = 3
Fin : x = 1 y = 6
Pas de prise en passant
Mouvement invalide !
======= TEST DU COUP =======
Origine : x = 6 y = 3
Fin : x = 1 y = 7
Pas de prise en passant
Mouvement invalide !
======= TEST DU COUP =======
Origine : x = 6 y = 3
Fin : x = 2 y = 0
Pas de prise en passant
Mouvement invalide !
======= TEST DU COUP =======
Origine : x = 6 y = 3
Fin : x = 2 y = 1
Pas de prise en passant
Mouvement invalide !
======= TEST DU COUP =======
Origine : x = 6 y = 3
Fin : x = 2 y = 2
Pas de prise en passant
Mouvement invalide !
======= TEST DU COUP =======
Origine : x = 6 y = 3
Fin : x = 2 y = 3
Pas de prise en passant
Mouvement invalide !
======= TEST DU COUP =======
Origine : x = 6 y = 3
Fin : x = 2 y = 4
Pas de prise en passant
Mouvement invalide !
======= TEST DU COUP =======
Origine : x = 6 y = 3
Fin : x = 2 y = 5
Pas de prise en passant
Mouvement invalide !
======= TEST DU COUP =======
Origine : x = 6 y = 3
Fin : x = 2 y = 6
Pas de prise en passant
Mouvement invalide !
======= TEST DU COUP =======
Origine : x = 6 y = 3
Fin : x = 2 y = 7
Pas de prise en passant
Verification de la validité du coup passée !
Passage impossible !
======= TEST DU COUP =======
Origine : x = 6 y = 3
Fin : x = 3 y = 0
Pas de prise en passant
Verification de la validité du coup passée !
Passage libre !
entree deplacepiece echiquier
bB
Ce coup vous met en échec !
======= TEST DU COUP =======
Origine : x = 6 y = 3
Fin : x = 3 y = 1
Pas de prise en passant
Mouvement invalide !
======= TEST DU COUP =======
Origine : x = 6 y = 3
Fin : x = 3 y = 2
Pas de prise en passant
Mouvement invalide !
======= TEST DU COUP =======
Origine : x = 6 y = 3
Fin : x = 3 y = 3
Pas de prise en passant
Mouvement invalide !
======= TEST DU COUP =======
Origine : x = 6 y = 3
Fin : x = 3 y = 4
Pas de prise en passant
Mouvement invalide !
======= TEST DU COUP =======
Origine : x = 6 y = 3
Fin : x = 3 y = 5
Pas de prise en passant
Mouvement invalide !
======= TEST DU COUP =======
Origine : x = 6 y = 3
Fin : x = 3 y = 6
Pas de prise en passant
Verification de la validité du coup passée !
Passage impossible !
======= TEST DU COUP =======
Origine : x = 6 y = 3
Fin : x = 3 y = 7
Pas de prise en passant
Mouvement invalide !
======= TEST DU COUP =======
Origine : x = 6 y = 3
Fin : x = 4 y = 0
Pas de prise en passant
Mouvement invalide !
======= TEST DU COUP =======
Origine : x = 6 y = 3
Fin : x = 4 y = 1
Pas de prise en passant
Verification de la validité du coup passée !
Passage libre !
entree deplacepiece echiquier
bB
Ce coup vous met en échec !
======= TEST DU COUP =======
Origine : x = 6 y = 3
Fin : x = 4 y = 2
Pas de prise en passant
Mouvement invalide !
======= TEST DU COUP =======
Origine : x = 6 y = 3
Fin : x = 4 y = 3
Pas de prise en passant
Mouvement invalide !
======= TEST DU COUP =======
Origine : x = 6 y = 3
Fin : x = 4 y = 4
Pas de prise en passant
Mouvement invalide !
======= TEST DU COUP =======
Origine : x = 6 y = 3
Fin : x = 4 y = 5
Pas de prise en passant
Verification de la validité du coup passée !
Passage libre !
entree deplacepiece echiquier
bB
Ce coup vous met en échec !
======= TEST DU COUP =======
Origine : x = 6 y = 3
Fin : x = 4 y = 6
Pas de prise en passant
Mouvement invalide !
======= TEST DU COUP =======
Origine : x = 6 y = 3
Fin : x = 4 y = 7
Pas de prise en passant
Mouvement invalide !
======= TEST DU COUP =======
Origine : x = 6 y = 3
Fin : x = 5 y = 0
Pas de prise en passant
Mouvement invalide !
======= TEST DU COUP =======
Origine : x = 6 y = 3
Fin : x = 5 y = 1
Pas de prise en passant
Mouvement invalide !
======= TEST DU COUP =======
Origine : x = 6 y = 3
Fin : x = 5 y = 2
Pas de prise en passant
Verification de la validité du coup passée !
Passage libre !
entree deplacepiece echiquier
bB
Ce coup vous met en échec !
======= TEST DU COUP =======
Origine : x = 6 y = 3
Fin : x = 5 y = 3
Pas de prise en passant
Mouvement invalide !
======= TEST DU COUP =======
Origine : x = 6 y = 3
Fin : x = 5 y = 4
Pas de prise en passant
Verification de la validité du coup passée !
Passage libre !
entree deplacepiece echiquier
bB
Ce coup vous met en échec !
======= TEST DU COUP =======
Origine : x = 6 y = 3
Fin : x = 5 y = 5
Pas de prise en passant
La case de destination est dejà occupée par une de vos pièce !
======= TEST DU COUP =======
Origine : x = 6 y = 3
Fin : x = 5 y = 6
Pas de prise en passant
Mouvement invalide !
======= TEST DU COUP =======
Origine : x = 6 y = 3
Fin : x = 5 y = 7
Pas de prise en passant
La case de destination est dejà occupée par une de vos pièce !
======= TEST DU COUP =======
Origine : x = 6 y = 3
Fin : x = 6 y = 0
Pas de prise en passant
La case de destination est dejà occupée par une de vos pièce !
======= TEST DU COUP =======
Origine : x = 6 y = 3
Fin : x = 6 y = 1
Pas de prise en passant
La case de destination est dejà occupée par une de vos pièce !
======= TEST DU COUP =======
Origine : x = 6 y = 3
Fin : x = 6 y = 2
Pas de prise en passant
La case de destination est dejà occupée par une de vos pièce !
======= TEST DU COUP =======
Origine : x = 6 y = 3
Fin : x = 6 y = 3
Pas de prise en passant
La case de destination est dejà occupée par une de vos pièce !
======= TEST DU COUP =======
Origine : x = 6 y = 3
Fin : x = 6 y = 4
Pas de prise en passant
Mouvement invalide !
======= TEST DU COUP =======
Origine : x = 6 y = 3
Fin : x = 6 y = 5
Pas de prise en passant
Mouvement invalide !
======= TEST DU COUP =======
Origine : x = 6 y = 3
Fin : x = 6 y = 6
Pas de prise en passant
La case de destination est dejà occupée par une de vos pièce !
======= TEST DU COUP =======
Origine : x = 6 y = 3
Fin : x = 6 y = 7
Pas de prise en passant
Mouvement invalide !
======= TEST DU COUP =======
Origine : x = 6 y = 3
Fin : x = 7 y = 0
Pas de prise en passant
Mouvement invalide !
======= TEST DU COUP =======
Origine : x = 6 y = 3
Fin : x = 7 y = 1
Pas de prise en passant
Mouvement invalide !
======= TEST DU COUP =======
Origine : x = 6 y = 3
Fin : x = 7 y = 2
Pas de prise en passant
Verification de la validité du coup passée !
Passage libre !
entree deplacepiece echiquier
bB
Ce coup vous met en échec !
======= TEST DU COUP =======
Origine : x = 6 y = 3
Fin : x = 7 y = 3
Pas de prise en passant
Mouvement invalide !
======= TEST DU COUP =======
Origine : x = 6 y = 3
Fin : x = 7 y = 4
Pas de prise en passant
Verification de la validité du coup passée !
Passage libre !
entree deplacepiece echiquier
bB
Ne met pas en echec !
Attente du coup :  mouvement classique
======= TEST DU COUP =======
Origine : x = 7 y = 5
Fin : x = 7 y = 4
Il n'y a pas de piece a cette position !
Echec !
======= TEST DU COUP =======
Origine : x = 6 y = 3
Fin : x = 0 y = 0
Pas de prise en passant
Mouvement invalide !
======= TEST DU COUP =======
Origine : x = 6 y = 3
Fin : x = 0 y = 1
Pas de prise en passant
Mouvement invalide !
======= TEST DU COUP =======
Origine : x = 6 y = 3
Fin : x = 0 y = 2
Pas de prise en passant
Mouvement invalide !
======= TEST DU COUP =======
Origine : x = 6 y = 3
Fin : x = 0 y = 3
Pas de prise en passant
Mouvement invalide !
======= TEST DU COUP =======
Origine : x = 6 y = 3
Fin : x = 0 y = 4
Pas de prise en passant
Mouvement invalide !
======= TEST DU COUP =======
Origine : x = 6 y = 3
Fin : x = 0 y = 5
Pas de prise en passant
Mouvement invalide !
======= TEST DU COUP =======
Origine : x = 6 y = 3
Fin : x = 0 y = 6
Pas de prise en passant
Mouvement invalide !
======= TEST DU COUP =======
Origine : x = 6 y = 3
Fin : x = 0 y = 7
Pas de prise en passant
La case de destination est dejà occupée par une de vos pièce !
======= TEST DU COUP =======
Origine : x = 6 y = 3
Fin : x = 1 y = 0
Pas de prise en passant
Mouvement invalide !
======= TEST DU COUP =======
Origine : x = 6 y = 3
Fin : x = 1 y = 1
Pas de prise en passant
Mouvement invalide !
======= TEST DU COUP =======
Origine : x = 6 y = 3
Fin : x = 1 y = 2
Pas de prise en passant
Mouvement invalide !
======= TEST DU COUP =======
Origine : x = 6 y = 3
Fin : x = 1 y = 3
Pas de prise en passant
Mouvement invalide !
======= TEST DU COUP =======
Origine : x = 6 y = 3
Fin : x = 1 y = 4
Pas de prise en passant
Mouvement invalide !
======= TEST DU COUP =======
Origine : x = 6 y = 3
Fin : x = 1 y = 5
Pas de prise en passant
Mouvement invalide !
======= TEST DU COUP =======
Origine : x = 6 y = 3
Fin : x = 1 y = 6
Pas de prise en passant
Mouvement invalide !
======= TEST DU COUP =======
Origine : x = 6 y = 3
Fin : x = 1 y = 7
Pas de prise en passant
Mouvement invalide !
======= TEST DU COUP =======
Origine : x = 6 y = 3
Fin : x = 2 y = 0
Pas de prise en passant
Mouvement invalide !
======= TEST DU COUP =======
Origine : x = 6 y = 3
Fin : x = 2 y = 1
Pas de prise en passant
Mouvement invalide !
======= TEST DU COUP =======
Origine : x = 6 y = 3
Fin : x = 2 y = 2
Pas de prise en passant
Mouvement invalide !
======= TEST DU COUP =======
Origine : x = 6 y = 3
Fin : x = 2 y = 3
Pas de prise en passant
Mouvement invalide !
======= TEST DU COUP =======
Origine : x = 6 y = 3
Fin : x = 2 y = 4
Pas de prise en passant
Mouvement invalide !
======= TEST DU COUP =======
Origine : x = 6 y = 3
Fin : x = 2 y = 5
Pas de prise en passant
Mouvement invalide !
======= TEST DU COUP =======
Origine : x = 6 y = 3
Fin : x = 2 y = 6
Pas de prise en passant
Mouvement invalide !
======= TEST DU COUP =======
Origine : x = 6 y = 3
Fin : x = 2 y = 7
Pas de prise en passant
Verification de la validité du coup passée !
Passage impossible !
======= TEST DU COUP =======
Origine : x = 6 y = 3
Fin : x = 3 y = 0
Pas de prise en passant
Verification de la validité du coup passée !
Passage libre !
entree deplacepiece echiquier
bB
Ce coup vous met en échec !
======= TEST DU COUP =======
Origine : x = 6 y = 3
Fin : x = 3 y = 1
Pas de prise en passant
Mouvement invalide !
======= TEST DU COUP =======
Origine : x = 6 y = 3
Fin : x = 3 y = 2
Pas de prise en passant
Mouvement invalide !
======= TEST DU COUP =======
Origine : x = 6 y = 3
Fin : x = 3 y = 3
Pas de prise en passant
Mouvement invalide !
======= TEST DU COUP =======
Origine : x = 6 y = 3
Fin : x = 3 y = 4
Pas de prise en passant
Mouvement invalide !
======= TEST DU COUP =======
Origine : x = 6 y = 3
Fin : x = 3 y = 5
Pas de prise en passant
Mouvement invalide !
======= TEST DU COUP =======
Origine : x = 6 y = 3
Fin : x = 3 y = 6
Pas de prise en passant
Verification de la validité du coup passée !
Passage impossible !
======= TEST DU COUP =======
Origine : x = 6 y = 3
Fin : x = 3 y = 7
Pas de prise en passant
Mouvement invalide !
======= TEST DU COUP =======
Origine : x = 6 y = 3
Fin : x = 4 y = 0
Pas de prise en passant
Mouvement invalide !
======= TEST DU COUP =======
Origine : x = 6 y = 3
Fin : x = 4 y = 1
Pas de prise en passant
Verification de la validité du coup passée !
Passage libre !
entree deplacepiece echiquier
bB
Ce coup vous met en échec !
======= TEST DU COUP =======
Origine : x = 6 y = 3
Fin : x = 4 y = 2
Pas de prise en passant
Mouvement invalide !
======= TEST DU COUP =======
Origine : x = 6 y = 3
Fin : x = 4 y = 3
Pas de prise en passant
Mouvement invalide !
======= TEST DU COUP =======
Origine : x = 6 y = 3
Fin : x = 4 y = 4
Pas de prise en passant
Mouvement invalide !
======= TEST DU COUP =======
Origine : x = 6 y = 3
Fin : x = 4 y = 5
Pas de prise en passant
Verification de la validité du coup passée !
Passage libre !
entree deplacepiece echiquier
bB
Ce coup vous met en échec !
======= TEST DU COUP =======
Origine : x = 6 y = 3
Fin : x = 4 y = 6
Pas de prise en passant
Mouvement invalide !
======= TEST DU COUP =======
Origine : x = 6 y = 3
Fin : x = 4 y = 7
Pas de prise en passant
Mouvement invalide !
======= TEST DU COUP =======
Origine : x = 6 y = 3
Fin : x = 5 y = 0
Pas de prise en passant
Mouvement invalide !
======= TEST DU COUP =======
Origine : x = 6 y = 3
Fin : x = 5 y = 1
Pas de prise en passant
Mouvement invalide !
======= TEST DU COUP =======
Origine : x = 6 y = 3
Fin : x = 5 y = 2
Pas de prise en passant
Verification de la validité du coup passée !
Passage libre !
entree deplacepiece echiquier
bB
Ce coup vous met en échec !
======= TEST DU COUP =======
Origine : x = 6 y = 3
Fin : x = 5 y = 3
Pas de prise en passant
Mouvement invalide !
======= TEST DU COUP =======
Origine : x = 6 y = 3
Fin : x = 5 y = 4
Pas de prise en passant
Verification de la validité du coup passée !
Passage libre !
entree deplacepiece echiquier
bB
Ce coup vous met en échec !
======= TEST DU COUP =======
Origine : x = 6 y = 3
Fin : x = 5 y = 5
Pas de prise en passant
La case de destination est dejà occupée par une de vos pièce !
======= TEST DU COUP =======
Origine : x = 6 y = 3
Fin : x = 5 y = 6
Pas de prise en passant
Mouvement invalide !
======= TEST DU COUP =======
Origine : x = 6 y = 3
Fin : x = 5 y = 7
Pas de prise en passant
La case de destination est dejà occupée par une de vos pièce !
======= TEST DU COUP =======
Origine : x = 6 y = 3
Fin : x = 6 y = 0
Pas de prise en passant
La case de destination est dejà occupée par une de vos pièce !
======= TEST DU COUP =======
Origine : x = 6 y = 3
Fin : x = 6 y = 1
Pas de prise en passant
La case de destination est dejà occupée par une de vos pièce !
======= TEST DU COUP =======
Origine : x = 6 y = 3
Fin : x = 6 y = 2
Pas de prise en passant
La case de destination est dejà occupée par une de vos pièce !
======= TEST DU COUP =======
Origine : x = 6 y = 3
Fin : x = 6 y = 3
Pas de prise en passant
La case de destination est dejà occupée par une de vos pièce !
======= TEST DU COUP =======
Origine : x = 6 y = 3
Fin : x = 6 y = 4
Pas de prise en passant
Mouvement invalide !
======= TEST DU COUP =======
Origine : x = 6 y = 3
Fin : x = 6 y = 5
Pas de prise en passant
Mouvement invalide !
======= TEST DU COUP =======
Origine : x = 6 y = 3
Fin : x = 6 y = 6
Pas de prise en passant
La case de destination est dejà occupée par une de vos pièce !
======= TEST DU COUP =======
Origine : x = 6 y = 3
Fin : x = 6 y = 7
Pas de prise en passant
Mouvement invalide !
======= TEST DU COUP =======
Origine : x = 6 y = 3
Fin : x = 7 y = 0
Pas de prise en passant
Mouvement invalide !
======= TEST DU COUP =======
Origine : x = 6 y = 3
Fin : x = 7 y = 1
Pas de prise en passant
Mouvement invalide !
======= TEST DU COUP =======
Origine : x = 6 y = 3
Fin : x = 7 y = 2
Pas de prise en passant
Verification de la validité du coup passée !
Passage libre !
entree deplacepiece echiquier
bB
Ce coup vous met en échec !
======= TEST DU COUP =======
Origine : x = 6 y = 3
Fin : x = 7 y = 3
Pas de prise en passant
Mouvement invalide !
======= TEST DU COUP =======
Origine : x = 6 y = 3
Fin : x = 7 y = 4
Pas de prise en passant
Verification de la validité du coup passée !
Passage libre !
entree deplacepiece echiquier
bB
Ne met pas en echec !
Attente du coup :  mouvement classique
======= TEST DU COUP =======
Origine : x = 0 y = 4
Fin : x = 1 y = 5
Pièce de la mauvaise couleur !
Echec !
======= TEST DU COUP =======
Origine : x = 6 y = 3
Fin : x = 0 y = 0
Pas de prise en passant
Mouvement invalide !
======= TEST DU COUP =======
Origine : x = 6 y = 3
Fin : x = 0 y = 1
Pas de prise en passant
Mouvement invalide !
======= TEST DU COUP =======
Origine : x = 6 y = 3
Fin : x = 0 y = 2
Pas de prise en passant
Mouvement invalide !
======= TEST DU COUP =======
Origine : x = 6 y = 3
Fin : x = 0 y = 3
Pas de prise en passant
Mouvement invalide !
======= TEST DU COUP =======
Origine : x = 6 y = 3
Fin : x = 0 y = 4
Pas de prise en passant
Mouvement invalide !
======= TEST DU COUP =======
Origine : x = 6 y = 3
Fin : x = 0 y = 5
Pas de prise en passant
Mouvement invalide !
======= TEST DU COUP =======
Origine : x = 6 y = 3
Fin : x = 0 y = 6
Pas de prise en passant
Mouvement invalide !
======= TEST DU COUP =======
Origine : x = 6 y = 3
Fin : x = 0 y = 7
Pas de prise en passant
La case de destination est dejà occupée par une de vos pièce !
======= TEST DU COUP =======
Origine : x = 6 y = 3
Fin : x = 1 y = 0
Pas de prise en passant
Mouvement invalide !
======= TEST DU COUP =======
Origine : x = 6 y = 3
Fin : x = 1 y = 1
Pas de prise en passant
Mouvement invalide !
======= TEST DU COUP =======
Origine : x = 6 y = 3
Fin : x = 1 y = 2
Pas de prise en passant
Mouvement invalide !
======= TEST DU COUP =======
Origine : x = 6 y = 3
Fin : x = 1 y = 3
Pas de prise en passant
Mouvement invalide !
======= TEST DU COUP =======
Origine : x = 6 y = 3
Fin : x = 1 y = 4
Pas de prise en passant
Mouvement invalide !
======= TEST DU COUP =======
Origine : x = 6 y = 3
Fin : x = 1 y = 5
Pas de prise en passant
Mouvement invalide !
======= TEST DU COUP =======
Origine : x = 6 y = 3
Fin : x = 1 y = 6
Pas de prise en passant
Mouvement invalide !
======= TEST DU COUP =======
Origine : x = 6 y = 3
Fin : x = 1 y = 7
Pas de prise en passant
Mouvement invalide !
======= TEST DU COUP =======
Origine : x = 6 y = 3
Fin : x = 2 y = 0
Pas de prise en passant
Mouvement invalide !
======= TEST DU COUP =======
Origine : x = 6 y = 3
Fin : x = 2 y = 1
Pas de prise en passant
Mouvement invalide !
======= TEST DU COUP =======
Origine : x = 6 y = 3
Fin : x = 2 y = 2
Pas de prise en passant
Mouvement invalide !
======= TEST DU COUP =======
Origine : x = 6 y = 3
Fin : x = 2 y = 3
Pas de prise en passant
Mouvement invalide !
======= TEST DU COUP =======
Origine : x = 6 y = 3
Fin : x = 2 y = 4
Pas de prise en passant
Mouvement invalide !
======= TEST DU COUP =======
Origine : x = 6 y = 3
Fin : x = 2 y = 5
Pas de prise en passant
Mouvement invalide !
======= TEST DU COUP =======
Origine : x = 6 y = 3
Fin : x = 2 y = 6
Pas de prise en passant
Mouvement invalide !
======= TEST DU COUP =======
Origine : x = 6 y = 3
Fin : x = 2 y = 7
Pas de prise en passant
Verification de la validité du coup passée !
Passage impossible !
======= TEST DU COUP =======
Origine : x = 6 y = 3
Fin : x = 3 y = 0
Pas de prise en passant
Verification de la validité du coup passée !
Passage libre !
entree deplacepiece echiquier
bB
Ce coup vous met en échec !
======= TEST DU COUP =======
Origine : x = 6 y = 3
Fin : x = 3 y = 1
Pas de prise en passant
Mouvement invalide !
======= TEST DU COUP =======
Origine : x = 6 y = 3
Fin : x = 3 y = 2
Pas de prise en passant
Mouvement invalide !
======= TEST DU COUP =======
Origine : x = 6 y = 3
Fin : x = 3 y = 3
Pas de prise en passant
Mouvement invalide !
======= TEST DU COUP =======
Origine : x = 6 y = 3
Fin : x = 3 y = 4
Pas de prise en passant
Mouvement invalide !
======= TEST DU COUP =======
Origine : x = 6 y = 3
Fin : x = 3 y = 5
Pas de prise en passant
Mouvement invalide !
======= TEST DU COUP =======
Origine : x = 6 y = 3
Fin : x = 3 y = 6
Pas de prise en passant
Verification de la validité du coup passée !
Passage impossible !
======= TEST DU COUP =======
Origine : x = 6 y = 3
Fin : x = 3 y = 7
Pas de prise en passant
Mouvement invalide !
======= TEST DU COUP =======
Origine : x = 6 y = 3
Fin : x = 4 y = 0
Pas de prise en passant
Mouvement invalide !
======= TEST DU COUP =======
Origine : x = 6 y = 3
Fin : x = 4 y = 1
Pas de prise en passant
Verification de la validité du coup passée !
Passage libre !
entree deplacepiece echiquier
bB
Ce coup vous met en échec !
======= TEST DU COUP =======
Origine : x = 6 y = 3
Fin : x = 4 y = 2
Pas de prise en passant
Mouvement invalide !
======= TEST DU COUP =======
Origine : x = 6 y = 3
Fin : x = 4 y = 3
Pas de prise en passant
Mouvement invalide !
======= TEST DU COUP =======
Origine : x = 6 y = 3
Fin : x = 4 y = 4
Pas de prise en passant
Mouvement invalide !
======= TEST DU COUP =======
Origine : x = 6 y = 3
Fin : x = 4 y = 5
Pas de prise en passant
Verification de la validité du coup passée !
Passage libre !
entree deplacepiece echiquier
bB
Ce coup vous met en échec !
======= TEST DU COUP =======
Origine : x = 6 y = 3
Fin : x = 4 y = 6
Pas de prise en passant
Mouvement invalide !
======= TEST DU COUP =======
Origine : x = 6 y = 3
Fin : x = 4 y = 7
Pas de prise en passant
Mouvement invalide !
======= TEST DU COUP =======
Origine : x = 6 y = 3
Fin : x = 5 y = 0
Pas de prise en passant
Mouvement invalide !
======= TEST DU COUP =======
Origine : x = 6 y = 3
Fin : x = 5 y = 1
Pas de prise en passant
Mouvement invalide !
======= TEST DU COUP =======
Origine : x = 6 y = 3
Fin : x = 5 y = 2
Pas de prise en passant
Verification de la validité du coup passée !
Passage libre !
entree deplacepiece echiquier
bB
Ce coup vous met en échec !
======= TEST DU COUP =======
Origine : x = 6 y = 3
Fin : x = 5 y = 3
Pas de prise en passant
Mouvement invalide !
======= TEST DU COUP =======
Origine : x = 6 y = 3
Fin : x = 5 y = 4
Pas de prise en passant
Verification de la validité du coup passée !
Passage libre !
entree deplacepiece echiquier
bB
Ce coup vous met en échec !
======= TEST DU COUP =======
Origine : x = 6 y = 3
Fin : x = 5 y = 5
Pas de prise en passant
La case de destination est dejà occupée par une de vos pièce !
======= TEST DU COUP =======
Origine : x = 6 y = 3
Fin : x = 5 y = 6
Pas de prise en passant
Mouvement invalide !
======= TEST DU COUP =======
Origine : x = 6 y = 3
Fin : x = 5 y = 7
Pas de prise en passant
La case de destination est dejà occupée par une de vos pièce !
======= TEST DU COUP =======
Origine : x = 6 y = 3
Fin : x = 6 y = 0
Pas de prise en passant
La case de destination est dejà occupée par une de vos pièce !
======= TEST DU COUP =======
Origine : x = 6 y = 3
Fin : x = 6 y = 1
Pas de prise en passant
La case de destination est dejà occupée par une de vos pièce !
======= TEST DU COUP =======
Origine : x = 6 y = 3
Fin : x = 6 y = 2
Pas de prise en passant
La case de destination est dejà occupée par une de vos pièce !
======= TEST DU COUP =======
Origine : x = 6 y = 3
Fin : x = 6 y = 3
Pas de prise en passant
La case de destination est dejà occupée par une de vos pièce !
======= TEST DU COUP =======
Origine : x = 6 y = 3
Fin : x = 6 y = 4
Pas de prise en passant
Mouvement invalide !
======= TEST DU COUP =======
Origine : x = 6 y = 3
Fin : x = 6 y = 5
Pas de prise en passant
Mouvement invalide !
======= TEST DU COUP =======
Origine : x = 6 y = 3
Fin : x = 6 y = 6
Pas de prise en passant
La case de destination est dejà occupée par une de vos pièce !
======= TEST DU COUP =======
Origine : x = 6 y = 3
Fin : x = 6 y = 7
Pas de prise en passant
Mouvement invalide !
======= TEST DU COUP =======
Origine : x = 6 y = 3
Fin : x = 7 y = 0
Pas de prise en passant
Mouvement invalide !
======= TEST DU COUP =======
Origine : x = 6 y = 3
Fin : x = 7 y = 1
Pas de prise en passant
Mouvement invalide !
======= TEST DU COUP =======
Origine : x = 6 y = 3
Fin : x = 7 y = 2
Pas de prise en passant
Verification de la validité du coup passée !
Passage libre !
entree deplacepiece echiquier
bB
Ce coup vous met en échec !
======= TEST DU COUP =======
Origine : x = 6 y = 3
Fin : x = 7 y = 3
Pas de prise en passant
Mouvement invalide !
======= TEST DU COUP =======
Origine : x = 6 y = 3
Fin : x = 7 y = 4
Pas de prise en passant
Verification de la validité du coup passée !
Passage libre !
entree deplacepiece echiquier
bB
Ne met pas en echec !
Attente du coup :  mouvement classique
======= TEST DU COUP =======
Origine : x = 6 y = 3
Fin : x = 5 y = 2
Pas de prise en passant
Verification de la validité du coup passée !
Passage libre !
entree deplacepiece echiquier
bB
Ce coup vous met en échec !
Echec !
======= TEST DU COUP =======
Origine : x = 6 y = 3
Fin : x = 0 y = 0
Pas de prise en passant
Mouvement invalide !
======= TEST DU COUP =======
Origine : x = 6 y = 3
Fin : x = 0 y = 1
Pas de prise en passant
Mouvement invalide !
======= TEST DU COUP =======
Origine : x = 6 y = 3
Fin : x = 0 y = 2
Pas de prise en passant
Mouvement invalide !
======= TEST DU COUP =======
Origine : x = 6 y = 3
Fin : x = 0 y = 3
Pas de prise en passant
Mouvement invalide !
======= TEST DU COUP =======
Origine : x = 6 y = 3
Fin : x = 0 y = 4
Pas de prise en passant
Mouvement invalide !
======= TEST DU COUP =======
Origine : x = 6 y = 3
Fin : x = 0 y = 5
Pas de prise en passant
Mouvement invalide !
======= TEST DU COUP =======
Origine : x = 6 y = 3
Fin : x = 0 y = 6
Pas de prise en passant
Mouvement invalide !
======= TEST DU COUP =======
Origine : x = 6 y = 3
Fin : x = 0 y = 7
Pas de prise en passant
La case de destination est dejà occupée par une de vos pièce !
======= TEST DU COUP =======
Origine : x = 6 y = 3
Fin : x = 1 y = 0
Pas de prise en passant
Mouvement invalide !
======= TEST DU COUP =======
Origine : x = 6 y = 3
Fin : x = 1 y = 1
Pas de prise en passant
Mouvement invalide !
======= TEST DU COUP =======
Origine : x = 6 y = 3
Fin : x = 1 y = 2
Pas de prise en passant
Mouvement invalide !
======= TEST DU COUP =======
Origine : x = 6 y = 3
Fin : x = 1 y = 3
Pas de prise en passant
Mouvement invalide !
======= TEST DU COUP =======
Origine : x = 6 y = 3
Fin : x = 1 y = 4
Pas de prise en passant
Mouvement invalide !
======= TEST DU COUP =======
Origine : x = 6 y = 3
Fin : x = 1 y = 5
Pas de prise en passant
Mouvement invalide !
======= TEST DU COUP =======
Origine : x = 6 y = 3
Fin : x = 1 y = 6
Pas de prise en passant
Mouvement invalide !
======= TEST DU COUP =======
Origine : x = 6 y = 3
Fin : x = 1 y = 7
Pas de prise en passant
Mouvement invalide !
======= TEST DU COUP =======
Origine : x = 6 y = 3
Fin : x = 2 y = 0
Pas de prise en passant
Mouvement invalide !
======= TEST DU COUP =======
Origine : x = 6 y = 3
Fin : x = 2 y = 1
Pas de prise en passant
Mouvement invalide !
======= TEST DU COUP =======
Origine : x = 6 y = 3
Fin : x = 2 y = 2
Pas de prise en passant
Mouvement invalide !
======= TEST DU COUP =======
Origine : x = 6 y = 3
Fin : x = 2 y = 3
Pas de prise en passant
Mouvement invalide !
======= TEST DU COUP =======
Origine : x = 6 y = 3
Fin : x = 2 y = 4
Pas de prise en passant
Mouvement invalide !
======= TEST DU COUP =======
Origine : x = 6 y = 3
Fin : x = 2 y = 5
Pas de prise en passant
Mouvement invalide !
======= TEST DU COUP =======
Origine : x = 6 y = 3
Fin : x = 2 y = 6
Pas de prise en passant
Mouvement invalide !
======= TEST DU COUP =======
Origine : x = 6 y = 3
Fin : x = 2 y = 7
Pas de prise en passant
Verification de la validité du coup passée !
Passage impossible !
======= TEST DU COUP =======
Origine : x = 6 y = 3
Fin : x = 3 y = 0
Pas de prise en passant
Verification de la validité du coup passée !
Passage libre !
entree deplacepiece echiquier
bB
Ce coup vous met en échec !
======= TEST DU COUP =======
Origine : x = 6 y = 3
Fin : x = 3 y = 1
Pas de prise en passant
Mouvement invalide !
======= TEST DU COUP =======
Origine : x = 6 y = 3
Fin : x = 3 y = 2
Pas de prise en passant
Mouvement invalide !
======= TEST DU COUP =======
Origine : x = 6 y = 3
Fin : x = 3 y = 3
Pas de prise en passant
Mouvement invalide !
======= TEST DU COUP =======
Origine : x = 6 y = 3
Fin : x = 3 y = 4
Pas de prise en passant
Mouvement invalide !
======= TEST DU COUP =======
Origine : x = 6 y = 3
Fin : x = 3 y = 5
Pas de prise en passant
Mouvement invalide !
======= TEST DU COUP =======
Origine : x = 6 y = 3
Fin : x = 3 y = 6
Pas de prise en passant
Verification de la validité du coup passée !
Passage impossible !
======= TEST DU COUP =======
Origine : x = 6 y = 3
Fin : x = 3 y = 7
Pas de prise en passant
Mouvement invalide !
======= TEST DU COUP =======
Origine : x = 6 y = 3
Fin : x = 4 y = 0
Pas de prise en passant
Mouvement invalide !
======= TEST DU COUP =======
Origine : x = 6 y = 3
Fin : x = 4 y = 1
Pas de prise en passant
Verification de la validité du coup passée !
Passage libre !
entree deplacepiece echiquier
bB
Ce coup vous met en échec !
======= TEST DU COUP =======
Origine : x = 6 y = 3
Fin : x = 4 y = 2
Pas de prise en passant
Mouvement invalide !
======= TEST DU COUP =======
Origine : x = 6 y = 3
Fin : x = 4 y = 3
Pas de prise en passant
Mouvement invalide !
======= TEST DU COUP =======
Origine : x = 6 y = 3
Fin : x = 4 y = 4
Pas de prise en passant
Mouvement invalide !
======= TEST DU COUP =======
Origine : x = 6 y = 3
Fin : x = 4 y = 5
Pas de prise en passant
Verification de la validité du coup passée !
Passage libre !
entree deplacepiece echiquier
bB
Ce coup vous met en échec !
======= TEST DU COUP =======
Origine : x = 6 y = 3
Fin : x = 4 y = 6
Pas de prise en passant
Mouvement invalide !
======= TEST DU COUP =======
Origine : x = 6 y = 3
Fin : x = 4 y = 7
Pas de prise en passant
Mouvement invalide !
======= TEST DU COUP =======
Origine : x = 6 y = 3
Fin : x = 5 y = 0
Pas de prise en passant
Mouvement invalide !
======= TEST DU COUP =======
Origine : x = 6 y = 3
Fin : x = 5 y = 1
Pas de prise en passant
Mouvement invalide !
======= TEST DU COUP =======
Origine : x = 6 y = 3
Fin : x = 5 y = 2
Pas de prise en passant
Verification de la validité du coup passée !
Passage libre !
entree deplacepiece echiquier
bB
Ce coup vous met en échec !
======= TEST DU COUP =======
Origine : x = 6 y = 3
Fin : x = 5 y = 3
Pas de prise en passant
Mouvement invalide !
======= TEST DU COUP =======
Origine : x = 6 y = 3
Fin : x = 5 y = 4
Pas de prise en passant
Verification de la validité du coup passée !
Passage libre !
entree deplacepiece echiquier
bB
Ce coup vous met en échec !
======= TEST DU COUP =======
Origine : x = 6 y = 3
Fin : x = 5 y = 5
Pas de prise en passant
La case de destination est dejà occupée par une de vos pièce !
======= TEST DU COUP =======
Origine : x = 6 y = 3
Fin : x = 5 y = 6
Pas de prise en passant
Mouvement invalide !
======= TEST DU COUP =======
Origine : x = 6 y = 3
Fin : x = 5 y = 7
Pas de prise en passant
La case de destination est dejà occupée par une de vos pièce !
======= TEST DU COUP =======
Origine : x = 6 y = 3
Fin : x = 6 y = 0
Pas de prise en passant
La case de destination est dejà occupée par une de vos pièce !
======= TEST DU COUP =======
Origine : x = 6 y = 3
Fin : x = 6 y = 1
Pas de prise en passant
La case de destination est dejà occupée par une de vos pièce !
======= TEST DU COUP =======
Origine : x = 6 y = 3
Fin : x = 6 y = 2
Pas de prise en passant
La case de destination est dejà occupée par une de vos pièce !
======= TEST DU COUP =======
Origine : x = 6 y = 3
Fin : x = 6 y = 3
Pas de prise en passant
La case de destination est dejà occupée par une de vos pièce !
======= TEST DU COUP =======
Origine : x = 6 y = 3
Fin : x = 6 y = 4
Pas de prise en passant
Mouvement invalide !
======= TEST DU COUP =======
Origine : x = 6 y = 3
Fin : x = 6 y = 5
Pas de prise en passant
Mouvement invalide !
======= TEST DU COUP =======
Origine : x = 6 y = 3
Fin : x = 6 y = 6
Pas de prise en passant
La case de destination est dejà occupée par une de vos pièce !
======= TEST DU COUP =======
Origine : x = 6 y = 3
Fin : x = 6 y = 7
Pas de prise en passant
Mouvement invalide !
======= TEST DU COUP =======
Origine : x = 6 y = 3
Fin : x = 7 y = 0
Pas de prise en passant
Mouvement invalide !
======= TEST DU COUP =======
Origine : x = 6 y = 3
Fin : x = 7 y = 1
Pas de prise en passant
Mouvement invalide !
======= TEST DU COUP =======
Origine : x = 6 y = 3
Fin : x = 7 y = 2
Pas de prise en passant
Verification de la validité du coup passée !
Passage libre !
entree deplacepiece echiquier
bB
Ce coup vous met en échec !
======= TEST DU COUP =======
Origine : x = 6 y = 3
Fin : x = 7 y = 3
Pas de prise en passant
Mouvement invalide !
======= TEST DU COUP =======
Origine : x = 6 y = 3
Fin : x = 7 y = 4
Pas de prise en passant
Verification de la validité du coup passée !
Passage libre !
entree deplacepiece echiquier
bB
Ne met pas en echec !
Attente du coup :  mouvement classique
======= TEST DU COUP =======
Origine : x = 0 y = 2
Fin : x = 5 y = 7
Pièce de la mauvaise couleur !
Echec !
======= TEST DU COUP =======
Origine : x = 6 y = 3
Fin : x = 0 y = 0
Pas de prise en passant
Mouvement invalide !
======= TEST DU COUP =======
Origine : x = 6 y = 3
Fin : x = 0 y = 1
Pas de prise en passant
Mouvement invalide !
======= TEST DU COUP =======
Origine : x = 6 y = 3
Fin : x = 0 y = 2
Pas de prise en passant
Mouvement invalide !
======= TEST DU COUP =======
Origine : x = 6 y = 3
Fin : x = 0 y = 3
Pas de prise en passant
Mouvement invalide !
======= TEST DU COUP =======
Origine : x = 6 y = 3
Fin : x = 0 y = 4
Pas de prise en passant
Mouvement invalide !
======= TEST DU COUP =======
Origine : x = 6 y = 3
Fin : x = 0 y = 5
Pas de prise en passant
Mouvement invalide !
======= TEST DU COUP =======
Origine : x = 6 y = 3
Fin : x = 0 y = 6
Pas de prise en passant
Mouvement invalide !
======= TEST DU COUP =======
Origine : x = 6 y = 3
Fin : x = 0 y = 7
Pas de prise en passant
La case de destination est dejà occupée par une de vos pièce !
======= TEST DU COUP =======
Origine : x = 6 y = 3
Fin : x = 1 y = 0
Pas de prise en passant
Mouvement invalide !
======= TEST DU COUP =======
Origine : x = 6 y = 3
Fin : x = 1 y = 1
Pas de prise en passant
Mouvement invalide !
======= TEST DU COUP =======
Origine : x = 6 y = 3
Fin : x = 1 y = 2
Pas de prise en passant
Mouvement invalide !
======= TEST DU COUP =======
Origine : x = 6 y = 3
Fin : x = 1 y = 3
Pas de prise en passant
Mouvement invalide !
======= TEST DU COUP =======
Origine : x = 6 y = 3
Fin : x = 1 y = 4
Pas de prise en passant
Mouvement invalide !
======= TEST DU COUP =======
Origine : x = 6 y = 3
Fin : x = 1 y = 5
Pas de prise en passant
Mouvement invalide !
======= TEST DU COUP =======
Origine : x = 6 y = 3
Fin : x = 1 y = 6
Pas de prise en passant
Mouvement invalide !
======= TEST DU COUP =======
Origine : x = 6 y = 3
Fin : x = 1 y = 7
Pas de prise en passant
Mouvement invalide !
======= TEST DU COUP =======
Origine : x = 6 y = 3
Fin : x = 2 y = 0
Pas de prise en passant
Mouvement invalide !
======= TEST DU COUP =======
Origine : x = 6 y = 3
Fin : x = 2 y = 1
Pas de prise en passant
Mouvement invalide !
======= TEST DU COUP =======
Origine : x = 6 y = 3
Fin : x = 2 y = 2
Pas de prise en passant
Mouvement invalide !
======= TEST DU COUP =======
Origine : x = 6 y = 3
Fin : x = 2 y = 3
Pas de prise en passant
Mouvement invalide !
======= TEST DU COUP =======
Origine : x = 6 y = 3
Fin : x = 2 y = 4
Pas de prise en passant
Mouvement invalide !
======= TEST DU COUP =======
Origine : x = 6 y = 3
Fin : x = 2 y = 5
Pas de prise en passant
Mouvement invalide !
======= TEST DU COUP =======
Origine : x = 6 y = 3
Fin : x = 2 y = 6
Pas de prise en passant
Mouvement invalide !
======= TEST DU COUP =======
Origine : x = 6 y = 3
Fin : x = 2 y = 7
Pas de prise en passant
Verification de la validité du coup passée !
Passage impossible !
======= TEST DU COUP =======
Origine : x = 6 y = 3
Fin : x = 3 y = 0
Pas de prise en passant
Verification de la validité du coup passée !
Passage libre !
entree deplacepiece echiquier
bB
Ce coup vous met en échec !
======= TEST DU COUP =======
Origine : x = 6 y = 3
Fin : x = 3 y = 1
Pas de prise en passant
Mouvement invalide !
======= TEST DU COUP =======
Origine : x = 6 y = 3
Fin : x = 3 y = 2
Pas de prise en passant
Mouvement invalide !
======= TEST DU COUP =======
Origine : x = 6 y = 3
Fin : x = 3 y = 3
Pas de prise en passant
Mouvement invalide !
======= TEST DU COUP =======
Origine : x = 6 y = 3
Fin : x = 3 y = 4
Pas de prise en passant
Mouvement invalide !
======= TEST DU COUP =======
Origine : x = 6 y = 3
Fin : x = 3 y = 5
Pas de prise en passant
Mouvement invalide !
======= TEST DU COUP =======
Origine : x = 6 y = 3
Fin : x = 3 y = 6
Pas de prise en passant
Verification de la validité du coup passée !
Passage impossible !
======= TEST DU COUP =======
Origine : x = 6 y = 3
Fin : x = 3 y = 7
Pas de prise en passant
Mouvement invalide !
======= TEST DU COUP =======
Origine : x = 6 y = 3
Fin : x = 4 y = 0
Pas de prise en passant
Mouvement invalide !
======= TEST DU COUP =======
Origine : x = 6 y = 3
Fin : x = 4 y = 1
Pas de prise en passant
Verification de la validité du coup passée !
Passage libre !
entree deplacepiece echiquier
bB
Ce coup vous met en échec !
======= TEST DU COUP =======
Origine : x = 6 y = 3
Fin : x = 4 y = 2
Pas de prise en passant
Mouvement invalide !
======= TEST DU COUP =======
Origine : x = 6 y = 3
Fin : x = 4 y = 3
Pas de prise en passant
Mouvement invalide !
======= TEST DU COUP =======
Origine : x = 6 y = 3
Fin : x = 4 y = 4
Pas de prise en passant
Mouvement invalide !
======= TEST DU COUP =======
Origine : x = 6 y = 3
Fin : x = 4 y = 5
Pas de prise en passant
Verification de la validité du coup passée !
Passage libre !
entree deplacepiece echiquier
bB
Ce coup vous met en échec !
======= TEST DU COUP =======
Origine : x = 6 y = 3
Fin : x = 4 y = 6
Pas de prise en passant
Mouvement invalide !
======= TEST DU COUP =======
Origine : x = 6 y = 3
Fin : x = 4 y = 7
Pas de prise en passant
Mouvement invalide !
======= TEST DU COUP =======
Origine : x = 6 y = 3
Fin : x = 5 y = 0
Pas de prise en passant
Mouvement invalide !
======= TEST DU COUP =======
Origine : x = 6 y = 3
Fin : x = 5 y = 1
Pas de prise en passant
Mouvement invalide !
======= TEST DU COUP =======
Origine : x = 6 y = 3
Fin : x = 5 y = 2
Pas de prise en passant
Verification de la validité du coup passée !
Passage libre !
entree deplacepiece echiquier
bB
Ce coup vous met en échec !
======= TEST DU COUP =======
Origine : x = 6 y = 3
Fin : x = 5 y = 3
Pas de prise en passant
Mouvement invalide !
======= TEST DU COUP =======
Origine : x = 6 y = 3
Fin : x = 5 y = 4
Pas de prise en passant
Verification de la validité du coup passée !
Passage libre !
entree deplacepiece echiquier
bB
Ce coup vous met en échec !
======= TEST DU COUP =======
Origine : x = 6 y = 3
Fin : x = 5 y = 5
Pas de prise en passant
La case de destination est dejà occupée par une de vos pièce !
======= TEST DU COUP =======
Origine : x = 6 y = 3
Fin : x = 5 y = 6
Pas de prise en passant
Mouvement invalide !
======= TEST DU COUP =======
Origine : x = 6 y = 3
Fin : x = 5 y = 7
Pas de prise en passant
La case de destination est dejà occupée par une de vos pièce !
======= TEST DU COUP =======
Origine : x = 6 y = 3
Fin : x = 6 y = 0
Pas de prise en passant
La case de destination est dejà occupée par une de vos pièce !
======= TEST DU COUP =======
Origine : x = 6 y = 3
Fin : x = 6 y = 1
Pas de prise en passant
La case de destination est dejà occupée par une de vos pièce !
======= TEST DU COUP =======
Origine : x = 6 y = 3
Fin : x = 6 y = 2
Pas de prise en passant
La case de destination est dejà occupée par une de vos pièce !
======= TEST DU COUP =======
Origine : x = 6 y = 3
Fin : x = 6 y = 3
Pas de prise en passant
La case de destination est dejà occupée par une de vos pièce !
======= TEST DU COUP =======
Origine : x = 6 y = 3
Fin : x = 6 y = 4
Pas de prise en passant
Mouvement invalide !
======= TEST DU COUP =======
Origine : x = 6 y = 3
Fin : x = 6 y = 5
Pas de prise en passant
Mouvement invalide !
======= TEST DU COUP =======
Origine : x = 6 y = 3
Fin : x = 6 y = 6
Pas de prise en passant
La case de destination est dejà occupée par une de vos pièce !
======= TEST DU COUP =======
Origine : x = 6 y = 3
Fin : x = 6 y = 7
Pas de prise en passant
Mouvement invalide !
======= TEST DU COUP =======
Origine : x = 6 y = 3
Fin : x = 7 y = 0
Pas de prise en passant
Mouvement invalide !
======= TEST DU COUP =======
Origine : x = 6 y = 3
Fin : x = 7 y = 1
Pas de prise en passant
Mouvement invalide !
======= TEST DU COUP =======
Origine : x = 6 y = 3
Fin : x = 7 y = 2
Pas de prise en passant
Verification de la validité du coup passée !
Passage libre !
entree deplacepiece echiquier
bB
Ce coup vous met en échec !
======= TEST DU COUP =======
Origine : x = 6 y = 3
Fin : x = 7 y = 3
Pas de prise en passant
Mouvement invalide !
======= TEST DU COUP =======
Origine : x = 6 y = 3
Fin : x = 7 y = 4
Pas de prise en passant
Verification de la validité du coup passée !
Passage libre !
entree deplacepiece echiquier
bB
Ne met pas en echec !
Attente du coup :  mouvement classique
======= TEST DU COUP =======
Origine : x = 6 y = 6
Fin : x = 5 y = 7
Pas de prise en passant
La case de destination est dejà occupée par une de vos pièce !
Echec !
======= TEST DU COUP =======
Origine : x = 6 y = 3
Fin : x = 0 y = 0
Pas de prise en passant
Mouvement invalide !
======= TEST DU COUP =======
Origine : x = 6 y = 3
Fin : x = 0 y = 1
Pas de prise en passant
Mouvement invalide !
======= TEST DU COUP =======
Origine : x = 6 y = 3
Fin : x = 0 y = 2
Pas de prise en passant
Mouvement invalide !
======= TEST DU COUP =======
Origine : x = 6 y = 3
Fin : x = 0 y = 3
Pas de prise en passant
Mouvement invalide !
======= TEST DU COUP =======
Origine : x = 6 y = 3
Fin : x = 0 y = 4
Pas de prise en passant
Mouvement invalide !
======= TEST DU COUP =======
Origine : x = 6 y = 3
Fin : x = 0 y = 5
Pas de prise en passant
Mouvement invalide !
======= TEST DU COUP =======
Origine : x = 6 y = 3
Fin : x = 0 y = 6
Pas de prise en passant
Mouvement invalide !
======= TEST DU COUP =======
Origine : x = 6 y = 3
Fin : x = 0 y = 7
Pas de prise en passant
La case de destination est dejà occupée par une de vos pièce !
======= TEST DU COUP =======
Origine : x = 6 y = 3
Fin : x = 1 y = 0
Pas de prise en passant
Mouvement invalide !
======= TEST DU COUP =======
Origine : x = 6 y = 3
Fin : x = 1 y = 1
Pas de prise en passant
Mouvement invalide !
======= TEST DU COUP =======
Origine : x = 6 y = 3
Fin : x = 1 y = 2
Pas de prise en passant
Mouvement invalide !
======= TEST DU COUP =======
Origine : x = 6 y = 3
Fin : x = 1 y = 3
Pas de prise en passant
Mouvement invalide !
======= TEST DU COUP =======
Origine : x = 6 y = 3
Fin : x = 1 y = 4
Pas de prise en passant
Mouvement invalide !
======= TEST DU COUP =======
Origine : x = 6 y = 3
Fin : x = 1 y = 5
Pas de prise en passant
Mouvement invalide !
======= TEST DU COUP =======
Origine : x = 6 y = 3
Fin : x = 1 y = 6
Pas de prise en passant
Mouvement invalide !
======= TEST DU COUP =======
Origine : x = 6 y = 3
Fin : x = 1 y = 7
Pas de prise en passant
Mouvement invalide !
======= TEST DU COUP =======
Origine : x = 6 y = 3
Fin : x = 2 y = 0
Pas de prise en passant
Mouvement invalide !
======= TEST DU COUP =======
Origine : x = 6 y = 3
Fin : x = 2 y = 1
Pas de prise en passant
Mouvement invalide !
======= TEST DU COUP =======
Origine : x = 6 y = 3
Fin : x = 2 y = 2
Pas de prise en passant
Mouvement invalide !
======= TEST DU COUP =======
Origine : x = 6 y = 3
Fin : x = 2 y = 3
Pas de prise en passant
Mouvement invalide !
======= TEST DU COUP =======
Origine : x = 6 y = 3
Fin : x = 2 y = 4
Pas de prise en passant
Mouvement invalide !
======= TEST DU COUP =======
Origine : x = 6 y = 3
Fin : x = 2 y = 5
Pas de prise en passant
Mouvement invalide !
======= TEST DU COUP =======
Origine : x = 6 y = 3
Fin : x = 2 y = 6
Pas de prise en passant
Mouvement invalide !
======= TEST DU COUP =======
Origine : x = 6 y = 3
Fin : x = 2 y = 7
Pas de prise en passant
Verification de la validité du coup passée !
Passage impossible !
======= TEST DU COUP =======
Origine : x = 6 y = 3
Fin : x = 3 y = 0
Pas de prise en passant
Verification de la validité du coup passée !
Passage libre !
entree deplacepiece echiquier
bB
Ce coup vous met en échec !
======= TEST DU COUP =======
Origine : x = 6 y = 3
Fin : x = 3 y = 1
Pas de prise en passant
Mouvement invalide !
======= TEST DU COUP =======
Origine : x = 6 y = 3
Fin : x = 3 y = 2
Pas de prise en passant
Mouvement invalide !
======= TEST DU COUP =======
Origine : x = 6 y = 3
Fin : x = 3 y = 3
Pas de prise en passant
Mouvement invalide !
======= TEST DU COUP =======
Origine : x = 6 y = 3
Fin : x = 3 y = 4
Pas de prise en passant
Mouvement invalide !
======= TEST DU COUP =======
Origine : x = 6 y = 3
Fin : x = 3 y = 5
Pas de prise en passant
Mouvement invalide !
======= TEST DU COUP =======
Origine : x = 6 y = 3
Fin : x = 3 y = 6
Pas de prise en passant
Verification de la validité du coup passée !
Passage impossible !
======= TEST DU COUP =======
Origine : x = 6 y = 3
Fin : x = 3 y = 7
Pas de prise en passant
Mouvement invalide !
======= TEST DU COUP =======
Origine : x = 6 y = 3
Fin : x = 4 y = 0
Pas de prise en passant
Mouvement invalide !
======= TEST DU COUP =======
Origine : x = 6 y = 3
Fin : x = 4 y = 1
Pas de prise en passant
Verification de la validité du coup passée !
Passage libre !
entree deplacepiece echiquier
bB
Ce coup vous met en échec !
======= TEST DU COUP =======
Origine : x = 6 y = 3
Fin : x = 4 y = 2
Pas de prise en passant
Mouvement invalide !
======= TEST DU COUP =======
Origine : x = 6 y = 3
Fin : x = 4 y = 3
Pas de prise en passant
Mouvement invalide !
======= TEST DU COUP =======
Origine : x = 6 y = 3
Fin : x = 4 y = 4
Pas de prise en passant
Mouvement invalide !
======= TEST DU COUP =======
Origine : x = 6 y = 3
Fin : x = 4 y = 5
Pas de prise en passant
Verification de la validité du coup passée !
Passage libre !
entree deplacepiece echiquier
bB
Ce coup vous met en échec !
======= TEST DU COUP =======
Origine : x = 6 y = 3
Fin : x = 4 y = 6
Pas de prise en passant
Mouvement invalide !
======= TEST DU COUP =======
Origine : x = 6 y = 3
Fin : x = 4 y = 7
Pas de prise en passant
Mouvement invalide !
======= TEST DU COUP =======
Origine : x = 6 y = 3
Fin : x = 5 y = 0
Pas de prise en passant
Mouvement invalide !
======= TEST DU COUP =======
Origine : x = 6 y = 3
Fin : x = 5 y = 1
Pas de prise en passant
Mouvement invalide !
======= TEST DU COUP =======
Origine : x = 6 y = 3
Fin : x = 5 y = 2
Pas de prise en passant
Verification de la validité du coup passée !
Passage libre !
entree deplacepiece echiquier
bB
Ce coup vous met en échec !
======= TEST DU COUP =======
Origine : x = 6 y = 3
Fin : x = 5 y = 3
Pas de prise en passant
Mouvement invalide !
======= TEST DU COUP =======
Origine : x = 6 y = 3
Fin : x = 5 y = 4
Pas de prise en passant
Verification de la validité du coup passée !
Passage libre !
entree deplacepiece echiquier
bB
Ce coup vous met en échec !
======= TEST DU COUP =======
Origine : x = 6 y = 3
Fin : x = 5 y = 5
Pas de prise en passant
La case de destination est dejà occupée par une de vos pièce !
======= TEST DU COUP =======
Origine : x = 6 y = 3
Fin : x = 5 y = 6
Pas de prise en passant
Mouvement invalide !
======= TEST DU COUP =======
Origine : x = 6 y = 3
Fin : x = 5 y = 7
Pas de prise en passant
La case de destination est dejà occupée par une de vos pièce !
======= TEST DU COUP =======
Origine : x = 6 y = 3
Fin : x = 6 y = 0
Pas de prise en passant
La case de destination est dejà occupée par une de vos pièce !
======= TEST DU COUP =======
Origine : x = 6 y = 3
Fin : x = 6 y = 1
Pas de prise en passant
La case de destination est dejà occupée par une de vos pièce !
======= TEST DU COUP =======
Origine : x = 6 y = 3
Fin : x = 6 y = 2
Pas de prise en passant
La case de destination est dejà occupée par une de vos pièce !
======= TEST DU COUP =======
Origine : x = 6 y = 3
Fin : x = 6 y = 3
Pas de prise en passant
La case de destination est dejà occupée par une de vos pièce !
======= TEST DU COUP =======
Origine : x = 6 y = 3
Fin : x = 6 y = 4
Pas de prise en passant
Mouvement invalide !
======= TEST DU COUP =======
Origine : x = 6 y = 3
Fin : x = 6 y = 5
Pas de prise en passant
Mouvement invalide !
======= TEST DU COUP =======
Origine : x = 6 y = 3
Fin : x = 6 y = 6
Pas de prise en passant
La case de destination est dejà occupée par une de vos pièce !
======= TEST DU COUP =======
Origine : x = 6 y = 3
Fin : x = 6 y = 7
Pas de prise en passant
Mouvement invalide !
======= TEST DU COUP =======
Origine : x = 6 y = 3
Fin : x = 7 y = 0
Pas de prise en passant
Mouvement invalide !
======= TEST DU COUP =======
Origine : x = 6 y = 3
Fin : x = 7 y = 1
Pas de prise en passant
Mouvement invalide !
======= TEST DU COUP =======
Origine : x = 6 y = 3
Fin : x = 7 y = 2
Pas de prise en passant
Verification de la validité du coup passée !
Passage libre !
entree deplacepiece echiquier
bB
Ce coup vous met en échec !
======= TEST DU COUP =======
Origine : x = 6 y = 3
Fin : x = 7 y = 3
Pas de prise en passant
Mouvement invalide !
======= TEST DU COUP =======
Origine : x = 6 y = 3
Fin : x = 7 y = 4
Pas de prise en passant
Verification de la validité du coup passée !
Passage libre !
entree deplacepiece echiquier
bB
Ne met pas en echec !
Attente du coup :  mouvement classique
======= TEST DU COUP =======
Origine : x = 0 y = 5
Fin : x = 3 y = 2
Pièce de la mauvaise couleur !
Echec !
======= TEST DU COUP =======
Origine : x = 6 y = 3
Fin : x = 0 y = 0
Pas de prise en passant
Mouvement invalide !
======= TEST DU COUP =======
Origine : x = 6 y = 3
Fin : x = 0 y = 1
Pas de prise en passant
Mouvement invalide !
======= TEST DU COUP =======
Origine : x = 6 y = 3
Fin : x = 0 y = 2
Pas de prise en passant
Mouvement invalide !
======= TEST DU COUP =======
Origine : x = 6 y = 3
Fin : x = 0 y = 3
Pas de prise en passant
Mouvement invalide !
======= TEST DU COUP =======
Origine : x = 6 y = 3
Fin : x = 0 y = 4
Pas de prise en passant
Mouvement invalide !
======= TEST DU COUP =======
Origine : x = 6 y = 3
Fin : x = 0 y = 5
Pas de prise en passant
Mouvement invalide !
======= TEST DU COUP =======
Origine : x = 6 y = 3
Fin : x = 0 y = 6
Pas de prise en passant
Mouvement invalide !
======= TEST DU COUP =======
Origine : x = 6 y = 3
Fin : x = 0 y = 7
Pas de prise en passant
La case de destination est dejà occupée par une de vos pièce !
======= TEST DU COUP =======
Origine : x = 6 y = 3
Fin : x = 1 y = 0
Pas de prise en passant
Mouvement invalide !
======= TEST DU COUP =======
Origine : x = 6 y = 3
Fin : x = 1 y = 1
Pas de prise en passant
Mouvement invalide !
======= TEST DU COUP =======
Origine : x = 6 y = 3
Fin : x = 1 y = 2
Pas de prise en passant
Mouvement invalide !
======= TEST DU COUP =======
Origine : x = 6 y = 3
Fin : x = 1 y = 3
Pas de prise en passant
Mouvement invalide !
======= TEST DU COUP =======
Origine : x = 6 y = 3
Fin : x = 1 y = 4
Pas de prise en passant
Mouvement invalide !
======= TEST DU COUP =======
Origine : x = 6 y = 3
Fin : x = 1 y = 5
Pas de prise en passant
Mouvement invalide !
======= TEST DU COUP =======
Origine : x = 6 y = 3
Fin : x = 1 y = 6
Pas de prise en passant
Mouvement invalide !
======= TEST DU COUP =======
Origine : x = 6 y = 3
Fin : x = 1 y = 7
Pas de prise en passant
Mouvement invalide !
======= TEST DU COUP =======
Origine : x = 6 y = 3
Fin : x = 2 y = 0
Pas de prise en passant
Mouvement invalide !
======= TEST DU COUP =======
Origine : x = 6 y = 3
Fin : x = 2 y = 1
Pas de prise en passant
Mouvement invalide !
======= TEST DU COUP =======
Origine : x = 6 y = 3
Fin : x = 2 y = 2
Pas de prise en passant
Mouvement invalide !
======= TEST DU COUP =======
Origine : x = 6 y = 3
Fin : x = 2 y = 3
Pas de prise en passant
Mouvement invalide !
======= TEST DU COUP =======
Origine : x = 6 y = 3
Fin : x = 2 y = 4
Pas de prise en passant
Mouvement invalide !
======= TEST DU COUP =======
Origine : x = 6 y = 3
Fin : x = 2 y = 5
Pas de prise en passant
Mouvement invalide !
======= TEST DU COUP =======
Origine : x = 6 y = 3
Fin : x = 2 y = 6
Pas de prise en passant
Mouvement invalide !
======= TEST DU COUP =======
Origine : x = 6 y = 3
Fin : x = 2 y = 7
Pas de prise en passant
Verification de la validité du coup passée !
Passage impossible !
======= TEST DU COUP =======
Origine : x = 6 y = 3
Fin : x = 3 y = 0
Pas de prise en passant
Verification de la validité du coup passée !
Passage libre !
entree deplacepiece echiquier
bB
Ce coup vous met en échec !
======= TEST DU COUP =======
Origine : x = 6 y = 3
Fin : x = 3 y = 1
Pas de prise en passant
Mouvement invalide !
======= TEST DU COUP =======
Origine : x = 6 y = 3
Fin : x = 3 y = 2
Pas de prise en passant
Mouvement invalide !
======= TEST DU COUP =======
Origine : x = 6 y = 3
Fin : x = 3 y = 3
Pas de prise en passant
Mouvement invalide !
======= TEST DU COUP =======
Origine : x = 6 y = 3
Fin : x = 3 y = 4
Pas de prise en passant
Mouvement invalide !
======= TEST DU COUP =======
Origine : x = 6 y = 3
Fin : x = 3 y = 5
Pas de prise en passant
Mouvement invalide !
======= TEST DU COUP =======
Origine : x = 6 y = 3
Fin : x = 3 y = 6
Pas de prise en passant
Verification de la validité du coup passée !
Passage impossible !
======= TEST DU COUP =======
Origine : x = 6 y = 3
Fin : x = 3 y = 7
Pas de prise en passant
Mouvement invalide !
======= TEST DU COUP =======
Origine : x = 6 y = 3
Fin : x = 4 y = 0
Pas de prise en passant
Mouvement invalide !
======= TEST DU COUP =======
Origine : x = 6 y = 3
Fin : x = 4 y = 1
Pas de prise en passant
Verification de la validité du coup passée !
Passage libre !
entree deplacepiece echiquier
bB
Ce coup vous met en échec !
======= TEST DU COUP =======
Origine : x = 6 y = 3
Fin : x = 4 y = 2
Pas de prise en passant
Mouvement invalide !
======= TEST DU COUP =======
Origine : x = 6 y = 3
Fin : x = 4 y = 3
Pas de prise en passant
Mouvement invalide !
======= TEST DU COUP =======
Origine : x = 6 y = 3
Fin : x = 4 y = 4
Pas de prise en passant
Mouvement invalide !
======= TEST DU COUP =======
Origine : x = 6 y = 3
Fin : x = 4 y = 5
Pas de prise en passant
Verification de la validité du coup passée !
Passage libre !
entree deplacepiece echiquier
bB
Ce coup vous met en échec !
======= TEST DU COUP =======
Origine : x = 6 y = 3
Fin : x = 4 y = 6
Pas de prise en passant
Mouvement invalide !
======= TEST DU COUP =======
Origine : x = 6 y = 3
Fin : x = 4 y = 7
Pas de prise en passant
Mouvement invalide !
======= TEST DU COUP =======
Origine : x = 6 y = 3
Fin : x = 5 y = 0
Pas de prise en passant
Mouvement invalide !
======= TEST DU COUP =======
Origine : x = 6 y = 3
Fin : x = 5 y = 1
Pas de prise en passant
Mouvement invalide !
======= TEST DU COUP =======
Origine : x = 6 y = 3
Fin : x = 5 y = 2
Pas de prise en passant
Verification de la validité du coup passée !
Passage libre !
entree deplacepiece echiquier
bB
Ce coup vous met en échec !
======= TEST DU COUP =======
Origine : x = 6 y = 3
Fin : x = 5 y = 3
Pas de prise en passant
Mouvement invalide !
======= TEST DU COUP =======
Origine : x = 6 y = 3
Fin : x = 5 y = 4
Pas de prise en passant
Verification de la validité du coup passée !
Passage libre !
entree deplacepiece echiquier
bB
Ce coup vous met en échec !
======= TEST DU COUP =======
Origine : x = 6 y = 3
Fin : x = 5 y = 5
Pas de prise en passant
La case de destination est dejà occupée par une de vos pièce !
======= TEST DU COUP =======
Origine : x = 6 y = 3
Fin : x = 5 y = 6
Pas de prise en passant
Mouvement invalide !
======= TEST DU COUP =======
Origine : x = 6 y = 3
Fin : x = 5 y = 7
Pas de prise en passant
La case de destination est dejà occupée par une de vos pièce !
======= TEST DU COUP =======
Origine : x = 6 y = 3
Fin : x = 6 y = 0
Pas de prise en passant
La case de destination est dejà occupée par une de vos pièce !
======= TEST DU COUP =======
Origine : x = 6 y = 3
Fin : x = 6 y = 1
Pas de prise en passant
La case de destination est dejà occupée par une de vos pièce !
======= TEST DU COUP =======
Origine : x = 6 y = 3
Fin : x = 6 y = 2
Pas de prise en passant
La case de destination est dejà occupée par une de vos pièce !
======= TEST DU COUP =======
Origine : x = 6 y = 3
Fin : x = 6 y = 3
Pas de prise en passant
La case de destination est dejà occupée par une de vos pièce !
======= TEST DU COUP =======
Origine : x = 6 y = 3
Fin : x = 6 y = 4
Pas de prise en passant
Mouvement invalide !
======= TEST DU COUP =======
Origine : x = 6 y = 3
Fin : x = 6 y = 5
Pas de prise en passant
Mouvement invalide !
======= TEST DU COUP =======
Origine : x = 6 y = 3
Fin : x = 6 y = 6
Pas de prise en passant
La case de destination est dejà occupée par une de vos pièce !
======= TEST DU COUP =======
Origine : x = 6 y = 3
Fin : x = 6 y = 7
Pas de prise en passant
Mouvement invalide !
======= TEST DU COUP =======
Origine : x = 6 y = 3
Fin : x = 7 y = 0
Pas de prise en passant
Mouvement invalide !
======= TEST DU COUP =======
Origine : x = 6 y = 3
Fin : x = 7 y = 1
Pas de prise en passant
Mouvement invalide !
======= TEST DU COUP =======
Origine : x = 6 y = 3
Fin : x = 7 y = 2
Pas de prise en passant
Verification de la validité du coup passée !
Passage libre !
entree deplacepiece echiquier
bB
Ce coup vous met en échec !
======= TEST DU COUP =======
Origine : x = 6 y = 3
Fin : x = 7 y = 3
Pas de prise en passant
Mouvement invalide !
======= TEST DU COUP =======
Origine : x = 6 y = 3
Fin : x = 7 y = 4
Pas de prise en passant
Verification de la validité du coup passée !
Passage libre !
entree deplacepiece echiquier
bB
Ne met pas en echec !
Attente du coup :  mouvement classique
======= TEST DU COUP =======
Origine : x = 7 y = 6
Fin : x = 7 y = 7
Pas de prise en passant
Verification de la validité du coup passée !
Passage libre !
entree deplacepiece echiquier
bK
Ce coup vous met en échec !
Echec !
======= TEST DU COUP =======
Origine : x = 6 y = 3
Fin : x = 0 y = 0
Pas de prise en passant
Mouvement invalide !
======= TEST DU COUP =======
Origine : x = 6 y = 3
Fin : x = 0 y = 1
Pas de prise en passant
Mouvement invalide !
======= TEST DU COUP =======
Origine : x = 6 y = 3
Fin : x = 0 y = 2
Pas de prise en passant
Mouvement invalide !
======= TEST DU COUP =======
Origine : x = 6 y = 3
Fin : x = 0 y = 3
Pas de prise en passant
Mouvement invalide !
======= TEST DU COUP =======
Origine : x = 6 y = 3
Fin : x = 0 y = 4
Pas de prise en passant
Mouvement invalide !
======= TEST DU COUP =======
Origine : x = 6 y = 3
Fin : x = 0 y = 5
Pas de prise en passant
Mouvement invalide !
======= TEST DU COUP =======
Origine : x = 6 y = 3
Fin : x = 0 y = 6
Pas de prise en passant
Mouvement invalide !
======= TEST DU COUP =======
Origine : x = 6 y = 3
Fin : x = 0 y = 7
Pas de prise en passant
La case de destination est dejà occupée par une de vos pièce !
======= TEST DU COUP =======
Origine : x = 6 y = 3
Fin : x = 1 y = 0
Pas de prise en passant
Mouvement invalide !
======= TEST DU COUP =======
Origine : x = 6 y = 3
Fin : x = 1 y = 1
Pas de prise en passant
Mouvement invalide !
======= TEST DU COUP =======
Origine : x = 6 y = 3
Fin : x = 1 y = 2
Pas de prise en passant
Mouvement invalide !
======= TEST DU COUP =======
Origine : x = 6 y = 3
Fin : x = 1 y = 3
Pas de prise en passant
Mouvement invalide !
======= TEST DU COUP =======
Origine : x = 6 y = 3
Fin : x = 1 y = 4
Pas de prise en passant
Mouvement invalide !
======= TEST DU COUP =======
Origine : x = 6 y = 3
Fin : x = 1 y = 5
Pas de prise en passant
Mouvement invalide !
======= TEST DU COUP =======
Origine : x = 6 y = 3
Fin : x = 1 y = 6
Pas de prise en passant
Mouvement invalide !
======= TEST DU COUP =======
Origine : x = 6 y = 3
Fin : x = 1 y = 7
Pas de prise en passant
Mouvement invalide !
======= TEST DU COUP =======
Origine : x = 6 y = 3
Fin : x = 2 y = 0
Pas de prise en passant
Mouvement invalide !
======= TEST DU COUP =======
Origine : x = 6 y = 3
Fin : x = 2 y = 1
Pas de prise en passant
Mouvement invalide !
======= TEST DU COUP =======
Origine : x = 6 y = 3
Fin : x = 2 y = 2
Pas de prise en passant
Mouvement invalide !
======= TEST DU COUP =======
Origine : x = 6 y = 3
Fin : x = 2 y = 3
Pas de prise en passant
Mouvement invalide !
======= TEST DU COUP =======
Origine : x = 6 y = 3
Fin : x = 2 y = 4
Pas de prise en passant
Mouvement invalide !
======= TEST DU COUP =======
Origine : x = 6 y = 3
Fin : x = 2 y = 5
Pas de prise en passant
Mouvement invalide !
======= TEST DU COUP =======
Origine : x = 6 y = 3
Fin : x = 2 y = 6
Pas de prise en passant
Mouvement invalide !
======= TEST DU COUP =======
Origine : x = 6 y = 3
Fin : x = 2 y = 7
Pas de prise en passant
Verification de la validité du coup passée !
Passage impossible !
======= TEST DU COUP =======
Origine : x = 6 y = 3
Fin : x = 3 y = 0
Pas de prise en passant
Verification de la validité du coup passée !
Passage libre !
entree deplacepiece echiquier
bB
Ce coup vous met en échec !
======= TEST DU COUP =======
Origine : x = 6 y = 3
Fin : x = 3 y = 1
Pas de prise en passant
Mouvement invalide !
======= TEST DU COUP =======
Origine : x = 6 y = 3
Fin : x = 3 y = 2
Pas de prise en passant
Mouvement invalide !
======= TEST DU COUP =======
Origine : x = 6 y = 3
Fin : x = 3 y = 3
Pas de prise en passant
Mouvement invalide !
======= TEST DU COUP =======
Origine : x = 6 y = 3
Fin : x = 3 y = 4
Pas de prise en passant
Mouvement invalide !
======= TEST DU COUP =======
Origine : x = 6 y = 3
Fin : x = 3 y = 5
Pas de prise en passant
Mouvement invalide !
======= TEST DU COUP =======
Origine : x = 6 y = 3
Fin : x = 3 y = 6
Pas de prise en passant
Verification de la validité du coup passée !
Passage impossible !
======= TEST DU COUP =======
Origine : x = 6 y = 3
Fin : x = 3 y = 7
Pas de prise en passant
Mouvement invalide !
======= TEST DU COUP =======
Origine : x = 6 y = 3
Fin : x = 4 y = 0
Pas de prise en passant
Mouvement invalide !
======= TEST DU COUP =======
Origine : x = 6 y = 3
Fin : x = 4 y = 1
Pas de prise en passant
Verification de la validité du coup passée !
Passage libre !
entree deplacepiece echiquier
bB
Ce coup vous met en échec !
======= TEST DU COUP =======
Origine : x = 6 y = 3
Fin : x = 4 y = 2
Pas de prise en passant
Mouvement invalide !
======= TEST DU COUP =======
Origine : x = 6 y = 3
Fin : x = 4 y = 3
Pas de prise en passant
Mouvement invalide !
======= TEST DU COUP =======
Origine : x = 6 y = 3
Fin : x = 4 y = 4
Pas de prise en passant
Mouvement invalide !
======= TEST DU COUP =======
Origine : x = 6 y = 3
Fin : x = 4 y = 5
Pas de prise en passant
Verification de la validité du coup passée !
Passage libre !
entree deplacepiece echiquier
bB
Ce coup vous met en échec !
======= TEST DU COUP =======
Origine : x = 6 y = 3
Fin : x = 4 y = 6
Pas de prise en passant
Mouvement invalide !
======= TEST DU COUP =======
Origine : x = 6 y = 3
Fin : x = 4 y = 7
Pas de prise en passant
Mouvement invalide !
======= TEST DU COUP =======
Origine : x = 6 y = 3
Fin : x = 5 y = 0
Pas de prise en passant
Mouvement invalide !
======= TEST DU COUP =======
Origine : x = 6 y = 3
Fin : x = 5 y = 1
Pas de prise en passant
Mouvement invalide !
======= TEST DU COUP =======
Origine : x = 6 y = 3
Fin : x = 5 y = 2
Pas de prise en passant
Verification de la validité du coup passée !
Passage libre !
entree deplacepiece echiquier
bB
Ce coup vous met en échec !
======= TEST DU COUP =======
Origine : x = 6 y = 3
Fin : x = 5 y = 3
Pas de prise en passant
Mouvement invalide !
======= TEST DU COUP =======
Origine : x = 6 y = 3
Fin : x = 5 y = 4
Pas de prise en passant
Verification de la validité du coup passée !
Passage libre !
entree deplacepiece echiquier
bB
Ce coup vous met en échec !
======= TEST DU COUP =======
Origine : x = 6 y = 3
Fin : x = 5 y = 5
Pas de prise en passant
La case de destination est dejà occupée par une de vos pièce !
======= TEST DU COUP =======
Origine : x = 6 y = 3
Fin : x = 5 y = 6
Pas de prise en passant
Mouvement invalide !
======= TEST DU COUP =======
Origine : x = 6 y = 3
Fin : x = 5 y = 7
Pas de prise en passant
La case de destination est dejà occupée par une de vos pièce !
======= TEST DU COUP =======
Origine : x = 6 y = 3
Fin : x = 6 y = 0
Pas de prise en passant
La case de destination est dejà occupée par une de vos pièce !
======= TEST DU COUP =======
Origine : x = 6 y = 3
Fin : x = 6 y = 1
Pas de prise en passant
La case de destination est dejà occupée par une de vos pièce !
======= TEST DU COUP =======
Origine : x = 6 y = 3
Fin : x = 6 y = 2
Pas de prise en passant
La case de destination est dejà occupée par une de vos pièce !
======= TEST DU COUP =======
Origine : x = 6 y = 3
Fin : x = 6 y = 3
Pas de prise en passant
La case de destination est dejà occupée par une de vos pièce !
======= TEST DU COUP =======
Origine : x = 6 y = 3
Fin : x = 6 y = 4
Pas de prise en passant
Mouvement invalide !
======= TEST DU COUP =======
Origine : x = 6 y = 3
Fin : x = 6 y = 5
Pas de prise en passant
Mouvement invalide !
======= TEST DU COUP =======
Origine : x = 6 y = 3
Fin : x = 6 y = 6
Pas de prise en passant
La case de destination est dejà occupée par une de vos pièce !
======= TEST DU COUP =======
Origine : x = 6 y = 3
Fin : x = 6 y = 7
Pas de prise en passant
Mouvement invalide !
======= TEST DU COUP =======
Origine : x = 6 y = 3
Fin : x = 7 y = 0
Pas de prise en passant
Mouvement invalide !
======= TEST DU COUP =======
Origine : x = 6 y = 3
Fin : x = 7 y = 1
Pas de prise en passant
Mouvement invalide !
======= TEST DU COUP =======
Origine : x = 6 y = 3
Fin : x = 7 y = 2
Pas de prise en passant
Verification de la validité du coup passée !
Passage libre !
entree deplacepiece echiquier
bB
Ce coup vous met en échec !
======= TEST DU COUP =======
Origine : x = 6 y = 3
Fin : x = 7 y = 3
Pas de prise en passant
Mouvement invalide !
======= TEST DU COUP =======
Origine : x = 6 y = 3
Fin : x = 7 y = 4
Pas de prise en passant
Verification de la validité du coup passée !
Passage libre !
entree deplacepiece echiquier
bB
Ne met pas en echec !
Attente du coup :  mouvement classique
======= TEST DU COUP =======
Origine : x = 4 y = 7
Fin : x = 5 y = 7
Pièce de la mauvaise couleur !
Echec !
======= TEST DU COUP =======
Origine : x = 6 y = 3
Fin : x = 0 y = 0
Pas de prise en passant
Mouvement invalide !
======= TEST DU COUP =======
Origine : x = 6 y = 3
Fin : x = 0 y = 1
Pas de prise en passant
Mouvement invalide !
======= TEST DU COUP =======
Origine : x = 6 y = 3
Fin : x = 0 y = 2
Pas de prise en passant
Mouvement invalide !
======= TEST DU COUP =======
Origine : x = 6 y = 3
Fin : x = 0 y = 3
Pas de prise en passant
Mouvement invalide !
======= TEST DU COUP =======
Origine : x = 6 y = 3
Fin : x = 0 y = 4
Pas de prise en passant
Mouvement invalide !
======= TEST DU COUP =======
Origine : x = 6 y = 3
Fin : x = 0 y = 5
Pas de prise en passant
Mouvement invalide !
======= TEST DU COUP =======
Origine : x = 6 y = 3
Fin : x = 0 y = 6
Pas de prise en passant
Mouvement invalide !
======= TEST DU COUP =======
Origine : x = 6 y = 3
Fin : x = 0 y = 7
Pas de prise en passant
La case de destination est dejà occupée par une de vos pièce !
======= TEST DU COUP =======
Origine : x = 6 y = 3
Fin : x = 1 y = 0
Pas de prise en passant
Mouvement invalide !
======= TEST DU COUP =======
Origine : x = 6 y = 3
Fin : x = 1 y = 1
Pas de prise en passant
Mouvement invalide !
======= TEST DU COUP =======
Origine : x = 6 y = 3
Fin : x = 1 y = 2
Pas de prise en passant
Mouvement invalide !
======= TEST DU COUP =======
Origine : x = 6 y = 3
Fin : x = 1 y = 3
Pas de prise en passant
Mouvement invalide !
======= TEST DU COUP =======
Origine : x = 6 y = 3
Fin : x = 1 y = 4
Pas de prise en passant
Mouvement invalide !
======= TEST DU COUP =======
Origine : x = 6 y = 3
Fin : x = 1 y = 5
Pas de prise en passant
Mouvement invalide !
======= TEST DU COUP =======
Origine : x = 6 y = 3
Fin : x = 1 y = 6
Pas de prise en passant
Mouvement invalide !
======= TEST DU COUP =======
Origine : x = 6 y = 3
Fin : x = 1 y = 7
Pas de prise en passant
Mouvement invalide !
======= TEST DU COUP =======
Origine : x = 6 y = 3
Fin : x = 2 y = 0
Pas de prise en passant
Mouvement invalide !
======= TEST DU COUP =======
Origine : x = 6 y = 3
Fin : x = 2 y = 1
Pas de prise en passant
Mouvement invalide !
======= TEST DU COUP =======
Origine : x = 6 y = 3
Fin : x = 2 y = 2
Pas de prise en passant
Mouvement invalide !
======= TEST DU COUP =======
Origine : x = 6 y = 3
Fin : x = 2 y = 3
Pas de prise en passant
Mouvement invalide !
======= TEST DU COUP =======
Origine : x = 6 y = 3
Fin : x = 2 y = 4
Pas de prise en passant
Mouvement invalide !
======= TEST DU COUP =======
Origine : x = 6 y = 3
Fin : x = 2 y = 5
Pas de prise en passant
Mouvement invalide !
======= TEST DU COUP =======
Origine : x = 6 y = 3
Fin : x = 2 y = 6
Pas de prise en passant
Mouvement invalide !
======= TEST DU COUP =======
Origine : x = 6 y = 3
Fin : x = 2 y = 7
Pas de prise en passant
Verification de la validité du coup passée !
Passage impossible !
======= TEST DU COUP =======
Origine : x = 6 y = 3
Fin : x = 3 y = 0
Pas de prise en passant
Verification de la validité du coup passée !
Passage libre !
entree deplacepiece echiquier
bB
Ce coup vous met en échec !
======= TEST DU COUP =======
Origine : x = 6 y = 3
Fin : x = 3 y = 1
Pas de prise en passant
Mouvement invalide !
======= TEST DU COUP =======
Origine : x = 6 y = 3
Fin : x = 3 y = 2
Pas de prise en passant
Mouvement invalide !
======= TEST DU COUP =======
Origine : x = 6 y = 3
Fin : x = 3 y = 3
Pas de prise en passant
Mouvement invalide !
======= TEST DU COUP =======
Origine : x = 6 y = 3
Fin : x = 3 y = 4
Pas de prise en passant
Mouvement invalide !
======= TEST DU COUP =======
Origine : x = 6 y = 3
Fin : x = 3 y = 5
Pas de prise en passant
Mouvement invalide !
======= TEST DU COUP =======
Origine : x = 6 y = 3
Fin : x = 3 y = 6
Pas de prise en passant
Verification de la validité du coup passée !
Passage impossible !
======= TEST DU COUP =======
Origine : x = 6 y = 3
Fin : x = 3 y = 7
Pas de prise en passant
Mouvement invalide !
======= TEST DU COUP =======
Origine : x = 6 y = 3
Fin : x = 4 y = 0
Pas de prise en passant
Mouvement invalide !
======= TEST DU COUP =======
Origine : x = 6 y = 3
Fin : x = 4 y = 1
Pas de prise en passant
Verification de la validité du coup passée !
Passage libre !
entree deplacepiece echiquier
bB
Ce coup vous met en échec !
======= TEST DU COUP =======
Origine : x = 6 y = 3
Fin : x = 4 y = 2
Pas de prise en passant
Mouvement invalide !
======= TEST DU COUP =======
Origine : x = 6 y = 3
Fin : x = 4 y = 3
Pas de prise en passant
Mouvement invalide !
======= TEST DU COUP =======
Origine : x = 6 y = 3
Fin : x = 4 y = 4
Pas de prise en passant
Mouvement invalide !
======= TEST DU COUP =======
Origine : x = 6 y = 3
Fin : x = 4 y = 5
Pas de prise en passant
Verification de la validité du coup passée !
Passage libre !
entree deplacepiece echiquier
bB
Ce coup vous met en échec !
======= TEST DU COUP =======
Origine : x = 6 y = 3
Fin : x = 4 y = 6
Pas de prise en passant
Mouvement invalide !
======= TEST DU COUP =======
Origine : x = 6 y = 3
Fin : x = 4 y = 7
Pas de prise en passant
Mouvement invalide !
======= TEST DU COUP =======
Origine : x = 6 y = 3
Fin : x = 5 y = 0
Pas de prise en passant
Mouvement invalide !
======= TEST DU COUP =======
Origine : x = 6 y = 3
Fin : x = 5 y = 1
Pas de prise en passant
Mouvement invalide !
======= TEST DU COUP =======
Origine : x = 6 y = 3
Fin : x = 5 y = 2
Pas de prise en passant
Verification de la validité du coup passée !
Passage libre !
entree deplacepiece echiquier
bB
Ce coup vous met en échec !
======= TEST DU COUP =======
Origine : x = 6 y = 3
Fin : x = 5 y = 3
Pas de prise en passant
Mouvement invalide !
======= TEST DU COUP =======
Origine : x = 6 y = 3
Fin : x = 5 y = 4
Pas de prise en passant
Verification de la validité du coup passée !
Passage libre !
entree deplacepiece echiquier
bB
Ce coup vous met en échec !
======= TEST DU COUP =======
Origine : x = 6 y = 3
Fin : x = 5 y = 5
Pas de prise en passant
La case de destination est dejà occupée par une de vos pièce !
======= TEST DU COUP =======
Origine : x = 6 y = 3
Fin : x = 5 y = 6
Pas de prise en passant
Mouvement invalide !
======= TEST DU COUP =======
Origine : x = 6 y = 3
Fin : x = 5 y = 7
Pas de prise en passant
La case de destination est dejà occupée par une de vos pièce !
======= TEST DU COUP =======
Origine : x = 6 y = 3
Fin : x = 6 y = 0
Pas de prise en passant
La case de destination est dejà occupée par une de vos pièce !
======= TEST DU COUP =======
Origine : x = 6 y = 3
Fin : x = 6 y = 1
Pas de prise en passant
La case de destination est dejà occupée par une de vos pièce !
======= TEST DU COUP =======
Origine : x = 6 y = 3
Fin : x = 6 y = 2
Pas de prise en passant
La case de destination est dejà occupée par une de vos pièce !
======= TEST DU COUP =======
Origine : x = 6 y = 3
Fin : x = 6 y = 3
Pas de prise en passant
La case de destination est dejà occupée par une de vos pièce !
======= TEST DU COUP =======
Origine : x = 6 y = 3
Fin : x = 6 y = 4
Pas de prise en passant
Mouvement invalide !
======= TEST DU COUP =======
Origine : x = 6 y = 3
Fin : x = 6 y = 5
Pas de prise en passant
Mouvement invalide !
======= TEST DU COUP =======
Origine : x = 6 y = 3
Fin : x = 6 y = 6
Pas de prise en passant
La case de destination est dejà occupée par une de vos pièce !
======= TEST DU COUP =======
Origine : x = 6 y = 3
Fin : x = 6 y = 7
Pas de prise en passant
Mouvement invalide !
======= TEST DU COUP =======
Origine : x = 6 y = 3
Fin : x = 7 y = 0
Pas de prise en passant
Mouvement invalide !
======= TEST DU COUP =======
Origine : x = 6 y = 3
Fin : x = 7 y = 1
Pas de prise en passant
Mouvement invalide !
======= TEST DU COUP =======
Origine : x = 6 y = 3
Fin : x = 7 y = 2
Pas de prise en passant
Verification de la validité du coup passée !
Passage libre !
entree deplacepiece echiquier
bB
Ce coup vous met en échec !
======= TEST DU COUP =======
Origine : x = 6 y = 3
Fin : x = 7 y = 3
Pas de prise en passant
Mouvement invalide !
======= TEST DU COUP =======
Origine : x = 6 y = 3
Fin : x = 7 y = 4
Pas de prise en passant
Verification de la validité du coup passée !
Passage libre !
entree deplacepiece echiquier
bB
Ne met pas en echec !
Attente du coup :  L'entrée n'est pas valide !
Attente du coup :  L'entrée n'est pas valide !
Attente du coup :  L'entrée n'est pas valide !
Attente du coup :  L'entrée n'est pas valide !
Attente du coup :  L'entrée n'est pas valide !
Attente du coup :  L'entrée n'est pas valide !
Attente du coup :  L'entrée n'est pas valide !
Attente du coup :  L'entrée n'est pas valide !
Attente du coup :  L'entrée n'est pas valide !
Attente du coup :  L'entrée n'est pas valide !
Attente du coup :  L'entrée n'est pas valide !
Attente du coup :  L'entrée n'est pas valide !
Attente du coup :  L'entrée n'est pas valide !
Attente du coup :  L'entrée n'est pas valide !
Attente du coup :  L'entrée n'est pas valide !
Attente du coup :  L'entrée n'est pas valide !
Attente du coup :  L'entrée n'est pas valide !
Attente du coup :  L'entrée n'est pas valide !
Attente du coup :  L'entrée n'est pas valide !
Attente du coup :  L'entrée n'est pas valide !
Attente du coup :  L'entrée n'est pas valide !
Attente du coup :  L'entrée n'est pas valide !
Attente du coup :  L'entrée n'est pas valide !
Attente du coup :  L'entrée n'est pas valide !
Attente du coup :  L'entrée n'est pas valide !
Attente du coup :  L'entrée n'est pas valide !
Attente du coup :  L'entrée n'est pas valide !
Attente du coup :  L'entrée n'est pas valide !
Attente du coup :  L'entrée n'est pas valide !
Attente du coup :  L'entrée n'est pas valide !
Attente du coup :  L'entrée n'est pas valide !
Attente du coup :  L'entrée n'est pas valide !
Attente du coup :  L'entrée n'est pas valide !
Attente du coup :  L'entrée n'est pas valide !
Attente du coup :  L'entrée n'est pas valide !
Attente du coup :  L'entrée n'est pas valide !
Attente du coup :  L'entrée n'est pas valide !
Attente du coup :  L'entrée n'est pas valide !
Attente du coup :  L'entrée n'est pas valide !
Attente du coup :  L'entrée n'est pas valide !
Attente du coup :  L'entrée n'est pas valide !
Attente du coup :  L'entrée n'est pas valide !
Attente du coup :  L'entrée n'est pas valide !
Attente du coup :  L'entrée n'est pas valide !
Attente du coup :  L'entrée n'est pas valide !
Attente du coup :  L'entrée n'est pas valide !
Attente du coup :  L'entrée n'est pas valide !
Attente du coup :  L'entrée n'est pas valide !
Attente du coup :  L'entrée n'est pas valide !
Attente du coup :  L'entrée n'est pas valide !
Attente du coup :  L'entrée n'est pas valide !
Attente du coup :  L'entrée n'est pas valide !
Attente du coup :  L'entrée n'est pas valide !
Attente du coup :  L'entrée n'est pas valide !
Attente du coup :  L'entrée n'est pas valide !
Attente du coup :  L'entrée n'est pas valide !
Attente du coup :  L'entrée n'est pas valide !
Attente du coup :  L'entrée n'est pas valide !
Attente du coup :  L'entrée n'est pas valide !
Attente du coup :  L'entrée n'est pas valide !
Attente du coup :  L'entrée n'est pas valide !
Attente du coup :  L'entrée n'est pas valide !
Attente du coup :  L'entrée n'est pas valide !
Attente du coup :  L'entrée n'est pas valide !
Attente du coup :  L'entrée n'est pas valide !
Attente du coup :  L'entrée n'est pas valide !
Attente du coup :  L'entrée n'est pas valide !
Attente du coup :  L'entrée n'est pas valide !
Attente du coup :  L'entrée n'est pas valide !
Attente du coup :  L'entrée n'est pas valide !
Attente du coup :  L'entrée n'est pas valide !
Attente du coup :  L'entrée n'est pas valide !
Attente du coup :  L'entrée n'est pas valide !
Attente du coup :  L'entrée n'est pas valide !
Attente du coup :  L'entrée n'est pas valide !
Attente du coup :  L'entrée n'est pas valide !
Attente du coup :  L'entrée n'est pas valide !
Attente du coup :  L'entrée n'est pas valide !
Attente du coup :  L'entrée n'est pas valide !
Attente du coup :  L'entrée n'est pas valide !
Attente du coup :  L'entrée n'est pas valide !
Attente du coup :  L'entrée n'est pas valide !
Attente du coup :  L'entrée n'est pas valide !
Attente du coup :  L'entrée n'est pas valide !
Attente du coup :  L'entrée n'est pas valide !
Attente du coup :  L'entrée n'est pas valide !
Attente du coup :  L'entrée n'est pas valide !
Attente du coup :  L'entrée n'est pas valide !
Attente du coup :  L'entrée n'est pas valide !
Attente du coup :  L'entrée n'est pas valide !
Attente du coup :  L'entrée n'est pas valide !
Attente du coup :  L'entrée n'est pas valide !
Attente du coup :  L'entrée n'est pas valide !
Attente du coup :  L'entrée n'est pas valide !
Attente du coup :  L'entrée n'est pas valide !
Attente du coup :  L'entrée n'est pas valide !
Attente du coup :  L'entrée n'est pas valide !
Attente du coup :  L'entrée n'est pas valide !
Attente du coup :  L'entrée n'est pas valide !
Attente du coup :  L'entrée n'est pas valide !
Attente du coup :  L'entrée n'est pas valide !
Attente du coup :  L'entrée n'est pas valide !
Attente du coup :  L'entrée n'est pas valide !
Attente du coup :  L'entrée n'est pas valide !
Attente du coup :  L'entrée n'est pas valide !
Attente du coup :  L'entrée n'est pas valide !
Attente du coup :  L'entrée n'est pas valide !
Attente du coup :  L'entrée n'est pas valide !
Attente du coup :  L'entrée n'est pas valide !
Attente du coup :  L'entrée n'est pas valide !
Attente du coup :  L'entrée n'est pas valide !
Attente du coup :  L'entrée n'est pas valide !
Attente du coup :  L'entrée n'est pas valide !
Attente du coup :  L'entrée n'est pas valide !
Attente du coup :  L'entrée n'est pas valide !
Attente du coup :  L'entrée n'est pas valide !
Attente du coup :  L'entrée n'est pas valide !
Attente du coup :  L'entrée n'est pas valide !
Attente du coup :  L'entrée n'est pas valide !
Attente du coup :  L'entrée n'est pas valide !
Attente du coup :  L'entrée n'est pas valide !
Attente du coup :  L'entrée n'est pas valide !
Attente du coup :  L'entrée n'est pas valide !
Attente du coup :  L'entrée n'est pas valide !
Attente du coup :  L'entrée n'est pas valide !
Attente du coup :  L'entrée n'est pas valide !
Attente du coup :  L'entrée n'est pas valide !
Attente du coup :  L'entrée n'est pas valide !
Attente du coup :  L'entrée n'est pas valide !
Attente du coup :  L'entrée n'est pas valide !
Attente du coup :  L'entrée n'est pas valide !
Attente du coup :  L'entrée n'est pas valide !
Attente du coup :  L'entrée n'est pas valide !
Attente du coup :  L'entrée n'est pas valide !
Attente du coup :  L'entrée n'est pas valide !
Attente du coup :  L'entrée n'est pas valide !
Attente du coup :  L'entrée n'est pas valide !
Attente du coup :  L'entrée n'est pas valide !
Attente du coup :  L'entrée n'est pas valide !
Attente du coup :  L'entrée n'est pas valide !
Attente du coup :  L'entrée n'est pas valide !
Attente du coup :  L'entrée n'est pas valide !
Attente du coup :  L'entrée n'est pas valide !
Attente du coup :  L'entrée n'est pas valide !
Attente du coup :  L'entrée n'est pas valide !
Attente du coup :  L'entrée n'est pas valide !
Attente du coup :  L'entrée n'est pas valide !
Attente du coup :  L'entrée n'est pas valide !
Attente du coup :  L'entrée n'est pas valide !
Attente du coup :  L'entrée n'est pas valide !
Attente du coup :  L'entrée n'est pas valide !
Attente du coup :  L'entrée n'est pas valide !
Attente du coup :  L'entrée n'est pas valide !
Attente du coup :  L'entrée n'est pas valide !
Attente du coup :  L'entrée n'est pas valide !
Attente du coup :  L'entrée n'est pas valide !
Attente du coup :  L'entrée n'est pas valide !
Attente du coup :  L'entrée n'est pas valide !
Attente du coup :  L'entrée n'est pas valide !
Attente du coup :  L'entrée n'est pas valide !
Attente du coup :  L'entrée n'est pas valide !
Attente du coup :  L'entrée n'est pas valide !
Attente du coup :  L'entrée n'est pas valide !
Attente du coup :  L'entrée n'est pas valide !
Attente du coup :  L'entrée n'est pas valide !
Attente du coup :  L'entrée n'est pas valide !
Attente du coup :  L'entrée n'est pas valide !
Attente du coup :  L'entrée n'est pas valide !
Attente du coup :  L'entrée n'est pas valide !
Attente du coup :  L'entrée n'est pas valide !
Attente du coup :  L'entrée n'est pas valide !
Attente du coup :  L'entrée n'est pas valide !
Attente du coup :  L'entrée n'est pas valide !
Attente du coup :  L'entrée n'est pas valide !
Attente du coup :  L'entrée n'est pas valide !
Attente du coup :  L'entrée n'est pas valide !
Attente du coup :  L'entrée n'est pas valide !
Attente du coup :  L'entrée n'est pas valide !
Attente du coup :  L'entrée n'est pas valide !
Attente du coup :  L'entrée n'est pas valide !
Attente du coup :  L'entrée n'est pas valide !
Attente du coup :  L'entrée n'est pas valide !
Attente du coup :  L'entrée n'est pas valide !
Attente du coup :  L'entrée n'est pas valide !
Attente du coup :  L'entrée n'est pas valide !
Attente du coup :  L'entrée n'est pas valide !
Attente du coup :  L'entrée n'est pas valide !
Attente du coup :  L'entrée n'est pas valide !
Attente du coup :  L'entrée n'est pas valide !
Attente du coup :  L'entrée n'est pas valide !
Attente du coup :  L'entrée n'est pas valide !
Attente du coup :  L'entrée n'est pas valide !
Attente du coup :  L'entrée n'est pas valide !
Attente du coup :  L'entrée n'est pas valide !
Attente du coup :  L'entrée n'est pas valide !
Attente du coup :  L'entrée n'est pas valide !
Attente du coup :  L'entrée n'est pas valide !
Attente du coup :  L'entrée n'est pas valide !
Attente du coup :  L'entrée n'est pas valide !
Attente du coup :  L'entrée n'est pas valide !
Attente du coup :  L'entrée n'est pas valide !
Attente du coup :  L'entrée n'est pas valide !
Attente du coup :  L'entrée n'est pas valide !
Attente du coup :  L'entrée n'est pas valide !
Attente du coup :  L'entrée n'est pas valide !
Attente du coup :  L'entrée n'est pas valide !
Attente du coup :  L'entrée n'est pas valide !
Attente du coup :  L'entrée n'est pas valide !
Attente du coup :  L'entrée n'est pas valide !
Attente du coup :  L'entrée n'est pas valide !
Attente du coup :  L'entrée n'est pas valide !
Attente du coup :  L'entrée n'est pas valide !
Attente du coup :  L'entrée n'est pas valide !
Attente du coup :  L'entrée n'est pas valide !
Attente du coup :  L'entrée n'est pas valide !
Attente du coup :  L'entrée n'est pas valide !
Attente du coup :  L'entrée n'est pas valide !
Attente du coup :  L'entrée n'est pas valide !
Attente du coup :  L'entrée n'est pas valide !
Attente du coup :  L'entrée n'est pas valide !
Attente du coup :  L'entrée n'est pas valide !
Attente du coup :  L'entrée n'est pas valide !
Attente du coup :  L'entrée n'est pas valide !
Attente du coup :  L'entrée n'est pas valide !
Attente du coup :  L'entrée n'est pas valide !
Attente du coup :  L'entrée n'est pas valide !
Attente du coup :  L'entrée n'est pas valide !
Attente du coup :  L'entrée n'est pas valide !
Attente du coup :  L'entrée n'est pas valide !
Attente du coup :  L'entrée n'est pas valide !
Attente du coup :  L'entrée n'est pas valide !
Attente du coup :  L'entrée n'est pas valide !
Attente du coup :  L'entrée n'est pas valide !
Attente du coup :  L'entrée n'est pas valide !
Attente du coup :  L'entrée n'est pas valide !
Attente du coup :  L'entrée n'est pas valide !
Attente du coup :  L'entrée n'est pas valide !
Attente du coup :  L'entrée n'est pas valide !
Attente du coup :  L'entrée n'est pas valide !
Attente du coup :  L'entrée n'est pas valide !
Attente du coup :  L'entrée n'est pas valide !
Attente du coup :  L'entrée n'est pas valide !
Attente du coup :  L'entrée n'est pas valide !
Attente du coup :  L'entrée n'est pas valide !
Attente du coup :  L'entrée n'est pas valide !
Attente du coup :  L'entrée n'est pas valide !
Attente du coup :  L'entrée n'est pas valide !
Attente du coup :  L'entrée n'est pas valide !
Attente du coup :  L'entrée n'est pas valide !
Attente du coup :  L'entrée n'est pas valide !
Attente du coup :  L'entrée n'est pas valide !
Attente du coup :  L'entrée n'est pas valide !
Attente du coup :  L'entrée n'est pas valide !
Attente du coup :  L'entrée n'est pas valide !
Attente du coup :  L'entrée n'est pas valide !
Attente du coup :  L'entrée n'est pas valide !
Attente du coup :  L'entrée n'est pas valide !
Attente du coup :  L'entrée n'est pas valide !
Attente du coup :  L'entrée n'est pas valide !
Attente du coup :  L'entrée n'est pas valide !
Attente du coup :  L'entrée n'est pas valide !
Attente du coup :  L'entrée n'est pas valide !
Attente du coup :  L'entrée n'est pas valide !
Attente du coup :  L'entrée n'est pas valide !
Attente du coup :  L'entrée n'est pas valide !
Attente du coup :  L'entrée n'est pas valide !
Attente du coup :  L'entrée n'est pas valide !
Attente du coup :  L'entrée n'est pas valide !
Attente du coup :  L'entrée n'est pas valide !
Attente du coup :  L'entrée n'est pas valide !
Attente du coup :  L'entrée n'est pas valide !
Attente du coup :  L'entrée n'est pas valide !
Attente du coup :  L'entrée n'est pas valide !
Attente du coup :  L'entrée n'est pas valide !
Attente du coup :  L'entrée n'est pas valide !
Attente du coup :  L'entrée n'est pas valide !
Attente du coup :  L'entrée n'est pas valide !
Attente du coup :  L'entrée n'est pas valide !
Attente du coup :  L'entrée n'est pas valide !
Attente du coup :  L'entrée n'est pas valide !
Attente du coup :  L'entrée n'est pas valide !
Attente du coup :  L'entrée n'est pas valide !
Attente du coup :  L'entrée n'est pas valide !
Attente du coup :  L'entrée n'est pas valide !
Attente du coup :  L'entrée n'est pas valide !
Attente du coup :  L'entrée n'est pas valide !
Attente du coup :  L'entrée n'est pas valide !
Attente du coup :  L'entrée n'est pas valide !
Attente du coup :  L'entrée n'est pas valide !
Attente du coup :  L'entrée n'est pas valide !
Attente du coup :  L'entrée n'est pas valide !
Attente du coup :  L'entrée n'est pas valide !
Attente du coup :  L'entrée n'est pas valide !
Attente du coup :  L'entrée n'est pas valide !
Attente du coup :  L'entrée n'est pas valide !
Attente du coup :  L'entrée n'est pas valide !
Attente du coup :  L'entrée n'est pas valide !
Attente du coup :  L'entrée n'est pas valide !
Attente du coup :  L'entrée n'est pas valide !
Attente du coup :  L'entrée n'est pas valide !
Attente du coup :  L'entrée n'est pas valide !
Attente du coup :  L'entrée n'est pas valide !
Attente du coup :  L'entrée n'est pas valide !
Attente du coup :  L'entrée n'est pas valide !
Attente du coup :  L'entrée n'est pas valide !
Attente du coup :  L'entrée n'est pas valide !
Attente du coup :  L'entrée n'est pas valide !
Attente du coup :  L'entrée n'est pas valide !
Attente du coup :  L'entrée n'est pas valide !
Attente du coup :  L'entrée n'est pas valide !
Attente du coup :  L'entrée n'est pas valide !
Attente du coup :  L'entrée n'est pas valide !
Attente du coup :  L'entrée n'est pas valide !
Attente du coup :  L'entrée n'est pas valide !
Attente du coup :  L'entrée n'est pas valide !
Attente du coup :  L'entrée n'est pas valide !
Attente du coup :  L'entrée n'est pas valide !
Attente du coup :  L'entrée n'est pas valide !
Attente du coup :  L'entrée n'est pas valide !
Attente du coup :  L'entrée n'est pas valide !
Attente du coup :  L'entrée n'est pas valide !
Attente du coup :  L'entrée n'est pas valide !
Attente du coup :  L'entrée n'est pas valide !
Attente du coup :  L'entrée n'est pas valide !
Attente du coup :  L'entrée n'est pas valide !
Attente du coup :  L'entrée n'est pas valide !
Attente du coup :  L'entrée n'est pas valide !
Attente du coup :  L'entrée n'est pas valide !
Attente du coup :  L'entrée n'est pas valide !
Attente du coup :  L'entrée n'est pas valide !
Attente du coup :  L'entrée n'est pas valide !
Attente du coup :  L'entrée n'est pas valide !
Attente du coup :  L'entrée n'est pas valide !
Attente du coup :  L'entrée n'est pas valide !
Attente du coup :  L'entrée n'est pas valide !
Attente du coup :  L'entrée n'est pas valide !
Attente du coup :  L'entrée n'est pas valide !
Attente du coup :  L'entrée n'est pas valide !
Attente du coup :  L'entrée n'est pas valide !
Attente du coup :  L'entrée n'est pas valide !
Attente du coup :  L'entrée n'est pas valide !
Attente du coup :  L'entrée n'est pas valide !
Attente du coup :  L'entrée n'est pas valide !
Attente du coup :  L'entrée n'est pas valide !
Attente du coup :  L'entrée n'est pas valide !
Attente du coup :  L'entrée n'est pas valide !
Attente du coup :  L'entrée n'est pas valide !
Attente du coup :  L'entrée n'est pas valide !
Attente du coup :  L'entrée n'est pas valide !
Attente du coup :  L'entrée n'est pas valide !
Attente du coup :  L'entrée n'est pas valide !
Attente du coup :  L'entrée n'est pas valide !
Attente du coup :  L'entrée n'est pas valide !
Attente du coup :  L'entrée n'est pas valide !
Attente du coup :  L'entrée n'est pas valide !
Attente du coup :  L'entrée n'est pas valide !
Attente du coup :  L'entrée n'est pas valide !
Attente du coup :  L'entrée n'est pas valide !
Attente du coup :  L'entrée n'est pas valide !
Attente du coup :  L'entrée n'est pas valide !
Attente du coup :  L'entrée n'est pas valide !
Attente du coup :  L'entrée n'est pas valide !
Attente du coup :  L'entrée n'est pas valide !
Attente du coup :  L'entrée n'est pas valide !
Attente du coup :  L'entrée n'est pas valide !
Attente du coup :  L'entrée n'est pas valide !
Attente du coup :  L'entrée n'est pas valide !
Attente du coup :  L'entrée n'est pas valide !
Attente du coup :  L'entrée n'est pas valide !
Attente du coup :  L'entrée n'est pas valide !
Attente du coup :  L'entrée n'est pas valide !
Attente du coup :  L'entrée n'est pas valide !
Attente du coup :  L'entrée n'est pas valide !
Attente du coup :  L'entrée n'est pas valide !
Attente du coup :  L'entrée n'est pas valide !
Attente du coup :  L'entrée n'est pas valide !
Attente du coup :  L'entrée n'est pas valide !
Attente du coup :  L'entrée n'est pas valide !
Attente du coup :  L'entrée n'est pas valide !
Attente du coup :  L'entrée n'est pas valide !
Attente du coup :  L'entrée n'est pas valide !
Attente du coup :  L'entrée n'est pas valide !
Attente du coup :  L'entrée n'est pas valide !
Attente du coup :  L'entrée n'est pas valide !
Attente du coup :  L'entrée n'est pas valide !
Attente du coup :  L'entrée n'est pas valide !
Attente du coup :  L'entrée n'est pas valide !
Attente du coup :  L'entrée n'est pas valide !
Attente du coup :  L'entrée n'est pas valide !
Attente du coup :  L'entrée n'est pas valide !
Attente du coup :  L'entrée n'est pas valide !
Attente du coup :  L'entrée n'est pas valide !
Attente du coup :  L'entrée n'est pas valide !
Attente du coup :  L'entrée n'est pas valide !
Attente du coup :  L'entrée n'est pas valide !
Attente du coup :  L'entrée n'est pas valide !
Attente du coup :  L'entrée n'est pas valide !
Attente du coup :  L'entrée n'est pas valide !
Attente du coup :  L'entrée n'est pas valide !
Attente du coup :  L'entrée n'est pas valide !
Attente du coup :  L'entrée n'est pas valide !
Attente du coup :  L'entrée n'est pas valide !
Attente du coup :  L'entrée n'est pas valide !
Attente du coup :  L'entrée n'est pas valide !
Attente du coup :  L'entrée n'est pas valide !
Attente du coup :  L'entrée n'est pas valide !
Attente du coup :  L'entrée n'est pas valide !
Attente du coup :  L'entrée n'est pas valide !
Attente du coup :  L'entrée n'est pas valide !
Attente du coup :  L'entrée n'est pas valide !
Attente du coup :  L'entrée n'est pas valide !
Attente du coup :  L'entrée n'est pas valide !
Attente du coup :  L'entrée n'est pas valide !
Attente du coup :  L'entrée n'est pas valide !
Attente du coup :  L'entrée n'est pas valide !
Attente du coup :  L'entrée n'est pas valide !
Attente du coup :  L'entrée n'est pas valide !
Attente du coup :  L'entrée n'est pas valide !
Attente du coup :  L'entrée n'est pas valide !
Attente du coup :  L'entrée n'est pas valide !
Attente du coup :  L'entrée n'est pas valide !
Attente du coup :  L'entrée n'est pas valide !
Attente du coup :  L'entrée n'est pas valide !
Attente du coup :  L'entrée n'est pas valide !
Attente du coup :  L'entrée n'est pas valide !
Attente du coup :  L'entrée n'est pas valide !
Attente du coup :  L'entrée n'est pas valide !
Attente du coup :  L'entrée n'est pas valide !
Attente du coup :  L'entrée n'est pas valide !
Attente du coup :  L'entrée n'est pas valide !
Attente du coup :  L'entrée n'est pas valide !
Attente du coup :  L'entrée n'est pas valide !
Attente du coup :  L'entrée n'est pas valide !
Attente du coup :  L'entrée n'est pas valide !
Attente du coup :  L'entrée n'est pas valide !
Attente du coup :  L'entrée n'est pas valide !
Attente du coup :  L'entrée n'est pas valide !
Attente du coup :  L'entrée n'est pas valide !
Attente du coup :  L'entrée n'est pas valide !
Attente du coup :  L'entrée n'est pas valide !
Attente du coup :  L'entrée n'est pas valide !
Attente du coup :  L'entrée n'est pas valide !
Attente du coup :  L'entrée n'est pas valide !
Attente du coup :  L'entrée n'est pas valide !
Attente du coup :  L'entrée n'est pas valide !
Attente du coup :  L'entrée n'est pas valide !
Attente du coup :  L'entrée n'est pas valide !
Attente du coup :  L'entrée n'est pas valide !
Attente du coup :  L'entrée n'est pas valide !
Attente du coup :  L'entrée n'est pas valide !
Attente du coup :  L'entrée n'est pas valide !
Attente du coup :  L'entrée n'est pas valide !
Attente du coup :  L'entrée n'est pas valide !
Attente du coup :  L'entrée n'est pas valide !
Attente du coup :  L'entrée n'est pas valide !
Attente du coup :  L'entrée n'est pas valide !
Attente du coup :  L'entrée n'est pas valide !
Attente du coup :  L'entrée n'est pas valide !
Attente du coup :  L'entrée n'est pas valide !
Attente du coup :  L'entrée n'est pas valide !
Attente du coup :  L'entrée n'est pas valide !
Attente du coup :  L'entrée n'est pas valide !
Attente du coup :  L'entrée n'est pas valide !
Attente du coup :  L'entrée n'est pas valide !
Attente du coup :  L'entrée n'est pas valide !
Attente du coup :  L'entrée n'est pas valide !
Attente du coup :  L'entrée n'est pas valide !
Attente du coup :  L'entrée n'est pas valide !
Attente du coup :  L'entrée n'est pas valide !
Attente du coup :  L'entrée n'est pas valide !
Attente du coup :  L'entrée n'est pas valide !
Attente du coup :  L'entrée n'est pas valide !
Attente du coup :  L'entrée n'est pas valide !
Attente du coup :  L'entrée n'est pas valide !
Attente du coup :  L'entrée n'est pas valide !
Attente du coup :  L'entrée n'est pas valide !
Attente du coup :  L'entrée n'est pas valide !
Attente du coup :  L'entrée n'est pas valide !
Attente du coup :  L'entrée n'est pas valide !
Attente du coup :  L'entrée n'est pas valide !
Attente du coup :  L'entrée n'est pas valide !
Attente du coup :  L'entrée n'est pas valide !
Attente du coup :  L'entrée n'est pas valide !
Attente du coup :  L'entrée n'est pas valide !
Attente du coup :  L'entrée n'est pas valide !
Attente du coup :  L'entrée n'est pas valide !
Attente du coup :  L'entrée n'est pas valide !
Attente du coup :  L'entrée n'est pas valide !
Attente du coup :  L'entrée n'est pas valide !
Attente du coup :  L'entrée n'est pas valide !
Attente du coup :  L'entrée n'est pas valide !
Attente du coup :  L'entrée n'est pas valide !
Attente du coup :  L'entrée n'est pas valide !
Attente du coup :  L'entrée n'est pas valide !
Attente du coup :  L'entrée n'est pas valide !
Attente du coup :  L'entrée n'est pas valide !
Attente du coup :  L'entrée n'est pas valide !
Attente du coup :  L'entrée n'est pas valide !
Attente du coup :  L'entrée n'est pas valide !
Attente du coup :  L'entrée n'est pas valide !
Attente du coup :  L'entrée n'est pas valide !
Attente du coup :  L'entrée n'est pas valide !
Attente du coup :  L'entrée n'est pas valide !
Attente du coup :  L'entrée n'est pas valide !
Attente du coup :  L'entrée n'est pas valide !
Attente du coup :  L'entrée n'est pas valide !
Attente du coup :  L'entrée n'est pas valide !
Attente du coup :  L'entrée n'est pas valide !
Attente du coup :  L'entrée n'est pas valide !
Attente du coup :  L'entrée n'est pas valide !
Attente du coup :  L'entrée n'est pas valide !
Attente du coup :  L'entrée n'est pas valide !
Attente du coup :  L'entrée n'est pas valide !
Attente du coup :  L'entrée n'est pas valide !
Attente du coup :  L'entrée n'est pas valide !
Attente du coup :  L'entrée n'est pas valide !
Attente du coup :  L'entrée n'est pas valide !
Attente du coup :  L'entrée n'est pas valide !
Attente du coup :  L'entrée n'est pas valide !
Attente du coup :  L'entrée n'est pas valide !
Attente du coup :  L'entrée n'est pas valide !
Attente du coup :  L'entrée n'est pas valide !
Attente du coup :  L'entrée n'est pas valide !
Attente du coup :  L'entrée n'est pas valide !
Attente du coup :  L'entrée n'est pas valide !
Attente du coup :  L'entrée n'est pas valide !
Attente du coup :  L'entrée n'est pas valide !
Attente du coup :  L'entrée n'est pas valide !
Attente du coup :  L'entrée n'est pas valide !
Attente du coup :  L'entrée n'est pas valide !
Attente du coup :  L'entrée n'est pas valide !
Attente du coup :  L'entrée n'est pas valide !
Attente du coup :  L'entrée n'est pas valide !
Attente du coup :  L'entrée n'est pas valide !
Attente du coup :  L'entrée n'est pas valide !
Attente du coup :  L'entrée n'est pas valide !
Attente du coup :  L'entrée n'est pas valide !
Attente du coup :  L'entrée n'est pas valide !
Attente du coup :  L'entrée n'est pas valide !
Attente du coup :  L'entrée n'est pas valide !
Attente du coup :  L'entrée n'est pas valide !
Attente du coup :  L'entrée n'est pas valide !
Attente du coup :  L'entrée n'est pas valide !
Attente du coup :  L'entrée n'est pas valide !
Attente du coup :  L'entrée n'est pas valide !
Attente du coup :  L'entrée n'est pas valide !
Attente du coup :  L'entrée n'est pas valide !
Attente du coup :  L'entrée n'est pas valide !
Attente du coup :  L'entrée n'est pas valide !
Attente du coup :  L'entrée n'est pas valide !
Attente du coup :  L'entrée n'est pas valide !
Attente du coup :  L'entrée n'est pas valide !
Attente du coup :  L'entrée n'est pas valide !
Attente du coup :  L'entrée n'est pas valide !
Attente du coup :  L'entrée n'est pas valide !
Attente du coup :  L'entrée n'est pas valide !
Attente du coup :  L'entrée n'est pas valide !
Attente du coup :  L'entrée n'est pas valide !
Attente du coup :  L'entrée n'est pas valide !
Attente du coup :  L'entrée n'est pas valide !
Attente du coup :  L'entrée n'est pas valide !
Attente du coup :  L'entrée n'est pas valide !
Attente du coup :  L'entrée n'est pas valide !
Attente du coup :  L'entrée n'est pas valide !
Attente du coup :  L'entrée n'est pas valide !
Attente du coup :  L'entrée n'est pas valide !
Attente du coup :  L'entrée n'est pas valide !
Attente du coup :  L'entrée n'est pas valide !
Attente du coup :  L'entrée n'est pas valide !
Attente du coup :  L'entrée n'est pas valide !
Attente du coup :  L'entrée n'est pas valide !
Attente du coup :  L'entrée n'est pas valide !
Attente du coup :  L'entrée n'est pas valide !
Attente du coup :  L'entrée n'est pas valide !
Attente du coup :  L'entrée n'est pas valide !
Attente du coup :  L'entrée n'est pas valide !
Attente du coup :  L'entrée n'est pas valide !
Attente du coup :  L'entrée n'est pas valide !
Attente du coup :  L'entrée n'est pas valide !
Attente du coup :  L'entrée n'est pas valide !
Attente du coup :  L'entrée n'est pas valide !
Attente du coup :  L'entrée n'est pas valide !
Attente du coup :  L'entrée n'est pas valide !
Attente du coup :  L'entrée n'est pas valide !
Attente du coup :  L'entrée n'est pas valide !
Attente du coup :  L'entrée n'est pas valide !
Attente du coup :  L'entrée n'est pas valide !
Attente du coup :  L'entrée n'est pas valide !
Attente du coup :  L'entrée n'est pas valide !
Attente du coup :  L'entrée n'est pas valide !
Attente du coup :  L'entrée n'est pas valide !
Attente du coup :  L'entrée n'est pas valide !
Attente du coup :  L'entrée n'est pas valide !
Attente du coup :  L'entrée n'est pas valide !
Attente du coup :  L'entrée n'est pas valide !
Attente du coup :  L'entrée n'est pas valide !
Attente du coup :  L'entrée n'est pas valide !
Attente du coup :  L'entrée n'est pas valide !
Attente du coup :  L'entrée n'est pas valide !
Attente du coup :  L'entrée n'est pas valide !
Attente du coup :  L'entrée n'est pas valide !
Attente du coup :  L'entrée n'est pas valide !
Attente du coup :  L'entrée n'est pas valide !
Attente du coup :  L'entrée n'est pas valide !
Attente du coup :  L'entrée n'est pas valide !
Attente du coup :  L'entrée n'est pas valide !
Attente du coup :  L'entrée n'est pas valide !
Attente du coup :  L'entrée n'est pas valide !
Attente du coup :  L'entrée n'est pas valide !
Attente du coup :  L'entrée n'est pas valide !
Attente du coup :  L'entrée n'est pas valide !
Attente du coup :  L'entrée n'est pas valide !
Attente du coup :  L'entrée n'est pas valide !
Attente du coup :  L'entrée n'est pas valide !
Attente du coup :  L'entrée n'est pas valide !
Attente du coup :  L'entrée n'est pas valide !
Attente du coup :  L'entrée n'est pas valide !
Attente du coup :  L'entrée n'est pas valide !
Attente du coup :  L'entrée n'est pas valide !
Attente du coup :  L'entrée n'est pas valide !
Attente du coup :  L'entrée n'est pas valide !
Attente du coup :  L'entrée n'est pas valide !
Attente du coup :  L'entrée n'est pas valide !
Attente du coup :  L'entrée n'est pas valide !
Attente du coup :  L'entrée n'est pas valide !
Attente du coup :  L'entrée n'est pas valide !
Attente du coup :  L'entrée n'est pas valide !
Attente du coup :  L'entrée n'est pas valide !
Attente du coup :  L'entrée n'est pas valide !
Attente du coup :  L'entrée n'est pas valide !
Attente du coup :  L'entrée n'est pas valide !
Attente du coup :  L'entrée n'est pas valide !
Attente du coup :  L'entrée n'est pas valide !
Attente du coup :  L'entrée n'est pas valide !
Attente du coup :  L'entrée n'est pas valide !
Attente du coup :  L'entrée n'est pas valide !
Attente du coup :  L'entrée n'est pas valide !
Attente du coup :  L'entrée n'est pas valide !
Attente du coup :  L'entrée n'est pas valide !
Attente du coup :  L'entrée n'est pas valide !
Attente du coup :  L'entrée n'est pas valide !
Attente du coup :  L'entrée n'est pas valide !
Attente du coup :  L'entrée n'est pas valide !
Attente du coup :  L'entrée n'est pas valide !
Attente du coup :  L'entrée n'est pas valide !
Attente du coup :  L'entrée n'est pas valide !
Attente du coup :  L'entrée n'est pas valide !
Attente du coup :  L'entrée n'est pas valide !
Attente du coup :  L'entrée n'est pas valide !
Attente du coup :  L'entrée n'est pas valide !
Attente du coup :  L'entrée n'est pas valide !
Attente du coup :  L'entrée n'est pas valide !
Attente du coup :  L'entrée n'est pas valide !
Attente du coup :  L'entrée n'est pas valide !
Attente du coup :  L'entrée n'est pas valide !
Attente du coup :  L'entrée n'est pas valide !
Attente du coup :  L'entrée n'est pas valide !
Attente du coup :  L'entrée n'est pas valide !
Attente du coup :  L'entrée n'est pas valide !
Attente du coup :  L'entrée n'est pas valide !
Attente du coup :  L'entrée n'est pas valide !
Attente du coup :  L'entrée n'est pas valide !
Attente du coup :  L'entrée n'est pas valide !
Attente du coup :  L'entrée n'est pas valide !
Attente du coup :  L'entrée n'est pas valide !
Attente du coup :  L'entrée n'est pas valide !
Attente du coup :  L'entrée n'est pas valide !
Attente du coup :  L'entrée n'est pas valide !
Attente du coup :  L'entrée n'est pas valide !
Attente du coup :  L'entrée n'est pas valide !
Attente du coup :  L'entrée n'est pas valide !
Attente du coup :  L'entrée n'est pas valide !
Attente du coup :  L'entrée n'est pas valide !
Attente du coup :  L'entrée n'est pas valide !
Attente du coup :  L'entrée n'est pas valide !
Attente du coup :  L'entrée n'est pas valide !
Attente du coup :  L'entrée n'est pas valide !
Attente du coup :  L'entrée n'est pas valide !
Attente du coup :  L'entrée n'est pas valide !
Attente du coup :  L'entrée n'est pas valide !
Attente du coup :  L'entrée n'est pas valide !
Attente du coup :  L'entrée n'est pas valide !
Attente du coup :  L'entrée n'est pas valide !
Attente du coup :  L'entrée n'est pas valide !
Attente du coup :  L'entrée n'est pas valide !
Attente du coup :  L'entrée n'est pas valide !
Attente du coup :  L'entrée n'est pas valide !
Attente du coup :  L'entrée n'est pas valide !
Attente du coup :  L'entrée n'est pas valide !
Attente du coup :  L'entrée n'est pas valide !
Attente du coup :  L'entrée n'est pas valide !
Attente du coup :  L'entrée n'est pas valide !
Attente du coup :  L'entrée n'est pas valide !
Attente du coup :  L'entrée n'est pas valide !
Attente du coup :  L'entrée n'est pas valide !
Attente du coup :  L'entrée n'est pas valide !
Attente du coup :  L'entrée n'est pas valide !
Attente du coup :  L'entrée n'est pas valide !
Attente du coup :  L'entrée n'est pas valide !
Attente du coup :  L'entrée n'est pas valide !
Attente du coup :  L'entrée n'est pas valide !
Attente du coup :  L'entrée n'est pas valide !
Attente du coup :  L'entrée n'est pas valide !
Attente du coup :  L'entrée n'est pas valide !
Attente du coup :  L'entrée n'est pas valide !
Attente du coup :  L'entrée n'est pas valide !
Attente du coup :  L'entrée n'est pas valide !
Attente du coup :  L'entrée n'est pas valide !
Attente du coup :  L'entrée n'est pas valide !
Attente du coup :  L'entrée n'est pas valide !
Attente du coup :  L'entrée n'est pas valide !
Attente du coup :  L'entrée n'est pas valide !
Attente du coup :  L'entrée n'est pas valide !
Attente du coup :  L'entrée n'est pas valide !
Attente du coup :  L'entrée n'est pas valide !
Attente du coup :  L'entrée n'est pas valide !
Attente du coup :  L'entrée n'est pas valide !
Attente du coup :  L'entrée n'est pas valide !
Attente du coup :  L'entrée n'est pas valide !
Attente du coup :  L'entrée n'est pas valide !
Attente du coup :  L'entrée n'est pas valide !
Attente du coup :  L'entrée n'est pas valide !
Attente du coup :  L'entrée n'est pas valide !
Attente du coup :  L'entrée n'est pas valide !
Attente du coup :  L'entrée n'est pas valide !
Attente du coup :  L'entrée n'est pas valide !
Attente du coup :  L'entrée n'est pas valide !
Attente du coup :  L'entrée n'est pas valide !
Attente du coup :  L'entrée n'est pas valide !
Attente du coup :  L'entrée n'est pas valide !
Attente du coup :  L'entrée n'est pas valide !
Attente du coup :  L'entrée n'est pas valide !
Attente du coup :  L'entrée n'est pas valide !
Attente du coup :  L'entrée n'est pas valide !
Attente du coup :  L'entrée n'est pas valide !
Attente du coup :  L'entrée n'est pas valide !
Attente du coup :  L'entrée n'est pas valide !
Attente du coup :  L'entrée n'est pas valide !
Attente du coup :  L'entrée n'est pas valide !
Attente du coup :  L'entrée n'est pas valide !
Attente du coup :  L'entrée n'est pas valide !
Attente du coup :  L'entrée n'est pas valide !
Attente du coup :  L'entrée n'est pas valide !
Attente du coup :  L'entrée n'est pas valide !
Attente du coup :  L'entrée n'est pas valide !
Attente du coup :  L'entrée n'est pas valide !
Attente du coup :  L'entrée n'est pas valide !
Attente du coup :  L'entrée n'est pas valide !
Attente du coup :  L'entrée n'est pas valide !
Attente du coup :  L'entrée n'est pas valide !
Attente du coup :  L'entrée n'est pas valide !
Attente du coup :  L'entrée n'est pas valide !
Attente du coup :  L'entrée n'est pas valide !
Attente du coup :  L'entrée n'est pas valide !
Attente du coup :  L'entrée n'est pas valide !
Attente du coup :  L'entrée n'est pas valide !
Attente du coup :  L'entrée n'est pas valide !
Attente du coup :  L'entrée n'est pas valide !
Attente du coup :  L'entrée n'est pas valide !
Attente du coup :  L'entrée n'est pas valide !
Attente du coup :  L'entrée n'est pas valide !
Attente du coup :  L'entrée n'est pas valide !
Attente du coup :  L'entrée n'est pas valide !
Attente du coup :  L'entrée n'est pas valide !
Attente du coup :  L'entrée n'est pas valide !
Attente du coup :  L'entrée n'est pas valide !
Attente du coup :  L'entrée n'est pas valide !
Attente du coup :  L'entrée n'est pas valide !
Attente du coup :  L'entrée n'est pas valide !
Attente du coup :  L'entrée n'est pas valide !
Attente du coup :  L'entrée n'est pas valide !
Attente du coup :  L'entrée n'est pas valide !
Attente du coup :  L'entrée n'est pas valide !
Attente du coup :  L'entrée n'est pas valide !
Attente du coup :  L'entrée n'est pas valide !
Attente du coup :  L'entrée n'est pas valide !
Attente du coup :  L'entrée n'est pas valide !
Attente du coup :  L'entrée n'est pas valide !
Attente du coup :  L'entrée n'est pas valide !
Attente du coup :  L'entrée n'est pas valide !
Attente du coup :  L'entrée n'est pas valide !
Attente du coup :  L'entrée n'est pas valide !
Attente du coup :  L'entrée n'est pas valide !
Attente du coup :  L'entrée n'est pas valide !
Attente du coup :  L'entrée n'est pas valide !
Attente du coup :  L'entrée n'est pas valide !
Attente du coup :  L'entrée n'est pas valide !
Attente du coup :  L'entrée n'est pas valide !
Attente du coup :  L'entrée n'est pas valide !
Attente du coup :  L'entrée n'est pas valide !
Attente du coup :  L'entrée n'est pas valide !
Attente du coup :  L'entrée n'est pas valide !
Attente du coup :  L'entrée n'est pas valide !
Attente du coup :  L'entrée n'est pas valide !
Attente du coup :  L'entrée n'est pas valide !
Attente du coup :  L'entrée n'est pas valide !
Attente du coup :  L'entrée n'est pas valide !
Attente du coup :  L'entrée n'est pas valide !
Attente du coup :  L'entrée n'est pas valide !
Attente du coup :  L'entrée n'est pas valide !
Attente du coup :  L'entrée n'est pas valide !
Attente du coup :  L'entrée n'est pas valide !
Attente du coup :  L'entrée n'est pas valide !
Attente du coup :  L'entrée n'est pas valide !
Attente du coup :  L'entrée n'est pas valide !
Attente du coup :  L'entrée n'est pas valide !
Attente du coup :  L'entrée n'est pas valide !
Attente du coup :  L'entrée n'est pas valide !
Attente du coup :  L'entrée n'est pas valide !
Attente du coup :  L'entrée n'est pas valide !
Attente du coup :  L'entrée n'est pas valide !
Attente du coup :  L'entrée n'est pas valide !
Attente du coup :  L'entrée n'est pas valide !
Attente du coup :  L'entrée n'est pas valide !
Attente du coup :  L'entrée n'est pas valide !
Attente du coup :  L'entrée n'est pas valide !
Attente du coup :  L'entrée n'est pas valide !
Attente du coup :  L'entrée n'est pas valide !
Attente du coup :  L'entrée n'est pas valide !
Attente du coup :  L'entrée n'est pas valide !
Attente du coup :  L'entrée n'est pas valide !
Attente du coup :  L'entrée n'est pas valide !
Attente du coup :  L'entrée n'est pas valide !
Attente du coup :  L'entrée n'est pas valide !
Attente du coup :  L'entrée n'est pas valide !
Attente du coup :  L'entrée n'est pas valide !
Attente du coup :  L'entrée n'est pas valide !
Attente du coup :  L'entrée n'est pas valide !
Attente du coup :  L'entrée n'est pas valide !
Attente du coup :  L'entrée n'est pas valide !
Attente du coup :  L'entrée n'est pas valide !
Attente du coup :  L'entrée n'est pas valide !
Attente du coup :  L'entrée n'est pas valide !
Attente du coup :  L'entrée n'est pas valide !
Attente du coup :  L'entrée n'est pas valide !
Attente du coup :  L'entrée n'est pas valide !
Attente du coup :  L'entrée n'est pas valide !
Attente du coup :  L'entrée n'est pas valide !
Attente du coup :  L'entrée n'est pas valide !
Attente du coup :  L'entrée n'est pas valide !
Attente du coup :  L'entrée n'est pas valide !
Attente du coup :  L'entrée n'est pas valide !
Attente du coup :  L'entrée n'est pas valide !
Attente du coup :  L'entrée n'est pas valide !
Attente du coup :  L'entrée n'est pas valide !
Attente du coup :  L'entrée n'est pas valide !
Attente du coup :  L'entrée n'est pas valide !
Attente du coup :  L'entrée n'est pas valide !
Attente du coup :  L'entrée n'est pas valide !
Attente du coup :  L'entrée n'est pas valide !
Attente du coup :  L'entrée n'est pas valide !
Attente du coup :  L'entrée n'est pas valide !
Attente du coup :  L'entrée n'est pas valide !
Attente du coup :  L'entrée n'est pas valide !
Attente du coup :  L'entrée n'est pas valide !
Attente du coup :  L'entrée n'est pas valide !
Attente du coup :  L'entrée n'est pas valide !
Attente du coup :  L'entrée n'est pas valide !
Attente du coup :  L'entrée n'est pas valide !
Attente du coup :  L'entrée n'est pas valide !
Attente du coup :  L'entrée n'est pas valide !
Attente du coup :  L'entrée n'est pas valide !
Attente du coup :  L'entrée n'est pas valide !
Attente du coup :  L'entrée n'est pas valide !
Attente du coup :  L'entrée n'est pas valide !
Attente du coup :  L'entrée n'est pas valide !
Attente du coup :  L'entrée n'est pas valide !
Attente du coup :  L'entrée n'est pas valide !
Attente du coup :  L'entrée n'est pas valide !
Attente du coup :  L'entrée n'est pas valide !
Attente du coup :  L'entrée n'est pas valide !
Attente du coup :  L'entrée n'est pas valide !
Attente du coup :  L'entrée n'est pas valide !
Attente du coup :  L'entrée n'est pas valide !
Attente du coup :  L'entrée n'est pas valide !
Attente du coup :  L'entrée n'est pas valide !
Attente du coup :  L'entrée n'est pas valide !
Attente du coup :  L'entrée n'est pas valide !
Attente du coup :  L'entrée n'est pas valide !
Attente du coup :  L'entrée n'est pas valide !
Attente du coup :  L'entrée n'est pas valide !
Attente du coup :  L'entrée n'est pas valide !
Attente du coup :  L'entrée n'est pas valide !
Attente du coup :  L'entrée n'est pas valide !
Attente du coup :  L'entrée n'est pas valide !
Attente du coup :  L'entrée n'est pas valide !
Attente du coup :  L'entrée n'est pas valide !
Attente du coup :  L'entrée n'est pas valide !
Attente du coup :  L'entrée n'est pas valide !
Attente du coup :  L'entrée n'est pas valide !
Attente du coup :  L'entrée n'est pas valide !
Attente du coup :  L'entrée n'est pas valide !
Attente du coup :  L'entrée n'est pas valide !
Attente du coup :  L'entrée n'est pas valide !
Attente du coup :  L'entrée n'est pas valide !
Attente du coup :  L'entrée n'est pas valide !
Attente du coup :  L'entrée n'est pas valide !
Attente du coup :  L'entrée n'est pas valide !
Attente du coup :  L'entrée n'est pas valide !
Attente du coup :  L'entrée n'est pas valide !
Attente du coup :  L'entrée n'est pas valide !
Attente du coup :  L'entrée n'est pas valide !
Attente du coup :  L'entrée n'est pas valide !
Attente du coup :  L'entrée n'est pas valide !
Attente du coup :  L'entrée n'est pas valide !
Attente du coup :  L'entrée n'est pas valide !
Attente du coup :  L'entrée n'est pas valide !
Attente du coup :  L'entrée n'est pas valide !
Attente du coup :  L'entrée n'est pas valide !
Attente du coup :  L'entrée n'est pas valide !
Attente du coup :  L'entrée n'est pas valide !
Attente du coup :  L'entrée n'est pas valide !
Attente du coup :  L'entrée n'est pas valide !
Attente du coup :  L'entrée n'est pas valide !
Attente du coup :  L'entrée n'est pas valide !
Attente du coup :  L'entrée n'est pas valide !
Attente du coup :  L'entrée n'est pas valide !
Attente du coup :  L'entrée n'est pas valide !
Attente du coup :  L'entrée n'est pas valide !
Attente du coup :  L'entrée n'est pas valide !
Attente du coup :  L'entrée n'est pas valide !
Attente du coup :  L'entrée n'est pas valide !
Attente du coup :  L'entrée n'est pas valide !
Attente du coup :  L'entrée n'est pas valide !
Attente du coup :  L'entrée n'est pas valide !
Attente du coup :  L'entrée n'est pas valide !
Attente du coup :  L'entrée n'est pas valide !
Attente du coup :  L'entrée n'est pas valide !
Attente du coup :  L'entrée n'est pas valide !
Attente du coup :  L'entrée n'est pas valide !
Attente du coup :  L'entrée n'est pas valide !
Attente du coup :  L'entrée n'est pas valide !
Attente du coup :  L'entrée n'est pas valide !
Attente du coup :  L'entrée n'est pas valide !
Attente du coup :  L'entrée n'est pas valide !
Attente du coup :  L'entrée n'est pas valide !
Attente du coup :  L'entrée n'est pas valide !
Attente du coup :  L'entrée n'est pas valide !
Attente du coup :  L'entrée n'est pas valide !
Attente du coup :  L'entrée n'est pas valide !
Attente du coup :  L'entrée n'est pas valide !
Attente du coup :  L'entrée n'est pas valide !
Attente du coup :  L'entrée n'est pas valide !
Attente du coup :  L'entrée n'est pas valide !
Attente du coup :  L'entrée n'est pas valide !
Attente du coup :  L'entrée n'est pas valide !
Attente du coup :  L'entrée n'est pas valide !
Attente du coup :  L'entrée n'est pas valide !
Attente du coup :  L'entrée n'est pas valide !
Attente du coup :  L'entrée n'est pas valide !
Attente du coup :  L'entrée n'est pas valide !
Attente du coup :  L'entrée n'est pas valide !
Attente du coup :  L'entrée n'est pas valide !
Attente du coup :  L'entrée n'est pas valide !
Attente du coup :  L'entrée n'est pas valide !
Attente du coup :  L'entrée n'est pas valide !
Attente du coup :  L'entrée n'est pas valide !
Attente du coup :  L'entrée n'est pas valide !
Attente du coup :  L'entrée n'est pas valide !
Attente du coup :  L'entrée n'est pas valide !
Attente du coup :  L'entrée n'est pas valide !
Attente du coup :  L'entrée n'est pas valide !
Attente du coup :  L'entrée n'est pas valide !
Attente du coup :  L'entrée n'est pas valide !
Attente du coup :  L'entrée n'est pas valide !
Attente du coup :  L'entrée n'est pas valide !
Attente du coup :  L'entrée n'est pas valide !
Attente du coup :  L'entrée n'est pas valide !
Attente du coup :  L'entrée n'est pas valide !
Attente du coup :  L'entrée n'est pas valide !
Attente du coup :  L'entrée n'est pas valide !
Attente du coup :  L'entrée n'est pas valide !
Attente du coup :  L'entrée n'est pas valide !
Attente du coup :  L'entrée n'est pas valide !
Attente du coup :  L'entrée n'est pas valide !
Attente du coup :  L'entrée n'est pas valide !
Attente du coup :  L'entrée n'est pas valide !
Attente du coup :  L'entrée n'est pas valide !
Attente du coup :  L'entrée n'est pas valide !
Attente du coup :  L'entrée n'est pas valide !
Attente du coup :  L'entrée n'est pas valide !
Attente du coup :  L'entrée n'est pas valide !
Attente du coup :  L'entrée n'est pas valide !
Attente du coup :  L'entrée n'est pas valide !
Attente du coup :  L'entrée n'est pas valide !
Attente du coup :  L'entrée n'est pas valide !
Attente du coup :  L'entrée n'est pas valide !
Attente du coup :  L'entrée n'est pas valide !
Attente du coup :  L'entrée n'est pas valide !
Attente du coup :  L'entrée n'est pas valide !
Attente du coup :  L'entrée n'est pas valide !
Attente du coup :  L'entrée n'est pas valide !
Attente du coup :  L'entrée n'est pas valide !
Attente du coup :  L'entrée n'est pas valide !
Attente du coup :  L'entrée n'est pas valide !
Attente du coup :  L'entrée n'est pas valide !
Attente du coup :  L'entrée n'est pas valide !
Attente du coup :  L'entrée n'est pas valide !
Attente du coup :  L'entrée n'est pas valide !
Attente du coup :  L'entrée n'est pas valide !
Attente du coup :  L'entrée n'est pas valide !
Attente du coup :  L'entrée n'est pas valide !
Attente du coup :  L'entrée n'est pas valide !
Attente du coup :  L'entrée n'est pas valide !
Attente du coup :  L'entrée n'est pas valide !
Attente du coup :  L'entrée n'est pas valide !
Attente du coup :  L'entrée n'est pas valide !
Attente du coup :  L'entrée n'est pas valide !
Attente du coup :  L'entrée n'est pas valide !
Attente du coup :  L'entrée n'est pas valide !
Attente du coup :  L'entrée n'est pas valide !
Attente du coup :  L'entrée n'est pas valide !
Attente du coup :  L'entrée n'est pas valide !
Attente du coup :  L'entrée n'est pas valide !
Attente du coup :  L'entrée n'est pas valide !
Attente du coup :  L'entrée n'est pas valide !
Attente du coup :  L'entrée n'est pas valide !
Attente du coup :  L'entrée n'est pas valide !
Attente du coup :  L'entrée n'est pas valide !
Attente du coup :  L'entrée n'est pas valide !
Attente du coup :  L'entrée n'est pas valide !
Attente du coup :  L'entrée n'est pas valide !
Attente du coup :  L'entrée n'est pas valide !
Attente du coup :  L'entrée n'est pas valide !
Attente du coup :  L'entrée n'est pas valide !
Attente du coup :  L'entrée n'est pas valide !
Attente du coup :  L'entrée n'est pas valide !
Attente du coup :  L'entrée n'est pas valide !
Attente du coup :  L'entrée n'est pas valide !
Attente du coup :  L'entrée n'est pas valide !
Attente du coup :  L'entrée n'est pas valide !
Attente du coup :  L'entrée n'est pas valide !
Attente du coup :  L'entrée n'est pas valide !
Attente du coup :  L'entrée n'est pas valide !
Attente du coup :  L'entrée n'est pas valide !
Attente du coup :  L'entrée n'est pas valide !
Attente du coup :  L'entrée n'est pas valide !
Attente du coup :  L'entrée n'est pas valide !
Attente du coup :  L'entrée n'est pas valide !
Attente du coup :  L'entrée n'est pas valide !
Attente du coup :  L'entrée n'est pas valide !
Attente du coup :  L'entrée n'est pas valide !
Attente du coup :  L'entrée n'est pas valide !
Attente du coup :  L'entrée n'est pas valide !
Attente du coup :  L'entrée n'est pas valide !
Attente du coup :  L'entrée n'est pas valide !
Attente du coup :  L'entrée n'est pas valide !
Attente du coup :  L'entrée n'est pas valide !
Attente du coup :  L'entrée n'est pas valide !
Attente du coup :  L'entrée n'est pas valide !
Attente du coup :  L'entrée n'est pas valide !
Attente du coup :  L'entrée n'est pas valide !
Attente du coup :  L'entrée n'est pas valide !
Attente du coup :  L'entrée n'est pas valide !
Attente du coup :  L'entrée n'est pas valide !
Attente du coup :  L'entrée n'est pas valide !
Attente du coup :  L'entrée n'est pas valide !
Attente du coup :  L'entrée n'est pas valide !
Attente du coup :  L'entrée n'est pas valide !
Attente du coup :  L'entrée n'est pas valide !
Attente du coup :  L'entrée n'est pas valide !
Attente du coup :  L'entrée n'est pas valide !
Attente du coup :  L'entrée n'est pas valide !
Attente du coup :  L'entrée n'est pas valide !
Attente du coup :  L'entrée n'est pas valide !
Attente du coup :  L'entrée n'est pas valide !
Attente du coup :  L'entrée n'est pas valide !
Attente du coup :  L'entrée n'est pas valide !
Attente du coup :  L'entrée n'est pas valide !
Attente du coup :  L'entrée n'est pas valide !
Attente du coup :  L'entrée n'est pas valide !
Attente du coup :  L'entrée n'est pas valide !
Attente du coup :  L'entrée n'est pas valide !
Attente du coup :  L'entrée n'est pas valide !
Attente du coup :  L'entrée n'est pas valide !
Attente du coup :  L'entrée n'est pas valide !
Attente du coup :  L'entrée n'est pas valide !
Attente du coup :  L'entrée n'est pas valide !
Attente du coup :  L'entrée n'est pas valide !
Attente du coup :  L'entrée n'est pas valide !
Attente du coup :  L'entrée n'est pas valide !
Attente du coup :  L'entrée n'est pas valide !
Attente du coup :  L'entrée n'est pas valide !
Attente du coup :  L'entrée n'est pas valide !
Attente du coup :  L'entrée n'est pas valide !
Attente du coup :  L'entrée n'est pas valide !
Attente du coup :  L'entrée n'est pas valide !
Attente du coup :  L'entrée n'est pas valide !
Attente du coup :  L'entrée n'est pas valide !
Attente du coup :  L'entrée n'est pas valide !
Attente du coup :  L'entrée n'est pas valide !
Attente du coup :  L'entrée n'est pas valide !
Attente du coup :  L'entrée n'est pas valide !
Attente du coup :  L'entrée n'est pas valide !
Attente du coup :  L'entrée n'est pas valide !
Attente du coup :  L'entrée n'est pas valide !
Attente du coup :  L'entrée n'est pas valide !
Attente du coup :  L'entrée n'est pas valide !
Attente du coup :  L'entrée n'est pas valide !
Attente du coup :  L'entrée n'est pas valide !
Attente du coup :  L'entrée n'est pas valide !
Attente du coup :  L'entrée n'est pas valide !
Attente du coup :  L'entrée n'est pas valide !
Attente du coup :  L'entrée n'est pas valide !
Attente du coup :  L'entrée n'est pas valide !
Attente du coup :  L'entrée n'est pas valide !
Attente du coup :  L'entrée n'est pas valide !
Attente du coup :  L'entrée n'est pas valide !
Attente du coup :  L'entrée n'est pas valide !
Attente du coup :  L'entrée n'est pas valide !
Attente du coup :  L'entrée n'est pas valide !
Attente du coup :  L'entrée n'est pas valide !
Attente du coup :  L'entrée n'est pas valide !
Attente du coup :  L'entrée n'est pas valide !
Attente du coup :  L'entrée n'est pas valide !
Attente du coup :  L'entrée n'est pas valide !
Attente du coup :  L'entrée n'est pas valide !
Attente du coup :  L'entrée n'est pas valide !
Attente du coup :  L'entrée n'est pas valide !
Attente du coup :  L'entrée n'est pas valide !
Attente du coup :  L'entrée n'est pas valide !
Attente du coup :  L'entrée n'est pas valide !
Attente du coup :  L'entrée n'est pas valide !
Attente du coup :  L'entrée n'est pas valide !
Attente du coup :  L'entrée n'est pas valide !
Attente du coup :  L'entrée n'est pas valide !
Attente du coup :  L'entrée n'est pas valide !
Attente du coup :  L'entrée n'est pas valide !
Attente du coup :  L'entrée n'est pas valide !
Attente du coup :  L'entrée n'est pas valide !
Attente du coup :  L'entrée n'est pas valide !
Attente du coup :  L'entrée n'est pas valide !
Attente du coup :  L'entrée n'est pas valide !
Attente du coup :  L'entrée n'est pas valide !
Attente du coup :  L'entrée n'est pas valide !
Attente du coup :  L'entrée n'est pas valide !
Attente du coup :  L'entrée n'est pas valide !
Attente du coup :  L'entrée n'est pas valide !
Attente du coup :  L'entrée n'est pas valide !
Attente du coup :  L'entrée n'est pas valide !
Attente du coup :  L'entrée n'est pas valide !
Attente du coup :  L'entrée n'est pas valide !
Attente du coup :  L'entrée n'est pas valide !
Attente du coup :  L'entrée n'est pas valide !
Attente du coup :  L'entrée n'est pas valide !
Attente du coup :  L'entrée n'est pas valide !
Attente du coup :  L'entrée n'est pas valide !
Attente du coup :  L'entrée n'est pas valide !
Attente du coup :  L'entrée n'est pas valide !
Attente du coup :  L'entrée n'est pas valide !
Attente du coup :  L'entrée n'est pas valide !
Attente du coup :  L'entrée n'est pas valide !
Attente du coup :  L'entrée n'est pas valide !
Attente du coup :  L'entrée n'est pas valide !
Attente du coup :  L'entrée n'est pas valide !
Attente du coup :  L'entrée n'est pas valide !
Attente du coup :  L'entrée n'est pas valide !
Attente du coup :  L'entrée n'est pas valide !
Attente du coup :  L'entrée n'est pas valide !
Attente du coup :  L'entrée n'est pas valide !
Attente du coup :  L'entrée n'est pas valide !
Attente du coup :  L'entrée n'est pas valide !
Attente du coup :  L'entrée n'est pas valide !
Attente du coup :  L'entrée n'est pas valide !
Attente du coup :  L'entrée n'est pas valide !
Attente du coup :  L'entrée n'est pas valide !
Attente du coup :  L'entrée n'est pas valide !
Attente du coup :  L'entrée n'est pas valide !
Attente du coup :  L'entrée n'est pas valide !
Attente du coup :  L'entrée n'est pas valide !
Attente du coup :  L'entrée n'est pas valide !
Attente du coup :  L'entrée n'est pas valide !
Attente du coup :  L'entrée n'est pas valide !
Attente du coup :  L'entrée n'est pas valide !
Attente du coup :  L'entrée n'est pas valide !
Attente du coup :  L'entrée n'est pas valide !
Attente du coup :  L'entrée n'est pas valide !
Attente du coup :  L'entrée n'est pas valide !
Attente du coup :  L'entrée n'est pas valide !
Attente du coup :  L'entrée n'est pas valide !
Attente du coup :  L'entrée n'est pas valide !
Attente du coup :  L'entrée n'est pas valide !
Attente du coup :  L'entrée n'est pas valide !
Attente du coup :  L'entrée n'est pas valide !
Attente du coup :  L'entrée n'est pas valide !
Attente du coup :  L'entrée n'est pas valide !
Attente du coup :  L'entrée n'est pas valide !
Attente du coup :  L'entrée n'est pas valide !
Attente du coup :  L'entrée n'est pas valide !
Attente du coup :  L'entrée n'est pas valide !
Attente du coup :  L'entrée n'est pas valide !
Attente du coup :  L'entrée n'est pas valide !
Attente du coup :  L'entrée n'est pas valide !
Attente du coup :  L'entrée n'est pas valide !
Attente du coup :  L'entrée n'est pas valide !
Attente du coup :  L'entrée n'est pas valide !
Attente du coup :  L'entrée n'est pas valide !
Attente du coup :  L'entrée n'est pas valide !
Attente du coup :  L'entrée n'est pas valide !
Attente du coup :  L'entrée n'est pas valide !
Attente du coup :  L'entrée n'est pas valide !
Attente du coup :  L'entrée n'est pas valide !
Attente du coup :  L'entrée n'est pas valide !
Attente du coup :  L'entrée n'est pas valide !
Attente du coup :  L'entrée n'est pas valide !
Attente du coup :  L'entrée n'est pas valide !
Attente du coup :  L'entrée n'est pas valide !
Attente du coup :  L'entrée n'est pas valide !
Attente du coup :  L'entrée n'est pas valide !
Attente du coup :  L'entrée n'est pas valide !
Attente du coup :  L'entrée n'est pas valide !
Attente du coup :  L'entrée n'est pas valide !
Attente du coup :  L'entrée n'est pas valide !
Attente du coup :  L'entrée n'est pas valide !
Attente du coup :  L'entrée n'est pas valide !
Attente du coup :  L'entrée n'est pas valide !
Attente du coup :  L'entrée n'est pas valide !
Attente du coup :  L'entrée n'est pas valide !
Attente du coup :  L'entrée n'est pas valide !
Attente du coup :  L'entrée n'est pas valide !
Attente du coup :  L'entrée n'est pas valide !
Attente du coup :  L'entrée n'est pas valide !
Attente du coup :  L'entrée n'est pas valide !
Attente du coup :  L'entrée n'est pas valide !
Attente du coup :  L'entrée n'est pas valide !
Attente du coup :  L'entrée n'est pas valide !
Attente du coup :  L'entrée n'est pas valide !
Attente du coup :  L'entrée n'est pas valide !
Attente du coup :  L'entrée n'est pas valide !
Attente du coup :  L'entrée n'est pas valide !
Attente du coup :  L'entrée n'est pas valide !
Attente du coup :  L'entrée n'est pas valide !
Attente du coup :  L'entrée n'est pas valide !
Attente du coup :  L'entrée n'est pas valide !
Attente du coup :  L'entrée n'est pas valide !
Attente du coup :  L'entrée n'est pas valide !
Attente du coup :  L'entrée n'est pas valide !
Attente du coup :  L'entrée n'est pas valide !
Attente du coup :  L'entrée n'est pas valide !
Attente du coup :  L'entrée n'est pas valide !
Attente du coup :  L'entrée n'est pas valide !
Attente du coup :  L'entrée n'est pas valide !
Attente du coup :  L'entrée n'est pas valide !
Attente du coup :  L'entrée n'est pas valide !
Attente du coup :  L'entrée n'est pas valide !
Attente du coup :  L'entrée n'est pas valide !
Attente du coup :  L'entrée n'est pas valide !
Attente du coup :  L'entrée n'est pas valide !
Attente du coup :  L'entrée n'est pas valide !
Attente du coup :  L'entrée n'est pas valide !
Attente du coup :  L'entrée n'est pas valide !
Attente du coup :  L'entrée n'est pas valide !
Attente du coup :  L'entrée n'est pas valide !
Attente du coup :  L'entrée n'est pas valide !
Attente du coup :  L'entrée n'est pas valide !
Attente du coup :  L'entrée n'est pas valide !
Attente du coup :  L'entrée n'est pas valide !
Attente du coup :  L'entrée n'est pas valide !
Attente du coup :  L'entrée n'est pas valide !
Attente du coup :  L'entrée n'est pas valide !
Attente du coup :  L'entrée n'est pas valide !
Attente du coup :  L'entrée n'est pas valide !
Attente du coup :  L'entrée n'est pas valide !
Attente du coup :  L'entrée n'est pas valide !
Attente du coup :  L'entrée n'est pas valide !
Attente du coup :  L'entrée n'est pas valide !
Attente du coup :  L'entrée n'est pas valide !
Attente du coup :  L'entrée n'est pas valide !
Attente du coup :  L'entrée n'est pas valide !
Attente du coup :  L'entrée n'est pas valide !
Attente du coup :  L'entrée n'est pas valide !
Attente du coup :  L'entrée n'est pas valide !
Attente du coup :  L'entrée n'est pas valide !
Attente du coup :  L'entrée n'est pas valide !
Attente du coup :  L'entrée n'est pas valide !
Attente du coup :  L'entrée n'est pas valide !
Attente du coup :  L'entrée n'est pas valide !
Attente du coup :  L'entrée n'est pas valide !
Attente du coup :  L'entrée n'est pas valide !
Attente du coup :  L'entrée n'est pas valide !
Attente du coup :  L'entrée n'est pas valide !
Attente du coup :  L'entrée n'est pas valide !
Attente du coup :  L'entrée n'est pas valide !
Attente du coup :  L'entrée n'est pas valide !
Attente du coup :  L'entrée n'est pas valide !
Attente du coup :  L'entrée n'est pas valide !
Attente du coup :  L'entrée n'est pas valide !
Attente du coup :  L'entrée n'est pas valide !
Attente du coup :  L'entrée n'est pas valide !
Attente du coup :  L'entrée n'est pas valide !
Attente du coup :  L'entrée n'est pas valide !
Attente du coup :  L'entrée n'est pas valide !
Attente du coup :  L'entrée n'est pas valide !
Attente du coup :  L'entrée n'est pas valide !
Attente du coup :  L'entrée n'est pas valide !
Attente du coup :  L'entrée n'est pas valide !
Attente du coup :  L'entrée n'est pas valide !
Attente du coup :  L'entrée n'est pas valide !
Attente du coup :  L'entrée n'est pas valide !
Attente du coup :  L'entrée n'est pas valide !
Attente du coup :  L'entrée n'est pas valide !
Attente du coup :  L'entrée n'est pas valide !
Attente du coup :  L'entrée n'est pas valide !
Attente du coup :  L'entrée n'est pas valide !
Attente du coup :  L'entrée n'est pas valide !
Attente du coup :  L'entrée n'est pas valide !
Attente du coup :  L'entrée n'est pas valide !
Attente du coup :  L'entrée n'est pas valide !
Attente du coup :  L'entrée n'est pas valide !
Attente du coup :  L'entrée n'est pas valide !
Attente du coup :  L'entrée n'est pas valide !
Attente du coup :  L'entrée n'est pas valide !
Attente du coup :  L'entrée n'est pas valide !
Attente du coup :  L'entrée n'est pas valide !
Attente du coup :  L'entrée n'est pas valide !
Attente du coup :  L'entrée n'est pas valide !
Attente du coup :  L'entrée n'est pas valide !
Attente du coup :  L'entrée n'est pas valide !
Attente du coup :  L'entrée n'est pas valide !
Attente du coup :  L'entrée n'est pas valide !
Attente du coup :  L'entrée n'est pas valide !
Attente du coup :  L'entrée n'est pas valide !
Attente du coup :  L'entrée n'est pas valide !
Attente du coup :  L'entrée n'est pas valide !
Attente du coup :  L'entrée n'est pas valide !
Attente du coup :  L'entrée n'est pas valide !
Attente du coup :  L'entrée n'est pas valide !
Attente du coup :  L'entrée n'est pas valide !
Attente du coup :  L'entrée n'est pas valide !
Attente du coup :  L'entrée n'est pas valide !
Attente du coup :  L'entrée n'est pas valide !
Attente du coup :  L'entrée n'est pas valide !
Attente du coup :  L'entrée n'est pas valide !
Attente du coup :  L'entrée n'est pas valide !
Attente du coup :  L'entrée n'est pas valide !
Attente du coup :  L'entrée n'est pas valide !
Attente du coup :  L'entrée n'est pas valide !
Attente du coup :  L'entrée n'est pas valide !
Attente du coup :  L'entrée n'est pas valide !
Attente du coup :  L'entrée n'est pas valide !
Attente du coup :  L'entrée n'est pas valide !
Attente du coup :  L'entrée n'est pas valide !
Attente du coup :  L'entrée n'est pas valide !
Attente du coup :  L'entrée n'est pas valide !
Attente du coup :  L'entrée n'est pas valide !
Attente du coup :  L'entrée n'est pas valide !
Attente du coup :  L'entrée n'est pas valide !
Attente du coup :  L'entrée n'est pas valide !
Attente du coup :  L'entrée n'est pas valide !
Attente du coup :  L'entrée n'est pas valide !
Attente du coup :  L'entrée n'est pas valide !
Attente du coup :  L'entrée n'est pas valide !
Attente du coup :  L'entrée n'est pas valide !
Attente du coup :  L'entrée n'est pas valide !
Attente du coup :  L'entrée n'est pas valide !
Attente du coup :  L'entrée n'est pas valide !
Attente du coup :  L'entrée n'est pas valide !
Attente du coup :  L'entrée n'est pas valide !
Attente du coup :  L'entrée n'est pas valide !
Attente du coup :  L'entrée n'est pas valide !
Attente du coup :  L'entrée n'est pas valide !
Attente du coup :  L'entrée n'est pas valide !
Attente du coup :  L'entrée n'est pas valide !
Attente du coup :  L'entrée n'est pas valide !
Attente du coup :  L'entrée n'est pas valide !
Attente du coup :  L'entrée n'est pas valide !
Attente du coup :  L'entrée n'est pas valide !
Attente du coup :  L'entrée n'est pas valide !
Attente du coup :  L'entrée n'est pas valide !
Attente du coup :  L'entrée n'est pas valide !
Attente du coup :  L'entrée n'est pas valide !
Attente du coup :  L'entrée n'est pas valide !
Attente du coup :  L'entrée n'est pas valide !
Attente du coup :  L'entrée n'est pas valide !
Attente du coup :  L'entrée n'est pas valide !
Attente du coup :  L'entrée n'est pas valide !
Attente du coup :  L'entrée n'est pas valide !
Attente du coup :  L'entrée n'est pas valide !
Attente du coup :  L'entrée n'est pas valide !
Attente du coup :  L'entrée n'est pas valide !
Attente du coup :  L'entrée n'est pas valide !
Attente du coup :  L'entrée n'est pas valide !
Attente du coup :  L'entrée n'est pas valide !
Attente du coup :  L'entrée n'est pas valide !
Attente du coup :  L'entrée n'est pas valide !
Attente du coup :  L'entrée n'est pas valide !
Attente du coup :  L'entrée n'est pas valide !
Attente du coup :  L'entrée n'est pas valide !
Attente du coup :  L'entrée n'est pas valide !
Attente du coup :  L'entrée n'est pas valide !
Attente du coup :  L'entrée n'est pas valide !
Attente du coup :  L'entrée n'est pas valide !
Attente du coup :  L'entrée n'est pas valide !
Attente du coup :  L'entrée n'est pas valide !
Attente du coup :  L'entrée n'est pas valide !
Attente du coup :  L'entrée n'est pas valide !
Attente du coup :  L'entrée n'est pas valide !
Attente du coup :  L'entrée n'est pas valide !
Attente du coup :  L'entrée n'est pas valide !
Attente du coup :  L'entrée n'est pas valide !
Attente du coup :  L'entrée n'est pas valide !
Attente du coup :  L'entrée n'est pas valide !
Attente du coup :  L'entrée n'est pas valide !
Attente du coup :  L'entrée n'est pas valide !
Attente du coup :  L'entrée n'est pas valide !
Attente du coup :  L'entrée n'est pas valide !
Attente du coup :  L'entrée n'est pas valide !
Attente du coup :  L'entrée n'est pas valide !
Attente du coup :  L'entrée n'est pas valide !
Attente du coup :  L'entrée n'est pas valide !
Attente du coup :  L'entrée n'est pas valide !
Attente du coup :  L'entrée n'est pas valide !
Attente du coup :  L'entrée n'est pas valide !
Attente du coup :  L'entrée n'est pas valide !
Attente du coup :  L'entrée n'est pas valide !
Attente du coup :  L'entrée n'est pas valide !
Attente du coup :  L'entrée n'est pas valide !
Attente du coup :  L'entrée n'est pas valide !
Attente du coup :  L'entrée n'est pas valide !
Attente du coup :  L'entrée n'est pas valide !
Attente du coup :  L'entrée n'est pas valide !
Attente du coup :  L'entrée n'est pas valide !
Attente du coup :  L'entrée n'est pas valide !
Attente du coup :  L'entrée n'est pas valide !
Attente du coup :  L'entrée n'est pas valide !
Attente du coup :  L'entrée n'est pas valide !
Attente du coup :  L'entrée n'est pas valide !
Attente du coup :  L'entrée n'est pas valide !
Attente du coup :  L'entrée n'est pas valide !
Attente du coup :  L'entrée n'est pas valide !
Attente du coup :  L'entrée n'est pas valide !
Attente du coup :  L'entrée n'est pas valide !
Attente du coup :  L'entrée n'est pas valide !
Attente du coup :  L'entrée n'est pas valide !
Attente du coup :  L'entrée n'est pas valide !
Attente du coup :  L'entrée n'est pas valide !
Attente du coup :  L'entrée n'est pas valide !
Attente du coup :  L'entrée n'est pas valide !
Attente du coup :  L'entrée n'est pas valide !
Attente du coup :  L'entrée n'est pas valide !
Attente du coup :  L'entrée n'est pas valide !
Attente du coup :  L'entrée n'est pas valide !
Attente du coup :  L'entrée n'est pas valide !
Attente du coup :  L'entrée n'est pas valide !
Attente du coup :  L'entrée n'est pas valide !
Attente du coup :  L'entrée n'est pas valide !
Attente du coup :  L'entrée n'est pas valide !
Attente du coup :  L'entrée n'est pas valide !
Attente du coup :  L'entrée n'est pas valide !
Attente du coup :  L'entrée n'est pas valide !
Attente du coup :  L'entrée n'est pas valide !
Attente du coup :  L'entrée n'est pas valide !
Attente du coup :  L'entrée n'est pas valide !
Attente du coup :  L'entrée n'est pas valide !
Attente du coup :  L'entrée n'est pas valide !
Attente du coup :  L'entrée n'est pas valide !
Attente du coup :  L'entrée n'est pas valide !
Attente du coup :  L'entrée n'est pas valide !
Attente du coup :  L'entrée n'est pas valide !
Attente du coup :  L'entrée n'est pas valide !
Attente du coup :  L'entrée n'est pas valide !
Attente du coup :  L'entrée n'est pas valide !
Attente du coup :  L'entrée n'est pas valide !
Attente du coup :  L'entrée n'est pas valide !
Attente du coup :  L'entrée n'est pas valide !
Attente du coup :  L'entrée n'est pas valide !
Attente du coup :  L'entrée n'est pas valide !
Attente du coup :  L'entrée n'est pas valide !
Attente du coup :  L'entrée n'est pas valide !
Attente du coup :  L'entrée n'est pas valide !
Attente du coup :  L'entrée n'est pas valide !
Attente du coup :  L'entrée n'est pas valide !
Attente du coup :  L'entrée n'est pas valide !
Attente du coup :  L'entrée n'est pas valide !
Attente du coup :  L'entrée n'est pas valide !
Attente du coup :  L'entrée n'est pas valide !
Attente du coup :  L'entrée n'est pas valide !
Attente du coup :  L'entrée n'est pas valide !
Attente du coup :  L'entrée n'est pas valide !
Attente du coup :  L'entrée n'est pas valide !
Attente du coup :  L'entrée n'est pas valide !
Attente du coup :  L'entrée n'est pas valide !
Attente du coup :  L'entrée n'est pas valide !
Attente du coup :  L'entrée n'est pas valide !
Attente du coup :  L'entrée n'est pas valide !
Attente du coup :  L'entrée n'est pas valide !
Attente du coup :  L'entrée n'est pas valide !
Attente du coup :  L'entrée n'est pas valide !
Attente du coup :  L'entrée n'est pas valide !
Attente du coup :  L'entrée n'est pas valide !
Attente du coup :  L'entrée n'est pas valide !
Attente du coup :  L'entrée n'est pas valide !
Attente du coup :  L'entrée n'est pas valide !
Attente du coup :  L'entrée n'est pas valide !
Attente du coup :  L'entrée n'est pas valide !
Attente du coup :  L'entrée n'est pas valide !
Attente du coup :  L'entrée n'est pas valide !
Attente du coup :  L'entrée n'est pas valide !
Attente du coup :  L'entrée n'est pas valide !
Attente du coup :  L'entrée n'est pas valide !
Attente du coup :  L'entrée n'est pas valide !
Attente du coup :  L'entrée n'est pas valide !
Attente du coup :  L'entrée n'est pas valide !
Attente du coup :  L'entrée n'est pas valide !
Attente du coup :  L'entrée n'est pas valide !
Attente du coup :  L'entrée n'est pas valide !
Attente du coup :  L'entrée n'est pas valide !
Attente du coup :  L'entrée n'est pas valide !
Attente du coup :  L'entrée n'est pas valide !
Attente du coup :  L'entrée n'est pas valide !
Attente du coup :  L'entrée n'est pas valide !
Attente du coup :  L'entrée n'est pas valide !
Attente du coup :  L'entrée n'est pas valide !
Attente du coup :  L'entrée n'est pas valide !
Attente du coup :  L'entrée n'est pas valide !
Attente du coup :  L'entrée n'est pas valide !
Attente du coup :  L'entrée n'est pas valide !
Attente du coup :  L'entrée n'est pas valide !
Attente du coup :  L'entrée n'est pas valide !
Attente du coup :  L'entrée n'est pas valide !
Attente du coup :  L'entrée n'est pas valide !
Attente du coup :  L'entrée n'est pas valide !
Attente du coup :  L'entrée n'est pas valide !
Attente du coup :  L'entrée n'est pas valide !
Attente du coup :  L'entrée n'est pas valide !
Attente du coup :  L'entrée n'est pas valide !
Attente du coup :  L'entrée n'est pas valide !
Attente du coup :  L'entrée n'est pas valide !
Attente du coup :  L'entrée n'est pas valide !
Attente du coup :  L'entrée n'est pas valide !
Attente du coup :  L'entrée n'est pas valide !
Attente du coup :  L'entrée n'est pas valide !
Attente du coup :  L'entrée n'est pas valide !
Attente du coup :  L'entrée n'est pas valide !
Attente du coup :  L'entrée n'est pas valide !
Attente du coup :  L'entrée n'est pas valide !
Attente du coup :  L'entrée n'est pas valide !
Attente du coup :  L'entrée n'est pas valide !
Attente du coup :  L'entrée n'est pas valide !
Attente du coup :  L'entrée n'est pas valide !
Attente du coup :  L'entrée n'est pas valide !
Attente du coup :  L'entrée n'est pas valide !
Attente du coup :  L'entrée n'est pas valide !
Attente du coup :  L'entrée n'est pas valide !
Attente du coup :  L'entrée n'est pas valide !
Attente du coup :  L'entrée n'est pas valide !
Attente du coup :  L'entrée n'est pas valide !
Attente du coup :  L'entrée n'est pas valide !
Attente du coup :  L'entrée n'est pas valide !
Attente du coup :  L'entrée n'est pas valide !
Attente du coup :  L'entrée n'est pas valide !
Attente du coup :  L'entrée n'est pas valide !
Attente du coup :  L'entrée n'est pas valide !
Attente du coup :  L'entrée n'est pas valide !
Attente du coup :  L'entrée n'est pas valide !
Attente du coup :  L'entrée n'est pas valide !
Attente du coup :  L'entrée n'est pas valide !
Attente du coup :  L'entrée n'est pas valide !
Attente du coup :  L'entrée n'est pas valide !
Attente du coup :  L'entrée n'est pas valide !
Attente du coup :  L'entrée n'est pas valide !
Attente du coup :  L'entrée n'est pas valide !
Attente du coup :  L'entrée n'est pas valide !
Attente du coup :  L'entrée n'est pas valide !
Attente du coup :  L'entrée n'est pas valide !
Attente du coup :  L'entrée n'est pas valide !
Attente du coup :  L'entrée n'est pas valide !
Attente du coup :  L'entrée n'est pas valide !
Attente du coup :  L'entrée n'est pas valide !
Attente du coup :  L'entrée n'est pas valide !
Attente du coup :  L'entrée n'est pas valide !
Attente du coup :  L'entrée n'est pas valide !
Attente du coup :  L'entrée n'est pas valide !
Attente du coup :  L'entrée n'est pas valide !
Attente du coup :  L'entrée n'est pas valide !
Attente du coup :  L'entrée n'est pas valide !
Attente du coup :  L'entrée n'est pas valide !
Attente du coup :  L'entrée n'est pas valide !
Attente du coup :  L'entrée n'est pas valide !
Attente du coup :  L'entrée n'est pas valide !
Attente du coup :  L'entrée n'est pas valide !
Attente du coup :  L'entrée n'est pas valide !
Attente du coup :  L'entrée n'est pas valide !
Attente du coup :  L'entrée n'est pas valide !
Attente du coup :  L'entrée n'est pas valide !
Attente du coup :  L'entrée n'est pas valide !
Attente du coup :  L'entrée n'est pas valide !
Attente du coup :  L'entrée n'est pas valide !
Attente du coup :  L'entrée n'est pas valide !
Attente du coup :  L'entrée n'est pas valide !
Attente du coup :  L'entrée n'est pas valide !
Attente du coup :  L'entrée n'est pas valide !
Attente du coup :  L'entrée n'est pas valide !
Attente du coup :  L'entrée n'est pas valide !
Attente du coup :  L'entrée n'est pas valide !
Attente du coup :  L'entrée n'est pas valide !
Attente du coup :  L'entrée n'est pas valide !
Attente du coup :  L'entrée n'est pas valide !
Attente du coup :  L'entrée n'est pas valide !
Attente du coup :  L'entrée n'est pas valide !
Attente du coup :  L'entrée n'est pas valide !
Attente du coup :  L'entrée n'est pas valide !
Attente du coup :  L'entrée n'est pas valide !
Attente du coup :  L'entrée n'est pas valide !
Attente du coup :  L'entrée n'est pas valide !
Attente du coup :  L'entrée n'est pas valide !
Attente du coup :  L'entrée n'est pas valide !
Attente du coup :  L'entrée n'est pas valide !
Attente du coup :  L'entrée n'est pas valide !
Attente du coup :  L'entrée n'est pas valide !
Attente du coup :  L'entrée n'est pas valide !
Attente du coup :  L'entrée n'est pas valide !
Attente du coup :  L'entrée n'est pas valide !
Attente du coup :  L'entrée n'est pas valide !
Attente du coup :  L'entrée n'est pas valide !
Attente du coup :  L'entrée n'est pas valide !
Attente du coup :  L'entrée n'est pas valide !
Attente du coup :  L'entrée n'est pas valide !
Attente du coup :  L'entrée n'est pas valide !
Attente du coup :  L'entrée n'est pas valide !
Attente du coup :  L'entrée n'est pas valide !
Attente du coup :  L'entrée n'est pas valide !
Attente du coup :  L'entrée n'est pas valide !
Attente du coup :  L'entrée n'est pas valide !
Attente du coup :  L'entrée n'est pas valide !
Attente du coup :  L'entrée n'est pas valide !
Attente du coup :  L'entrée n'est pas valide !
Attente du coup :  L'entrée n'est pas valide !
Attente du coup :  L'entrée n'est pas valide !
Attente du coup :  L'entrée n'est pas valide !
Attente du coup :  L'entrée n'est pas valide !
Attente du coup :  L'entrée n'est pas valide !
Attente du coup :  L'entrée n'est pas valide !
Attente du coup :  L'entrée n'est pas valide !
Attente du coup :  L'entrée n'est pas valide !
Attente du coup :  L'entrée n'est pas valide !
Attente du coup :  L'entrée n'est pas valide !
Attente du coup :  L'entrée n'est pas valide !
Attente du coup :  L'entrée n'est pas valide !
Attente du coup :  L'entrée n'est pas valide !
Attente du coup :  L'entrée n'est pas valide !
Attente du coup :  L'entrée n'est pas valide !
Attente du coup :  L'entrée n'est pas valide !
Attente du coup :  L'entrée n'est pas valide !
Attente du coup :  L'entrée n'est pas valide !
Attente du coup :  L'entrée n'est pas valide !
Attente du coup :  L'entrée n'est pas valide !
Attente du coup :  L'entrée n'est pas valide !
Attente du coup :  L'entrée n'est pas valide !
Attente du coup :  L'entrée n'est pas valide !
Attente du coup :  L'entrée n'est pas valide !
Attente du coup :  L'entrée n'est pas valide !
Attente du coup :  L'entrée n'est pas valide !
Attente du coup :  L'entrée n'est pas valide !
Attente du coup :  L'entrée n'est pas valide !
Attente du coup :  L'entrée n'est pas valide !
Attente du coup :  L'entrée n'est pas valide !
Attente du coup :  L'entrée n'est pas valide !
Attente du coup :  L'entrée n'est pas valide !
Attente du coup :  L'entrée n'est pas valide !
Attente du coup :  L'entrée n'est pas valide !
Attente du coup :  L'entrée n'est pas valide !
Attente du coup :  L'entrée n'est pas valide !
Attente du coup :  L'entrée n'est pas valide !
Attente du coup :  L'entrée n'est pas valide !
Attente du coup :  L'entrée n'est pas valide !
Attente du coup :  L'entrée n'est pas valide !
Attente du coup :  L'entrée n'est pas valide !
Attente du coup :  L'entrée n'est pas valide !
Attente du coup :  L'entrée n'est pas valide !
Attente du coup :  L'entrée n'est pas valide !
Attente du coup :  L'entrée n'est pas valide !
Attente du coup :  L'entrée n'est pas valide !
Attente du coup :  L'entrée n'est pas valide !
Attente du coup :  L'entrée n'est pas valide !
Attente du coup :  L'entrée n'est pas valide !
Attente du coup :  L'entrée n'est pas valide !
Attente du coup :  L'entrée n'est pas valide !
Attente du coup :  L'entrée n'est pas valide !
Attente du coup :  L'entrée n'est pas valide !
Attente du coup :  L'entrée n'est pas valide !
Attente du coup :  L'entrée n'est pas valide !
Attente du coup :  L'entrée n'est pas valide !
Attente du coup :  L'entrée n'est pas valide !
Attente du coup :  L'entrée n'est pas valide !
Attente du coup :  L'entrée n'est pas valide !
Attente du coup :  L'entrée n'est pas valide !
Attente du coup :  L'entrée n'est pas valide !
Attente du coup :  L'entrée n'est pas valide !
Attente du coup :  L'entrée n'est pas valide !
Attente du coup :  L'entrée n'est pas valide !
Attente du coup :  L'entrée n'est pas valide !
Attente du coup :  L'entrée n'est pas valide !
Attente du coup :  L'entrée n'est pas valide !
Attente du coup :  L'entrée n'est pas valide !
Attente du coup :  L'entrée n'est pas valide !
Attente du coup :  L'entrée n'est pas valide !
Attente du coup :  L'entrée n'est pas valide !
Attente du coup :  L'entrée n'est pas valide !
Attente du coup :  L'entrée n'est pas valide !
Attente du coup :  L'entrée n'est pas valide !
Attente du coup :  L'entrée n'est pas valide !
Attente du coup :  L'entrée n'est pas valide !
Attente du coup :  L'entrée n'est pas valide !
Attente du coup :  L'entrée n'est pas valide !
Attente du coup :  L'entrée n'est pas valide !
Attente du coup :  L'entrée n'est pas valide !
Attente du coup :  L'entrée n'est pas valide !
Attente du coup :  L'entrée n'est pas valide !
Attente du coup :  L'entrée n'est pas valide !
Attente du coup :  L'entrée n'est pas valide !
Attente du coup :  L'entrée n'est pas valide !
Attente du coup :  L'entrée n'est pas valide !
Attente du coup :  L'entrée n'est pas valide !
Attente du coup :  L'entrée n'est pas valide !
Attente du coup :  L'entrée n'est pas valide !
Attente du coup :  L'entrée n'est pas valide !
Attente du coup :  L'entrée n'est pas valide !
Attente du coup :  L'entrée n'est pas valide !
Attente du coup :  L'entrée n'est pas valide !
Attente du coup :  L'entrée n'est pas valide !
Attente du coup :  L'entrée n'est pas valide !
Attente du coup :  L'entrée n'est pas valide !
Attente du coup :  L'entrée n'est pas valide !
Attente du coup :  L'entrée n'est pas valide !
Attente du coup :  L'entrée n'est pas valide !
Attente du coup :  L'entrée n'est pas valide !
Attente du coup :  L'entrée n'est pas valide !
Attente du coup :  L'entrée n'est pas valide !
Attente du coup :  L'entrée n'est pas valide !
Attente du coup :  L'entrée n'est pas valide !
Attente du coup :  L'entrée n'est pas valide !
Attente du coup :  L'entrée n'est pas valide !
Attente du coup :  L'entrée n'est pas valide !
Attente du coup :  L'entrée n'est pas valide !
Attente du coup :  L'entrée n'est pas valide !
Attente du coup :  L'entrée n'est pas valide !
Attente du coup :  L'entrée n'est pas valide !
Attente du coup :  L'entrée n'est pas valide !
Attente du coup :  L'entrée n'est pas valide !
Attente du coup :  L'entrée n'est pas valide !
Attente du coup :  L'entrée n'est pas valide !
Attente du coup :  L'entrée n'est pas valide !
Attente du coup :  L'entrée n'est pas valide !
Attente du coup :  L'entrée n'est pas valide !
Attente du coup :  L'entrée n'est pas valide !
Attente du coup :  L'entrée n'est pas valide !
Attente du coup :  L'entrée n'est pas valide !
Attente du coup :  L'entrée n'est pas valide !
Attente du coup :  L'entrée n'est pas valide !
Attente du coup :  L'entrée n'est pas valide !
Attente du coup :  L'entrée n'est pas valide !
Attente du coup :  L'entrée n'est pas valide !
Attente du coup :  L'entrée n'est pas valide !
Attente du coup :  L'entrée n'est pas valide !
Attente du coup :  L'entrée n'est pas valide !
Attente du coup :  L'entrée n'est pas valide !
Attente du coup :  L'entrée n'est pas valide !
Attente du coup :  L'entrée n'est pas valide !
Attente du coup :  L'entrée n'est pas valide !
Attente du coup :  L'entrée n'est pas valide !
Attente du coup :  L'entrée n'est pas valide !
Attente du coup :  L'entrée n'est pas valide !
Attente du coup :  L'entrée n'est pas valide !
Attente du coup :  L'entrée n'est pas valide !
Attente du coup :  L'entrée n'est pas valide !
Attente du coup :  L'entrée n'est pas valide !
Attente du coup :  L'entrée n'est pas valide !
Attente du coup :  L'entrée n'est pas valide !
Attente du coup :  L'entrée n'est pas valide !
Attente du coup :  L'entrée n'est pas valide !
Attente du coup :  L'entrée n'est pas valide !
Attente du coup :  L'entrée n'est pas valide !
Attente du coup :  L'entrée n'est pas valide !
Attente du coup :  L'entrée n'est pas valide !
Attente du coup :  L'entrée n'est pas valide !
Attente du coup :  L'entrée n'est pas valide !
Attente du coup :  L'entrée n'est pas valide !
Attente du coup :  L'entrée n'est pas valide !
Attente du coup :  L'entrée n'est pas valide !
Attente du coup :  L'entrée n'est pas valide !
Attente du coup :  L'entrée n'est pas valide !
Attente du coup :  L'entrée n'est pas valide !
Attente du coup :  L'entrée n'est pas valide !
Attente du coup :  L'entrée n'est pas valide !
Attente du coup :  L'entrée n'est pas valide !
Attente du coup :  L'entrée n'est pas valide !
Attente du coup :  L'entrée n'est pas valide !
Attente du coup :  L'entrée n'est pas valide !
Attente du coup :  L'entrée n'est pas valide !
Attente du coup :  L'entrée n'est pas valide !
Attente du coup :  L'entrée n'est pas valide !
Attente du coup :  L'entrée n'est pas valide !
Attente du coup :  L'entrée n'est pas valide !
Attente du coup :  L'entrée n'est pas valide !
Attente du coup :  L'entrée n'est pas valide !
Attente du coup :  L'entrée n'est pas valide !
Attente du coup :  L'entrée n'est pas valide !
Attente du coup :  L'entrée n'est pas valide !
Attente du coup :  L'entrée n'est pas valide !
Attente du coup :  L'entrée n'est pas valide !
Attente du coup :  L'entrée n'est pas valide !
Attente du coup :  L'entrée n'est pas valide !
Attente du coup :  L'entrée n'est pas valide !
Attente du coup :  L'entrée n'est pas valide !
Attente du coup :  L'entrée n'est pas valide !
Attente du coup :  L'entrée n'est pas valide !
Attente du coup :  L'entrée n'est pas valide !
Attente du coup :  L'entrée n'est pas valide !
Attente du coup :  L'entrée n'est pas valide !
Attente du coup :  L'entrée n'est pas valide !
Attente du coup :  L'entrée n'est pas valide !
Attente du coup :  L'entrée n'est pas valide !
Attente du coup :  L'entrée n'est pas valide !
Attente du coup :  L'entrée n'est pas valide !
Attente du coup :  L'entrée n'est pas valide !
Attente du coup :  L'entrée n'est pas valide !
Attente du coup :  L'entrée n'est pas valide !
Attente du coup :  L'entrée n'est pas valide !
Attente du coup :  L'entrée n'est pas valide !
Attente du coup :  L'entrée n'est pas valide !
Attente du coup :  L'entrée n'est pas valide !
Attente du coup :  L'entrée n'est pas valide !
Attente du coup :  L'entrée n'est pas valide !
Attente du coup :  L'entrée n'est pas valide !
Attente du coup :  L'entrée n'est pas valide !
Attente du coup :  L'entrée n'est pas valide !
Attente du coup :  L'entrée n'est pas valide !
Attente du coup :  L'entrée n'est pas valide !
Attente du coup :  L'entrée n'est pas valide !
Attente du coup :  L'entrée n'est pas valide !
Attente du coup :  L'entrée n'est pas valide !
Attente du coup :  L'entrée n'est pas valide !
Attente du coup :  L'entrée n'est pas valide !
Attente du coup :  L'entrée n'est pas valide !
Attente du coup :  L'entrée n'est pas valide !
Attente du coup :  L'entrée n'est pas valide !
Attente du coup :  L'entrée n'est pas valide !
Attente du coup :  L'entrée n'est pas valide !
Attente du coup :  L'entrée n'est pas valide !
Attente du coup :  L'entrée n'est pas valide !
Attente du coup :  L'entrée n'est pas valide !
Attente du coup :  L'entrée n'est pas valide !
Attente du coup :  L'entrée n'est pas valide !
Attente du coup :  L'entrée n'est pas valide !
Attente du coup :  L'entrée n'est pas valide !
Attente du coup :  L'entrée n'est pas valide !
Attente du coup :  L'entrée n'est pas valide !
Attente du coup :  L'entrée n'est pas valide !
Attente du coup :  L'entrée n'est pas valide !
Attente du coup :  L'entrée n'est pas valide !
Attente du coup :  L'entrée n'est pas valide !
Attente du coup :  L'entrée n'est pas valide !
Attente du coup :  L'entrée n'est pas valide !
Attente du coup :  L'entrée n'est pas valide !
Attente du coup :  L'entrée n'est pas valide !
Attente du coup :  L'entrée n'est pas valide !
